[2025-02-15T13:38:33.836+0000][0.064s] Using G1
[2025-02-15T13:38:33.871+0000][0.099s] Version: 17.0.14+7 (release)
[2025-02-15T13:38:33.872+0000][0.100s] CPUs: 16 total, 16 available
[2025-02-15T13:38:33.872+0000][0.100s] Memory: 15802M
[2025-02-15T13:38:33.873+0000][0.100s] Large Page Support: Disabled
[2025-02-15T13:38:33.873+0000][0.101s] NUMA Support: Disabled
[2025-02-15T13:38:33.873+0000][0.101s] Compressed Oops: Enabled (32-bit)
[2025-02-15T13:38:33.873+0000][0.101s] Heap Region Size: 1M
[2025-02-15T13:38:33.873+0000][0.101s] Heap Min Capacity: 512M
[2025-02-15T13:38:33.874+0000][0.102s] Heap Initial Capacity: 512M
[2025-02-15T13:38:33.875+0000][0.103s] Heap Max Capacity: 512M
[2025-02-15T13:38:33.875+0000][0.103s] Pre-touch: Enabled
[2025-02-15T13:38:33.875+0000][0.103s] Parallel Workers: 13
[2025-02-15T13:38:33.876+0000][0.103s] Concurrent Workers: 3
[2025-02-15T13:38:33.876+0000][0.104s] Concurrent Refinement Workers: 13
[2025-02-15T13:38:33.876+0000][0.104s] Periodic GC: Disabled
[2025-02-15T13:38:33.881+0000][0.109s] CDS archive(s) mapped at: [0x00007f10ab000000-0x00007f10aba62000-0x00007f10aba62000), size 10887168, SharedBaseAddress: 0x00007f10ab000000, ArchiveRelocationMode: 1.
[2025-02-15T13:38:33.881+0000][0.109s] Compressed class space mapped at: 0x00007f10ac000000-0x00007f10ec000000, reserved size: 1073741824
[2025-02-15T13:38:33.882+0000][0.109s] Narrow klass base: 0x00007f10ab000000, Narrow klass shift: 0, Narrow klass range: 0x100000000
[2025-02-15T13:38:34.863+0000][1.091s] GC(0) Pause Young (Normal) (G1 Evacuation Pause)
[2025-02-15T13:38:34.864+0000][1.092s] GC(0) Using 12 workers of 13 for evacuation
[2025-02-15T13:38:34.866+0000][1.094s] GC(0)   Pre Evacuate Collection Set: 0.2ms
[2025-02-15T13:38:34.867+0000][1.094s] GC(0)   Merge Heap Roots: 0.1ms
[2025-02-15T13:38:34.867+0000][1.094s] GC(0)   Evacuate Collection Set: 1.4ms
[2025-02-15T13:38:34.867+0000][1.095s] GC(0)   Post Evacuate Collection Set: 0.4ms
[2025-02-15T13:38:34.867+0000][1.095s] GC(0)   Other: 1.0ms
[2025-02-15T13:38:34.867+0000][1.095s] GC(0) Eden regions: 29->0(61)
[2025-02-15T13:38:34.867+0000][1.095s] GC(0) Survivor regions: 0->4(4)
[2025-02-15T13:38:34.868+0000][1.095s] GC(0) Old regions: 0->0
[2025-02-15T13:38:34.868+0000][1.096s] GC(0) Archive regions: 2->2
[2025-02-15T13:38:34.868+0000][1.096s] GC(0) Humongous regions: 0->0
[2025-02-15T13:38:34.868+0000][1.096s] GC(0) Metaspace: 9490K(9856K)->9490K(9856K) NonClass: 8328K(8512K)->8328K(8512K) Class: 1161K(1344K)->1161K(1344K)
[2025-02-15T13:38:34.868+0000][1.096s] GC(0) Pause Young (Normal) (G1 Evacuation Pause) 29M->4M(512M) 5.169ms
[2025-02-15T13:38:34.869+0000][1.096s] GC(0) User=0.01s Sys=0.00s Real=0.01s
[2025-02-15T13:38:35.434+0000][1.662s] GC(1) Pause Young (Normal) (G1 Evacuation Pause)
[2025-02-15T13:38:35.434+0000][1.662s] GC(1) Using 13 workers of 13 for evacuation
[2025-02-15T13:38:35.441+0000][1.669s] GC(1)   Pre Evacuate Collection Set: 0.4ms
[2025-02-15T13:38:35.441+0000][1.669s] GC(1)   Merge Heap Roots: 0.3ms
[2025-02-15T13:38:35.442+0000][1.669s] GC(1)   Evacuate Collection Set: 4.5ms
[2025-02-15T13:38:35.442+0000][1.670s] GC(1)   Post Evacuate Collection Set: 1.1ms
[2025-02-15T13:38:35.442+0000][1.670s] GC(1)   Other: 0.6ms
[2025-02-15T13:38:35.442+0000][1.670s] GC(1) Eden regions: 61->0(201)
[2025-02-15T13:38:35.443+0000][1.670s] GC(1) Survivor regions: 4->9(9)
[2025-02-15T13:38:35.443+0000][1.671s] GC(1) Old regions: 0->5
[2025-02-15T13:38:35.444+0000][1.671s] GC(1) Archive regions: 2->2
[2025-02-15T13:38:35.444+0000][1.672s] GC(1) Humongous regions: 4->4
[2025-02-15T13:38:35.444+0000][1.672s] GC(1) Metaspace: 18082K(18432K)->18082K(18432K) NonClass: 15886K(16064K)->15886K(16064K) Class: 2195K(2368K)->2195K(2368K)
[2025-02-15T13:38:35.444+0000][1.672s] GC(1) Pause Young (Normal) (G1 Evacuation Pause) 69M->18M(512M) 10.180ms
[2025-02-15T13:38:35.444+0000][1.672s] GC(1) User=0.05s Sys=0.01s Real=0.01s
[2025-02-15T13:38:35.792+0000][2.019s] GC(2) Pause Young (Concurrent Start) (Metadata GC Threshold)
[2025-02-15T13:38:35.792+0000][2.020s] GC(2) Using 13 workers of 13 for evacuation
[2025-02-15T13:38:35.797+0000][2.025s] GC(2)   Pre Evacuate Collection Set: 0.2ms
[2025-02-15T13:38:35.798+0000][2.026s] GC(2)   Merge Heap Roots: 0.2ms
[2025-02-15T13:38:35.798+0000][2.026s] GC(2)   Evacuate Collection Set: 3.5ms
[2025-02-15T13:38:35.798+0000][2.026s] GC(2)   Post Evacuate Collection Set: 0.9ms
[2025-02-15T13:38:35.798+0000][2.026s] GC(2)   Other: 1.1ms
[2025-02-15T13:38:35.799+0000][2.026s] GC(2) Eden regions: 99->0(292)
[2025-02-15T13:38:35.799+0000][2.027s] GC(2) Survivor regions: 9->15(24)
[2025-02-15T13:38:35.799+0000][2.027s] GC(2) Old regions: 5->5
[2025-02-15T13:38:35.799+0000][2.027s] GC(2) Archive regions: 2->2
[2025-02-15T13:38:35.799+0000][2.027s] GC(2) Humongous regions: 4->4
[2025-02-15T13:38:35.799+0000][2.027s] GC(2) Metaspace: 21221K(21504K)->21221K(21504K) NonClass: 18646K(18816K)->18646K(18816K) Class: 2575K(2688K)->2575K(2688K)
[2025-02-15T13:38:35.800+0000][2.027s] GC(2) Pause Young (Concurrent Start) (Metadata GC Threshold) 117M->23M(512M) 8.019ms
[2025-02-15T13:38:35.800+0000][2.028s] GC(2) User=0.04s Sys=0.00s Real=0.01s
[2025-02-15T13:38:35.800+0000][2.028s] GC(3) Concurrent Mark Cycle
[2025-02-15T13:38:35.800+0000][2.028s] GC(3) Concurrent Clear Claimed Marks
[2025-02-15T13:38:35.800+0000][2.028s] GC(3) Concurrent Clear Claimed Marks 0.227ms
[2025-02-15T13:38:35.801+0000][2.028s] GC(3) Concurrent Scan Root Regions
[2025-02-15T13:38:35.803+0000][2.031s] GC(3) Concurrent Scan Root Regions 2.512ms
[2025-02-15T13:38:35.804+0000][2.031s] GC(3) Concurrent Mark
[2025-02-15T13:38:35.804+0000][2.032s] GC(3) Concurrent Mark From Roots
[2025-02-15T13:38:35.804+0000][2.032s] GC(3) Using 3 workers of 3 for marking
[2025-02-15T13:38:35.808+0000][2.036s] GC(3) Concurrent Mark From Roots 3.999ms
[2025-02-15T13:38:35.808+0000][2.036s] GC(3) Concurrent Preclean
[2025-02-15T13:38:35.809+0000][2.037s] GC(3) Concurrent Preclean 0.439ms
[2025-02-15T13:38:35.809+0000][2.037s] GC(3) Pause Remark
[2025-02-15T13:38:35.812+0000][2.040s] GC(3) Pause Remark 24M->24M(512M) 2.376ms
[2025-02-15T13:38:35.812+0000][2.040s] GC(3) User=0.00s Sys=0.00s Real=0.00s
[2025-02-15T13:38:35.813+0000][2.040s] GC(3) Concurrent Mark 9.007ms
[2025-02-15T13:38:35.813+0000][2.041s] GC(3) Concurrent Rebuild Remembered Sets
[2025-02-15T13:38:35.815+0000][2.043s] GC(3) Concurrent Rebuild Remembered Sets 1.931ms
[2025-02-15T13:38:35.815+0000][2.043s] GC(3) Pause Cleanup
[2025-02-15T13:38:35.816+0000][2.044s] GC(3) Pause Cleanup 24M->24M(512M) 0.406ms
[2025-02-15T13:38:35.816+0000][2.044s] GC(3) User=0.00s Sys=0.00s Real=0.00s
[2025-02-15T13:38:35.816+0000][2.044s] GC(3) Concurrent Cleanup for Next Mark
[2025-02-15T13:38:35.817+0000][2.045s] GC(3) Concurrent Cleanup for Next Mark 0.663ms
[2025-02-15T13:38:35.817+0000][2.045s] GC(3) Concurrent Mark Cycle 17.199ms
[2025-02-15T13:38:36.944+0000][3.172s] GC(4) Pause Young (Prepare Mixed) (Metadata GC Threshold)
[2025-02-15T13:38:36.945+0000][3.173s] GC(4) Using 13 workers of 13 for evacuation
[2025-02-15T13:38:36.951+0000][3.179s] GC(4)   Pre Evacuate Collection Set: 0.2ms
[2025-02-15T13:38:36.951+0000][3.179s] GC(4)   Merge Heap Roots: 0.1ms
[2025-02-15T13:38:36.951+0000][3.179s] GC(4)   Evacuate Collection Set: 4.2ms
[2025-02-15T13:38:36.952+0000][3.179s] GC(4)   Post Evacuate Collection Set: 1.3ms
[2025-02-15T13:38:36.952+0000][3.180s] GC(4)   Other: 0.7ms
[2025-02-15T13:38:36.952+0000][3.180s] GC(4) Eden regions: 103->0(4)
[2025-02-15T13:38:36.952+0000][3.180s] GC(4) Survivor regions: 15->21(39)
[2025-02-15T13:38:36.952+0000][3.180s] GC(4) Old regions: 5->5
[2025-02-15T13:38:36.953+0000][3.180s] GC(4) Archive regions: 2->2
[2025-02-15T13:38:36.953+0000][3.181s] GC(4) Humongous regions: 4->4
[2025-02-15T13:38:36.953+0000][3.181s] GC(4) Metaspace: 35918K(36288K)->35918K(36288K) NonClass: 31452K(31616K)->31452K(31616K) Class: 4465K(4672K)->4465K(4672K)
[2025-02-15T13:38:36.953+0000][3.181s] GC(4) Pause Young (Prepare Mixed) (Metadata GC Threshold) 126M->29M(512M) 8.885ms
[2025-02-15T13:38:36.953+0000][3.181s] GC(4) User=0.02s Sys=0.03s Real=0.01s
[2025-02-15T13:38:36.973+0000][3.201s] GC(5) Pause Young (Mixed) (Metadata GC Threshold)
[2025-02-15T13:38:36.974+0000][3.201s] GC(5) Using 13 workers of 13 for evacuation
[2025-02-15T13:38:36.980+0000][3.208s] GC(5)   Pre Evacuate Collection Set: 0.2ms
[2025-02-15T13:38:36.981+0000][3.209s] GC(5)   Merge Heap Roots: 0.1ms
[2025-02-15T13:38:36.981+0000][3.209s] GC(5)   Evacuate Collection Set: 5.1ms
[2025-02-15T13:38:36.981+0000][3.209s] GC(5)   Post Evacuate Collection Set: 1.0ms
[2025-02-15T13:38:36.982+0000][3.209s] GC(5)   Other: 0.7ms
[2025-02-15T13:38:36.982+0000][3.210s] GC(5) Eden regions: 2->0(305)
[2025-02-15T13:38:36.982+0000][3.210s] GC(5) Survivor regions: 21->2(4)
[2025-02-15T13:38:36.982+0000][3.210s] GC(5) Old regions: 5->25
[2025-02-15T13:38:36.983+0000][3.210s] GC(5) Archive regions: 2->2
[2025-02-15T13:38:36.983+0000][3.211s] GC(5) Humongous regions: 4->4
[2025-02-15T13:38:36.983+0000][3.211s] GC(5) Metaspace: 36265K(36608K)->36265K(36608K) NonClass: 31761K(31936K)->31761K(31936K) Class: 4503K(4672K)->4503K(4672K)
[2025-02-15T13:38:36.983+0000][3.211s] GC(5) Pause Young (Mixed) (Metadata GC Threshold) 31M->30M(512M) 9.948ms
[2025-02-15T13:38:36.984+0000][3.211s] GC(5) User=0.06s Sys=0.01s Real=0.01s
[2025-02-15T13:38:37.002+0000][3.230s] GC(6) Pause Young (Concurrent Start) (Metadata GC Threshold)
[2025-02-15T13:38:37.003+0000][3.230s] GC(6) Using 13 workers of 13 for evacuation
[2025-02-15T13:38:37.005+0000][3.233s] GC(6)   Pre Evacuate Collection Set: 0.2ms
[2025-02-15T13:38:37.005+0000][3.233s] GC(6)   Merge Heap Roots: 0.1ms
[2025-02-15T13:38:37.005+0000][3.233s] GC(6)   Evacuate Collection Set: 0.8ms
[2025-02-15T13:38:37.005+0000][3.233s] GC(6)   Post Evacuate Collection Set: 0.5ms
[2025-02-15T13:38:37.006+0000][3.234s] GC(6)   Other: 0.7ms
[2025-02-15T13:38:37.006+0000][3.234s] GC(6) Eden regions: 3->0(306)
[2025-02-15T13:38:37.006+0000][3.234s] GC(6) Survivor regions: 2->1(39)
[2025-02-15T13:38:37.006+0000][3.234s] GC(6) Old regions: 25->25
[2025-02-15T13:38:37.007+0000][3.234s] GC(6) Archive regions: 2->2
[2025-02-15T13:38:37.007+0000][3.235s] GC(6) Humongous regions: 4->4
[2025-02-15T13:38:37.007+0000][3.235s] GC(6) Metaspace: 36562K(36928K)->36562K(36928K) NonClass: 32027K(32192K)->32027K(32192K) Class: 4535K(4736K)->4535K(4736K)
[2025-02-15T13:38:37.007+0000][3.235s] GC(6) Pause Young (Concurrent Start) (Metadata GC Threshold) 33M->29M(512M) 4.921ms
[2025-02-15T13:38:37.007+0000][3.235s] GC(6) User=0.00s Sys=0.00s Real=0.01s
[2025-02-15T13:38:37.008+0000][3.235s] GC(7) Concurrent Mark Cycle
[2025-02-15T13:38:37.008+0000][3.236s] GC(7) Concurrent Clear Claimed Marks
[2025-02-15T13:38:37.008+0000][3.236s] GC(7) Concurrent Clear Claimed Marks 0.234ms
[2025-02-15T13:38:37.008+0000][3.236s] GC(7) Concurrent Scan Root Regions
[2025-02-15T13:38:37.009+0000][3.237s] GC(7) Concurrent Scan Root Regions 0.975ms
[2025-02-15T13:38:37.010+0000][3.237s] GC(7) Concurrent Mark
[2025-02-15T13:38:37.010+0000][3.238s] GC(7) Concurrent Mark From Roots
[2025-02-15T13:38:37.010+0000][3.238s] GC(7) Using 3 workers of 3 for marking
[2025-02-15T13:38:37.022+0000][3.250s] GC(7) Concurrent Mark From Roots 12.429ms
[2025-02-15T13:38:37.023+0000][3.250s] GC(7) Concurrent Preclean
[2025-02-15T13:38:37.023+0000][3.251s] GC(7) Concurrent Preclean 0.627ms
[2025-02-15T13:38:37.024+0000][3.251s] GC(7) Pause Remark
[2025-02-15T13:38:37.027+0000][3.254s] GC(7) Pause Remark 32M->32M(512M) 2.856ms
[2025-02-15T13:38:37.027+0000][3.255s] GC(7) User=0.01s Sys=0.00s Real=0.01s
[2025-02-15T13:38:37.027+0000][3.255s] GC(7) Concurrent Mark 17.678ms
[2025-02-15T13:38:37.028+0000][3.255s] GC(7) Concurrent Rebuild Remembered Sets
[2025-02-15T13:38:37.033+0000][3.261s] GC(7) Concurrent Rebuild Remembered Sets 5.830ms
[2025-02-15T13:38:37.034+0000][3.262s] GC(7) Pause Cleanup
[2025-02-15T13:38:37.035+0000][3.263s] GC(7) Pause Cleanup 33M->33M(512M) 0.865ms
[2025-02-15T13:38:37.035+0000][3.263s] GC(7) User=0.00s Sys=0.00s Real=0.00s
[2025-02-15T13:38:37.035+0000][3.263s] GC(7) Concurrent Cleanup for Next Mark
[2025-02-15T13:38:37.036+0000][3.264s] GC(7) Concurrent Cleanup for Next Mark 0.819ms
[2025-02-15T13:38:37.037+0000][3.264s] GC(7) Concurrent Mark Cycle 28.914ms
[2025-02-15T13:39:30.576+0000][56.801s] Heap
[2025-02-15T13:39:30.576+0000][56.801s]  garbage-first heap   total 524288K, used 252066K [0x00000000e0000000, 0x0000000100000000)
[2025-02-15T13:39:30.577+0000][56.802s]   region size 1024K, 218 young (223232K), 1 survivors (1024K)
[2025-02-15T13:39:30.577+0000][56.802s]  Metaspace       used 56319K, committed 56832K, reserved 1114112K
[2025-02-15T13:39:30.577+0000][56.802s]   class space    used 7219K, committed 7488K, reserved 1048576K
