[2025-02-28T17:14:21.670+0000][0.085s] Using G1
[2025-02-28T17:14:21.721+0000][0.136s] Version: 17.0.14+7 (release)
[2025-02-28T17:14:21.722+0000][0.137s] CPUs: 16 total, 16 available
[2025-02-28T17:14:21.722+0000][0.137s] Memory: 15802M
[2025-02-28T17:14:21.723+0000][0.138s] Large Page Support: Disabled
[2025-02-28T17:14:21.723+0000][0.138s] NUMA Support: Disabled
[2025-02-28T17:14:21.723+0000][0.139s] Compressed Oops: Enabled (32-bit)
[2025-02-28T17:14:21.724+0000][0.139s] Heap Region Size: 1M
[2025-02-28T17:14:21.724+0000][0.139s] Heap Min Capacity: 512M
[2025-02-28T17:14:21.724+0000][0.139s] Heap Initial Capacity: 512M
[2025-02-28T17:14:21.725+0000][0.140s] Heap Max Capacity: 512M
[2025-02-28T17:14:21.725+0000][0.140s] Pre-touch: Enabled
[2025-02-28T17:14:21.725+0000][0.140s] Parallel Workers: 13
[2025-02-28T17:14:21.725+0000][0.140s] Concurrent Workers: 3
[2025-02-28T17:14:21.726+0000][0.141s] Concurrent Refinement Workers: 13
[2025-02-28T17:14:21.726+0000][0.141s] Periodic GC: Disabled
[2025-02-28T17:14:21.730+0000][0.145s] CDS archive(s) mapped at: [0x00007f426b000000-0x00007f426ba62000-0x00007f426ba62000), size 10887168, SharedBaseAddress: 0x00007f426b000000, ArchiveRelocationMode: 1.
[2025-02-28T17:14:21.731+0000][0.146s] Compressed class space mapped at: 0x00007f426c000000-0x00007f42ac000000, reserved size: 1073741824
[2025-02-28T17:14:21.731+0000][0.146s] Narrow klass base: 0x00007f426b000000, Narrow klass shift: 0, Narrow klass range: 0x100000000
[2025-02-28T17:14:22.786+0000][1.201s] GC(0) Pause Young (Normal) (G1 Evacuation Pause)
[2025-02-28T17:14:22.786+0000][1.201s] GC(0) Using 12 workers of 13 for evacuation
[2025-02-28T17:14:22.789+0000][1.204s] GC(0)   Pre Evacuate Collection Set: 0.1ms
[2025-02-28T17:14:22.790+0000][1.205s] GC(0)   Merge Heap Roots: 0.2ms
[2025-02-28T17:14:22.790+0000][1.205s] GC(0)   Evacuate Collection Set: 1.8ms
[2025-02-28T17:14:22.790+0000][1.205s] GC(0)   Post Evacuate Collection Set: 0.7ms
[2025-02-28T17:14:22.790+0000][1.205s] GC(0)   Other: 0.7ms
[2025-02-28T17:14:22.791+0000][1.206s] GC(0) Eden regions: 29->0(61)
[2025-02-28T17:14:22.791+0000][1.206s] GC(0) Survivor regions: 0->4(4)
[2025-02-28T17:14:22.791+0000][1.206s] GC(0) Old regions: 0->0
[2025-02-28T17:14:22.791+0000][1.206s] GC(0) Archive regions: 2->2
[2025-02-28T17:14:22.792+0000][1.207s] GC(0) Humongous regions: 0->0
[2025-02-28T17:14:22.792+0000][1.207s] GC(0) Metaspace: 9307K(9472K)->9307K(9472K) NonClass: 8172K(8256K)->8172K(8256K) Class: 1135K(1216K)->1135K(1216K)
[2025-02-28T17:14:22.792+0000][1.207s] GC(0) Pause Young (Normal) (G1 Evacuation Pause) 29M->4M(512M) 6.284ms
[2025-02-28T17:14:22.792+0000][1.207s] GC(0) User=0.02s Sys=0.00s Real=0.01s
[2025-02-28T17:14:23.459+0000][1.874s] GC(1) Pause Young (Normal) (G1 Evacuation Pause)
[2025-02-28T17:14:23.459+0000][1.874s] GC(1) Using 13 workers of 13 for evacuation
[2025-02-28T17:14:23.465+0000][1.880s] GC(1)   Pre Evacuate Collection Set: 0.2ms
[2025-02-28T17:14:23.465+0000][1.880s] GC(1)   Merge Heap Roots: 0.1ms
[2025-02-28T17:14:23.466+0000][1.881s] GC(1)   Evacuate Collection Set: 4.3ms
[2025-02-28T17:14:23.466+0000][1.881s] GC(1)   Post Evacuate Collection Set: 0.7ms
[2025-02-28T17:14:23.466+0000][1.881s] GC(1)   Other: 0.7ms
[2025-02-28T17:14:23.466+0000][1.881s] GC(1) Eden regions: 61->0(110)
[2025-02-28T17:14:23.466+0000][1.881s] GC(1) Survivor regions: 4->9(9)
[2025-02-28T17:14:23.467+0000][1.882s] GC(1) Old regions: 0->5
[2025-02-28T17:14:23.467+0000][1.882s] GC(1) Archive regions: 2->2
[2025-02-28T17:14:23.467+0000][1.882s] GC(1) Humongous regions: 4->4
[2025-02-28T17:14:23.467+0000][1.882s] GC(1) Metaspace: 18082K(18432K)->18082K(18432K) NonClass: 15886K(16064K)->15886K(16064K) Class: 2195K(2368K)->2195K(2368K)
[2025-02-28T17:14:23.468+0000][1.883s] GC(1) Pause Young (Normal) (G1 Evacuation Pause) 69M->18M(512M) 8.692ms
[2025-02-28T17:14:23.468+0000][1.883s] GC(1) User=0.04s Sys=0.01s Real=0.01s
[2025-02-28T17:14:23.853+0000][2.268s] GC(2) Pause Young (Concurrent Start) (Metadata GC Threshold)
[2025-02-28T17:14:23.853+0000][2.269s] GC(2) Using 13 workers of 13 for evacuation
[2025-02-28T17:14:23.859+0000][2.274s] GC(2)   Pre Evacuate Collection Set: 0.3ms
[2025-02-28T17:14:23.859+0000][2.274s] GC(2)   Merge Heap Roots: 0.2ms
[2025-02-28T17:14:23.860+0000][2.275s] GC(2)   Evacuate Collection Set: 3.5ms
[2025-02-28T17:14:23.860+0000][2.275s] GC(2)   Post Evacuate Collection Set: 0.8ms
[2025-02-28T17:14:23.860+0000][2.275s] GC(2)   Other: 1.1ms
[2025-02-28T17:14:23.861+0000][2.276s] GC(2) Eden regions: 97->0(294)
[2025-02-28T17:14:23.861+0000][2.276s] GC(2) Survivor regions: 9->13(15)
[2025-02-28T17:14:23.861+0000][2.276s] GC(2) Old regions: 5->8
[2025-02-28T17:14:23.862+0000][2.277s] GC(2) Archive regions: 2->2
[2025-02-28T17:14:23.862+0000][2.277s] GC(2) Humongous regions: 4->4
[2025-02-28T17:14:23.862+0000][2.277s] GC(2) Metaspace: 21229K(21504K)->21229K(21504K) NonClass: 18653K(18816K)->18653K(18816K) Class: 2575K(2688K)->2575K(2688K)
[2025-02-28T17:14:23.863+0000][2.278s] GC(2) Pause Young (Concurrent Start) (Metadata GC Threshold) 115M->24M(512M) 9.400ms
[2025-02-28T17:14:23.863+0000][2.278s] GC(2) User=0.02s Sys=0.00s Real=0.01s
[2025-02-28T17:14:23.863+0000][2.278s] GC(3) Concurrent Mark Cycle
[2025-02-28T17:14:23.864+0000][2.279s] GC(3) Concurrent Clear Claimed Marks
[2025-02-28T17:14:23.864+0000][2.279s] GC(3) Concurrent Clear Claimed Marks 0.204ms
[2025-02-28T17:14:23.864+0000][2.279s] GC(3) Concurrent Scan Root Regions
[2025-02-28T17:14:23.867+0000][2.282s] GC(3) Concurrent Scan Root Regions 2.533ms
[2025-02-28T17:14:23.867+0000][2.282s] GC(3) Concurrent Mark
[2025-02-28T17:14:23.867+0000][2.282s] GC(3) Concurrent Mark From Roots
[2025-02-28T17:14:23.868+0000][2.283s] GC(3) Using 3 workers of 3 for marking
[2025-02-28T17:14:23.872+0000][2.287s] GC(3) Concurrent Mark From Roots 5.062ms
[2025-02-28T17:14:23.873+0000][2.288s] GC(3) Concurrent Preclean
[2025-02-28T17:14:23.873+0000][2.288s] GC(3) Concurrent Preclean 0.389ms
[2025-02-28T17:14:23.873+0000][2.288s] GC(3) Pause Remark
[2025-02-28T17:14:23.875+0000][2.290s] GC(3) Pause Remark 25M->25M(512M) 2.024ms
[2025-02-28T17:14:23.876+0000][2.291s] GC(3) User=0.01s Sys=0.00s Real=0.00s
[2025-02-28T17:14:23.876+0000][2.291s] GC(3) Concurrent Mark 9.372ms
[2025-02-28T17:14:23.876+0000][2.291s] GC(3) Concurrent Rebuild Remembered Sets
[2025-02-28T17:14:23.878+0000][2.293s] GC(3) Concurrent Rebuild Remembered Sets 2.058ms
[2025-02-28T17:14:23.879+0000][2.294s] GC(3) Pause Cleanup
[2025-02-28T17:14:23.879+0000][2.294s] GC(3) Pause Cleanup 25M->25M(512M) 0.380ms
[2025-02-28T17:14:23.879+0000][2.294s] GC(3) User=0.00s Sys=0.00s Real=0.00s
[2025-02-28T17:14:23.880+0000][2.295s] GC(3) Concurrent Cleanup for Next Mark
[2025-02-28T17:14:23.880+0000][2.295s] GC(3) Concurrent Cleanup for Next Mark 0.612ms
[2025-02-28T17:14:23.880+0000][2.296s] GC(3) Concurrent Mark Cycle 17.286ms
[2025-02-28T17:14:25.470+0000][3.885s] GC(4) Pause Young (Concurrent Start) (Metadata GC Threshold)
[2025-02-28T17:14:25.470+0000][3.885s] GC(4) Using 13 workers of 13 for evacuation
[2025-02-28T17:14:25.476+0000][3.891s] GC(4)   Pre Evacuate Collection Set: 0.2ms
[2025-02-28T17:14:25.477+0000][3.892s] GC(4)   Merge Heap Roots: 0.2ms
[2025-02-28T17:14:25.477+0000][3.892s] GC(4)   Evacuate Collection Set: 3.9ms
[2025-02-28T17:14:25.477+0000][3.892s] GC(4)   Post Evacuate Collection Set: 1.3ms
[2025-02-28T17:14:25.478+0000][3.893s] GC(4)   Other: 0.9ms
[2025-02-28T17:14:25.478+0000][3.893s] GC(4) Eden regions: 113->0(289)
[2025-02-28T17:14:25.478+0000][3.893s] GC(4) Survivor regions: 13->18(39)
[2025-02-28T17:14:25.478+0000][3.893s] GC(4) Old regions: 8->8
[2025-02-28T17:14:25.478+0000][3.893s] GC(4) Archive regions: 2->2
[2025-02-28T17:14:25.479+0000][3.894s] GC(4) Humongous regions: 4->4
[2025-02-28T17:14:25.479+0000][3.894s] GC(4) Metaspace: 35913K(36288K)->35913K(36288K) NonClass: 31450K(31616K)->31450K(31616K) Class: 4462K(4672K)->4462K(4672K)
[2025-02-28T17:14:25.479+0000][3.894s] GC(4) Pause Young (Concurrent Start) (Metadata GC Threshold) 137M->29M(512M) 9.000ms
[2025-02-28T17:14:25.479+0000][3.894s] GC(4) User=0.04s Sys=0.00s Real=0.01s
[2025-02-28T17:14:25.479+0000][3.894s] GC(5) Concurrent Mark Cycle
[2025-02-28T17:14:25.479+0000][3.894s] GC(5) Concurrent Clear Claimed Marks
[2025-02-28T17:14:25.480+0000][3.895s] GC(5) Concurrent Clear Claimed Marks 0.343ms
[2025-02-28T17:14:25.480+0000][3.895s] GC(5) Concurrent Scan Root Regions
[2025-02-28T17:14:25.485+0000][3.900s] GC(5) Concurrent Scan Root Regions 5.299ms
[2025-02-28T17:14:25.486+0000][3.901s] GC(5) Concurrent Mark
[2025-02-28T17:14:25.486+0000][3.901s] GC(5) Concurrent Mark From Roots
[2025-02-28T17:14:25.486+0000][3.901s] GC(5) Using 3 workers of 3 for marking
[2025-02-28T17:14:25.492+0000][3.907s] GC(5) Concurrent Mark From Roots 5.832ms
[2025-02-28T17:14:25.492+0000][3.907s] GC(5) Concurrent Preclean
[2025-02-28T17:14:25.493+0000][3.908s] GC(5) Concurrent Preclean 0.437ms
[2025-02-28T17:14:25.493+0000][3.908s] GC(5) Pause Remark
[2025-02-28T17:14:25.496+0000][3.911s] GC(5) Pause Remark 31M->31M(512M) 2.841ms
[2025-02-28T17:14:25.496+0000][3.911s] GC(5) User=0.02s Sys=0.00s Real=0.00s
[2025-02-28T17:14:25.497+0000][3.912s] GC(5) Concurrent Mark 11.035ms
[2025-02-28T17:14:25.497+0000][3.912s] GC(5) Concurrent Rebuild Remembered Sets
[2025-02-28T17:14:25.500+0000][3.915s] GC(5) Concurrent Rebuild Remembered Sets 2.585ms
[2025-02-28T17:14:25.500+0000][3.915s] GC(5) Pause Cleanup
[2025-02-28T17:14:25.501+0000][3.916s] GC(5) Pause Cleanup 31M->31M(512M) 0.590ms
[2025-02-28T17:14:25.501+0000][3.916s] GC(5) User=0.00s Sys=0.00s Real=0.00s
[2025-02-28T17:14:25.502+0000][3.917s] GC(5) Concurrent Cleanup for Next Mark
[2025-02-28T17:14:25.503+0000][3.918s] GC(5) Concurrent Cleanup for Next Mark 0.816ms
[2025-02-28T17:14:25.503+0000][3.918s] GC(5) Concurrent Mark Cycle 23.994ms
[2025-02-28T17:16:26.136+0000][124.551s] GC(6) Pause Young (Normal) (G1 Evacuation Pause)
[2025-02-28T17:16:26.136+0000][124.551s] GC(6) Using 13 workers of 13 for evacuation
[2025-02-28T17:16:26.151+0000][124.566s] GC(6)   Pre Evacuate Collection Set: 0.3ms
[2025-02-28T17:16:26.152+0000][124.567s] GC(6)   Merge Heap Roots: 0.2ms
[2025-02-28T17:16:26.152+0000][124.567s] GC(6)   Evacuate Collection Set: 11.9ms
[2025-02-28T17:16:26.152+0000][124.567s] GC(6)   Post Evacuate Collection Set: 1.9ms
[2025-02-28T17:16:26.153+0000][124.568s] GC(6)   Other: 1.2ms
[2025-02-28T17:16:26.153+0000][124.568s] GC(6) Eden regions: 289->0(268)
[2025-02-28T17:16:26.154+0000][124.568s] GC(6) Survivor regions: 18->39(39)
[2025-02-28T17:16:26.154+0000][124.569s] GC(6) Old regions: 8->13
[2025-02-28T17:16:26.154+0000][124.569s] GC(6) Archive regions: 2->2
[2025-02-28T17:16:26.155+0000][124.569s] GC(6) Humongous regions: 4->4
[2025-02-28T17:16:26.155+0000][124.570s] GC(6) Metaspace: 55176K(55680K)->55176K(55680K) NonClass: 48211K(48512K)->48211K(48512K) Class: 6964K(7168K)->6964K(7168K)
[2025-02-28T17:16:26.155+0000][124.570s] GC(6) Pause Young (Normal) (G1 Evacuation Pause) 318M->56M(512M) 19.339ms
[2025-02-28T17:16:26.155+0000][124.570s] GC(6) User=0.13s Sys=0.00s Real=0.02s
[2025-02-28T17:16:28.915+0000][127.330s] GC(7) Pause Young (Normal) (G1 Evacuation Pause)
[2025-02-28T17:16:28.915+0000][127.330s] GC(7) Using 13 workers of 13 for evacuation
[2025-02-28T17:16:28.926+0000][127.341s] GC(7)   Pre Evacuate Collection Set: 0.2ms
[2025-02-28T17:16:28.927+0000][127.342s] GC(7)   Merge Heap Roots: 0.2ms
[2025-02-28T17:16:28.927+0000][127.342s] GC(7)   Evacuate Collection Set: 9.1ms
[2025-02-28T17:16:28.927+0000][127.342s] GC(7)   Post Evacuate Collection Set: 1.3ms
[2025-02-28T17:16:28.927+0000][127.342s] GC(7)   Other: 0.9ms
[2025-02-28T17:16:28.928+0000][127.342s] GC(7) Eden regions: 268->0(271)
[2025-02-28T17:16:28.928+0000][127.343s] GC(7) Survivor regions: 39->35(39)
[2025-02-28T17:16:28.928+0000][127.343s] GC(7) Old regions: 13->51
[2025-02-28T17:16:28.928+0000][127.343s] GC(7) Archive regions: 2->2
[2025-02-28T17:16:28.928+0000][127.343s] GC(7) Humongous regions: 4->4
[2025-02-28T17:16:28.929+0000][127.344s] GC(7) Metaspace: 55695K(56128K)->55695K(56128K) NonClass: 48676K(48896K)->48676K(48896K) Class: 7019K(7232K)->7019K(7232K)
[2025-02-28T17:16:28.929+0000][127.344s] GC(7) Pause Young (Normal) (G1 Evacuation Pause) 324M->89M(512M) 14.012ms
[2025-02-28T17:16:28.929+0000][127.344s] GC(7) User=0.12s Sys=0.00s Real=0.01s
[2025-02-28T17:16:31.572+0000][129.986s] GC(8) Pause Young (Normal) (G1 Evacuation Pause)
[2025-02-28T17:16:31.573+0000][129.987s] GC(8) Using 13 workers of 13 for evacuation
[2025-02-28T17:16:31.578+0000][129.993s] GC(8)   Pre Evacuate Collection Set: 0.2ms
[2025-02-28T17:16:31.578+0000][129.993s] GC(8)   Merge Heap Roots: 0.1ms
[2025-02-28T17:16:31.578+0000][129.993s] GC(8)   Evacuate Collection Set: 3.7ms
[2025-02-28T17:16:31.578+0000][129.993s] GC(8)   Post Evacuate Collection Set: 0.7ms
[2025-02-28T17:16:31.579+0000][129.994s] GC(8)   Other: 1.3ms
[2025-02-28T17:16:31.579+0000][129.994s] GC(8) Eden regions: 271->0(263)
[2025-02-28T17:16:31.579+0000][129.994s] GC(8) Survivor regions: 35->29(39)
[2025-02-28T17:16:31.579+0000][129.994s] GC(8) Old regions: 51->81
[2025-02-28T17:16:31.580+0000][129.995s] GC(8) Archive regions: 2->2
[2025-02-28T17:16:31.580+0000][129.995s] GC(8) Humongous regions: 4->4
[2025-02-28T17:16:31.580+0000][129.995s] GC(8) Metaspace: 57054K(57472K)->57054K(57472K) NonClass: 49888K(50112K)->49888K(50112K) Class: 7165K(7360K)->7165K(7360K)
[2025-02-28T17:16:31.580+0000][129.995s] GC(8) Pause Young (Normal) (G1 Evacuation Pause) 360M->114M(512M) 8.737ms
[2025-02-28T17:16:31.581+0000][129.995s] GC(8) User=0.04s Sys=0.00s Real=0.00s
[2025-02-28T17:16:33.267+0000][131.681s] GC(9) Pause Young (Normal) (G1 Evacuation Pause)
[2025-02-28T17:16:33.267+0000][131.682s] GC(9) Using 13 workers of 13 for evacuation
[2025-02-28T17:16:33.280+0000][131.695s] GC(9)   Pre Evacuate Collection Set: 0.2ms
[2025-02-28T17:16:33.281+0000][131.695s] GC(9)   Merge Heap Roots: 0.1ms
[2025-02-28T17:16:33.281+0000][131.696s] GC(9)   Evacuate Collection Set: 4.5ms
[2025-02-28T17:16:33.281+0000][131.696s] GC(9)   Post Evacuate Collection Set: 1.0ms
[2025-02-28T17:16:33.281+0000][131.696s] GC(9)   Other: 8.0ms
[2025-02-28T17:16:33.281+0000][131.696s] GC(9) Eden regions: 263->0(253)
[2025-02-28T17:16:33.281+0000][131.696s] GC(9) Survivor regions: 29->25(37)
[2025-02-28T17:16:33.281+0000][131.696s] GC(9) Old regions: 81->105
[2025-02-28T17:16:33.282+0000][131.696s] GC(9) Archive regions: 2->2
[2025-02-28T17:16:33.282+0000][131.697s] GC(9) Humongous regions: 4->4
[2025-02-28T17:16:33.282+0000][131.697s] GC(9) Metaspace: 57251K(57792K)->57251K(57792K) NonClass: 50075K(50368K)->50075K(50368K) Class: 7175K(7424K)->7175K(7424K)
[2025-02-28T17:16:33.283+0000][131.698s] GC(9) Pause Young (Normal) (G1 Evacuation Pause) 377M->134M(512M) 16.229ms
[2025-02-28T17:16:33.283+0000][131.698s] GC(9) User=0.01s Sys=0.00s Real=0.02s
[2025-02-28T17:16:35.517+0000][133.932s] GC(10) Pause Young (Normal) (G1 Evacuation Pause)
[2025-02-28T17:16:35.517+0000][133.932s] GC(10) Using 13 workers of 13 for evacuation
[2025-02-28T17:16:35.522+0000][133.937s] GC(10)   Pre Evacuate Collection Set: 0.2ms
[2025-02-28T17:16:35.522+0000][133.937s] GC(10)   Merge Heap Roots: 0.1ms
[2025-02-28T17:16:35.523+0000][133.937s] GC(10)   Evacuate Collection Set: 3.2ms
[2025-02-28T17:16:35.523+0000][133.938s] GC(10)   Post Evacuate Collection Set: 0.8ms
[2025-02-28T17:16:35.527+0000][133.942s] GC(10)   Other: 0.6ms
[2025-02-28T17:16:35.539+0000][133.954s] GC(10) Eden regions: 253->0(235)
[2025-02-28T17:16:35.555+0000][133.970s] GC(10) Survivor regions: 25->27(35)
[2025-02-28T17:16:35.556+0000][133.971s] GC(10) Old regions: 105->127
[2025-02-28T17:16:35.556+0000][133.971s] GC(10) Archive regions: 2->2
[2025-02-28T17:16:35.556+0000][133.971s] GC(10) Humongous regions: 4->4
[2025-02-28T17:16:35.556+0000][133.971s] GC(10) Metaspace: 57382K(57920K)->57382K(57920K) NonClass: 50205K(50496K)->50205K(50496K) Class: 7177K(7424K)->7177K(7424K)
[2025-02-28T17:16:35.556+0000][133.971s] GC(10) Pause Young (Normal) (G1 Evacuation Pause) 387M->157M(512M) 39.220ms
[2025-02-28T17:16:35.557+0000][133.971s] GC(10) User=0.03s Sys=0.01s Real=0.04s
[2025-02-28T17:16:40.072+0000][138.488s] GC(11) Pause Young (Normal) (G1 Evacuation Pause)
[2025-02-28T17:16:40.072+0000][138.488s] GC(11) Using 13 workers of 13 for evacuation
[2025-02-28T17:16:40.076+0000][138.492s] GC(11)   Pre Evacuate Collection Set: 0.2ms
[2025-02-28T17:16:40.076+0000][138.492s] GC(11)   Merge Heap Roots: 0.1ms
[2025-02-28T17:16:40.076+0000][138.492s] GC(11)   Evacuate Collection Set: 2.0ms
[2025-02-28T17:16:40.077+0000][138.493s] GC(11)   Post Evacuate Collection Set: 0.9ms
[2025-02-28T17:16:40.077+0000][138.493s] GC(11)   Other: 0.9ms
[2025-02-28T17:16:40.077+0000][138.493s] GC(11) Eden regions: 235->0(243)
[2025-02-28T17:16:40.077+0000][138.493s] GC(11) Survivor regions: 27->14(33)
[2025-02-28T17:16:40.078+0000][138.494s] GC(11) Old regions: 127->138
[2025-02-28T17:16:40.078+0000][138.494s] GC(11) Archive regions: 2->2
[2025-02-28T17:16:40.078+0000][138.494s] GC(11) Humongous regions: 4->4
[2025-02-28T17:16:40.078+0000][138.494s] GC(11) Metaspace: 57526K(57984K)->57526K(57984K) NonClass: 50347K(50560K)->50347K(50560K) Class: 7179K(7424K)->7179K(7424K)
[2025-02-28T17:16:40.079+0000][138.495s] GC(11) Pause Young (Normal) (G1 Evacuation Pause) 392M->156M(512M) 6.981ms
[2025-02-28T17:16:40.079+0000][138.495s] GC(11) User=0.01s Sys=0.00s Real=0.00s
[2025-02-28T17:16:42.281+0000][140.697s] GC(12) Pause Young (Normal) (G1 Evacuation Pause)
[2025-02-28T17:16:42.282+0000][140.698s] GC(12) Using 13 workers of 13 for evacuation
[2025-02-28T17:16:42.286+0000][140.702s] GC(12)   Pre Evacuate Collection Set: 0.4ms
[2025-02-28T17:16:42.286+0000][140.703s] GC(12)   Merge Heap Roots: 0.2ms
[2025-02-28T17:16:42.287+0000][140.703s] GC(12)   Evacuate Collection Set: 2.5ms
[2025-02-28T17:16:42.287+0000][140.703s] GC(12)   Post Evacuate Collection Set: 0.8ms
[2025-02-28T17:16:42.288+0000][140.704s] GC(12)   Other: 0.8ms
[2025-02-28T17:16:42.288+0000][140.704s] GC(12) Eden regions: 243->0(220)
[2025-02-28T17:16:42.288+0000][140.705s] GC(12) Survivor regions: 14->33(33)
[2025-02-28T17:16:42.289+0000][140.705s] GC(12) Old regions: 138->143
[2025-02-28T17:16:42.289+0000][140.705s] GC(12) Archive regions: 2->2
[2025-02-28T17:16:42.289+0000][140.705s] GC(12) Humongous regions: 4->4
[2025-02-28T17:16:42.289+0000][140.706s] GC(12) Metaspace: 57583K(58112K)->57583K(58112K) NonClass: 50403K(50688K)->50403K(50688K) Class: 7179K(7424K)->7179K(7424K)
[2025-02-28T17:16:42.290+0000][140.706s] GC(12) Pause Young (Normal) (G1 Evacuation Pause) 399M->180M(512M) 8.578ms
[2025-02-28T17:16:42.290+0000][140.706s] GC(12) User=0.03s Sys=0.00s Real=0.00s
[2025-02-28T17:16:44.115+0000][142.532s] GC(13) Pause Young (Normal) (G1 Evacuation Pause)
[2025-02-28T17:16:44.116+0000][142.532s] GC(13) Using 13 workers of 13 for evacuation
[2025-02-28T17:16:44.120+0000][142.536s] GC(13)   Pre Evacuate Collection Set: 0.2ms
[2025-02-28T17:16:44.126+0000][142.542s] GC(13)   Merge Heap Roots: 0.1ms
[2025-02-28T17:16:44.126+0000][142.542s] GC(13)   Evacuate Collection Set: 2.1ms
[2025-02-28T17:16:44.127+0000][142.543s] GC(13)   Post Evacuate Collection Set: 0.7ms
[2025-02-28T17:16:44.127+0000][142.543s] GC(13)   Other: 1.1ms
[2025-02-28T17:16:44.127+0000][142.543s] GC(13) Eden regions: 220->0(232)
[2025-02-28T17:16:44.128+0000][142.544s] GC(13) Survivor regions: 33->20(32)
[2025-02-28T17:16:44.128+0000][142.544s] GC(13) Old regions: 143->143
[2025-02-28T17:16:44.128+0000][142.544s] GC(13) Archive regions: 2->2
[2025-02-28T17:16:44.129+0000][142.545s] GC(13) Humongous regions: 4->4
[2025-02-28T17:16:44.129+0000][142.545s] GC(13) Metaspace: 57716K(58240K)->57716K(58240K) NonClass: 50536K(50816K)->50536K(50816K) Class: 7179K(7424K)->7179K(7424K)
[2025-02-28T17:16:44.129+0000][142.545s] GC(13) Pause Young (Normal) (G1 Evacuation Pause) 400M->167M(512M) 13.605ms
[2025-02-28T17:16:44.129+0000][142.545s] GC(13) User=0.02s Sys=0.00s Real=0.01s
[2025-02-28T17:16:48.287+0000][146.703s] GC(14) Pause Young (Normal) (G1 Evacuation Pause)
[2025-02-28T17:16:48.287+0000][146.703s] GC(14) Using 13 workers of 13 for evacuation
[2025-02-28T17:16:48.290+0000][146.706s] GC(14)   Pre Evacuate Collection Set: 0.2ms
[2025-02-28T17:16:48.290+0000][146.706s] GC(14)   Merge Heap Roots: 0.2ms
[2025-02-28T17:16:48.290+0000][146.706s] GC(14)   Evacuate Collection Set: 1.2ms
[2025-02-28T17:16:48.290+0000][146.707s] GC(14)   Post Evacuate Collection Set: 0.6ms
[2025-02-28T17:16:48.291+0000][146.707s] GC(14)   Other: 0.8ms
[2025-02-28T17:16:48.291+0000][146.707s] GC(14) Eden regions: 232->0(247)
[2025-02-28T17:16:48.291+0000][146.707s] GC(14) Survivor regions: 20->10(32)
[2025-02-28T17:16:48.291+0000][146.707s] GC(14) Old regions: 143->143
[2025-02-28T17:16:48.291+0000][146.708s] GC(14) Archive regions: 2->2
[2025-02-28T17:16:48.292+0000][146.708s] GC(14) Humongous regions: 4->4
[2025-02-28T17:16:48.292+0000][146.708s] GC(14) Metaspace: 57783K(58304K)->57783K(58304K) NonClass: 50603K(50880K)->50603K(50880K) Class: 7179K(7424K)->7179K(7424K)
[2025-02-28T17:16:48.292+0000][146.708s] GC(14) Pause Young (Normal) (G1 Evacuation Pause) 399M->156M(512M) 5.607ms
[2025-02-28T17:16:48.293+0000][146.709s] GC(14) User=0.01s Sys=0.00s Real=0.01s
[2025-02-28T17:16:50.461+0000][148.877s] GC(15) Pause Young (Normal) (G1 Evacuation Pause)
[2025-02-28T17:16:50.461+0000][148.877s] GC(15) Using 13 workers of 13 for evacuation
[2025-02-28T17:16:50.465+0000][148.881s] GC(15)   Pre Evacuate Collection Set: 0.2ms
[2025-02-28T17:16:50.466+0000][148.882s] GC(15)   Merge Heap Roots: 0.1ms
[2025-02-28T17:16:50.466+0000][148.883s] GC(15)   Evacuate Collection Set: 2.2ms
[2025-02-28T17:16:50.467+0000][148.883s] GC(15)   Post Evacuate Collection Set: 0.8ms
[2025-02-28T17:16:50.467+0000][148.883s] GC(15)   Other: 0.9ms
[2025-02-28T17:16:50.467+0000][148.884s] GC(15) Eden regions: 247->0(222)
[2025-02-28T17:16:50.468+0000][148.884s] GC(15) Survivor regions: 10->33(33)
[2025-02-28T17:16:50.468+0000][148.884s] GC(15) Old regions: 143->144
[2025-02-28T17:16:50.468+0000][148.884s] GC(15) Archive regions: 2->2
[2025-02-28T17:16:50.468+0000][148.884s] GC(15) Humongous regions: 4->4
[2025-02-28T17:16:50.468+0000][148.885s] GC(15) Metaspace: 57804K(58304K)->57804K(58304K) NonClass: 50624K(50880K)->50624K(50880K) Class: 7179K(7424K)->7179K(7424K)
[2025-02-28T17:16:50.469+0000][148.885s] GC(15) Pause Young (Normal) (G1 Evacuation Pause) 403M->181M(512M) 7.702ms
[2025-02-28T17:16:50.469+0000][148.885s] GC(15) User=0.01s Sys=0.00s Real=0.00s
[2025-02-28T17:16:54.041+0000][152.457s] GC(16) Pause Young (Normal) (G1 Evacuation Pause)
[2025-02-28T17:16:54.041+0000][152.457s] GC(16) Using 13 workers of 13 for evacuation
[2025-02-28T17:16:54.044+0000][152.460s] GC(16)   Pre Evacuate Collection Set: 0.2ms
[2025-02-28T17:16:54.044+0000][152.460s] GC(16)   Merge Heap Roots: 0.1ms
[2025-02-28T17:16:54.044+0000][152.460s] GC(16)   Evacuate Collection Set: 1.5ms
[2025-02-28T17:16:54.044+0000][152.460s] GC(16)   Post Evacuate Collection Set: 0.5ms
[2025-02-28T17:16:54.044+0000][152.460s] GC(16)   Other: 0.4ms
[2025-02-28T17:16:54.044+0000][152.460s] GC(16) Eden regions: 222->0(232)
[2025-02-28T17:16:54.044+0000][152.461s] GC(16) Survivor regions: 33->21(32)
[2025-02-28T17:16:54.045+0000][152.461s] GC(16) Old regions: 144->144
[2025-02-28T17:16:54.045+0000][152.461s] GC(16) Archive regions: 2->2
[2025-02-28T17:16:54.045+0000][152.461s] GC(16) Humongous regions: 4->4
[2025-02-28T17:16:54.045+0000][152.461s] GC(16) Metaspace: 57846K(58304K)->57846K(58304K) NonClass: 50666K(50880K)->50666K(50880K) Class: 7179K(7424K)->7179K(7424K)
[2025-02-28T17:16:54.045+0000][152.461s] GC(16) Pause Young (Normal) (G1 Evacuation Pause) 403M->168M(512M) 4.258ms
[2025-02-28T17:16:54.045+0000][152.461s] GC(16) User=0.01s Sys=0.00s Real=0.00s
[2025-02-28T17:16:55.782+0000][154.198s] GC(17) Pause Young (Normal) (G1 Evacuation Pause)
[2025-02-28T17:16:55.783+0000][154.199s] GC(17) Using 13 workers of 13 for evacuation
[2025-02-28T17:16:55.788+0000][154.204s] GC(17)   Pre Evacuate Collection Set: 0.2ms
[2025-02-28T17:16:55.788+0000][154.204s] GC(17)   Merge Heap Roots: 0.1ms
[2025-02-28T17:16:55.805+0000][154.221s] GC(17)   Evacuate Collection Set: 3.2ms
[2025-02-28T17:16:55.805+0000][154.222s] GC(17)   Post Evacuate Collection Set: 1.0ms
[2025-02-28T17:16:55.806+0000][154.222s] GC(17)   Other: 1.2ms
[2025-02-28T17:16:55.807+0000][154.223s] GC(17) Eden regions: 232->0(207)
[2025-02-28T17:16:55.808+0000][154.224s] GC(17) Survivor regions: 21->28(32)
[2025-02-28T17:16:55.808+0000][154.225s] GC(17) Old regions: 144->162
[2025-02-28T17:16:55.809+0000][154.225s] GC(17) Archive regions: 2->2
[2025-02-28T17:16:55.810+0000][154.226s] GC(17) Humongous regions: 4->4
[2025-02-28T17:16:55.811+0000][154.227s] GC(17) Metaspace: 57899K(58368K)->57899K(58368K) NonClass: 50719K(50944K)->50719K(50944K) Class: 7179K(7424K)->7179K(7424K)
[2025-02-28T17:16:55.811+0000][154.227s] GC(17) Pause Young (Normal) (G1 Evacuation Pause) 400M->193M(512M) 29.069ms
[2025-02-28T17:16:55.812+0000][154.228s] GC(17) User=0.04s Sys=0.01s Real=0.03s
[2025-02-28T17:16:57.013+0000][155.429s] GC(18) Pause Young (Normal) (G1 Evacuation Pause)
[2025-02-28T17:16:57.013+0000][155.429s] GC(18) Using 13 workers of 13 for evacuation
[2025-02-28T17:16:57.017+0000][155.434s] GC(18)   Pre Evacuate Collection Set: 0.2ms
[2025-02-28T17:16:57.018+0000][155.434s] GC(18)   Merge Heap Roots: 0.1ms
[2025-02-28T17:16:57.018+0000][155.434s] GC(18)   Evacuate Collection Set: 2.9ms
[2025-02-28T17:16:57.019+0000][155.435s] GC(18)   Post Evacuate Collection Set: 0.6ms
[2025-02-28T17:16:57.019+0000][155.435s] GC(18)   Other: 1.2ms
[2025-02-28T17:16:57.020+0000][155.436s] GC(18) Eden regions: 207->0(193)
[2025-02-28T17:16:57.020+0000][155.436s] GC(18) Survivor regions: 28->19(30)
[2025-02-28T17:16:57.021+0000][155.437s] GC(18) Old regions: 162->189
[2025-02-28T17:16:57.021+0000][155.437s] GC(18) Archive regions: 2->2
[2025-02-28T17:16:57.022+0000][155.438s] GC(18) Humongous regions: 4->4
[2025-02-28T17:16:57.022+0000][155.438s] GC(18) Metaspace: 57960K(58432K)->57960K(58432K) NonClass: 50780K(51008K)->50780K(51008K) Class: 7179K(7424K)->7179K(7424K)
[2025-02-28T17:16:57.023+0000][155.439s] GC(18) Pause Young (Normal) (G1 Evacuation Pause) 400M->212M(512M) 10.175ms
[2025-02-28T17:16:57.023+0000][155.439s] GC(18) User=0.02s Sys=0.00s Real=0.01s
[2025-02-28T17:16:58.294+0000][156.710s] GC(19) Pause Young (Normal) (G1 Evacuation Pause)
[2025-02-28T17:16:58.298+0000][156.714s] GC(19) Using 13 workers of 13 for evacuation
[2025-02-28T17:16:58.302+0000][156.718s] GC(19)   Pre Evacuate Collection Set: 0.2ms
[2025-02-28T17:16:58.303+0000][156.719s] GC(19)   Merge Heap Roots: 0.1ms
[2025-02-28T17:16:58.303+0000][156.719s] GC(19)   Evacuate Collection Set: 2.4ms
[2025-02-28T17:16:58.304+0000][156.720s] GC(19)   Post Evacuate Collection Set: 0.6ms
[2025-02-28T17:16:58.305+0000][156.721s] GC(19)   Other: 4.7ms
[2025-02-28T17:16:58.306+0000][156.722s] GC(19) Eden regions: 193->0(176)
[2025-02-28T17:16:58.306+0000][156.722s] GC(19) Survivor regions: 19->22(27)
[2025-02-28T17:16:58.307+0000][156.723s] GC(19) Old regions: 189->205
[2025-02-28T17:16:58.308+0000][156.724s] GC(19) Archive regions: 2->2
[2025-02-28T17:16:58.308+0000][156.724s] GC(19) Humongous regions: 4->4
[2025-02-28T17:16:58.308+0000][156.725s] GC(19) Metaspace: 57998K(58496K)->57998K(58496K) NonClass: 50818K(51072K)->50818K(51072K) Class: 7179K(7424K)->7179K(7424K)
[2025-02-28T17:16:58.309+0000][156.725s] GC(19) Pause Young (Normal) (G1 Evacuation Pause) 405M->231M(512M) 15.064ms
[2025-02-28T17:16:58.309+0000][156.725s] GC(19) User=0.01s Sys=0.00s Real=0.01s
[2025-02-28T17:16:59.493+0000][157.909s] GC(20) Pause Young (Normal) (G1 Evacuation Pause)
[2025-02-28T17:16:59.493+0000][157.909s] GC(20) Using 13 workers of 13 for evacuation
[2025-02-28T17:16:59.497+0000][157.914s] GC(20)   Pre Evacuate Collection Set: 0.2ms
[2025-02-28T17:16:59.499+0000][157.915s] GC(20)   Merge Heap Roots: 0.1ms
[2025-02-28T17:16:59.499+0000][157.915s] GC(20)   Evacuate Collection Set: 2.6ms
[2025-02-28T17:16:59.500+0000][157.916s] GC(20)   Post Evacuate Collection Set: 0.7ms
[2025-02-28T17:16:59.500+0000][157.916s] GC(20)   Other: 1.4ms
[2025-02-28T17:16:59.501+0000][157.917s] GC(20) Eden regions: 176->0(159)
[2025-02-28T17:16:59.501+0000][157.917s] GC(20) Survivor regions: 22->22(25)
[2025-02-28T17:16:59.501+0000][157.918s] GC(20) Old regions: 205->224
[2025-02-28T17:16:59.502+0000][157.918s] GC(20) Archive regions: 2->2
[2025-02-28T17:16:59.502+0000][157.918s] GC(20) Humongous regions: 4->4
[2025-02-28T17:16:59.503+0000][157.919s] GC(20) Metaspace: 58037K(58560K)->58037K(58560K) NonClass: 50858K(51136K)->50858K(51136K) Class: 7179K(7424K)->7179K(7424K)
[2025-02-28T17:16:59.503+0000][157.919s] GC(20) Pause Young (Normal) (G1 Evacuation Pause) 407M->249M(512M) 10.478ms
[2025-02-28T17:16:59.504+0000][157.920s] GC(20) User=0.01s Sys=0.00s Real=0.01s
[2025-02-28T17:17:00.370+0000][158.786s] GC(21) Pause Young (Normal) (G1 Evacuation Pause)
[2025-02-28T17:17:00.370+0000][158.787s] GC(21) Using 13 workers of 13 for evacuation
[2025-02-28T17:17:00.375+0000][158.791s] GC(21)   Pre Evacuate Collection Set: 0.4ms
[2025-02-28T17:17:00.375+0000][158.791s] GC(21)   Merge Heap Roots: 0.2ms
[2025-02-28T17:17:00.376+0000][158.792s] GC(21)   Evacuate Collection Set: 2.5ms
[2025-02-28T17:17:00.376+0000][158.792s] GC(21)   Post Evacuate Collection Set: 0.9ms
[2025-02-28T17:17:00.376+0000][158.792s] GC(21)   Other: 0.7ms
[2025-02-28T17:17:00.376+0000][158.793s] GC(21) Eden regions: 159->0(153)
[2025-02-28T17:17:00.377+0000][158.793s] GC(21) Survivor regions: 22->13(23)
[2025-02-28T17:17:00.377+0000][158.793s] GC(21) Old regions: 224->244
[2025-02-28T17:17:00.377+0000][158.793s] GC(21) Archive regions: 2->2
[2025-02-28T17:17:00.378+0000][158.794s] GC(21) Humongous regions: 4->4
[2025-02-28T17:17:00.378+0000][158.794s] GC(21) Metaspace: 58102K(58624K)->58102K(58624K) NonClass: 50922K(51200K)->50922K(51200K) Class: 7179K(7424K)->7179K(7424K)
[2025-02-28T17:17:00.378+0000][158.794s] GC(21) Pause Young (Normal) (G1 Evacuation Pause) 408M->260M(512M) 8.204ms
[2025-02-28T17:17:00.379+0000][158.795s] GC(21) User=0.02s Sys=0.00s Real=0.01s
[2025-02-28T17:17:01.498+0000][159.914s] GC(22) Pause Young (Concurrent Start) (G1 Evacuation Pause)
[2025-02-28T17:17:01.498+0000][159.914s] GC(22) Using 13 workers of 13 for evacuation
[2025-02-28T17:17:01.503+0000][159.919s] GC(22)   Pre Evacuate Collection Set: 0.3ms
[2025-02-28T17:17:01.504+0000][159.920s] GC(22)   Merge Heap Roots: 0.2ms
[2025-02-28T17:17:01.504+0000][159.920s] GC(22)   Evacuate Collection Set: 3.0ms
[2025-02-28T17:17:01.504+0000][159.920s] GC(22)   Post Evacuate Collection Set: 0.8ms
[2025-02-28T17:17:01.504+0000][159.921s] GC(22)   Other: 1.1ms
[2025-02-28T17:17:01.505+0000][159.921s] GC(22) Eden regions: 153->0(138)
[2025-02-28T17:17:01.505+0000][159.921s] GC(22) Survivor regions: 13->20(21)
[2025-02-28T17:17:01.505+0000][159.921s] GC(22) Old regions: 244->254
[2025-02-28T17:17:01.505+0000][159.922s] GC(22) Archive regions: 2->2
[2025-02-28T17:17:01.506+0000][159.922s] GC(22) Humongous regions: 4->4
[2025-02-28T17:17:01.506+0000][159.922s] GC(22) Metaspace: 58244K(58752K)->58244K(58752K) NonClass: 51064K(51328K)->51064K(51328K) Class: 7179K(7424K)->7179K(7424K)
[2025-02-28T17:17:01.506+0000][159.922s] GC(22) Pause Young (Concurrent Start) (G1 Evacuation Pause) 413M->277M(512M) 8.605ms
[2025-02-28T17:17:01.506+0000][159.922s] GC(22) User=0.02s Sys=0.01s Real=0.01s
[2025-02-28T17:17:01.507+0000][159.923s] GC(23) Concurrent Mark Cycle
[2025-02-28T17:17:01.507+0000][159.923s] GC(23) Concurrent Clear Claimed Marks
[2025-02-28T17:17:01.507+0000][159.923s] GC(23) Concurrent Clear Claimed Marks 0.295ms
[2025-02-28T17:17:01.507+0000][159.924s] GC(23) Concurrent Scan Root Regions
[2025-02-28T17:17:01.508+0000][159.925s] GC(23) Concurrent Scan Root Regions 0.983ms
[2025-02-28T17:17:01.509+0000][159.925s] GC(23) Concurrent Mark
[2025-02-28T17:17:01.509+0000][159.925s] GC(23) Concurrent Mark From Roots
[2025-02-28T17:17:01.510+0000][159.926s] GC(23) Using 3 workers of 3 for marking
[2025-02-28T17:17:01.529+0000][159.945s] GC(23) Concurrent Mark From Roots 19.615ms
[2025-02-28T17:17:01.529+0000][159.946s] GC(23) Concurrent Preclean
[2025-02-28T17:17:01.530+0000][159.946s] GC(23) Concurrent Preclean 0.579ms
[2025-02-28T17:17:01.531+0000][159.947s] GC(23) Pause Remark
[2025-02-28T17:17:01.535+0000][159.951s] GC(23) Pause Remark 282M->168M(512M) 4.159ms
[2025-02-28T17:17:01.535+0000][159.952s] GC(23) User=0.02s Sys=0.00s Real=0.00s
[2025-02-28T17:17:01.536+0000][159.952s] GC(23) Concurrent Mark 27.004ms
[2025-02-28T17:17:01.537+0000][159.953s] GC(23) Concurrent Rebuild Remembered Sets
[2025-02-28T17:17:01.545+0000][159.962s] GC(23) Concurrent Rebuild Remembered Sets 8.963ms
[2025-02-28T17:17:01.546+0000][159.962s] GC(23) Pause Cleanup
[2025-02-28T17:17:01.548+0000][159.964s] GC(23) Pause Cleanup 170M->170M(512M) 1.334ms
[2025-02-28T17:17:01.549+0000][159.965s] GC(23) User=0.00s Sys=0.00s Real=0.00s
[2025-02-28T17:17:01.549+0000][159.965s] GC(23) Concurrent Cleanup for Next Mark
[2025-02-28T17:17:01.550+0000][159.966s] GC(23) Concurrent Cleanup for Next Mark 1.081ms
[2025-02-28T17:17:01.551+0000][159.967s] GC(23) Concurrent Mark Cycle 43.938ms
[2025-02-28T17:17:02.453+0000][160.869s] GC(24) Pause Young (Prepare Mixed) (G1 Evacuation Pause)
[2025-02-28T17:17:02.453+0000][160.870s] GC(24) Using 13 workers of 13 for evacuation
[2025-02-28T17:17:02.458+0000][160.874s] GC(24)   Pre Evacuate Collection Set: 0.2ms
[2025-02-28T17:17:02.459+0000][160.875s] GC(24)   Merge Heap Roots: 0.1ms
[2025-02-28T17:17:02.459+0000][160.875s] GC(24)   Evacuate Collection Set: 2.8ms
[2025-02-28T17:17:02.460+0000][160.876s] GC(24)   Post Evacuate Collection Set: 1.0ms
[2025-02-28T17:17:02.460+0000][160.877s] GC(24)   Other: 1.1ms
[2025-02-28T17:17:02.461+0000][160.877s] GC(24) Eden regions: 138->0(6)
[2025-02-28T17:17:02.461+0000][160.878s] GC(24) Survivor regions: 20->19(20)
[2025-02-28T17:17:02.462+0000][160.878s] GC(24) Old regions: 140->156
[2025-02-28T17:17:02.462+0000][160.879s] GC(24) Archive regions: 2->2
[2025-02-28T17:17:02.463+0000][160.879s] GC(24) Humongous regions: 4->4
[2025-02-28T17:17:02.464+0000][160.880s] GC(24) Metaspace: 58244K(58752K)->58244K(58752K) NonClass: 51064K(51328K)->51064K(51328K) Class: 7179K(7424K)->7179K(7424K)
[2025-02-28T17:17:02.464+0000][160.880s] GC(24) Pause Young (Prepare Mixed) (G1 Evacuation Pause) 301M->178M(512M) 11.170ms
[2025-02-28T17:17:02.465+0000][160.881s] GC(24) User=0.02s Sys=0.00s Real=0.01s
[2025-02-28T17:17:02.483+0000][160.899s] GC(25) Pause Young (Mixed) (G1 Evacuation Pause)
[2025-02-28T17:17:02.483+0000][160.899s] GC(25) Using 13 workers of 13 for evacuation
[2025-02-28T17:17:02.488+0000][160.904s] GC(25)   Pre Evacuate Collection Set: 0.2ms
[2025-02-28T17:17:02.488+0000][160.904s] GC(25)   Merge Heap Roots: 0.1ms
[2025-02-28T17:17:02.489+0000][160.905s] GC(25)   Evacuate Collection Set: 2.4ms
[2025-02-28T17:17:02.489+0000][160.906s] GC(25)   Post Evacuate Collection Set: 1.1ms
[2025-02-28T17:17:02.490+0000][160.906s] GC(25)   Other: 1.1ms
[2025-02-28T17:17:02.490+0000][160.907s] GC(25) Eden regions: 6->0(23)
[2025-02-28T17:17:02.491+0000][160.907s] GC(25) Survivor regions: 19->2(4)
[2025-02-28T17:17:02.491+0000][160.908s] GC(25) Old regions: 156->122
[2025-02-28T17:17:02.492+0000][160.908s] GC(25) Archive regions: 2->2
[2025-02-28T17:17:02.492+0000][160.909s] GC(25) Humongous regions: 4->4
[2025-02-28T17:17:02.493+0000][160.909s] GC(25) Metaspace: 58244K(58752K)->58244K(58752K) NonClass: 51064K(51328K)->51064K(51328K) Class: 7179K(7424K)->7179K(7424K)
[2025-02-28T17:17:02.493+0000][160.909s] GC(25) Pause Young (Mixed) (G1 Evacuation Pause) 184M->127M(512M) 10.779ms
[2025-02-28T17:17:02.494+0000][160.910s] GC(25) User=0.01s Sys=0.01s Real=0.01s
[2025-02-28T17:17:02.581+0000][160.997s] GC(26) Pause Young (Mixed) (G1 Evacuation Pause)
[2025-02-28T17:17:02.581+0000][160.997s] GC(26) Using 13 workers of 13 for evacuation
[2025-02-28T17:17:02.584+0000][161.000s] GC(26)   Pre Evacuate Collection Set: 0.2ms
[2025-02-28T17:17:02.584+0000][161.000s] GC(26)   Merge Heap Roots: 0.2ms
[2025-02-28T17:17:02.585+0000][161.001s] GC(26)   Evacuate Collection Set: 1.1ms
[2025-02-28T17:17:02.585+0000][161.001s] GC(26)   Post Evacuate Collection Set: 0.6ms
[2025-02-28T17:17:02.586+0000][161.002s] GC(26)   Other: 0.9ms
[2025-02-28T17:17:02.587+0000][161.003s] GC(26) Eden regions: 23->0(236)
[2025-02-28T17:17:02.587+0000][161.003s] GC(26) Survivor regions: 2->4(4)
[2025-02-28T17:17:02.588+0000][161.004s] GC(26) Old regions: 122->119
[2025-02-28T17:17:02.588+0000][161.004s] GC(26) Archive regions: 2->2
[2025-02-28T17:17:02.589+0000][161.005s] GC(26) Humongous regions: 4->4
[2025-02-28T17:17:02.589+0000][161.006s] GC(26) Metaspace: 58244K(58752K)->58244K(58752K) NonClass: 51064K(51328K)->51064K(51328K) Class: 7179K(7424K)->7179K(7424K)
[2025-02-28T17:17:02.590+0000][161.006s] GC(26) Pause Young (Mixed) (G1 Evacuation Pause) 150M->126M(512M) 9.338ms
[2025-02-28T17:17:02.591+0000][161.007s] GC(26) User=0.01s Sys=0.00s Real=0.01s
[2025-02-28T17:17:03.966+0000][162.383s] GC(27) Pause Young (Normal) (G1 Evacuation Pause)
[2025-02-28T17:17:03.967+0000][162.383s] GC(27) Using 13 workers of 13 for evacuation
[2025-02-28T17:17:03.970+0000][162.386s] GC(27)   Pre Evacuate Collection Set: 0.2ms
[2025-02-28T17:17:03.970+0000][162.387s] GC(27)   Merge Heap Roots: 0.1ms
[2025-02-28T17:17:03.971+0000][162.387s] GC(27)   Evacuate Collection Set: 2.3ms
[2025-02-28T17:17:03.971+0000][162.387s] GC(27)   Post Evacuate Collection Set: 0.6ms
[2025-02-28T17:17:03.971+0000][162.387s] GC(27)   Other: 0.4ms
[2025-02-28T17:17:03.971+0000][162.387s] GC(27) Eden regions: 236->0(227)
[2025-02-28T17:17:03.972+0000][162.388s] GC(27) Survivor regions: 4->25(30)
[2025-02-28T17:17:03.972+0000][162.388s] GC(27) Old regions: 119->119
[2025-02-28T17:17:03.972+0000][162.388s] GC(27) Archive regions: 2->2
[2025-02-28T17:17:03.972+0000][162.388s] GC(27) Humongous regions: 4->4
[2025-02-28T17:17:03.972+0000][162.388s] GC(27) Metaspace: 58244K(58752K)->58244K(58752K) NonClass: 51065K(51328K)->51065K(51328K) Class: 7179K(7424K)->7179K(7424K)
[2025-02-28T17:17:03.972+0000][162.388s] GC(27) Pause Young (Normal) (G1 Evacuation Pause) 362M->147M(512M) 5.502ms
[2025-02-28T17:17:03.972+0000][162.388s] GC(27) User=0.01s Sys=0.00s Real=0.01s
[2025-02-28T17:17:05.787+0000][164.204s] GC(28) Pause Young (Normal) (G1 Evacuation Pause)
[2025-02-28T17:17:05.788+0000][164.204s] GC(28) Using 13 workers of 13 for evacuation
[2025-02-28T17:17:05.793+0000][164.209s] GC(28)   Pre Evacuate Collection Set: 0.2ms
[2025-02-28T17:17:05.793+0000][164.209s] GC(28)   Merge Heap Roots: 0.1ms
[2025-02-28T17:17:05.793+0000][164.209s] GC(28)   Evacuate Collection Set: 3.9ms
[2025-02-28T17:17:05.793+0000][164.209s] GC(28)   Post Evacuate Collection Set: 0.7ms
[2025-02-28T17:17:05.793+0000][164.210s] GC(28)   Other: 0.5ms
[2025-02-28T17:17:05.794+0000][164.210s] GC(28) Eden regions: 227->0(210)
[2025-02-28T17:17:05.794+0000][164.210s] GC(28) Survivor regions: 25->29(32)
[2025-02-28T17:17:05.794+0000][164.210s] GC(28) Old regions: 119->140
[2025-02-28T17:17:05.794+0000][164.210s] GC(28) Archive regions: 2->2
[2025-02-28T17:17:05.794+0000][164.210s] GC(28) Humongous regions: 4->4
[2025-02-28T17:17:05.794+0000][164.210s] GC(28) Metaspace: 58252K(58752K)->58252K(58752K) NonClass: 51073K(51328K)->51073K(51328K) Class: 7179K(7424K)->7179K(7424K)
[2025-02-28T17:17:05.794+0000][164.210s] GC(28) Pause Young (Normal) (G1 Evacuation Pause) 374M->173M(512M) 6.895ms
[2025-02-28T17:17:05.794+0000][164.211s] GC(28) User=0.02s Sys=0.01s Real=0.01s
[2025-02-28T17:17:07.044+0000][165.460s] GC(29) Pause Young (Normal) (G1 Evacuation Pause)
[2025-02-28T17:17:07.044+0000][165.460s] GC(29) Using 13 workers of 13 for evacuation
[2025-02-28T17:17:07.050+0000][165.466s] GC(29)   Pre Evacuate Collection Set: 0.2ms
[2025-02-28T17:17:07.050+0000][165.466s] GC(29)   Merge Heap Roots: 0.1ms
[2025-02-28T17:17:07.051+0000][165.467s] GC(29)   Evacuate Collection Set: 3.4ms
[2025-02-28T17:17:07.051+0000][165.467s] GC(29)   Post Evacuate Collection Set: 0.9ms
[2025-02-28T17:17:07.052+0000][165.468s] GC(29)   Other: 1.3ms
[2025-02-28T17:17:07.052+0000][165.468s] GC(29) Eden regions: 210->0(204)
[2025-02-28T17:17:07.053+0000][165.469s] GC(29) Survivor regions: 29->18(30)
[2025-02-28T17:17:07.053+0000][165.469s] GC(29) Old regions: 140->166
[2025-02-28T17:17:07.054+0000][165.470s] GC(29) Archive regions: 2->2
[2025-02-28T17:17:07.054+0000][165.470s] GC(29) Humongous regions: 4->4
[2025-02-28T17:17:07.055+0000][165.471s] GC(29) Metaspace: 58299K(58752K)->58299K(58752K) NonClass: 51118K(51328K)->51118K(51328K) Class: 7180K(7424K)->7180K(7424K)
[2025-02-28T17:17:07.055+0000][165.471s] GC(29) Pause Young (Normal) (G1 Evacuation Pause) 383M->188M(512M) 11.510ms
[2025-02-28T17:17:07.055+0000][165.472s] GC(29) User=0.03s Sys=0.00s Real=0.01s
[2025-02-28T17:17:08.452+0000][166.868s] GC(30) Pause Young (Normal) (G1 Evacuation Pause)
[2025-02-28T17:17:08.452+0000][166.868s] GC(30) Using 13 workers of 13 for evacuation
[2025-02-28T17:17:08.457+0000][166.873s] GC(30)   Pre Evacuate Collection Set: 0.2ms
[2025-02-28T17:17:08.457+0000][166.874s] GC(30)   Merge Heap Roots: 0.1ms
[2025-02-28T17:17:08.458+0000][166.874s] GC(30)   Evacuate Collection Set: 2.7ms
[2025-02-28T17:17:08.459+0000][166.875s] GC(30)   Post Evacuate Collection Set: 1.2ms
[2025-02-28T17:17:08.459+0000][166.876s] GC(30)   Other: 1.0ms
[2025-02-28T17:17:08.460+0000][166.876s] GC(30) Eden regions: 204->0(187)
[2025-02-28T17:17:08.461+0000][166.877s] GC(30) Survivor regions: 18->25(28)
[2025-02-28T17:17:08.461+0000][166.877s] GC(30) Old regions: 166->181
[2025-02-28T17:17:08.462+0000][166.878s] GC(30) Archive regions: 2->2
[2025-02-28T17:17:08.462+0000][166.878s] GC(30) Humongous regions: 4->4
[2025-02-28T17:17:08.463+0000][166.879s] GC(30) Metaspace: 58309K(58816K)->58309K(58816K) NonClass: 51129K(51392K)->51129K(51392K) Class: 7180K(7424K)->7180K(7424K)
[2025-02-28T17:17:08.463+0000][166.879s] GC(30) Pause Young (Normal) (G1 Evacuation Pause) 392M->210M(512M) 11.624ms
[2025-02-28T17:17:08.464+0000][166.880s] GC(30) User=0.02s Sys=0.00s Real=0.01s
[2025-02-28T17:17:09.424+0000][167.841s] GC(31) Pause Young (Normal) (G1 Evacuation Pause)
[2025-02-28T17:17:09.425+0000][167.841s] GC(31) Using 13 workers of 13 for evacuation
[2025-02-28T17:17:09.429+0000][167.846s] GC(31)   Pre Evacuate Collection Set: 0.2ms
[2025-02-28T17:17:09.430+0000][167.846s] GC(31)   Merge Heap Roots: 0.1ms
[2025-02-28T17:17:09.430+0000][167.847s] GC(31)   Evacuate Collection Set: 2.9ms
[2025-02-28T17:17:09.431+0000][167.847s] GC(31)   Post Evacuate Collection Set: 1.3ms
[2025-02-28T17:17:09.432+0000][167.848s] GC(31)   Other: 0.6ms
[2025-02-28T17:17:09.432+0000][167.848s] GC(31) Eden regions: 187->0(179)
[2025-02-28T17:17:09.433+0000][167.849s] GC(31) Survivor regions: 25->16(27)
[2025-02-28T17:17:09.433+0000][167.849s] GC(31) Old regions: 181->204
[2025-02-28T17:17:09.434+0000][167.850s] GC(31) Archive regions: 2->2
[2025-02-28T17:17:09.435+0000][167.851s] GC(31) Humongous regions: 4->4
[2025-02-28T17:17:09.435+0000][167.851s] GC(31) Metaspace: 58327K(58816K)->58327K(58816K) NonClass: 51146K(51392K)->51146K(51392K) Class: 7181K(7424K)->7181K(7424K)
[2025-02-28T17:17:09.435+0000][167.852s] GC(31) Pause Young (Normal) (G1 Evacuation Pause) 397M->223M(512M) 11.069ms
[2025-02-28T17:17:09.436+0000][167.852s] GC(31) User=0.02s Sys=0.01s Real=0.01s
[2025-02-28T17:17:10.303+0000][168.720s] GC(32) Pause Young (Normal) (G1 Evacuation Pause)
[2025-02-28T17:17:10.304+0000][168.721s] GC(32) Using 13 workers of 13 for evacuation
[2025-02-28T17:17:10.307+0000][168.724s] GC(32)   Pre Evacuate Collection Set: 0.2ms
[2025-02-28T17:17:10.307+0000][168.724s] GC(32)   Merge Heap Roots: 0.1ms
[2025-02-28T17:17:10.308+0000][168.725s] GC(32)   Evacuate Collection Set: 2.0ms
[2025-02-28T17:17:10.308+0000][168.725s] GC(32)   Post Evacuate Collection Set: 0.6ms
[2025-02-28T17:17:10.308+0000][168.725s] GC(32)   Other: 0.5ms
[2025-02-28T17:17:10.309+0000][168.726s] GC(32) Eden regions: 179->0(171)
[2025-02-28T17:17:10.309+0000][168.726s] GC(32) Survivor regions: 16->16(25)
[2025-02-28T17:17:10.309+0000][168.726s] GC(32) Old regions: 204->217
[2025-02-28T17:17:10.309+0000][168.727s] GC(32) Archive regions: 2->2
[2025-02-28T17:17:10.310+0000][168.727s] GC(32) Humongous regions: 4->4
[2025-02-28T17:17:10.310+0000][168.727s] GC(32) Metaspace: 58562K(59008K)->58562K(59008K) NonClass: 51348K(51584K)->51348K(51584K) Class: 7213K(7424K)->7213K(7424K)
[2025-02-28T17:17:10.310+0000][168.727s] GC(32) Pause Young (Normal) (G1 Evacuation Pause) 402M->236M(512M) 6.778ms
[2025-02-28T17:17:10.310+0000][168.727s] GC(32) User=0.02s Sys=0.01s Real=0.01s
[2025-02-28T17:17:13.386+0000][171.803s] GC(33) Pause Young (Normal) (G1 Evacuation Pause)
[2025-02-28T17:17:13.386+0000][171.804s] GC(33) Using 13 workers of 13 for evacuation
[2025-02-28T17:17:13.390+0000][171.807s] GC(33)   Pre Evacuate Collection Set: 0.2ms
[2025-02-28T17:17:13.390+0000][171.807s] GC(33)   Merge Heap Roots: 0.1ms
[2025-02-28T17:17:13.390+0000][171.808s] GC(33)   Evacuate Collection Set: 2.0ms
[2025-02-28T17:17:13.391+0000][171.808s] GC(33)   Post Evacuate Collection Set: 0.6ms
[2025-02-28T17:17:13.391+0000][171.808s] GC(33)   Other: 0.5ms
[2025-02-28T17:17:13.391+0000][171.808s] GC(33) Eden regions: 171->0(172)
[2025-02-28T17:17:13.391+0000][171.808s] GC(33) Survivor regions: 16->10(24)
[2025-02-28T17:17:13.392+0000][171.809s] GC(33) Old regions: 217->227
[2025-02-28T17:17:13.392+0000][171.809s] GC(33) Archive regions: 2->2
[2025-02-28T17:17:13.392+0000][171.809s] GC(33) Humongous regions: 4->4
[2025-02-28T17:17:13.392+0000][171.809s] GC(33) Metaspace: 58693K(59200K)->58693K(59200K) NonClass: 51465K(51712K)->51465K(51712K) Class: 7228K(7488K)->7228K(7488K)
[2025-02-28T17:17:13.392+0000][171.810s] GC(33) Pause Young (Normal) (G1 Evacuation Pause) 407M->241M(512M) 6.190ms
[2025-02-28T17:17:13.393+0000][171.810s] GC(33) User=0.01s Sys=0.01s Real=0.01s
[2025-02-28T17:17:14.780+0000][173.197s] GC(34) Pause Young (Concurrent Start) (G1 Evacuation Pause)
[2025-02-28T17:17:14.780+0000][173.198s] GC(34) Using 13 workers of 13 for evacuation
[2025-02-28T17:17:14.784+0000][173.201s] GC(34)   Pre Evacuate Collection Set: 0.2ms
[2025-02-28T17:17:14.784+0000][173.201s] GC(34)   Merge Heap Roots: 0.1ms
[2025-02-28T17:17:14.785+0000][173.202s] GC(34)   Evacuate Collection Set: 2.1ms
[2025-02-28T17:17:14.785+0000][173.202s] GC(34)   Post Evacuate Collection Set: 0.6ms
[2025-02-28T17:17:14.785+0000][173.202s] GC(34)   Other: 0.7ms
[2025-02-28T17:17:14.785+0000][173.203s] GC(34) Eden regions: 172->0(154)
[2025-02-28T17:17:14.786+0000][173.203s] GC(34) Survivor regions: 10->23(23)
[2025-02-28T17:17:14.786+0000][173.203s] GC(34) Old regions: 227->233
[2025-02-28T17:17:14.786+0000][173.203s] GC(34) Archive regions: 2->2
[2025-02-28T17:17:14.786+0000][173.203s] GC(34) Humongous regions: 4->4
[2025-02-28T17:17:14.786+0000][173.204s] GC(34) Metaspace: 58885K(59392K)->58885K(59392K) NonClass: 51646K(51904K)->51646K(51904K) Class: 7239K(7488K)->7239K(7488K)
[2025-02-28T17:17:14.786+0000][173.204s] GC(34) Pause Young (Concurrent Start) (G1 Evacuation Pause) 413M->259M(512M) 6.395ms
[2025-02-28T17:17:14.787+0000][173.204s] GC(34) User=0.01s Sys=0.00s Real=0.00s
[2025-02-28T17:17:14.787+0000][173.204s] GC(35) Concurrent Mark Cycle
[2025-02-28T17:17:14.787+0000][173.204s] GC(35) Concurrent Clear Claimed Marks
[2025-02-28T17:17:14.787+0000][173.204s] GC(35) Concurrent Clear Claimed Marks 0.233ms
[2025-02-28T17:17:14.788+0000][173.205s] GC(35) Concurrent Scan Root Regions
[2025-02-28T17:17:14.788+0000][173.205s] GC(35) Concurrent Scan Root Regions 0.758ms
[2025-02-28T17:17:14.788+0000][173.206s] GC(35) Concurrent Mark
[2025-02-28T17:17:14.789+0000][173.206s] GC(35) Concurrent Mark From Roots
[2025-02-28T17:17:14.789+0000][173.206s] GC(35) Using 3 workers of 3 for marking
[2025-02-28T17:17:14.809+0000][173.226s] GC(35) Concurrent Mark From Roots 20.311ms
[2025-02-28T17:17:14.810+0000][173.227s] GC(35) Concurrent Preclean
[2025-02-28T17:17:14.810+0000][173.227s] GC(35) Concurrent Preclean 0.510ms
[2025-02-28T17:17:14.812+0000][173.229s] GC(35) Pause Remark
[2025-02-28T17:17:14.816+0000][173.233s] GC(35) Pause Remark 262M->167M(512M) 4.401ms
[2025-02-28T17:17:14.817+0000][173.234s] GC(35) User=0.01s Sys=0.01s Real=0.00s
[2025-02-28T17:17:14.817+0000][173.234s] GC(35) Concurrent Mark 28.728ms
[2025-02-28T17:17:14.818+0000][173.235s] GC(35) Concurrent Rebuild Remembered Sets
[2025-02-28T17:17:14.826+0000][173.243s] GC(35) Concurrent Rebuild Remembered Sets 8.380ms
[2025-02-28T17:17:14.832+0000][173.249s] GC(35) Pause Cleanup
[2025-02-28T17:17:14.833+0000][173.250s] GC(35) Pause Cleanup 169M->169M(512M) 0.721ms
[2025-02-28T17:17:14.833+0000][173.250s] GC(35) User=0.00s Sys=0.00s Real=0.00s
[2025-02-28T17:17:14.833+0000][173.251s] GC(35) Concurrent Cleanup for Next Mark
[2025-02-28T17:17:14.834+0000][173.251s] GC(35) Concurrent Cleanup for Next Mark 0.750ms
[2025-02-28T17:17:14.835+0000][173.252s] GC(35) Concurrent Mark Cycle 47.783ms
[2025-02-28T17:17:15.956+0000][174.373s] GC(36) Pause Young (Prepare Mixed) (G1 Evacuation Pause)
[2025-02-28T17:17:15.956+0000][174.373s] GC(36) Using 13 workers of 13 for evacuation
[2025-02-28T17:17:15.961+0000][174.378s] GC(36)   Pre Evacuate Collection Set: 0.4ms
[2025-02-28T17:17:15.962+0000][174.379s] GC(36)   Merge Heap Roots: 0.2ms
[2025-02-28T17:17:15.962+0000][174.379s] GC(36)   Evacuate Collection Set: 3.1ms
[2025-02-28T17:17:15.962+0000][174.380s] GC(36)   Post Evacuate Collection Set: 0.8ms
[2025-02-28T17:17:15.963+0000][174.380s] GC(36)   Other: 1.0ms
[2025-02-28T17:17:15.963+0000][174.380s] GC(36) Eden regions: 154->0(5)
[2025-02-28T17:17:15.964+0000][174.381s] GC(36) Survivor regions: 23->20(23)
[2025-02-28T17:17:15.964+0000][174.381s] GC(36) Old regions: 138->157
[2025-02-28T17:17:15.964+0000][174.381s] GC(36) Archive regions: 2->2
[2025-02-28T17:17:15.965+0000][174.382s] GC(36) Humongous regions: 4->4
[2025-02-28T17:17:15.965+0000][174.382s] GC(36) Metaspace: 59039K(59584K)->59039K(59584K) NonClass: 51784K(52096K)->51784K(52096K) Class: 7254K(7488K)->7254K(7488K)
[2025-02-28T17:17:15.965+0000][174.382s] GC(36) Pause Young (Prepare Mixed) (G1 Evacuation Pause) 318M->181M(512M) 9.574ms
[2025-02-28T17:17:15.965+0000][174.383s] GC(36) User=0.06s Sys=0.01s Real=0.01s
[2025-02-28T17:17:15.985+0000][174.402s] GC(37) Pause Young (Mixed) (G1 Evacuation Pause)
[2025-02-28T17:17:15.985+0000][174.402s] GC(37) Using 13 workers of 13 for evacuation
[2025-02-28T17:17:15.989+0000][174.406s] GC(37)   Pre Evacuate Collection Set: 0.4ms
[2025-02-28T17:17:15.990+0000][174.407s] GC(37)   Merge Heap Roots: 0.2ms
[2025-02-28T17:17:15.990+0000][174.407s] GC(37)   Evacuate Collection Set: 1.8ms
[2025-02-28T17:17:15.990+0000][174.407s] GC(37)   Post Evacuate Collection Set: 1.2ms
[2025-02-28T17:17:15.990+0000][174.407s] GC(37)   Other: 0.6ms
[2025-02-28T17:17:15.990+0000][174.407s] GC(37) Eden regions: 5->0(24)
[2025-02-28T17:17:15.991+0000][174.408s] GC(37) Survivor regions: 20->1(4)
[2025-02-28T17:17:15.991+0000][174.408s] GC(37) Old regions: 157->125
[2025-02-28T17:17:15.991+0000][174.408s] GC(37) Archive regions: 2->2
[2025-02-28T17:17:15.991+0000][174.408s] GC(37) Humongous regions: 4->4
[2025-02-28T17:17:15.991+0000][174.408s] GC(37) Metaspace: 59064K(59584K)->59064K(59584K) NonClass: 51810K(52096K)->51810K(52096K) Class: 7254K(7488K)->7254K(7488K)
[2025-02-28T17:17:15.991+0000][174.409s] GC(37) Pause Young (Mixed) (G1 Evacuation Pause) 186M->129M(512M) 6.589ms
[2025-02-28T17:17:15.992+0000][174.409s] GC(37) User=0.08s Sys=0.00s Real=0.01s
[2025-02-28T17:17:16.220+0000][174.637s] GC(38) Pause Young (Mixed) (G1 Evacuation Pause)
[2025-02-28T17:17:16.221+0000][174.638s] GC(38) Using 13 workers of 13 for evacuation
[2025-02-28T17:17:16.225+0000][174.642s] GC(38)   Pre Evacuate Collection Set: 0.5ms
[2025-02-28T17:17:16.226+0000][174.643s] GC(38)   Merge Heap Roots: 0.4ms
[2025-02-28T17:17:16.226+0000][174.643s] GC(38)   Evacuate Collection Set: 1.6ms
[2025-02-28T17:17:16.227+0000][174.644s] GC(38)   Post Evacuate Collection Set: 1.6ms
[2025-02-28T17:17:16.227+0000][174.644s] GC(38)   Other: 0.8ms
[2025-02-28T17:17:16.227+0000][174.644s] GC(38) Eden regions: 24->0(265)
[2025-02-28T17:17:16.228+0000][174.645s] GC(38) Survivor regions: 1->4(4)
[2025-02-28T17:17:16.228+0000][174.645s] GC(38) Old regions: 125->111
[2025-02-28T17:17:16.228+0000][174.645s] GC(38) Archive regions: 2->2
[2025-02-28T17:17:16.229+0000][174.646s] GC(38) Humongous regions: 4->4
[2025-02-28T17:17:16.229+0000][174.646s] GC(38) Metaspace: 59081K(59584K)->59081K(59584K) NonClass: 51827K(52096K)->51827K(52096K) Class: 7254K(7488K)->7254K(7488K)
[2025-02-28T17:17:16.229+0000][174.646s] GC(38) Pause Young (Mixed) (G1 Evacuation Pause) 153M->118M(512M) 8.950ms
[2025-02-28T17:17:16.230+0000][174.647s] GC(38) User=0.07s Sys=0.00s Real=0.01s
[2025-02-28T17:17:17.724+0000][176.141s] GC(39) Pause Young (Normal) (G1 Evacuation Pause)
[2025-02-28T17:17:17.726+0000][176.143s] GC(39) Using 13 workers of 13 for evacuation
[2025-02-28T17:17:17.732+0000][176.149s] GC(39)   Pre Evacuate Collection Set: 0.4ms
[2025-02-28T17:17:17.733+0000][176.150s] GC(39)   Merge Heap Roots: 0.4ms
[2025-02-28T17:17:17.733+0000][176.151s] GC(39)   Evacuate Collection Set: 1.8ms
[2025-02-28T17:17:17.734+0000][176.151s] GC(39)   Post Evacuate Collection Set: 1.5ms
[2025-02-28T17:17:17.734+0000][176.151s] GC(39)   Other: 3.4ms
[2025-02-28T17:17:17.734+0000][176.152s] GC(39) Eden regions: 265->0(260)
[2025-02-28T17:17:17.735+0000][176.152s] GC(39) Survivor regions: 4->18(34)
[2025-02-28T17:17:17.735+0000][176.152s] GC(39) Old regions: 111->111
[2025-02-28T17:17:17.735+0000][176.153s] GC(39) Archive regions: 2->2
[2025-02-28T17:17:17.736+0000][176.153s] GC(39) Humongous regions: 4->4
[2025-02-28T17:17:17.736+0000][176.153s] GC(39) Metaspace: 59107K(59648K)->59107K(59648K) NonClass: 51852K(52160K)->51852K(52160K) Class: 7254K(7488K)->7254K(7488K)
[2025-02-28T17:17:17.736+0000][176.153s] GC(39) Pause Young (Normal) (G1 Evacuation Pause) 383M->132M(512M) 11.965ms
[2025-02-28T17:17:17.736+0000][176.154s] GC(39) User=0.03s Sys=0.00s Real=0.01s
[2025-02-28T17:17:19.263+0000][177.680s] GC(40) Pause Young (Normal) (G1 Evacuation Pause)
[2025-02-28T17:17:19.263+0000][177.680s] GC(40) Using 13 workers of 13 for evacuation
[2025-02-28T17:17:19.267+0000][177.685s] GC(40)   Pre Evacuate Collection Set: 0.2ms
[2025-02-28T17:17:19.278+0000][177.695s] GC(40)   Merge Heap Roots: 0.1ms
[2025-02-28T17:17:19.306+0000][177.723s] GC(40)   Evacuate Collection Set: 2.9ms
[2025-02-28T17:17:19.306+0000][177.723s] GC(40)   Post Evacuate Collection Set: 0.6ms
[2025-02-28T17:17:19.306+0000][177.723s] GC(40)   Other: 0.8ms
[2025-02-28T17:17:19.307+0000][177.724s] GC(40) Eden regions: 260->0(235)
[2025-02-28T17:17:19.307+0000][177.724s] GC(40) Survivor regions: 18->35(35)
[2025-02-28T17:17:19.308+0000][177.725s] GC(40) Old regions: 111->120
[2025-02-28T17:17:19.308+0000][177.725s] GC(40) Archive regions: 2->2
[2025-02-28T17:17:19.309+0000][177.726s] GC(40) Humongous regions: 4->4
[2025-02-28T17:17:19.309+0000][177.726s] GC(40) Metaspace: 59107K(59648K)->59107K(59648K) NonClass: 51853K(52160K)->51853K(52160K) Class: 7254K(7488K)->7254K(7488K)
[2025-02-28T17:17:19.310+0000][177.727s] GC(40) Pause Young (Normal) (G1 Evacuation Pause) 392M->159M(512M) 46.759ms
[2025-02-28T17:17:19.310+0000][177.727s] GC(40) User=0.01s Sys=0.00s Real=0.05s
[2025-02-28T17:17:20.488+0000][178.905s] GC(41) Pause Young (Normal) (G1 Evacuation Pause)
[2025-02-28T17:17:20.488+0000][178.905s] GC(41) Using 13 workers of 13 for evacuation
[2025-02-28T17:17:20.493+0000][178.910s] GC(41)   Pre Evacuate Collection Set: 0.2ms
[2025-02-28T17:17:20.494+0000][178.911s] GC(41)   Merge Heap Roots: 0.1ms
[2025-02-28T17:17:20.494+0000][178.911s] GC(41)   Evacuate Collection Set: 3.6ms
[2025-02-28T17:17:20.494+0000][178.911s] GC(41)   Post Evacuate Collection Set: 0.7ms
[2025-02-28T17:17:20.494+0000][178.912s] GC(41)   Other: 0.6ms
[2025-02-28T17:17:20.495+0000][178.912s] GC(41) Eden regions: 235->0(222)
[2025-02-28T17:17:20.495+0000][178.912s] GC(41) Survivor regions: 35->21(34)
[2025-02-28T17:17:20.495+0000][178.912s] GC(41) Old regions: 120->151
[2025-02-28T17:17:20.495+0000][178.912s] GC(41) Archive regions: 2->2
[2025-02-28T17:17:20.496+0000][178.913s] GC(41) Humongous regions: 4->4
[2025-02-28T17:17:20.496+0000][178.913s] GC(41) Metaspace: 59112K(59648K)->59112K(59648K) NonClass: 51857K(52160K)->51857K(52160K) Class: 7254K(7488K)->7254K(7488K)
[2025-02-28T17:17:20.496+0000][178.913s] GC(41) Pause Young (Normal) (G1 Evacuation Pause) 394M->175M(512M) 8.117ms
[2025-02-28T17:17:20.496+0000][178.913s] GC(41) User=0.02s Sys=0.00s Real=0.01s
[2025-02-28T17:17:21.867+0000][180.284s] GC(42) Pause Young (Normal) (G1 Evacuation Pause)
[2025-02-28T17:17:21.867+0000][180.285s] GC(42) Using 13 workers of 13 for evacuation
[2025-02-28T17:17:21.871+0000][180.289s] GC(42)   Pre Evacuate Collection Set: 0.2ms
[2025-02-28T17:17:21.872+0000][180.289s] GC(42)   Merge Heap Roots: 0.1ms
[2025-02-28T17:17:21.872+0000][180.289s] GC(42)   Evacuate Collection Set: 2.5ms
[2025-02-28T17:17:21.873+0000][180.290s] GC(42)   Post Evacuate Collection Set: 0.6ms
[2025-02-28T17:17:21.873+0000][180.290s] GC(42)   Other: 1.0ms
[2025-02-28T17:17:21.873+0000][180.290s] GC(42) Eden regions: 222->0(205)
[2025-02-28T17:17:21.873+0000][180.291s] GC(42) Survivor regions: 21->24(31)
[2025-02-28T17:17:21.874+0000][180.291s] GC(42) Old regions: 151->167
[2025-02-28T17:17:21.874+0000][180.292s] GC(42) Archive regions: 2->2
[2025-02-28T17:17:21.875+0000][180.292s] GC(42) Humongous regions: 4->4
[2025-02-28T17:17:21.879+0000][180.296s] GC(42) Metaspace: 59130K(59648K)->59130K(59648K) NonClass: 51876K(52160K)->51876K(52160K) Class: 7254K(7488K)->7254K(7488K)
[2025-02-28T17:17:21.880+0000][180.297s] GC(42) Pause Young (Normal) (G1 Evacuation Pause) 397M->194M(512M) 12.646ms
[2025-02-28T17:17:21.880+0000][180.297s] GC(42) User=0.01s Sys=0.00s Real=0.02s
[2025-02-28T17:17:22.641+0000][181.058s] GC(43) Pause Young (Normal) (G1 Evacuation Pause)
[2025-02-28T17:17:22.649+0000][181.066s] GC(43) Using 13 workers of 13 for evacuation
[2025-02-28T17:17:22.653+0000][181.070s] GC(43)   Pre Evacuate Collection Set: 0.2ms
[2025-02-28T17:17:22.653+0000][181.071s] GC(43)   Merge Heap Roots: 0.1ms
[2025-02-28T17:17:22.654+0000][181.071s] GC(43)   Evacuate Collection Set: 2.5ms
[2025-02-28T17:17:22.654+0000][181.071s] GC(43)   Post Evacuate Collection Set: 1.0ms
[2025-02-28T17:17:22.654+0000][181.072s] GC(43)   Other: 8.6ms
[2025-02-28T17:17:22.655+0000][181.072s] GC(43) Eden regions: 205->0(198)
[2025-02-28T17:17:22.655+0000][181.072s] GC(43) Survivor regions: 24->14(29)
[2025-02-28T17:17:22.656+0000][181.073s] GC(43) Old regions: 167->189
[2025-02-28T17:17:22.656+0000][181.073s] GC(43) Archive regions: 2->2
[2025-02-28T17:17:22.656+0000][181.073s] GC(43) Humongous regions: 4->4
[2025-02-28T17:17:22.656+0000][181.073s] GC(43) Metaspace: 59134K(59648K)->59134K(59648K) NonClass: 51880K(52160K)->51880K(52160K) Class: 7254K(7488K)->7254K(7488K)
[2025-02-28T17:17:22.657+0000][181.074s] GC(43) Pause Young (Normal) (G1 Evacuation Pause) 399M->207M(512M) 16.067ms
[2025-02-28T17:17:22.657+0000][181.074s] GC(43) User=0.00s Sys=0.02s Real=0.01s
[2025-02-28T17:17:23.578+0000][181.996s] GC(44) Pause Young (Normal) (G1 Evacuation Pause)
[2025-02-28T17:17:23.579+0000][181.996s] GC(44) Using 13 workers of 13 for evacuation
[2025-02-28T17:17:23.582+0000][181.999s] GC(44)   Pre Evacuate Collection Set: 0.1ms
[2025-02-28T17:17:23.582+0000][181.999s] GC(44)   Merge Heap Roots: 0.1ms
[2025-02-28T17:17:23.582+0000][182.000s] GC(44)   Evacuate Collection Set: 2.1ms
[2025-02-28T17:17:23.583+0000][182.000s] GC(44)   Post Evacuate Collection Set: 0.6ms
[2025-02-28T17:17:23.583+0000][182.000s] GC(44)   Other: 0.4ms
[2025-02-28T17:17:23.583+0000][182.000s] GC(44) Eden regions: 198->0(191)
[2025-02-28T17:17:23.583+0000][182.000s] GC(44) Survivor regions: 14->15(27)
[2025-02-28T17:17:23.583+0000][182.000s] GC(44) Old regions: 189->200
[2025-02-28T17:17:23.583+0000][182.000s] GC(44) Archive regions: 2->2
[2025-02-28T17:17:23.583+0000][182.000s] GC(44) Humongous regions: 4->4
[2025-02-28T17:17:23.583+0000][182.001s] GC(44) Metaspace: 59145K(59648K)->59145K(59648K) NonClass: 51890K(52160K)->51890K(52160K) Class: 7255K(7488K)->7255K(7488K)
[2025-02-28T17:17:23.584+0000][182.001s] GC(44) Pause Young (Normal) (G1 Evacuation Pause) 405M->218M(512M) 5.146ms
[2025-02-28T17:17:23.584+0000][182.001s] GC(44) User=0.01s Sys=0.00s Real=0.01s
[2025-02-28T17:17:25.074+0000][183.491s] GC(45) Pause Young (Normal) (G1 Evacuation Pause)
[2025-02-28T17:17:25.075+0000][183.492s] GC(45) Using 13 workers of 13 for evacuation
[2025-02-28T17:17:25.080+0000][183.497s] GC(45)   Pre Evacuate Collection Set: 0.5ms
[2025-02-28T17:17:25.081+0000][183.498s] GC(45)   Merge Heap Roots: 0.5ms
[2025-02-28T17:17:25.081+0000][183.498s] GC(45)   Evacuate Collection Set: 2.7ms
[2025-02-28T17:17:25.082+0000][183.499s] GC(45)   Post Evacuate Collection Set: 1.3ms
[2025-02-28T17:17:25.082+0000][183.499s] GC(45)   Other: 1.2ms
[2025-02-28T17:17:25.083+0000][183.500s] GC(45) Eden regions: 191->0(171)
[2025-02-28T17:17:25.083+0000][183.500s] GC(45) Survivor regions: 15->24(26)
[2025-02-28T17:17:25.084+0000][183.501s] GC(45) Old regions: 200->211
[2025-02-28T17:17:25.084+0000][183.501s] GC(45) Archive regions: 2->2
[2025-02-28T17:17:25.085+0000][183.502s] GC(45) Humongous regions: 4->4
[2025-02-28T17:17:25.085+0000][183.502s] GC(45) Metaspace: 59259K(59776K)->59259K(59776K) NonClass: 51991K(52288K)->51991K(52288K) Class: 7268K(7488K)->7268K(7488K)
[2025-02-28T17:17:25.086+0000][183.503s] GC(45) Pause Young (Normal) (G1 Evacuation Pause) 409M->239M(512M) 11.602ms
[2025-02-28T17:17:25.086+0000][183.503s] GC(45) User=0.05s Sys=0.01s Real=0.01s
[2025-02-28T17:17:26.255+0000][184.672s] GC(46) Pause Young (Normal) (G1 Evacuation Pause)
[2025-02-28T17:17:26.255+0000][184.672s] GC(46) Using 13 workers of 13 for evacuation
[2025-02-28T17:17:26.259+0000][184.676s] GC(46)   Pre Evacuate Collection Set: 0.2ms
[2025-02-28T17:17:26.260+0000][184.677s] GC(46)   Merge Heap Roots: 0.2ms
[2025-02-28T17:17:26.260+0000][184.677s] GC(46)   Evacuate Collection Set: 2.4ms
[2025-02-28T17:17:26.260+0000][184.677s] GC(46)   Post Evacuate Collection Set: 0.7ms
[2025-02-28T17:17:26.260+0000][184.678s] GC(46)   Other: 0.7ms
[2025-02-28T17:17:26.261+0000][184.678s] GC(46) Eden regions: 171->0(161)
[2025-02-28T17:17:26.262+0000][184.679s] GC(46) Survivor regions: 24->14(25)
[2025-02-28T17:17:26.262+0000][184.679s] GC(46) Old regions: 211->235
[2025-02-28T17:17:26.262+0000][184.679s] GC(46) Archive regions: 2->2
[2025-02-28T17:17:26.262+0000][184.679s] GC(46) Humongous regions: 4->4
[2025-02-28T17:17:26.262+0000][184.679s] GC(46) Metaspace: 59307K(59776K)->59307K(59776K) NonClass: 52038K(52288K)->52038K(52288K) Class: 7268K(7488K)->7268K(7488K)
[2025-02-28T17:17:26.262+0000][184.680s] GC(46) Pause Young (Normal) (G1 Evacuation Pause) 410M->252M(512M) 7.462ms
[2025-02-28T17:17:26.263+0000][184.680s] GC(46) User=0.02s Sys=0.00s Real=0.01s
[2025-02-28T17:17:27.178+0000][185.595s] GC(47) Pause Young (Concurrent Start) (G1 Evacuation Pause)
[2025-02-28T17:17:27.178+0000][185.595s] GC(47) Using 13 workers of 13 for evacuation
[2025-02-28T17:17:27.182+0000][185.599s] GC(47)   Pre Evacuate Collection Set: 0.2ms
[2025-02-28T17:17:27.183+0000][185.600s] GC(47)   Merge Heap Roots: 0.2ms
[2025-02-28T17:17:27.183+0000][185.600s] GC(47)   Evacuate Collection Set: 2.6ms
[2025-02-28T17:17:27.183+0000][185.600s] GC(47)   Post Evacuate Collection Set: 0.7ms
[2025-02-28T17:17:27.183+0000][185.600s] GC(47)   Other: 0.6ms
[2025-02-28T17:17:27.183+0000][185.600s] GC(47) Eden regions: 161->0(141)
[2025-02-28T17:17:27.184+0000][185.601s] GC(47) Survivor regions: 14->22(22)
[2025-02-28T17:17:27.184+0000][185.601s] GC(47) Old regions: 235->246
[2025-02-28T17:17:27.184+0000][185.601s] GC(47) Archive regions: 2->2
[2025-02-28T17:17:27.184+0000][185.601s] GC(47) Humongous regions: 4->4
[2025-02-28T17:17:27.184+0000][185.602s] GC(47) Metaspace: 59338K(59840K)->59338K(59840K) NonClass: 52067K(52352K)->52067K(52352K) Class: 7270K(7488K)->7270K(7488K)
[2025-02-28T17:17:27.185+0000][185.602s] GC(47) Pause Young (Concurrent Start) (G1 Evacuation Pause) 413M->272M(512M) 6.665ms
[2025-02-28T17:17:27.185+0000][185.602s] GC(47) User=0.01s Sys=0.00s Real=0.01s
[2025-02-28T17:17:27.185+0000][185.603s] GC(48) Concurrent Mark Cycle
[2025-02-28T17:17:27.186+0000][185.603s] GC(48) Concurrent Clear Claimed Marks
[2025-02-28T17:17:27.186+0000][185.603s] GC(48) Concurrent Clear Claimed Marks 0.462ms
[2025-02-28T17:17:27.187+0000][185.604s] GC(48) Concurrent Scan Root Regions
[2025-02-28T17:17:27.187+0000][185.604s] GC(48) Concurrent Scan Root Regions 0.735ms
[2025-02-28T17:17:27.188+0000][185.605s] GC(48) Concurrent Mark
[2025-02-28T17:17:27.188+0000][185.605s] GC(48) Concurrent Mark From Roots
[2025-02-28T17:17:27.188+0000][185.605s] GC(48) Using 3 workers of 3 for marking
[2025-02-28T17:17:27.210+0000][185.627s] GC(48) Concurrent Mark From Roots 22.184ms
[2025-02-28T17:17:27.211+0000][185.628s] GC(48) Concurrent Preclean
[2025-02-28T17:17:27.211+0000][185.629s] GC(48) Concurrent Preclean 0.684ms
[2025-02-28T17:17:27.212+0000][185.629s] GC(48) Pause Remark
[2025-02-28T17:17:27.216+0000][185.633s] GC(48) Pause Remark 278M->175M(512M) 4.091ms
[2025-02-28T17:17:27.217+0000][185.634s] GC(48) User=0.01s Sys=0.00s Real=0.00s
[2025-02-28T17:17:27.217+0000][185.635s] GC(48) Concurrent Mark 29.709ms
[2025-02-28T17:17:27.218+0000][185.635s] GC(48) Concurrent Rebuild Remembered Sets
[2025-02-28T17:17:27.226+0000][185.643s] GC(48) Concurrent Rebuild Remembered Sets 8.418ms
[2025-02-28T17:17:27.227+0000][185.644s] GC(48) Pause Cleanup
[2025-02-28T17:17:27.228+0000][185.645s] GC(48) Pause Cleanup 175M->175M(512M) 0.847ms
[2025-02-28T17:17:27.228+0000][185.645s] GC(48) User=0.00s Sys=0.00s Real=0.00s
[2025-02-28T17:17:27.229+0000][185.646s] GC(48) Concurrent Cleanup for Next Mark
[2025-02-28T17:17:27.229+0000][185.647s] GC(48) Concurrent Cleanup for Next Mark 0.941ms
[2025-02-28T17:17:27.230+0000][185.647s] GC(48) Concurrent Mark Cycle 44.410ms
[2025-02-28T17:17:28.222+0000][186.639s] GC(49) Pause Young (Prepare Mixed) (G1 Evacuation Pause)
[2025-02-28T17:17:28.223+0000][186.640s] GC(49) Using 13 workers of 13 for evacuation
[2025-02-28T17:17:28.226+0000][186.643s] GC(49)   Pre Evacuate Collection Set: 0.2ms
[2025-02-28T17:17:28.227+0000][186.644s] GC(49)   Merge Heap Roots: 0.1ms
[2025-02-28T17:17:28.227+0000][186.644s] GC(49)   Evacuate Collection Set: 2.6ms
[2025-02-28T17:17:28.227+0000][186.644s] GC(49)   Post Evacuate Collection Set: 0.6ms
[2025-02-28T17:17:28.227+0000][186.645s] GC(49)   Other: 0.6ms
[2025-02-28T17:17:28.228+0000][186.645s] GC(49) Eden regions: 141->0(5)
[2025-02-28T17:17:28.228+0000][186.645s] GC(49) Survivor regions: 22->20(21)
[2025-02-28T17:17:28.228+0000][186.646s] GC(49) Old regions: 143->162
[2025-02-28T17:17:28.229+0000][186.646s] GC(49) Archive regions: 2->2
[2025-02-28T17:17:28.229+0000][186.646s] GC(49) Humongous regions: 4->4
[2025-02-28T17:17:28.229+0000][186.646s] GC(49) Metaspace: 59661K(60160K)->59661K(60160K) NonClass: 52390K(52672K)->52390K(52672K) Class: 7270K(7488K)->7270K(7488K)
[2025-02-28T17:17:28.229+0000][186.647s] GC(49) Pause Young (Prepare Mixed) (G1 Evacuation Pause) 310M->185M(512M) 7.138ms
[2025-02-28T17:17:28.230+0000][186.647s] GC(49) User=0.01s Sys=0.00s Real=0.01s
[2025-02-28T17:17:28.315+0000][186.733s] GC(50) Pause Young (Mixed) (G1 Evacuation Pause)
[2025-02-28T17:17:28.316+0000][186.733s] GC(50) Using 13 workers of 13 for evacuation
[2025-02-28T17:17:28.320+0000][186.737s] GC(50)   Pre Evacuate Collection Set: 0.2ms
[2025-02-28T17:17:28.320+0000][186.737s] GC(50)   Merge Heap Roots: 0.2ms
[2025-02-28T17:17:28.320+0000][186.737s] GC(50)   Evacuate Collection Set: 2.4ms
[2025-02-28T17:17:28.320+0000][186.737s] GC(50)   Post Evacuate Collection Set: 0.7ms
[2025-02-28T17:17:28.320+0000][186.737s] GC(50)   Other: 0.8ms
[2025-02-28T17:17:28.320+0000][186.737s] GC(50) Eden regions: 5->0(24)
[2025-02-28T17:17:28.320+0000][186.738s] GC(50) Survivor regions: 20->1(4)
[2025-02-28T17:17:28.321+0000][186.738s] GC(50) Old regions: 162->130
[2025-02-28T17:17:28.321+0000][186.738s] GC(50) Archive regions: 2->2
[2025-02-28T17:17:28.321+0000][186.738s] GC(50) Humongous regions: 4->4
[2025-02-28T17:17:28.322+0000][186.739s] GC(50) Metaspace: 59661K(60160K)->59661K(60160K) NonClass: 52390K(52672K)->52390K(52672K) Class: 7270K(7488K)->7270K(7488K)
[2025-02-28T17:17:28.322+0000][186.739s] GC(50) Pause Young (Mixed) (G1 Evacuation Pause) 190M->134M(512M) 6.309ms
[2025-02-28T17:17:28.322+0000][186.739s] GC(50) User=0.00s Sys=0.01s Real=0.01s
[2025-02-28T17:17:28.461+0000][186.878s] GC(51) Pause Young (Mixed) (G1 Evacuation Pause)
[2025-02-28T17:17:28.461+0000][186.879s] GC(51) Using 13 workers of 13 for evacuation
[2025-02-28T17:17:28.464+0000][186.881s] GC(51)   Pre Evacuate Collection Set: 0.2ms
[2025-02-28T17:17:28.464+0000][186.881s] GC(51)   Merge Heap Roots: 0.2ms
[2025-02-28T17:17:28.464+0000][186.881s] GC(51)   Evacuate Collection Set: 1.2ms
[2025-02-28T17:17:28.464+0000][186.881s] GC(51)   Post Evacuate Collection Set: 0.6ms
[2025-02-28T17:17:28.464+0000][186.882s] GC(51)   Other: 0.3ms
[2025-02-28T17:17:28.465+0000][186.882s] GC(51) Eden regions: 24->0(261)
[2025-02-28T17:17:28.465+0000][186.882s] GC(51) Survivor regions: 1->4(4)
[2025-02-28T17:17:28.465+0000][186.882s] GC(51) Old regions: 130->117
[2025-02-28T17:17:28.465+0000][186.882s] GC(51) Archive regions: 2->2
[2025-02-28T17:17:28.465+0000][186.882s] GC(51) Humongous regions: 4->4
[2025-02-28T17:17:28.465+0000][186.882s] GC(51) Metaspace: 59662K(60160K)->59662K(60160K) NonClass: 52391K(52672K)->52391K(52672K) Class: 7270K(7488K)->7270K(7488K)
[2025-02-28T17:17:28.465+0000][186.882s] GC(51) Pause Young (Mixed) (G1 Evacuation Pause) 158M->125M(512M) 3.985ms
[2025-02-28T17:17:28.465+0000][186.883s] GC(51) User=0.00s Sys=0.00s Real=0.00s
[2025-02-28T17:17:29.924+0000][188.342s] GC(52) Pause Young (Normal) (G1 Evacuation Pause)
[2025-02-28T17:17:29.925+0000][188.342s] GC(52) Using 13 workers of 13 for evacuation
[2025-02-28T17:17:29.928+0000][188.345s] GC(52)   Pre Evacuate Collection Set: 0.2ms
[2025-02-28T17:17:29.928+0000][188.345s] GC(52)   Merge Heap Roots: 0.1ms
[2025-02-28T17:17:29.928+0000][188.345s] GC(52)   Evacuate Collection Set: 2.0ms
[2025-02-28T17:17:29.928+0000][188.346s] GC(52)   Post Evacuate Collection Set: 0.7ms
[2025-02-28T17:17:29.929+0000][188.346s] GC(52)   Other: 0.5ms
[2025-02-28T17:17:29.929+0000][188.346s] GC(52) Eden regions: 261->0(245)
[2025-02-28T17:17:29.929+0000][188.346s] GC(52) Survivor regions: 4->26(34)
[2025-02-28T17:17:29.929+0000][188.346s] GC(52) Old regions: 117->117
[2025-02-28T17:17:29.934+0000][188.351s] GC(52) Archive regions: 2->2
[2025-02-28T17:17:29.934+0000][188.351s] GC(52) Humongous regions: 4->4
[2025-02-28T17:17:29.935+0000][188.352s] GC(52) Metaspace: 59742K(60224K)->59742K(60224K) NonClass: 52465K(52736K)->52465K(52736K) Class: 7277K(7488K)->7277K(7488K)
[2025-02-28T17:17:29.935+0000][188.352s] GC(52) Pause Young (Normal) (G1 Evacuation Pause) 386M->146M(512M) 10.302ms
[2025-02-28T17:17:29.935+0000][188.352s] GC(52) User=0.01s Sys=0.00s Real=0.01s
[2025-02-28T17:17:31.549+0000][189.966s] GC(53) Pause Young (Normal) (G1 Evacuation Pause)
[2025-02-28T17:17:31.549+0000][189.966s] GC(53) Using 13 workers of 13 for evacuation
[2025-02-28T17:17:31.554+0000][189.971s] GC(53)   Pre Evacuate Collection Set: 0.2ms
[2025-02-28T17:17:31.555+0000][189.972s] GC(53)   Merge Heap Roots: 0.2ms
[2025-02-28T17:17:31.558+0000][189.975s] GC(53)   Evacuate Collection Set: 3.6ms
[2025-02-28T17:17:31.558+0000][189.975s] GC(53)   Post Evacuate Collection Set: 0.8ms
[2025-02-28T17:17:31.559+0000][189.976s] GC(53)   Other: 0.6ms
[2025-02-28T17:17:31.559+0000][189.976s] GC(53) Eden regions: 245->0(230)
[2025-02-28T17:17:31.559+0000][189.976s] GC(53) Survivor regions: 26->21(34)
[2025-02-28T17:17:31.559+0000][189.976s] GC(53) Old regions: 117->141
[2025-02-28T17:17:31.560+0000][189.977s] GC(53) Archive regions: 2->2
[2025-02-28T17:17:31.560+0000][189.977s] GC(53) Humongous regions: 4->4
[2025-02-28T17:17:31.560+0000][189.977s] GC(53) Metaspace: 59761K(60224K)->59761K(60224K) NonClass: 52483K(52736K)->52483K(52736K) Class: 7278K(7488K)->7278K(7488K)
[2025-02-28T17:17:31.560+0000][189.977s] GC(53) Pause Young (Normal) (G1 Evacuation Pause) 391M->165M(512M) 11.095ms
[2025-02-28T17:17:31.560+0000][189.978s] GC(53) User=0.00s Sys=0.01s Real=0.02s
[2025-02-28T17:17:32.717+0000][191.134s] GC(54) Pause Young (Normal) (G1 Evacuation Pause)
[2025-02-28T17:17:32.717+0000][191.134s] GC(54) Using 13 workers of 13 for evacuation
[2025-02-28T17:17:32.721+0000][191.138s] GC(54)   Pre Evacuate Collection Set: 0.2ms
[2025-02-28T17:17:32.721+0000][191.138s] GC(54)   Merge Heap Roots: 0.1ms
[2025-02-28T17:17:32.722+0000][191.139s] GC(54)   Evacuate Collection Set: 2.5ms
[2025-02-28T17:17:32.722+0000][191.139s] GC(54)   Post Evacuate Collection Set: 0.7ms
[2025-02-28T17:17:32.723+0000][191.140s] GC(54)   Other: 0.4ms
[2025-02-28T17:17:32.723+0000][191.140s] GC(54) Eden regions: 230->0(228)
[2025-02-28T17:17:32.723+0000][191.140s] GC(54) Survivor regions: 21->18(32)
[2025-02-28T17:17:32.723+0000][191.140s] GC(54) Old regions: 141->150
[2025-02-28T17:17:32.723+0000][191.140s] GC(54) Archive regions: 2->2
[2025-02-28T17:17:32.723+0000][191.141s] GC(54) Humongous regions: 4->4
[2025-02-28T17:17:32.724+0000][191.141s] GC(54) Metaspace: 59797K(60224K)->59797K(60224K) NonClass: 52518K(52736K)->52518K(52736K) Class: 7278K(7488K)->7278K(7488K)
[2025-02-28T17:17:32.724+0000][191.141s] GC(54) Pause Young (Normal) (G1 Evacuation Pause) 395M->171M(512M) 7.015ms
[2025-02-28T17:17:32.724+0000][191.141s] GC(54) User=0.00s Sys=0.01s Real=0.01s
[2025-02-28T17:17:36.622+0000][195.039s] GC(55) Pause Young (Normal) (G1 Evacuation Pause)
[2025-02-28T17:17:36.623+0000][195.040s] GC(55) Using 13 workers of 13 for evacuation
[2025-02-28T17:17:36.625+0000][195.042s] GC(55)   Pre Evacuate Collection Set: 0.2ms
[2025-02-28T17:17:36.625+0000][195.042s] GC(55)   Merge Heap Roots: 0.1ms
[2025-02-28T17:17:36.625+0000][195.042s] GC(55)   Evacuate Collection Set: 1.2ms
[2025-02-28T17:17:36.625+0000][195.042s] GC(55)   Post Evacuate Collection Set: 0.6ms
[2025-02-28T17:17:36.625+0000][195.043s] GC(55)   Other: 0.5ms
[2025-02-28T17:17:36.626+0000][195.043s] GC(55) Eden regions: 228->0(241)
[2025-02-28T17:17:36.626+0000][195.043s] GC(55) Survivor regions: 18->10(31)
[2025-02-28T17:17:36.626+0000][195.043s] GC(55) Old regions: 150->150
[2025-02-28T17:17:36.626+0000][195.043s] GC(55) Archive regions: 2->2
[2025-02-28T17:17:36.626+0000][195.043s] GC(55) Humongous regions: 4->4
[2025-02-28T17:17:36.626+0000][195.043s] GC(55) Metaspace: 59813K(60352K)->59813K(60352K) NonClass: 52535K(52864K)->52535K(52864K) Class: 7278K(7488K)->7278K(7488K)
[2025-02-28T17:17:36.626+0000][195.043s] GC(55) Pause Young (Normal) (G1 Evacuation Pause) 399M->164M(512M) 3.994ms
[2025-02-28T17:17:36.626+0000][195.044s] GC(55) User=0.01s Sys=0.00s Real=0.00s
[2025-02-28T17:17:38.559+0000][196.976s] GC(56) Pause Young (Normal) (G1 Evacuation Pause)
[2025-02-28T17:17:38.559+0000][196.976s] GC(56) Using 13 workers of 13 for evacuation
[2025-02-28T17:17:38.563+0000][196.980s] GC(56)   Pre Evacuate Collection Set: 0.1ms
[2025-02-28T17:17:38.563+0000][196.980s] GC(56)   Merge Heap Roots: 0.1ms
[2025-02-28T17:17:38.564+0000][196.981s] GC(56)   Evacuate Collection Set: 2.4ms
[2025-02-28T17:17:38.564+0000][196.981s] GC(56)   Post Evacuate Collection Set: 0.6ms
[2025-02-28T17:17:38.564+0000][196.981s] GC(56)   Other: 0.7ms
[2025-02-28T17:17:38.565+0000][196.982s] GC(56) Eden regions: 241->0(211)
[2025-02-28T17:17:38.565+0000][196.982s] GC(56) Survivor regions: 10->32(32)
[2025-02-28T17:17:38.565+0000][196.982s] GC(56) Old regions: 150->155
[2025-02-28T17:17:38.566+0000][196.983s] GC(56) Archive regions: 2->2
[2025-02-28T17:17:38.566+0000][196.983s] GC(56) Humongous regions: 4->4
[2025-02-28T17:17:38.566+0000][196.983s] GC(56) Metaspace: 59813K(60352K)->59813K(60352K) NonClass: 52535K(52864K)->52535K(52864K) Class: 7278K(7488K)->7278K(7488K)
[2025-02-28T17:17:38.567+0000][196.984s] GC(56) Pause Young (Normal) (G1 Evacuation Pause) 405M->191M(512M) 7.998ms
[2025-02-28T17:17:38.567+0000][196.984s] GC(56) User=0.02s Sys=0.00s Real=0.01s
[2025-02-28T17:17:39.939+0000][198.356s] GC(57) Pause Young (Normal) (G1 Evacuation Pause)
[2025-02-28T17:17:39.939+0000][198.357s] GC(57) Using 13 workers of 13 for evacuation
[2025-02-28T17:17:39.944+0000][198.361s] GC(57)   Pre Evacuate Collection Set: 0.2ms
[2025-02-28T17:17:39.945+0000][198.362s] GC(57)   Merge Heap Roots: 0.2ms
[2025-02-28T17:17:39.945+0000][198.362s] GC(57)   Evacuate Collection Set: 3.2ms
[2025-02-28T17:17:39.945+0000][198.362s] GC(57)   Post Evacuate Collection Set: 0.7ms
[2025-02-28T17:17:39.945+0000][198.362s] GC(57)   Other: 0.4ms
[2025-02-28T17:17:39.945+0000][198.362s] GC(57) Eden regions: 211->0(191)
[2025-02-28T17:17:39.945+0000][198.362s] GC(57) Survivor regions: 32->25(31)
[2025-02-28T17:17:39.946+0000][198.363s] GC(57) Old regions: 155->183
[2025-02-28T17:17:39.946+0000][198.363s] GC(57) Archive regions: 2->2
[2025-02-28T17:17:39.946+0000][198.363s] GC(57) Humongous regions: 4->4
[2025-02-28T17:17:39.946+0000][198.363s] GC(57) Metaspace: 59814K(60352K)->59814K(60352K) NonClass: 52536K(52864K)->52536K(52864K) Class: 7278K(7488K)->7278K(7488K)
[2025-02-28T17:17:39.946+0000][198.363s] GC(57) Pause Young (Normal) (G1 Evacuation Pause) 402M->211M(512M) 6.852ms
[2025-02-28T17:17:39.946+0000][198.363s] GC(57) User=0.00s Sys=0.01s Real=0.01s
[2025-02-28T17:17:41.030+0000][199.446s] GC(58) Pause Young (Normal) (G1 Evacuation Pause)
[2025-02-28T17:17:41.030+0000][199.446s] GC(58) Using 13 workers of 13 for evacuation
[2025-02-28T17:17:41.035+0000][199.451s] GC(58)   Pre Evacuate Collection Set: 0.2ms
[2025-02-28T17:17:41.036+0000][199.452s] GC(58)   Merge Heap Roots: 0.1ms
[2025-02-28T17:17:41.036+0000][199.452s] GC(58)   Evacuate Collection Set: 3.3ms
[2025-02-28T17:17:41.037+0000][199.453s] GC(58)   Post Evacuate Collection Set: 1.0ms
[2025-02-28T17:17:41.037+0000][199.453s] GC(58)   Other: 0.8ms
[2025-02-28T17:17:41.038+0000][199.454s] GC(58) Eden regions: 191->0(181)
[2025-02-28T17:17:41.038+0000][199.454s] GC(58) Survivor regions: 25->18(27)
[2025-02-28T17:17:41.039+0000][199.455s] GC(58) Old regions: 183->204
[2025-02-28T17:17:41.039+0000][199.455s] GC(58) Archive regions: 2->2
[2025-02-28T17:17:41.040+0000][199.456s] GC(58) Humongous regions: 4->4
[2025-02-28T17:17:41.040+0000][199.456s] GC(58) Metaspace: 59832K(60352K)->59832K(60352K) NonClass: 52553K(52864K)->52553K(52864K) Class: 7278K(7488K)->7278K(7488K)
[2025-02-28T17:17:41.040+0000][199.456s] GC(58) Pause Young (Normal) (G1 Evacuation Pause) 402M->226M(512M) 10.752ms
[2025-02-28T17:17:41.041+0000][199.457s] GC(58) User=0.01s Sys=0.01s Real=0.02s
[2025-02-28T17:17:42.337+0000][200.753s] GC(59) Pause Young (Normal) (G1 Evacuation Pause)
[2025-02-28T17:17:42.338+0000][200.753s] GC(59) Using 13 workers of 13 for evacuation
[2025-02-28T17:17:42.344+0000][200.760s] GC(59)   Pre Evacuate Collection Set: 0.2ms
[2025-02-28T17:17:42.344+0000][200.760s] GC(59)   Merge Heap Roots: 0.1ms
[2025-02-28T17:17:42.345+0000][200.761s] GC(59)   Evacuate Collection Set: 3.7ms
[2025-02-28T17:17:42.345+0000][200.761s] GC(59)   Post Evacuate Collection Set: 1.6ms
[2025-02-28T17:17:42.346+0000][200.762s] GC(59)   Other: 1.2ms
[2025-02-28T17:17:42.346+0000][200.762s] GC(59) Eden regions: 181->0(161)
[2025-02-28T17:17:42.346+0000][200.762s] GC(59) Survivor regions: 18->24(25)
[2025-02-28T17:17:42.347+0000][200.763s] GC(59) Old regions: 204->219
[2025-02-28T17:17:42.347+0000][200.763s] GC(59) Archive regions: 2->2
[2025-02-28T17:17:42.348+0000][200.763s] GC(59) Humongous regions: 4->4
[2025-02-28T17:17:42.348+0000][200.764s] GC(59) Metaspace: 59852K(60352K)->59852K(60352K) NonClass: 52574K(52864K)->52574K(52864K) Class: 7278K(7488K)->7278K(7488K)
[2025-02-28T17:17:42.348+0000][200.764s] GC(59) Pause Young (Normal) (G1 Evacuation Pause) 407M->246M(512M) 11.061ms
[2025-02-28T17:17:42.349+0000][200.764s] GC(59) User=0.03s Sys=0.00s Real=0.01s
[2025-02-28T17:17:43.245+0000][201.661s] GC(60) Pause Young (Normal) (G1 Evacuation Pause)
[2025-02-28T17:17:43.246+0000][201.662s] GC(60) Using 13 workers of 13 for evacuation
[2025-02-28T17:17:43.250+0000][201.666s] GC(60)   Pre Evacuate Collection Set: 0.2ms
[2025-02-28T17:17:43.250+0000][201.666s] GC(60)   Merge Heap Roots: 0.1ms
[2025-02-28T17:17:43.251+0000][201.667s] GC(60)   Evacuate Collection Set: 2.7ms
[2025-02-28T17:17:43.251+0000][201.667s] GC(60)   Post Evacuate Collection Set: 0.9ms
[2025-02-28T17:17:43.251+0000][201.667s] GC(60)   Other: 0.8ms
[2025-02-28T17:17:43.252+0000][201.668s] GC(60) Eden regions: 161->0(152)
[2025-02-28T17:17:43.252+0000][201.668s] GC(60) Survivor regions: 24->16(24)
[2025-02-28T17:17:43.253+0000][201.668s] GC(60) Old regions: 219->241
[2025-02-28T17:17:43.253+0000][201.669s] GC(60) Archive regions: 2->2
[2025-02-28T17:17:43.253+0000][201.669s] GC(60) Humongous regions: 4->4
[2025-02-28T17:17:43.253+0000][201.669s] GC(60) Metaspace: 59858K(60352K)->59858K(60352K) NonClass: 52580K(52864K)->52580K(52864K) Class: 7278K(7488K)->7278K(7488K)
[2025-02-28T17:17:43.253+0000][201.669s] GC(60) Pause Young (Normal) (G1 Evacuation Pause) 407M->260M(512M) 8.327ms
[2025-02-28T17:17:43.254+0000][201.670s] GC(60) User=0.02s Sys=0.00s Real=0.01s
[2025-02-28T17:17:44.084+0000][202.500s] GC(61) Pause Young (Normal) (G1 Evacuation Pause)
[2025-02-28T17:17:44.084+0000][202.500s] GC(61) Using 13 workers of 13 for evacuation
[2025-02-28T17:17:44.088+0000][202.504s] GC(61)   Pre Evacuate Collection Set: 0.2ms
[2025-02-28T17:17:44.088+0000][202.504s] GC(61)   Merge Heap Roots: 0.1ms
[2025-02-28T17:17:44.089+0000][202.505s] GC(61)   Evacuate Collection Set: 2.1ms
[2025-02-28T17:17:44.089+0000][202.505s] GC(61)   Post Evacuate Collection Set: 0.6ms
[2025-02-28T17:17:44.089+0000][202.505s] GC(61)   Other: 0.8ms
[2025-02-28T17:17:44.090+0000][202.506s] GC(61) Eden regions: 152->0(141)
[2025-02-28T17:17:44.090+0000][202.506s] GC(61) Survivor regions: 16->16(21)
[2025-02-28T17:17:44.090+0000][202.506s] GC(61) Old regions: 241->254
[2025-02-28T17:17:44.090+0000][202.506s] GC(61) Archive regions: 2->2
[2025-02-28T17:17:44.091+0000][202.506s] GC(61) Humongous regions: 4->4
[2025-02-28T17:17:44.091+0000][202.507s] GC(61) Metaspace: 59863K(60352K)->59863K(60352K) NonClass: 52584K(52864K)->52584K(52864K) Class: 7278K(7488K)->7278K(7488K)
[2025-02-28T17:17:44.091+0000][202.507s] GC(61) Pause Young (Normal) (G1 Evacuation Pause) 412M->273M(512M) 7.009ms
[2025-02-28T17:17:44.091+0000][202.507s] GC(61) User=0.01s Sys=0.00s Real=0.01s
[2025-02-28T17:17:45.128+0000][203.544s] GC(62) Pause Young (Normal) (G1 Evacuation Pause)
[2025-02-28T17:17:45.128+0000][203.544s] GC(62) Using 13 workers of 13 for evacuation
[2025-02-28T17:17:45.132+0000][203.547s] GC(62)   Pre Evacuate Collection Set: 0.1ms
[2025-02-28T17:17:45.132+0000][203.548s] GC(62)   Merge Heap Roots: 0.1ms
[2025-02-28T17:17:45.132+0000][203.548s] GC(62)   Evacuate Collection Set: 2.4ms
[2025-02-28T17:17:45.132+0000][203.548s] GC(62)   Post Evacuate Collection Set: 0.5ms
[2025-02-28T17:17:45.132+0000][203.548s] GC(62)   Other: 0.5ms
[2025-02-28T17:17:45.133+0000][203.549s] GC(62) Eden regions: 141->0(127)
[2025-02-28T17:17:45.133+0000][203.549s] GC(62) Survivor regions: 16->19(20)
[2025-02-28T17:17:45.133+0000][203.549s] GC(62) Old regions: 254->267
[2025-02-28T17:17:45.133+0000][203.549s] GC(62) Archive regions: 2->2
[2025-02-28T17:17:45.133+0000][203.549s] GC(62) Humongous regions: 4->4
[2025-02-28T17:17:45.134+0000][203.550s] GC(62) Metaspace: 59863K(60352K)->59863K(60352K) NonClass: 52585K(52864K)->52585K(52864K) Class: 7278K(7488K)->7278K(7488K)
[2025-02-28T17:17:45.134+0000][203.550s] GC(62) Pause Young (Normal) (G1 Evacuation Pause) 414M->289M(512M) 6.041ms
[2025-02-28T17:17:45.134+0000][203.550s] GC(62) User=0.01s Sys=0.00s Real=0.01s
[2025-02-28T17:17:45.800+0000][204.215s] GC(63) Pause Young (Normal) (G1 Evacuation Pause)
[2025-02-28T17:17:45.800+0000][204.216s] GC(63) Using 13 workers of 13 for evacuation
[2025-02-28T17:17:45.803+0000][204.219s] GC(63)   Pre Evacuate Collection Set: 0.2ms
[2025-02-28T17:17:45.803+0000][204.219s] GC(63)   Merge Heap Roots: 0.1ms
[2025-02-28T17:17:45.804+0000][204.220s] GC(63)   Evacuate Collection Set: 2.0ms
[2025-02-28T17:17:45.804+0000][204.220s] GC(63)   Post Evacuate Collection Set: 0.7ms
[2025-02-28T17:17:45.804+0000][204.220s] GC(63)   Other: 0.5ms
[2025-02-28T17:17:45.804+0000][204.220s] GC(63) Eden regions: 127->0(121)
[2025-02-28T17:17:45.805+0000][204.220s] GC(63) Survivor regions: 19->12(19)
[2025-02-28T17:17:45.805+0000][204.221s] GC(63) Old regions: 267->284
[2025-02-28T17:17:45.805+0000][204.221s] GC(63) Archive regions: 2->2
[2025-02-28T17:17:45.805+0000][204.221s] GC(63) Humongous regions: 4->4
[2025-02-28T17:17:45.806+0000][204.221s] GC(63) Metaspace: 59863K(60352K)->59863K(60352K) NonClass: 52585K(52864K)->52585K(52864K) Class: 7278K(7488K)->7278K(7488K)
[2025-02-28T17:17:45.806+0000][204.222s] GC(63) Pause Young (Normal) (G1 Evacuation Pause) 416M->300M(512M) 6.251ms
[2025-02-28T17:17:45.806+0000][204.222s] GC(63) User=0.02s Sys=0.00s Real=0.01s
[2025-02-28T17:17:46.251+0000][204.667s] GC(64) Pause Young (Concurrent Start) (G1 Evacuation Pause)
[2025-02-28T17:17:46.251+0000][204.667s] GC(64) Using 13 workers of 13 for evacuation
[2025-02-28T17:17:46.254+0000][204.670s] GC(64)   Pre Evacuate Collection Set: 0.2ms
[2025-02-28T17:17:46.254+0000][204.670s] GC(64)   Merge Heap Roots: 0.2ms
[2025-02-28T17:17:46.255+0000][204.670s] GC(64)   Evacuate Collection Set: 1.6ms
[2025-02-28T17:17:46.255+0000][204.671s] GC(64)   Post Evacuate Collection Set: 0.6ms
[2025-02-28T17:17:46.255+0000][204.671s] GC(64)   Other: 0.6ms
[2025-02-28T17:17:46.255+0000][204.671s] GC(64) Eden regions: 121->0(112)
[2025-02-28T17:17:46.255+0000][204.671s] GC(64) Survivor regions: 12->13(17)
[2025-02-28T17:17:46.256+0000][204.672s] GC(64) Old regions: 284->294
[2025-02-28T17:17:46.256+0000][204.672s] GC(64) Archive regions: 2->2
[2025-02-28T17:17:46.256+0000][204.672s] GC(64) Humongous regions: 4->4
[2025-02-28T17:17:46.256+0000][204.672s] GC(64) Metaspace: 59864K(60352K)->59864K(60352K) NonClass: 52585K(52864K)->52585K(52864K) Class: 7278K(7488K)->7278K(7488K)
[2025-02-28T17:17:46.257+0000][204.673s] GC(64) Pause Young (Concurrent Start) (G1 Evacuation Pause) 421M->310M(512M) 6.050ms
[2025-02-28T17:17:46.257+0000][204.673s] GC(64) User=0.01s Sys=0.00s Real=0.00s
[2025-02-28T17:17:46.257+0000][204.673s] GC(65) Concurrent Mark Cycle
[2025-02-28T17:17:46.257+0000][204.673s] GC(65) Concurrent Clear Claimed Marks
[2025-02-28T17:17:46.258+0000][204.674s] GC(65) Concurrent Clear Claimed Marks 0.501ms
[2025-02-28T17:17:46.258+0000][204.674s] GC(65) Concurrent Scan Root Regions
[2025-02-28T17:17:46.259+0000][204.675s] GC(65) Concurrent Scan Root Regions 1.222ms
[2025-02-28T17:17:46.260+0000][204.675s] GC(65) Concurrent Mark
[2025-02-28T17:17:46.260+0000][204.676s] GC(65) Concurrent Mark From Roots
[2025-02-28T17:17:46.260+0000][204.676s] GC(65) Using 3 workers of 3 for marking
[2025-02-28T17:17:46.282+0000][204.698s] GC(65) Concurrent Mark From Roots 22.342ms
[2025-02-28T17:17:46.282+0000][204.698s] GC(65) Concurrent Preclean
[2025-02-28T17:17:46.283+0000][204.699s] GC(65) Concurrent Preclean 0.761ms
[2025-02-28T17:17:46.284+0000][204.700s] GC(65) Pause Remark
[2025-02-28T17:17:46.291+0000][204.707s] GC(65) Pause Remark 318M->216M(512M) 7.411ms
[2025-02-28T17:17:46.292+0000][204.708s] GC(65) User=0.06s Sys=0.00s Real=0.01s
[2025-02-28T17:17:46.292+0000][204.708s] GC(65) Concurrent Mark 32.642ms
[2025-02-28T17:17:46.292+0000][204.708s] GC(65) Concurrent Rebuild Remembered Sets
[2025-02-28T17:17:46.303+0000][204.719s] GC(65) Concurrent Rebuild Remembered Sets 10.945ms
[2025-02-28T17:17:46.304+0000][204.720s] GC(65) Pause Cleanup
[2025-02-28T17:17:46.304+0000][204.720s] GC(65) Pause Cleanup 219M->219M(512M) 0.569ms
[2025-02-28T17:17:46.305+0000][204.721s] GC(65) User=0.00s Sys=0.00s Real=0.00s
[2025-02-28T17:17:46.305+0000][204.721s] GC(65) Concurrent Cleanup for Next Mark
[2025-02-28T17:17:46.306+0000][204.722s] GC(65) Concurrent Cleanup for Next Mark 0.653ms
[2025-02-28T17:17:46.306+0000][204.722s] GC(65) Concurrent Mark Cycle 48.931ms
[2025-02-28T17:17:46.788+0000][205.204s] GC(66) Pause Young (Prepare Mixed) (G1 Evacuation Pause)
[2025-02-28T17:17:46.788+0000][205.204s] GC(66) Using 13 workers of 13 for evacuation
[2025-02-28T17:17:46.792+0000][205.208s] GC(66)   Pre Evacuate Collection Set: 0.2ms
[2025-02-28T17:17:46.793+0000][205.209s] GC(66)   Merge Heap Roots: 0.1ms
[2025-02-28T17:17:46.794+0000][205.210s] GC(66)   Evacuate Collection Set: 2.8ms
[2025-02-28T17:17:46.794+0000][205.210s] GC(66)   Post Evacuate Collection Set: 0.7ms
[2025-02-28T17:17:46.794+0000][205.210s] GC(66)   Other: 0.5ms
[2025-02-28T17:17:46.795+0000][205.211s] GC(66) Eden regions: 112->0(13)
[2025-02-28T17:17:46.795+0000][205.211s] GC(66) Survivor regions: 13->12(16)
[2025-02-28T17:17:46.795+0000][205.211s] GC(66) Old regions: 192->200
[2025-02-28T17:17:46.795+0000][205.211s] GC(66) Archive regions: 2->2
[2025-02-28T17:17:46.796+0000][205.212s] GC(66) Humongous regions: 4->4
[2025-02-28T17:17:46.796+0000][205.212s] GC(66) Metaspace: 59800K(60352K)->59800K(60352K) NonClass: 52537K(52864K)->52537K(52864K) Class: 7263K(7488K)->7263K(7488K)
[2025-02-28T17:17:46.796+0000][205.212s] GC(66) Pause Young (Prepare Mixed) (G1 Evacuation Pause) 320M->216M(512M) 8.032ms
[2025-02-28T17:17:46.796+0000][205.212s] GC(66) User=0.03s Sys=0.00s Real=0.01s
[2025-02-28T17:17:46.881+0000][205.297s] GC(67) Pause Young (Mixed) (G1 Evacuation Pause)
[2025-02-28T17:17:46.881+0000][205.297s] GC(67) Using 13 workers of 13 for evacuation
[2025-02-28T17:17:46.884+0000][205.300s] GC(67)   Pre Evacuate Collection Set: 0.2ms
[2025-02-28T17:17:46.885+0000][205.301s] GC(67)   Merge Heap Roots: 0.1ms
[2025-02-28T17:17:46.885+0000][205.301s] GC(67)   Evacuate Collection Set: 1.9ms
[2025-02-28T17:17:46.885+0000][205.301s] GC(67)   Post Evacuate Collection Set: 0.7ms
[2025-02-28T17:17:46.886+0000][205.301s] GC(67)   Other: 0.5ms
[2025-02-28T17:17:46.886+0000][205.302s] GC(67) Eden regions: 13->0(22)
[2025-02-28T17:17:46.886+0000][205.302s] GC(67) Survivor regions: 12->3(4)
[2025-02-28T17:17:46.886+0000][205.302s] GC(67) Old regions: 200->159
[2025-02-28T17:17:46.886+0000][205.302s] GC(67) Archive regions: 2->2
[2025-02-28T17:17:46.886+0000][205.302s] GC(67) Humongous regions: 4->4
[2025-02-28T17:17:46.886+0000][205.302s] GC(67) Metaspace: 59800K(60352K)->59800K(60352K) NonClass: 52537K(52864K)->52537K(52864K) Class: 7263K(7488K)->7263K(7488K)
[2025-02-28T17:17:46.886+0000][205.302s] GC(67) Pause Young (Mixed) (G1 Evacuation Pause) 229M->165M(512M) 5.118ms
[2025-02-28T17:17:46.886+0000][205.302s] GC(67) User=0.01s Sys=0.00s Real=0.00s
[2025-02-28T17:17:47.061+0000][205.477s] GC(68) Pause Young (Mixed) (G1 Evacuation Pause)
[2025-02-28T17:17:47.061+0000][205.477s] GC(68) Using 13 workers of 13 for evacuation
[2025-02-28T17:17:47.071+0000][205.487s] GC(68)   Pre Evacuate Collection Set: 0.2ms
[2025-02-28T17:17:47.071+0000][205.487s] GC(68)   Merge Heap Roots: 0.1ms
[2025-02-28T17:17:47.071+0000][205.487s] GC(68)   Evacuate Collection Set: 8.7ms
[2025-02-28T17:17:47.072+0000][205.488s] GC(68)   Post Evacuate Collection Set: 0.6ms
[2025-02-28T17:17:47.072+0000][205.488s] GC(68)   Other: 0.5ms
[2025-02-28T17:17:47.072+0000][205.488s] GC(68) Eden regions: 22->0(254)
[2025-02-28T17:17:47.072+0000][205.488s] GC(68) Survivor regions: 3->3(4)
[2025-02-28T17:17:47.072+0000][205.488s] GC(68) Old regions: 159->140
[2025-02-28T17:17:47.072+0000][205.488s] GC(68) Archive regions: 2->2
[2025-02-28T17:17:47.072+0000][205.488s] GC(68) Humongous regions: 4->4
[2025-02-28T17:17:47.073+0000][205.489s] GC(68) Metaspace: 59800K(60352K)->59800K(60352K) NonClass: 52537K(52864K)->52537K(52864K) Class: 7263K(7488K)->7263K(7488K)
[2025-02-28T17:17:47.073+0000][205.489s] GC(68) Pause Young (Mixed) (G1 Evacuation Pause) 187M->147M(512M) 11.806ms
[2025-02-28T17:17:47.073+0000][205.489s] GC(68) User=0.01s Sys=0.00s Real=0.01s
[2025-02-28T17:17:48.485+0000][206.901s] GC(69) Pause Young (Normal) (G1 Evacuation Pause)
[2025-02-28T17:17:48.485+0000][206.901s] GC(69) Using 13 workers of 13 for evacuation
[2025-02-28T17:17:48.489+0000][206.905s] GC(69)   Pre Evacuate Collection Set: 0.2ms
[2025-02-28T17:17:48.490+0000][206.906s] GC(69)   Merge Heap Roots: 0.1ms
[2025-02-28T17:17:48.491+0000][206.906s] GC(69)   Evacuate Collection Set: 2.5ms
[2025-02-28T17:17:48.491+0000][206.907s] GC(69)   Post Evacuate Collection Set: 0.8ms
[2025-02-28T17:17:48.491+0000][206.907s] GC(69)   Other: 0.8ms
[2025-02-28T17:17:48.492+0000][206.908s] GC(69) Eden regions: 254->0(221)
[2025-02-28T17:17:48.492+0000][206.908s] GC(69) Survivor regions: 3->32(33)
[2025-02-28T17:17:48.492+0000][206.908s] GC(69) Old regions: 140->140
[2025-02-28T17:17:48.493+0000][206.909s] GC(69) Archive regions: 2->2
[2025-02-28T17:17:48.493+0000][206.909s] GC(69) Humongous regions: 4->4
[2025-02-28T17:17:48.494+0000][206.909s] GC(69) Metaspace: 59809K(60352K)->59809K(60352K) NonClass: 52545K(52864K)->52545K(52864K) Class: 7263K(7488K)->7263K(7488K)
[2025-02-28T17:17:48.494+0000][206.910s] GC(69) Pause Young (Normal) (G1 Evacuation Pause) 401M->176M(512M) 8.824ms
[2025-02-28T17:17:48.494+0000][206.910s] GC(69) User=0.02s Sys=0.01s Real=0.01s
[2025-02-28T17:17:49.598+0000][208.014s] GC(70) Pause Young (Normal) (G1 Evacuation Pause)
[2025-02-28T17:17:49.599+0000][208.014s] GC(70) Using 13 workers of 13 for evacuation
[2025-02-28T17:17:49.602+0000][208.018s] GC(70)   Pre Evacuate Collection Set: 0.2ms
[2025-02-28T17:17:49.603+0000][208.019s] GC(70)   Merge Heap Roots: 0.1ms
[2025-02-28T17:17:49.603+0000][208.019s] GC(70)   Evacuate Collection Set: 2.6ms
[2025-02-28T17:17:49.603+0000][208.019s] GC(70)   Post Evacuate Collection Set: 0.7ms
[2025-02-28T17:17:49.603+0000][208.019s] GC(70)   Other: 0.5ms
[2025-02-28T17:17:49.603+0000][208.019s] GC(70) Eden regions: 221->0(217)
[2025-02-28T17:17:49.604+0000][208.020s] GC(70) Survivor regions: 32->17(32)
[2025-02-28T17:17:49.604+0000][208.020s] GC(70) Old regions: 140->163
[2025-02-28T17:17:49.604+0000][208.020s] GC(70) Archive regions: 2->2
[2025-02-28T17:17:49.604+0000][208.020s] GC(70) Humongous regions: 4->4
[2025-02-28T17:17:49.604+0000][208.020s] GC(70) Metaspace: 59825K(60352K)->59825K(60352K) NonClass: 52562K(52864K)->52562K(52864K) Class: 7263K(7488K)->7263K(7488K)
[2025-02-28T17:17:49.604+0000][208.020s] GC(70) Pause Young (Normal) (G1 Evacuation Pause) 397M->184M(512M) 5.987ms
[2025-02-28T17:17:49.604+0000][208.020s] GC(70) User=0.01s Sys=0.00s Real=0.01s
[2025-02-28T17:17:51.173+0000][209.588s] GC(71) Pause Young (Normal) (G1 Evacuation Pause)
[2025-02-28T17:17:51.173+0000][209.589s] GC(71) Using 13 workers of 13 for evacuation
[2025-02-28T17:17:51.178+0000][209.594s] GC(71)   Pre Evacuate Collection Set: 0.2ms
[2025-02-28T17:17:51.178+0000][209.594s] GC(71)   Merge Heap Roots: 0.1ms
[2025-02-28T17:17:51.179+0000][209.595s] GC(71)   Evacuate Collection Set: 2.7ms
[2025-02-28T17:17:51.180+0000][209.596s] GC(71)   Post Evacuate Collection Set: 0.9ms
[2025-02-28T17:17:51.180+0000][209.596s] GC(71)   Other: 1.3ms
[2025-02-28T17:17:51.181+0000][209.597s] GC(71) Eden regions: 217->0(194)
[2025-02-28T17:17:51.181+0000][209.597s] GC(71) Survivor regions: 17->26(30)
[2025-02-28T17:17:51.182+0000][209.597s] GC(71) Old regions: 163->176
[2025-02-28T17:17:51.182+0000][209.598s] GC(71) Archive regions: 2->2
[2025-02-28T17:17:51.182+0000][209.598s] GC(71) Humongous regions: 4->4
[2025-02-28T17:17:51.183+0000][209.599s] GC(71) Metaspace: 59837K(60352K)->59837K(60352K) NonClass: 52573K(52864K)->52573K(52864K) Class: 7264K(7488K)->7264K(7488K)
[2025-02-28T17:17:51.183+0000][209.599s] GC(71) Pause Young (Normal) (G1 Evacuation Pause) 401M->206M(512M) 10.484ms
[2025-02-28T17:17:51.183+0000][209.599s] GC(71) User=0.02s Sys=0.00s Real=0.01s
[2025-02-28T17:17:52.264+0000][210.680s] GC(72) Pause Young (Normal) (G1 Evacuation Pause)
[2025-02-28T17:17:52.265+0000][210.681s] GC(72) Using 13 workers of 13 for evacuation
[2025-02-28T17:17:52.269+0000][210.685s] GC(72)   Pre Evacuate Collection Set: 0.2ms
[2025-02-28T17:17:52.270+0000][210.686s] GC(72)   Merge Heap Roots: 0.1ms
[2025-02-28T17:17:52.270+0000][210.686s] GC(72)   Evacuate Collection Set: 2.7ms
[2025-02-28T17:17:52.271+0000][210.686s] GC(72)   Post Evacuate Collection Set: 0.9ms
[2025-02-28T17:17:52.271+0000][210.687s] GC(72)   Other: 1.0ms
[2025-02-28T17:17:52.271+0000][210.687s] GC(72) Eden regions: 194->0(182)
[2025-02-28T17:17:52.271+0000][210.687s] GC(72) Survivor regions: 26->17(28)
[2025-02-28T17:17:52.271+0000][210.687s] GC(72) Old regions: 176->202
[2025-02-28T17:17:52.272+0000][210.688s] GC(72) Archive regions: 2->2
[2025-02-28T17:17:52.272+0000][210.688s] GC(72) Humongous regions: 4->4
[2025-02-28T17:17:52.272+0000][210.688s] GC(72) Metaspace: 59837K(60352K)->59837K(60352K) NonClass: 52573K(52864K)->52573K(52864K) Class: 7264K(7488K)->7264K(7488K)
[2025-02-28T17:17:52.272+0000][210.688s] GC(72) Pause Young (Normal) (G1 Evacuation Pause) 400M->222M(512M) 8.189ms
[2025-02-28T17:17:52.273+0000][210.689s] GC(72) User=0.01s Sys=0.01s Real=0.01s
[2025-02-28T17:17:53.354+0000][211.770s] GC(73) Pause Young (Normal) (G1 Evacuation Pause)
[2025-02-28T17:17:53.355+0000][211.771s] GC(73) Using 13 workers of 13 for evacuation
[2025-02-28T17:17:53.358+0000][211.774s] GC(73)   Pre Evacuate Collection Set: 0.2ms
[2025-02-28T17:17:53.358+0000][211.774s] GC(73)   Merge Heap Roots: 0.1ms
[2025-02-28T17:17:53.359+0000][211.775s] GC(73)   Evacuate Collection Set: 2.3ms
[2025-02-28T17:17:53.359+0000][211.775s] GC(73)   Post Evacuate Collection Set: 0.6ms
[2025-02-28T17:17:53.359+0000][211.775s] GC(73)   Other: 0.6ms
[2025-02-28T17:17:53.359+0000][211.775s] GC(73) Eden regions: 182->0(173)
[2025-02-28T17:17:53.359+0000][211.775s] GC(73) Survivor regions: 17->16(25)
[2025-02-28T17:17:53.359+0000][211.775s] GC(73) Old regions: 202->217
[2025-02-28T17:17:53.359+0000][211.775s] GC(73) Archive regions: 2->2
[2025-02-28T17:17:53.360+0000][211.775s] GC(73) Humongous regions: 4->4
[2025-02-28T17:17:53.360+0000][211.776s] GC(73) Metaspace: 59837K(60352K)->59837K(60352K) NonClass: 52573K(52864K)->52573K(52864K) Class: 7264K(7488K)->7264K(7488K)
[2025-02-28T17:17:53.360+0000][211.776s] GC(73) Pause Young (Normal) (G1 Evacuation Pause) 404M->236M(512M) 5.440ms
[2025-02-28T17:17:53.360+0000][211.776s] GC(73) User=0.01s Sys=0.00s Real=0.00s
[2025-02-28T17:17:54.837+0000][213.253s] GC(74) Pause Young (Normal) (G1 Evacuation Pause)
[2025-02-28T17:17:54.838+0000][213.254s] GC(74) Using 13 workers of 13 for evacuation
[2025-02-28T17:17:54.842+0000][213.258s] GC(74)   Pre Evacuate Collection Set: 0.3ms
[2025-02-28T17:17:54.843+0000][213.259s] GC(74)   Merge Heap Roots: 0.1ms
[2025-02-28T17:17:54.843+0000][213.259s] GC(74)   Evacuate Collection Set: 2.6ms
[2025-02-28T17:17:54.844+0000][213.260s] GC(74)   Post Evacuate Collection Set: 0.6ms
[2025-02-28T17:17:54.844+0000][213.260s] GC(74)   Other: 1.5ms
[2025-02-28T17:17:54.845+0000][213.261s] GC(74) Eden regions: 173->0(160)
[2025-02-28T17:17:54.846+0000][213.261s] GC(74) Survivor regions: 16->18(24)
[2025-02-28T17:17:54.846+0000][213.262s] GC(74) Old regions: 217->230
[2025-02-28T17:17:54.846+0000][213.262s] GC(74) Archive regions: 2->2
[2025-02-28T17:17:54.847+0000][213.263s] GC(74) Humongous regions: 4->4
[2025-02-28T17:17:54.847+0000][213.263s] GC(74) Metaspace: 59901K(60352K)->59901K(60352K) NonClass: 52636K(52864K)->52636K(52864K) Class: 7264K(7488K)->7264K(7488K)
[2025-02-28T17:17:54.848+0000][213.264s] GC(74) Pause Young (Normal) (G1 Evacuation Pause) 409M->251M(512M) 10.267ms
[2025-02-28T17:17:54.848+0000][213.264s] GC(74) User=0.01s Sys=0.00s Real=0.01s
[2025-02-28T17:17:58.193+0000][216.609s] GC(75) Pause Young (Normal) (G1 Evacuation Pause)
[2025-02-28T17:17:58.194+0000][216.609s] GC(75) Using 13 workers of 13 for evacuation
[2025-02-28T17:17:58.197+0000][216.613s] GC(75)   Pre Evacuate Collection Set: 0.2ms
[2025-02-28T17:17:58.198+0000][216.614s] GC(75)   Merge Heap Roots: 0.1ms
[2025-02-28T17:17:58.199+0000][216.615s] GC(75)   Evacuate Collection Set: 2.1ms
[2025-02-28T17:17:58.199+0000][216.615s] GC(75)   Post Evacuate Collection Set: 1.0ms
[2025-02-28T17:17:58.199+0000][216.615s] GC(75)   Other: 1.0ms
[2025-02-28T17:17:58.200+0000][216.615s] GC(75) Eden regions: 160->0(157)
[2025-02-28T17:17:58.200+0000][216.616s] GC(75) Survivor regions: 18->12(23)
[2025-02-28T17:17:58.200+0000][216.616s] GC(75) Old regions: 230->243
[2025-02-28T17:17:58.200+0000][216.616s] GC(75) Archive regions: 2->2
[2025-02-28T17:17:58.201+0000][216.617s] GC(75) Humongous regions: 4->4
[2025-02-28T17:17:58.201+0000][216.617s] GC(75) Metaspace: 59930K(60352K)->59930K(60352K) NonClass: 52665K(52864K)->52665K(52864K) Class: 7264K(7488K)->7264K(7488K)
[2025-02-28T17:17:58.201+0000][216.617s] GC(75) Pause Young (Normal) (G1 Evacuation Pause) 411M->259M(512M) 7.948ms
[2025-02-28T17:17:58.201+0000][216.617s] GC(75) User=0.02s Sys=0.00s Real=0.01s
[2025-02-28T17:17:59.299+0000][217.715s] GC(76) Pause Young (Normal) (G1 Evacuation Pause)
[2025-02-28T17:17:59.299+0000][217.715s] GC(76) Using 13 workers of 13 for evacuation
[2025-02-28T17:17:59.303+0000][217.719s] GC(76)   Pre Evacuate Collection Set: 0.1ms
[2025-02-28T17:17:59.303+0000][217.719s] GC(76)   Merge Heap Roots: 0.1ms
[2025-02-28T17:17:59.303+0000][217.719s] GC(76)   Evacuate Collection Set: 2.1ms
[2025-02-28T17:17:59.304+0000][217.720s] GC(76)   Post Evacuate Collection Set: 0.6ms
[2025-02-28T17:17:59.304+0000][217.720s] GC(76)   Other: 0.7ms
[2025-02-28T17:17:59.304+0000][217.720s] GC(76) Eden regions: 157->0(140)
[2025-02-28T17:17:59.304+0000][217.720s] GC(76) Survivor regions: 12->20(22)
[2025-02-28T17:17:59.304+0000][217.720s] GC(76) Old regions: 243->253
[2025-02-28T17:17:59.305+0000][217.720s] GC(76) Archive regions: 2->2
[2025-02-28T17:17:59.305+0000][217.721s] GC(76) Humongous regions: 4->4
[2025-02-28T17:17:59.305+0000][217.721s] GC(76) Metaspace: 59930K(60352K)->59930K(60352K) NonClass: 52665K(52864K)->52665K(52864K) Class: 7264K(7488K)->7264K(7488K)
[2025-02-28T17:17:59.305+0000][217.721s] GC(76) Pause Young (Normal) (G1 Evacuation Pause) 416M->276M(512M) 5.677ms
[2025-02-28T17:17:59.305+0000][217.721s] GC(76) User=0.01s Sys=0.00s Real=0.01s
[2025-02-28T17:18:03.843+0000][222.259s] GC(77) Pause Young (Normal) (G1 Evacuation Pause)
[2025-02-28T17:18:03.843+0000][222.259s] GC(77) Using 13 workers of 13 for evacuation
[2025-02-28T17:18:03.847+0000][222.263s] GC(77)   Pre Evacuate Collection Set: 0.2ms
[2025-02-28T17:18:03.847+0000][222.263s] GC(77)   Merge Heap Roots: 0.1ms
[2025-02-28T17:18:03.848+0000][222.264s] GC(77)   Evacuate Collection Set: 2.0ms
[2025-02-28T17:18:03.848+0000][222.264s] GC(77)   Post Evacuate Collection Set: 0.8ms
[2025-02-28T17:18:03.848+0000][222.264s] GC(77)   Other: 1.3ms
[2025-02-28T17:18:03.849+0000][222.265s] GC(77) Eden regions: 140->0(134)
[2025-02-28T17:18:03.849+0000][222.265s] GC(77) Survivor regions: 20->12(20)
[2025-02-28T17:18:03.849+0000][222.265s] GC(77) Old regions: 253->269
[2025-02-28T17:18:03.850+0000][222.265s] GC(77) Archive regions: 2->2
[2025-02-28T17:18:03.850+0000][222.266s] GC(77) Humongous regions: 4->4
[2025-02-28T17:18:03.851+0000][222.266s] GC(77) Metaspace: 59938K(60352K)->59938K(60352K) NonClass: 52673K(52864K)->52673K(52864K) Class: 7264K(7488K)->7264K(7488K)
[2025-02-28T17:18:03.851+0000][222.267s] GC(77) Pause Young (Normal) (G1 Evacuation Pause) 416M->284M(512M) 8.476ms
[2025-02-28T17:18:03.852+0000][222.267s] GC(77) User=0.01s Sys=0.00s Real=0.01s
[2025-02-28T17:18:04.886+0000][223.302s] GC(78) Pause Young (Concurrent Start) (G1 Evacuation Pause)
[2025-02-28T17:18:04.887+0000][223.303s] GC(78) Using 13 workers of 13 for evacuation
[2025-02-28T17:18:04.891+0000][223.307s] GC(78)   Pre Evacuate Collection Set: 0.2ms
[2025-02-28T17:18:04.892+0000][223.308s] GC(78)   Merge Heap Roots: 0.1ms
[2025-02-28T17:18:04.893+0000][223.309s] GC(78)   Evacuate Collection Set: 2.2ms
[2025-02-28T17:18:04.893+0000][223.309s] GC(78)   Post Evacuate Collection Set: 1.2ms
[2025-02-28T17:18:04.894+0000][223.309s] GC(78)   Other: 1.2ms
[2025-02-28T17:18:04.894+0000][223.310s] GC(78) Eden regions: 134->0(121)
[2025-02-28T17:18:04.894+0000][223.310s] GC(78) Survivor regions: 12->16(19)
[2025-02-28T17:18:04.895+0000][223.311s] GC(78) Old regions: 269->280
[2025-02-28T17:18:04.895+0000][223.311s] GC(78) Archive regions: 2->2
[2025-02-28T17:18:04.896+0000][223.312s] GC(78) Humongous regions: 4->4
[2025-02-28T17:18:04.896+0000][223.312s] GC(78) Metaspace: 59938K(60352K)->59938K(60352K) NonClass: 52673K(52864K)->52673K(52864K) Class: 7264K(7488K)->7264K(7488K)
[2025-02-28T17:18:04.897+0000][223.313s] GC(78) Pause Young (Concurrent Start) (G1 Evacuation Pause) 418M->299M(512M) 10.673ms
[2025-02-28T17:18:04.897+0000][223.313s] GC(78) User=0.02s Sys=0.01s Real=0.01s
[2025-02-28T17:18:04.898+0000][223.314s] GC(79) Concurrent Mark Cycle
[2025-02-28T17:18:04.898+0000][223.314s] GC(79) Concurrent Clear Claimed Marks
[2025-02-28T17:18:04.899+0000][223.314s] GC(79) Concurrent Clear Claimed Marks 0.415ms
[2025-02-28T17:18:04.899+0000][223.315s] GC(79) Concurrent Scan Root Regions
[2025-02-28T17:18:04.900+0000][223.316s] GC(79) Concurrent Scan Root Regions 0.902ms
[2025-02-28T17:18:04.900+0000][223.316s] GC(79) Concurrent Mark
[2025-02-28T17:18:04.901+0000][223.317s] GC(79) Concurrent Mark From Roots
[2025-02-28T17:18:04.901+0000][223.317s] GC(79) Using 3 workers of 3 for marking
[2025-02-28T17:18:04.921+0000][223.336s] GC(79) Concurrent Mark From Roots 19.842ms
[2025-02-28T17:18:04.921+0000][223.337s] GC(79) Concurrent Preclean
[2025-02-28T17:18:04.922+0000][223.338s] GC(79) Concurrent Preclean 1.049ms
[2025-02-28T17:18:04.923+0000][223.339s] GC(79) Pause Remark
[2025-02-28T17:18:04.932+0000][223.348s] GC(79) Pause Remark 301M->208M(512M) 9.317ms
[2025-02-28T17:18:04.933+0000][223.349s] GC(79) User=0.08s Sys=0.00s Real=0.01s
[2025-02-28T17:18:04.934+0000][223.350s] GC(79) Concurrent Mark 33.474ms
[2025-02-28T17:18:04.934+0000][223.350s] GC(79) Concurrent Rebuild Remembered Sets
[2025-02-28T17:18:04.944+0000][223.360s] GC(79) Concurrent Rebuild Remembered Sets 10.190ms
[2025-02-28T17:18:04.945+0000][223.361s] GC(79) Pause Cleanup
[2025-02-28T17:18:04.946+0000][223.362s] GC(79) Pause Cleanup 208M->208M(512M) 1.067ms
[2025-02-28T17:18:04.947+0000][223.363s] GC(79) User=0.00s Sys=0.00s Real=0.00s
[2025-02-28T17:18:04.948+0000][223.364s] GC(79) Concurrent Cleanup for Next Mark
[2025-02-28T17:18:04.948+0000][223.364s] GC(79) Concurrent Cleanup for Next Mark 0.874ms
[2025-02-28T17:18:04.949+0000][223.365s] GC(79) Concurrent Mark Cycle 51.312ms
[2025-02-28T17:18:05.839+0000][224.255s] GC(80) Pause Young (Prepare Mixed) (G1 Evacuation Pause)
[2025-02-28T17:18:05.839+0000][224.255s] GC(80) Using 13 workers of 13 for evacuation
[2025-02-28T17:18:05.844+0000][224.260s] GC(80)   Pre Evacuate Collection Set: 0.2ms
[2025-02-28T17:18:05.845+0000][224.261s] GC(80)   Merge Heap Roots: 0.1ms
[2025-02-28T17:18:05.845+0000][224.261s] GC(80)   Evacuate Collection Set: 2.5ms
[2025-02-28T17:18:05.846+0000][224.262s] GC(80)   Post Evacuate Collection Set: 1.4ms
[2025-02-28T17:18:05.846+0000][224.262s] GC(80)   Other: 0.8ms
[2025-02-28T17:18:05.846+0000][224.262s] GC(80) Eden regions: 121->0(9)
[2025-02-28T17:18:05.846+0000][224.262s] GC(80) Survivor regions: 16->16(18)
[2025-02-28T17:18:05.847+0000][224.263s] GC(80) Old regions: 187->200
[2025-02-28T17:18:05.847+0000][224.263s] GC(80) Archive regions: 2->2
[2025-02-28T17:18:05.847+0000][224.263s] GC(80) Humongous regions: 4->4
[2025-02-28T17:18:05.847+0000][224.263s] GC(80) Metaspace: 59828K(60352K)->59828K(60352K) NonClass: 52589K(52864K)->52589K(52864K) Class: 7239K(7488K)->7239K(7488K)
[2025-02-28T17:18:05.848+0000][224.263s] GC(80) Pause Young (Prepare Mixed) (G1 Evacuation Pause) 327M->219M(512M) 8.337ms
[2025-02-28T17:18:05.848+0000][224.264s] GC(80) User=0.03s Sys=0.00s Real=0.01s
[2025-02-28T17:18:05.884+0000][224.300s] GC(81) Pause Young (Mixed) (G1 Evacuation Pause)
[2025-02-28T17:18:05.885+0000][224.301s] GC(81) Using 13 workers of 13 for evacuation
[2025-02-28T17:18:05.888+0000][224.304s] GC(81)   Pre Evacuate Collection Set: 0.2ms
[2025-02-28T17:18:05.889+0000][224.305s] GC(81)   Merge Heap Roots: 0.2ms
[2025-02-28T17:18:05.889+0000][224.305s] GC(81)   Evacuate Collection Set: 1.5ms
[2025-02-28T17:18:05.890+0000][224.306s] GC(81)   Post Evacuate Collection Set: 0.9ms
[2025-02-28T17:18:05.890+0000][224.306s] GC(81)   Other: 1.1ms
[2025-02-28T17:18:05.891+0000][224.307s] GC(81) Eden regions: 9->0(23)
[2025-02-28T17:18:05.891+0000][224.307s] GC(81) Survivor regions: 16->2(4)
[2025-02-28T17:18:05.892+0000][224.307s] GC(81) Old regions: 200->163
[2025-02-28T17:18:05.892+0000][224.308s] GC(81) Archive regions: 2->2
[2025-02-28T17:18:05.892+0000][224.308s] GC(81) Humongous regions: 4->4
[2025-02-28T17:18:05.893+0000][224.309s] GC(81) Metaspace: 59828K(60352K)->59828K(60352K) NonClass: 52589K(52864K)->52589K(52864K) Class: 7239K(7488K)->7239K(7488K)
[2025-02-28T17:18:05.893+0000][224.309s] GC(81) Pause Young (Mixed) (G1 Evacuation Pause) 228M->168M(512M) 9.072ms
[2025-02-28T17:18:05.894+0000][224.310s] GC(81) User=0.01s Sys=0.00s Real=0.01s
[2025-02-28T17:18:06.116+0000][224.532s] GC(82) Pause Young (Mixed) (G1 Evacuation Pause)
[2025-02-28T17:18:06.117+0000][224.533s] GC(82) Using 13 workers of 13 for evacuation
[2025-02-28T17:18:06.120+0000][224.536s] GC(82)   Pre Evacuate Collection Set: 0.2ms
[2025-02-28T17:18:06.121+0000][224.537s] GC(82)   Merge Heap Roots: 0.2ms
[2025-02-28T17:18:06.121+0000][224.537s] GC(82)   Evacuate Collection Set: 1.5ms
[2025-02-28T17:18:06.122+0000][224.538s] GC(82)   Post Evacuate Collection Set: 0.7ms
[2025-02-28T17:18:06.122+0000][224.538s] GC(82)   Other: 1.4ms
[2025-02-28T17:18:06.122+0000][224.538s] GC(82) Eden regions: 23->0(250)
[2025-02-28T17:18:06.123+0000][224.538s] GC(82) Survivor regions: 2->4(4)
[2025-02-28T17:18:06.123+0000][224.539s] GC(82) Old regions: 163->129
[2025-02-28T17:18:06.123+0000][224.539s] GC(82) Archive regions: 2->2
[2025-02-28T17:18:06.124+0000][224.540s] GC(82) Humongous regions: 4->4
[2025-02-28T17:18:06.124+0000][224.540s] GC(82) Metaspace: 59828K(60352K)->59828K(60352K) NonClass: 52589K(52864K)->52589K(52864K) Class: 7239K(7488K)->7239K(7488K)
[2025-02-28T17:18:06.125+0000][224.540s] GC(82) Pause Young (Mixed) (G1 Evacuation Pause) 191M->136M(512M) 8.353ms
[2025-02-28T17:18:06.125+0000][224.541s] GC(82) User=0.00s Sys=0.00s Real=0.01s
[2025-02-28T17:18:07.785+0000][226.201s] GC(83) Pause Young (Normal) (G1 Evacuation Pause)
[2025-02-28T17:18:07.785+0000][226.201s] GC(83) Using 13 workers of 13 for evacuation
[2025-02-28T17:18:07.788+0000][226.204s] GC(83)   Pre Evacuate Collection Set: 0.2ms
[2025-02-28T17:18:07.789+0000][226.205s] GC(83)   Merge Heap Roots: 0.1ms
[2025-02-28T17:18:07.789+0000][226.205s] GC(83)   Evacuate Collection Set: 2.0ms
[2025-02-28T17:18:07.789+0000][226.205s] GC(83)   Post Evacuate Collection Set: 0.6ms
[2025-02-28T17:18:07.790+0000][226.206s] GC(83)   Other: 0.7ms
[2025-02-28T17:18:07.790+0000][226.206s] GC(83) Eden regions: 250->0(226)
[2025-02-28T17:18:07.790+0000][226.206s] GC(83) Survivor regions: 4->32(32)
[2025-02-28T17:18:07.790+0000][226.206s] GC(83) Old regions: 129->129
[2025-02-28T17:18:07.791+0000][226.207s] GC(83) Archive regions: 2->2
[2025-02-28T17:18:07.791+0000][226.207s] GC(83) Humongous regions: 4->4
[2025-02-28T17:18:07.791+0000][226.207s] GC(83) Metaspace: 59828K(60352K)->59828K(60352K) NonClass: 52589K(52864K)->52589K(52864K) Class: 7239K(7488K)->7239K(7488K)
[2025-02-28T17:18:07.792+0000][226.208s] GC(83) Pause Young (Normal) (G1 Evacuation Pause) 386M->163M(512M) 6.837ms
[2025-02-28T17:18:07.792+0000][226.208s] GC(83) User=0.01s Sys=0.00s Real=0.01s
[2025-02-28T17:18:09.252+0000][227.668s] GC(84) Pause Young (Normal) (G1 Evacuation Pause)
[2025-02-28T17:18:09.253+0000][227.669s] GC(84) Using 13 workers of 13 for evacuation
[2025-02-28T17:18:09.257+0000][227.673s] GC(84)   Pre Evacuate Collection Set: 0.2ms
[2025-02-28T17:18:09.258+0000][227.674s] GC(84)   Merge Heap Roots: 0.2ms
[2025-02-28T17:18:09.258+0000][227.674s] GC(84)   Evacuate Collection Set: 3.2ms
[2025-02-28T17:18:09.258+0000][227.674s] GC(84)   Post Evacuate Collection Set: 0.8ms
[2025-02-28T17:18:09.258+0000][227.674s] GC(84)   Other: 0.7ms
[2025-02-28T17:18:09.259+0000][227.675s] GC(84) Eden regions: 226->0(212)
[2025-02-28T17:18:09.259+0000][227.675s] GC(84) Survivor regions: 32->24(33)
[2025-02-28T17:18:09.259+0000][227.675s] GC(84) Old regions: 129->156
[2025-02-28T17:18:09.259+0000][227.675s] GC(84) Archive regions: 2->2
[2025-02-28T17:18:09.259+0000][227.675s] GC(84) Humongous regions: 4->4
[2025-02-28T17:18:09.260+0000][227.676s] GC(84) Metaspace: 59830K(60352K)->59830K(60352K) NonClass: 52590K(52864K)->52590K(52864K) Class: 7239K(7488K)->7239K(7488K)
[2025-02-28T17:18:09.260+0000][227.676s] GC(84) Pause Young (Normal) (G1 Evacuation Pause) 389M->183M(512M) 7.389ms
[2025-02-28T17:18:09.260+0000][227.676s] GC(84) User=0.01s Sys=0.00s Real=0.00s
[2025-02-28T17:18:10.657+0000][229.073s] GC(85) Pause Young (Normal) (G1 Evacuation Pause)
[2025-02-28T17:18:10.658+0000][229.073s] GC(85) Using 13 workers of 13 for evacuation
[2025-02-28T17:18:10.662+0000][229.078s] GC(85)   Pre Evacuate Collection Set: 0.2ms
[2025-02-28T17:18:10.662+0000][229.078s] GC(85)   Merge Heap Roots: 0.1ms
[2025-02-28T17:18:10.662+0000][229.078s] GC(85)   Evacuate Collection Set: 2.8ms
[2025-02-28T17:18:10.663+0000][229.079s] GC(85)   Post Evacuate Collection Set: 0.6ms
[2025-02-28T17:18:10.663+0000][229.079s] GC(85)   Other: 0.8ms
[2025-02-28T17:18:10.663+0000][229.079s] GC(85) Eden regions: 212->0(195)
[2025-02-28T17:18:10.664+0000][229.080s] GC(85) Survivor regions: 24->25(30)
[2025-02-28T17:18:10.664+0000][229.080s] GC(85) Old regions: 156->176
[2025-02-28T17:18:10.664+0000][229.080s] GC(85) Archive regions: 2->2
[2025-02-28T17:18:10.665+0000][229.081s] GC(85) Humongous regions: 4->4
[2025-02-28T17:18:10.665+0000][229.081s] GC(85) Metaspace: 59830K(60352K)->59830K(60352K) NonClass: 52591K(52864K)->52591K(52864K) Class: 7239K(7488K)->7239K(7488K)
[2025-02-28T17:18:10.666+0000][229.082s] GC(85) Pause Young (Normal) (G1 Evacuation Pause) 395M->204M(512M) 8.463ms
[2025-02-28T17:18:10.666+0000][229.082s] GC(85) User=0.02s Sys=0.00s Real=0.01s
[2025-02-28T17:18:11.860+0000][230.276s] GC(86) Pause Young (Normal) (G1 Evacuation Pause)
[2025-02-28T17:18:11.860+0000][230.276s] GC(86) Using 13 workers of 13 for evacuation
[2025-02-28T17:18:11.864+0000][230.280s] GC(86)   Pre Evacuate Collection Set: 0.2ms
[2025-02-28T17:18:11.865+0000][230.281s] GC(86)   Merge Heap Roots: 0.1ms
[2025-02-28T17:18:11.865+0000][230.281s] GC(86)   Evacuate Collection Set: 2.8ms
[2025-02-28T17:18:11.865+0000][230.281s] GC(86)   Post Evacuate Collection Set: 0.8ms
[2025-02-28T17:18:11.865+0000][230.281s] GC(86)   Other: 0.6ms
[2025-02-28T17:18:11.866+0000][230.282s] GC(86) Eden regions: 195->0(183)
[2025-02-28T17:18:11.866+0000][230.282s] GC(86) Survivor regions: 25->19(28)
[2025-02-28T17:18:11.866+0000][230.282s] GC(86) Old regions: 176->198
[2025-02-28T17:18:11.866+0000][230.282s] GC(86) Archive regions: 2->2
[2025-02-28T17:18:11.866+0000][230.282s] GC(86) Humongous regions: 4->4
[2025-02-28T17:18:11.866+0000][230.282s] GC(86) Metaspace: 59831K(60352K)->59831K(60352K) NonClass: 52592K(52864K)->52592K(52864K) Class: 7239K(7488K)->7239K(7488K)
[2025-02-28T17:18:11.867+0000][230.283s] GC(86) Pause Young (Normal) (G1 Evacuation Pause) 399M->221M(512M) 6.590ms
[2025-02-28T17:18:11.867+0000][230.283s] GC(86) User=0.02s Sys=0.00s Real=0.01s
[2025-02-28T17:18:13.211+0000][231.627s] GC(87) Pause Young (Normal) (G1 Evacuation Pause)
[2025-02-28T17:18:13.212+0000][231.627s] GC(87) Using 13 workers of 13 for evacuation
[2025-02-28T17:18:13.215+0000][231.631s] GC(87)   Pre Evacuate Collection Set: 0.2ms
[2025-02-28T17:18:13.215+0000][231.631s] GC(87)   Merge Heap Roots: 0.2ms
[2025-02-28T17:18:13.216+0000][231.632s] GC(87)   Evacuate Collection Set: 2.6ms
[2025-02-28T17:18:13.216+0000][231.632s] GC(87)   Post Evacuate Collection Set: 0.6ms
[2025-02-28T17:18:13.216+0000][231.632s] GC(87)   Other: 0.4ms
[2025-02-28T17:18:13.216+0000][231.632s] GC(87) Eden regions: 183->0(165)
[2025-02-28T17:18:13.216+0000][231.632s] GC(87) Survivor regions: 19->24(26)
[2025-02-28T17:18:13.216+0000][231.632s] GC(87) Old regions: 198->214
[2025-02-28T17:18:13.216+0000][231.632s] GC(87) Archive regions: 2->2
[2025-02-28T17:18:13.216+0000][231.632s] GC(87) Humongous regions: 4->4
[2025-02-28T17:18:13.216+0000][231.632s] GC(87) Metaspace: 59831K(60352K)->59831K(60352K) NonClass: 52592K(52864K)->52592K(52864K) Class: 7239K(7488K)->7239K(7488K)
[2025-02-28T17:18:13.217+0000][231.633s] GC(87) Pause Young (Normal) (G1 Evacuation Pause) 404M->241M(512M) 5.275ms
[2025-02-28T17:18:13.217+0000][231.633s] GC(87) User=0.01s Sys=0.00s Real=0.00s
[2025-02-28T17:18:14.196+0000][232.612s] GC(88) Pause Young (Normal) (G1 Evacuation Pause)
[2025-02-28T17:18:14.200+0000][232.616s] GC(88) Using 13 workers of 13 for evacuation
[2025-02-28T17:18:14.204+0000][232.620s] GC(88)   Pre Evacuate Collection Set: 0.2ms
[2025-02-28T17:18:14.204+0000][232.620s] GC(88)   Merge Heap Roots: 0.1ms
[2025-02-28T17:18:14.205+0000][232.621s] GC(88)   Evacuate Collection Set: 2.4ms
[2025-02-28T17:18:14.205+0000][232.621s] GC(88)   Post Evacuate Collection Set: 1.0ms
[2025-02-28T17:18:14.205+0000][232.621s] GC(88)   Other: 4.2ms
[2025-02-28T17:18:14.205+0000][232.621s] GC(88) Eden regions: 165->0(155)
[2025-02-28T17:18:14.205+0000][232.621s] GC(88) Survivor regions: 24->16(24)
[2025-02-28T17:18:14.205+0000][232.621s] GC(88) Old regions: 214->236
[2025-02-28T17:18:14.205+0000][232.621s] GC(88) Archive regions: 2->2
[2025-02-28T17:18:14.205+0000][232.621s] GC(88) Humongous regions: 4->4
[2025-02-28T17:18:14.206+0000][232.622s] GC(88) Metaspace: 59831K(60352K)->59831K(60352K) NonClass: 52592K(52864K)->52592K(52864K) Class: 7239K(7488K)->7239K(7488K)
[2025-02-28T17:18:14.206+0000][232.622s] GC(88) Pause Young (Normal) (G1 Evacuation Pause) 406M->255M(512M) 9.540ms
[2025-02-28T17:18:14.206+0000][232.622s] GC(88) User=0.01s Sys=0.01s Real=0.01s
[2025-02-28T17:18:15.229+0000][233.645s] GC(89) Pause Young (Normal) (G1 Evacuation Pause)
[2025-02-28T17:18:15.229+0000][233.645s] GC(89) Using 13 workers of 13 for evacuation
[2025-02-28T17:18:15.233+0000][233.649s] GC(89)   Pre Evacuate Collection Set: 0.2ms
[2025-02-28T17:18:15.233+0000][233.649s] GC(89)   Merge Heap Roots: 0.1ms
[2025-02-28T17:18:15.233+0000][233.649s] GC(89)   Evacuate Collection Set: 2.3ms
[2025-02-28T17:18:15.234+0000][233.650s] GC(89)   Post Evacuate Collection Set: 0.7ms
[2025-02-28T17:18:15.234+0000][233.650s] GC(89)   Other: 0.5ms
[2025-02-28T17:18:15.234+0000][233.650s] GC(89) Eden regions: 155->0(144)
[2025-02-28T17:18:15.234+0000][233.650s] GC(89) Survivor regions: 16->18(22)
[2025-02-28T17:18:15.234+0000][233.650s] GC(89) Old regions: 236->248
[2025-02-28T17:18:15.234+0000][233.650s] GC(89) Archive regions: 2->2
[2025-02-28T17:18:15.234+0000][233.650s] GC(89) Humongous regions: 4->4
[2025-02-28T17:18:15.235+0000][233.651s] GC(89) Metaspace: 59832K(60352K)->59832K(60352K) NonClass: 52593K(52864K)->52593K(52864K) Class: 7239K(7488K)->7239K(7488K)
[2025-02-28T17:18:15.235+0000][233.651s] GC(89) Pause Young (Normal) (G1 Evacuation Pause) 410M->269M(512M) 5.624ms
[2025-02-28T17:18:15.235+0000][233.651s] GC(89) User=0.02s Sys=0.00s Real=0.01s
[2025-02-28T17:18:16.390+0000][234.806s] GC(90) Pause Young (Normal) (G1 Evacuation Pause)
[2025-02-28T17:18:16.390+0000][234.806s] GC(90) Using 13 workers of 13 for evacuation
[2025-02-28T17:18:16.394+0000][234.810s] GC(90)   Pre Evacuate Collection Set: 0.2ms
[2025-02-28T17:18:16.394+0000][234.810s] GC(90)   Merge Heap Roots: 0.1ms
[2025-02-28T17:18:16.394+0000][234.810s] GC(90)   Evacuate Collection Set: 3.0ms
[2025-02-28T17:18:16.395+0000][234.810s] GC(90)   Post Evacuate Collection Set: 0.7ms
[2025-02-28T17:18:16.395+0000][234.811s] GC(90)   Other: 0.4ms
[2025-02-28T17:18:16.395+0000][234.811s] GC(90) Eden regions: 144->0(129)
[2025-02-28T17:18:16.395+0000][234.811s] GC(90) Survivor regions: 18->20(21)
[2025-02-28T17:18:16.395+0000][234.811s] GC(90) Old regions: 248->262
[2025-02-28T17:18:16.396+0000][234.812s] GC(90) Archive regions: 2->2
[2025-02-28T17:18:16.396+0000][234.812s] GC(90) Humongous regions: 4->4
[2025-02-28T17:18:16.396+0000][234.812s] GC(90) Metaspace: 59832K(60352K)->59832K(60352K) NonClass: 52593K(52864K)->52593K(52864K) Class: 7239K(7488K)->7239K(7488K)
[2025-02-28T17:18:16.396+0000][234.812s] GC(90) Pause Young (Normal) (G1 Evacuation Pause) 413M->285M(512M) 6.384ms
[2025-02-28T17:18:16.396+0000][234.812s] GC(90) User=0.01s Sys=0.00s Real=0.01s
[2025-02-28T17:18:17.114+0000][235.530s] GC(91) Pause Young (Normal) (G1 Evacuation Pause)
[2025-02-28T17:18:17.114+0000][235.530s] GC(91) Using 13 workers of 13 for evacuation
[2025-02-28T17:18:17.118+0000][235.534s] GC(91)   Pre Evacuate Collection Set: 0.2ms
[2025-02-28T17:18:17.118+0000][235.534s] GC(91)   Merge Heap Roots: 0.1ms
[2025-02-28T17:18:17.118+0000][235.534s] GC(91)   Evacuate Collection Set: 2.2ms
[2025-02-28T17:18:17.118+0000][235.534s] GC(91)   Post Evacuate Collection Set: 0.6ms
[2025-02-28T17:18:17.118+0000][235.534s] GC(91)   Other: 0.6ms
[2025-02-28T17:18:17.119+0000][235.535s] GC(91) Eden regions: 129->0(123)
[2025-02-28T17:18:17.119+0000][235.535s] GC(91) Survivor regions: 20->12(19)
[2025-02-28T17:18:17.119+0000][235.535s] GC(91) Old regions: 262->280
[2025-02-28T17:18:17.120+0000][235.536s] GC(91) Archive regions: 2->2
[2025-02-28T17:18:17.120+0000][235.536s] GC(91) Humongous regions: 4->4
[2025-02-28T17:18:17.120+0000][235.536s] GC(91) Metaspace: 59832K(60352K)->59832K(60352K) NonClass: 52593K(52864K)->52593K(52864K) Class: 7239K(7488K)->7239K(7488K)
[2025-02-28T17:18:17.120+0000][235.536s] GC(91) Pause Young (Normal) (G1 Evacuation Pause) 414M->295M(512M) 6.250ms
[2025-02-28T17:18:17.121+0000][235.537s] GC(91) User=0.01s Sys=0.00s Real=0.01s
[2025-02-28T17:18:18.098+0000][236.514s] GC(92) Pause Young (Concurrent Start) (G1 Evacuation Pause)
[2025-02-28T17:18:18.098+0000][236.514s] GC(92) Using 13 workers of 13 for evacuation
[2025-02-28T17:18:18.102+0000][236.518s] GC(92)   Pre Evacuate Collection Set: 0.2ms
[2025-02-28T17:18:18.102+0000][236.518s] GC(92)   Merge Heap Roots: 0.1ms
[2025-02-28T17:18:18.103+0000][236.519s] GC(92)   Evacuate Collection Set: 1.9ms
[2025-02-28T17:18:18.103+0000][236.519s] GC(92)   Post Evacuate Collection Set: 0.6ms
[2025-02-28T17:18:18.113+0000][236.529s] GC(92)   Other: 0.8ms
[2025-02-28T17:18:18.117+0000][236.533s] GC(92) Eden regions: 123->0(118)
[2025-02-28T17:18:18.127+0000][236.543s] GC(92) Survivor regions: 12->12(17)
[2025-02-28T17:18:18.130+0000][236.546s] GC(92) Old regions: 280->289
[2025-02-28T17:18:18.130+0000][236.546s] GC(92) Archive regions: 2->2
[2025-02-28T17:18:18.131+0000][236.546s] GC(92) Humongous regions: 4->4
[2025-02-28T17:18:18.131+0000][236.547s] GC(92) Metaspace: 59832K(60352K)->59832K(60352K) NonClass: 52593K(52864K)->52593K(52864K) Class: 7239K(7488K)->7239K(7488K)
[2025-02-28T17:18:18.131+0000][236.547s] GC(92) Pause Young (Concurrent Start) (G1 Evacuation Pause) 418M->305M(512M) 33.120ms
[2025-02-28T17:18:18.132+0000][236.548s] GC(92) User=0.01s Sys=0.00s Real=0.04s
[2025-02-28T17:18:18.132+0000][236.548s] GC(93) Concurrent Mark Cycle
[2025-02-28T17:18:18.133+0000][236.549s] GC(93) Concurrent Clear Claimed Marks
[2025-02-28T17:18:18.134+0000][236.550s] GC(93) Concurrent Clear Claimed Marks 0.698ms
[2025-02-28T17:18:18.135+0000][236.551s] GC(93) Concurrent Scan Root Regions
[2025-02-28T17:18:18.135+0000][236.551s] GC(93) Concurrent Scan Root Regions 0.710ms
[2025-02-28T17:18:18.136+0000][236.552s] GC(93) Concurrent Mark
[2025-02-28T17:18:18.136+0000][236.552s] GC(93) Concurrent Mark From Roots
[2025-02-28T17:18:18.137+0000][236.553s] GC(93) Using 3 workers of 3 for marking
[2025-02-28T17:18:18.155+0000][236.571s] GC(93) Concurrent Mark From Roots 18.608ms
[2025-02-28T17:18:18.155+0000][236.571s] GC(93) Concurrent Preclean
[2025-02-28T17:18:18.156+0000][236.572s] GC(93) Concurrent Preclean 0.453ms
[2025-02-28T17:18:18.158+0000][236.574s] GC(93) Pause Remark
[2025-02-28T17:18:18.162+0000][236.578s] GC(93) Pause Remark 313M->219M(512M) 4.012ms
[2025-02-28T17:18:18.163+0000][236.579s] GC(93) User=0.02s Sys=0.00s Real=0.01s
[2025-02-28T17:18:18.164+0000][236.580s] GC(93) Concurrent Mark 27.619ms
[2025-02-28T17:18:18.164+0000][236.580s] GC(93) Concurrent Rebuild Remembered Sets
[2025-02-28T17:18:18.174+0000][236.590s] GC(93) Concurrent Rebuild Remembered Sets 10.059ms
[2025-02-28T17:18:18.174+0000][236.590s] GC(93) Pause Cleanup
[2025-02-28T17:18:18.175+0000][236.591s] GC(93) Pause Cleanup 220M->220M(512M) 0.516ms
[2025-02-28T17:18:18.175+0000][236.591s] GC(93) User=0.00s Sys=0.00s Real=0.00s
[2025-02-28T17:18:18.176+0000][236.592s] GC(93) Concurrent Cleanup for Next Mark
[2025-02-28T17:18:18.176+0000][236.592s] GC(93) Concurrent Cleanup for Next Mark 0.582ms
[2025-02-28T17:18:18.177+0000][236.592s] GC(93) Concurrent Mark Cycle 44.639ms
[2025-02-28T17:18:18.945+0000][237.361s] GC(94) Pause Young (Prepare Mixed) (G1 Evacuation Pause)
[2025-02-28T17:18:18.946+0000][237.362s] GC(94) Using 13 workers of 13 for evacuation
[2025-02-28T17:18:18.949+0000][237.365s] GC(94)   Pre Evacuate Collection Set: 0.2ms
[2025-02-28T17:18:18.950+0000][237.366s] GC(94)   Merge Heap Roots: 0.1ms
[2025-02-28T17:18:18.950+0000][237.366s] GC(94)   Evacuate Collection Set: 2.3ms
[2025-02-28T17:18:18.951+0000][237.367s] GC(94)   Post Evacuate Collection Set: 0.6ms
[2025-02-28T17:18:18.951+0000][237.367s] GC(94)   Other: 0.8ms
[2025-02-28T17:18:18.951+0000][237.367s] GC(94) Eden regions: 118->0(8)
[2025-02-28T17:18:18.952+0000][237.368s] GC(94) Survivor regions: 12->17(17)
[2025-02-28T17:18:18.952+0000][237.368s] GC(94) Old regions: 195->205
[2025-02-28T17:18:18.952+0000][237.368s] GC(94) Archive regions: 2->2
[2025-02-28T17:18:18.953+0000][237.369s] GC(94) Humongous regions: 4->4
[2025-02-28T17:18:18.953+0000][237.369s] GC(94) Metaspace: 59845K(60352K)->59845K(60352K) NonClass: 52606K(52864K)->52606K(52864K) Class: 7239K(7488K)->7239K(7488K)
[2025-02-28T17:18:18.954+0000][237.370s] GC(94) Pause Young (Prepare Mixed) (G1 Evacuation Pause) 329M->225M(512M) 8.283ms
[2025-02-28T17:18:18.954+0000][237.370s] GC(94) User=0.01s Sys=0.00s Real=0.01s
[2025-02-28T17:18:19.079+0000][237.495s] GC(95) Pause Young (Mixed) (G1 Evacuation Pause)
[2025-02-28T17:18:19.080+0000][237.496s] GC(95) Using 13 workers of 13 for evacuation
[2025-02-28T17:18:19.084+0000][237.500s] GC(95)   Pre Evacuate Collection Set: 0.2ms
[2025-02-28T17:18:19.090+0000][237.506s] GC(95)   Merge Heap Roots: 0.1ms
[2025-02-28T17:18:19.096+0000][237.512s] GC(95)   Evacuate Collection Set: 1.7ms
[2025-02-28T17:18:19.098+0000][237.514s] GC(95)   Post Evacuate Collection Set: 0.5ms
[2025-02-28T17:18:19.098+0000][237.514s] GC(95)   Other: 2.5ms
[2025-02-28T17:18:19.099+0000][237.514s] GC(95) Eden regions: 8->0(23)
[2025-02-28T17:18:19.099+0000][237.515s] GC(95) Survivor regions: 17->2(4)
[2025-02-28T17:18:19.099+0000][237.515s] GC(95) Old regions: 205->168
[2025-02-28T17:18:19.100+0000][237.516s] GC(95) Archive regions: 2->2
[2025-02-28T17:18:19.100+0000][237.516s] GC(95) Humongous regions: 4->4
[2025-02-28T17:18:19.100+0000][237.516s] GC(95) Metaspace: 59845K(60352K)->59845K(60352K) NonClass: 52606K(52864K)->52606K(52864K) Class: 7239K(7488K)->7239K(7488K)
[2025-02-28T17:18:19.101+0000][237.517s] GC(95) Pause Young (Mixed) (G1 Evacuation Pause) 233M->174M(512M) 21.350ms
[2025-02-28T17:18:19.101+0000][237.517s] GC(95) User=0.01s Sys=0.00s Real=0.03s
[2025-02-28T17:18:19.244+0000][237.660s] GC(96) Pause Young (Mixed) (G1 Evacuation Pause)
[2025-02-28T17:18:19.246+0000][237.662s] GC(96) Using 13 workers of 13 for evacuation
[2025-02-28T17:18:19.249+0000][237.665s] GC(96)   Pre Evacuate Collection Set: 0.2ms
[2025-02-28T17:18:19.250+0000][237.666s] GC(96)   Merge Heap Roots: 0.1ms
[2025-02-28T17:18:19.250+0000][237.666s] GC(96)   Evacuate Collection Set: 2.0ms
[2025-02-28T17:18:19.250+0000][237.666s] GC(96)   Post Evacuate Collection Set: 0.7ms
[2025-02-28T17:18:19.250+0000][237.666s] GC(96)   Other: 3.0ms
[2025-02-28T17:18:19.251+0000][237.667s] GC(96) Eden regions: 23->0(263)
[2025-02-28T17:18:19.251+0000][237.667s] GC(96) Survivor regions: 2->4(4)
[2025-02-28T17:18:19.251+0000][237.667s] GC(96) Old regions: 168->131
[2025-02-28T17:18:19.251+0000][237.667s] GC(96) Archive regions: 2->2
[2025-02-28T17:18:19.251+0000][237.667s] GC(96) Humongous regions: 4->4
[2025-02-28T17:18:19.252+0000][237.667s] GC(96) Metaspace: 59845K(60352K)->59845K(60352K) NonClass: 52606K(52864K)->52606K(52864K) Class: 7239K(7488K)->7239K(7488K)
[2025-02-28T17:18:19.252+0000][237.668s] GC(96) Pause Young (Mixed) (G1 Evacuation Pause) 197M->139M(512M) 8.240ms
[2025-02-28T17:18:19.252+0000][237.668s] GC(96) User=0.01s Sys=0.00s Real=0.01s
[2025-02-28T17:18:20.705+0000][239.121s] GC(97) Pause Young (Normal) (G1 Evacuation Pause)
[2025-02-28T17:18:20.705+0000][239.121s] GC(97) Using 13 workers of 13 for evacuation
[2025-02-28T17:18:20.708+0000][239.124s] GC(97)   Pre Evacuate Collection Set: 0.2ms
[2025-02-28T17:18:20.709+0000][239.125s] GC(97)   Merge Heap Roots: 0.1ms
[2025-02-28T17:18:20.709+0000][239.125s] GC(97)   Evacuate Collection Set: 2.0ms
[2025-02-28T17:18:20.709+0000][239.125s] GC(97)   Post Evacuate Collection Set: 0.7ms
[2025-02-28T17:18:20.709+0000][239.125s] GC(97)   Other: 0.7ms
[2025-02-28T17:18:20.710+0000][239.126s] GC(97) Eden regions: 263->0(239)
[2025-02-28T17:18:20.710+0000][239.126s] GC(97) Survivor regions: 4->27(34)
[2025-02-28T17:18:20.710+0000][239.126s] GC(97) Old regions: 131->131
[2025-02-28T17:18:20.710+0000][239.126s] GC(97) Archive regions: 2->2
[2025-02-28T17:18:20.710+0000][239.126s] GC(97) Humongous regions: 4->4
[2025-02-28T17:18:20.711+0000][239.127s] GC(97) Metaspace: 59846K(60352K)->59846K(60352K) NonClass: 52607K(52864K)->52607K(52864K) Class: 7239K(7488K)->7239K(7488K)
[2025-02-28T17:18:20.711+0000][239.127s] GC(97) Pause Young (Normal) (G1 Evacuation Pause) 402M->161M(512M) 5.864ms
[2025-02-28T17:18:20.711+0000][239.127s] GC(97) User=0.02s Sys=0.00s Real=0.01s
[2025-02-28T17:18:22.051+0000][240.467s] GC(98) Pause Young (Normal) (G1 Evacuation Pause)
[2025-02-28T17:18:22.052+0000][240.468s] GC(98) Using 13 workers of 13 for evacuation
[2025-02-28T17:18:22.057+0000][240.473s] GC(98)   Pre Evacuate Collection Set: 0.3ms
[2025-02-28T17:18:22.057+0000][240.473s] GC(98)   Merge Heap Roots: 0.2ms
[2025-02-28T17:18:22.058+0000][240.474s] GC(98)   Evacuate Collection Set: 2.9ms
[2025-02-28T17:18:22.058+0000][240.474s] GC(98)   Post Evacuate Collection Set: 1.2ms
[2025-02-28T17:18:22.058+0000][240.474s] GC(98)   Other: 1.0ms
[2025-02-28T17:18:22.059+0000][240.474s] GC(98) Eden regions: 239->0(243)
[2025-02-28T17:18:22.059+0000][240.475s] GC(98) Survivor regions: 27->11(34)
[2025-02-28T17:18:22.059+0000][240.475s] GC(98) Old regions: 131->149
[2025-02-28T17:18:22.060+0000][240.476s] GC(98) Archive regions: 2->2
[2025-02-28T17:18:22.060+0000][240.476s] GC(98) Humongous regions: 4->4
[2025-02-28T17:18:22.060+0000][240.476s] GC(98) Metaspace: 59849K(60416K)->59849K(60416K) NonClass: 52610K(52928K)->52610K(52928K) Class: 7239K(7488K)->7239K(7488K)
[2025-02-28T17:18:22.060+0000][240.476s] GC(98) Pause Young (Normal) (G1 Evacuation Pause) 400M->163M(512M) 9.146ms
[2025-02-28T17:18:22.061+0000][240.477s] GC(98) User=0.02s Sys=0.00s Real=0.01s
[2025-02-28T17:18:25.253+0000][243.669s] GC(99) Pause Young (Normal) (G1 Evacuation Pause)
[2025-02-28T17:18:25.253+0000][243.669s] GC(99) Using 13 workers of 13 for evacuation
[2025-02-28T17:18:25.256+0000][243.672s] GC(99)   Pre Evacuate Collection Set: 0.2ms
[2025-02-28T17:18:25.256+0000][243.672s] GC(99)   Merge Heap Roots: 0.1ms
[2025-02-28T17:18:25.256+0000][243.672s] GC(99)   Evacuate Collection Set: 1.0ms
[2025-02-28T17:18:25.256+0000][243.672s] GC(99)   Post Evacuate Collection Set: 0.6ms
[2025-02-28T17:18:25.256+0000][243.672s] GC(99)   Other: 0.4ms
[2025-02-28T17:18:25.256+0000][243.672s] GC(99) Eden regions: 243->0(254)
[2025-02-28T17:18:25.256+0000][243.672s] GC(99) Survivor regions: 11->6(32)
[2025-02-28T17:18:25.257+0000][243.673s] GC(99) Old regions: 149->149
[2025-02-28T17:18:25.257+0000][243.673s] GC(99) Archive regions: 2->2
[2025-02-28T17:18:25.257+0000][243.673s] GC(99) Humongous regions: 4->4
[2025-02-28T17:18:25.257+0000][243.673s] GC(99) Metaspace: 59853K(60416K)->59853K(60416K) NonClass: 52614K(52928K)->52614K(52928K) Class: 7239K(7488K)->7239K(7488K)
[2025-02-28T17:18:25.257+0000][243.673s] GC(99) Pause Young (Normal) (G1 Evacuation Pause) 406M->158M(512M) 3.764ms
[2025-02-28T17:18:25.257+0000][243.673s] GC(99) User=0.00s Sys=0.00s Real=0.00s
[2025-02-28T17:29:23.249+0000][901.661s] GC(100) Pause Young (Normal) (G1 Evacuation Pause)
[2025-02-28T17:29:23.250+0000][901.662s] GC(100) Using 13 workers of 13 for evacuation
[2025-02-28T17:29:23.253+0000][901.665s] GC(100)   Pre Evacuate Collection Set: 0.3ms
[2025-02-28T17:29:23.253+0000][901.666s] GC(100)   Merge Heap Roots: 0.3ms
[2025-02-28T17:29:23.254+0000][901.666s] GC(100)   Evacuate Collection Set: 1.2ms
[2025-02-28T17:29:23.254+0000][901.667s] GC(100)   Post Evacuate Collection Set: 0.8ms
[2025-02-28T17:29:23.255+0000][901.668s] GC(100)   Other: 1.4ms
[2025-02-28T17:29:23.256+0000][901.668s] GC(100) Eden regions: 254->0(267)
[2025-02-28T17:29:23.256+0000][901.669s] GC(100) Survivor regions: 6->1(33)
[2025-02-28T17:29:23.257+0000][901.669s] GC(100) Old regions: 149->149
[2025-02-28T17:29:23.257+0000][901.670s] GC(100) Archive regions: 2->2
[2025-02-28T17:29:23.258+0000][901.670s] GC(100) Humongous regions: 4->4
[2025-02-28T17:29:23.259+0000][901.671s] GC(100) Metaspace: 59888K(60416K)->59888K(60416K) NonClass: 52644K(52928K)->52644K(52928K) Class: 7243K(7488K)->7243K(7488K)
[2025-02-28T17:29:23.259+0000][901.672s] GC(100) Pause Young (Normal) (G1 Evacuation Pause) 412M->153M(512M) 10.547ms
[2025-02-28T17:29:23.260+0000][901.672s] GC(100) User=0.01s Sys=0.00s Real=0.01s
[2025-03-01T16:14:47.337+0000][82829.738s] Heap
[2025-03-01T16:14:47.338+0000][82829.739s]  garbage-first heap   total 524288K, used 255837K [0x00000000e0000000, 0x0000000100000000)
[2025-03-01T16:14:47.338+0000][82829.739s]   region size 1024K, 98 young (100352K), 1 survivors (1024K)
[2025-03-01T16:14:47.338+0000][82829.739s]  Metaspace       used 61962K, committed 62464K, reserved 1114112K
[2025-03-01T16:14:47.338+0000][82829.739s]   class space    used 7516K, committed 7744K, reserved 1048576K
