[2025-02-19T18:05:38.685+0000][0.099s] Using G1
[2025-02-19T18:05:38.793+0000][0.208s] Version: 17.0.14+7 (release)
[2025-02-19T18:05:38.794+0000][0.208s] CPUs: 16 total, 16 available
[2025-02-19T18:05:38.794+0000][0.208s] Memory: 15802M
[2025-02-19T18:05:38.794+0000][0.208s] Large Page Support: Disabled
[2025-02-19T18:05:38.794+0000][0.209s] NUMA Support: Disabled
[2025-02-19T18:05:38.795+0000][0.209s] Compressed Oops: Enabled (32-bit)
[2025-02-19T18:05:38.795+0000][0.209s] Heap Region Size: 1M
[2025-02-19T18:05:38.795+0000][0.209s] Heap Min Capacity: 512M
[2025-02-19T18:05:38.795+0000][0.210s] Heap Initial Capacity: 512M
[2025-02-19T18:05:38.796+0000][0.211s] Heap Max Capacity: 512M
[2025-02-19T18:05:38.797+0000][0.211s] Pre-touch: Enabled
[2025-02-19T18:05:38.797+0000][0.211s] Parallel Workers: 13
[2025-02-19T18:05:38.797+0000][0.211s] Concurrent Workers: 3
[2025-02-19T18:05:38.797+0000][0.212s] Concurrent Refinement Workers: 13
[2025-02-19T18:05:38.798+0000][0.212s] Periodic GC: Disabled
[2025-02-19T18:05:38.804+0000][0.218s] CDS archive(s) mapped at: [0x00007f5f33000000-0x00007f5f33a62000-0x00007f5f33a62000), size 10887168, SharedBaseAddress: 0x00007f5f33000000, ArchiveRelocationMode: 1.
[2025-02-19T18:05:38.804+0000][0.218s] Compressed class space mapped at: 0x00007f5f34000000-0x00007f5f74000000, reserved size: 1073741824
[2025-02-19T18:05:38.804+0000][0.219s] Narrow klass base: 0x00007f5f33000000, Narrow klass shift: 0, Narrow klass range: 0x100000000
[2025-02-19T18:05:40.961+0000][2.375s] GC(0) Pause Young (Normal) (G1 Evacuation Pause)
[2025-02-19T18:05:40.961+0000][2.376s] GC(0) Using 12 workers of 13 for evacuation
[2025-02-19T18:05:40.966+0000][2.380s] GC(0)   Pre Evacuate Collection Set: 0.3ms
[2025-02-19T18:05:40.966+0000][2.381s] GC(0)   Merge Heap Roots: 0.4ms
[2025-02-19T18:05:40.967+0000][2.381s] GC(0)   Evacuate Collection Set: 2.5ms
[2025-02-19T18:05:40.967+0000][2.381s] GC(0)   Post Evacuate Collection Set: 0.8ms
[2025-02-19T18:05:40.967+0000][2.382s] GC(0)   Other: 0.8ms
[2025-02-19T18:05:40.968+0000][2.382s] GC(0) Eden regions: 29->0(61)
[2025-02-19T18:05:40.968+0000][2.382s] GC(0) Survivor regions: 0->4(4)
[2025-02-19T18:05:40.968+0000][2.383s] GC(0) Old regions: 0->0
[2025-02-19T18:05:40.969+0000][2.383s] GC(0) Archive regions: 2->2
[2025-02-19T18:05:40.969+0000][2.383s] GC(0) Humongous regions: 0->0
[2025-02-19T18:05:40.969+0000][2.384s] GC(0) Metaspace: 9309K(9472K)->9309K(9472K) NonClass: 8174K(8256K)->8174K(8256K) Class: 1135K(1216K)->1135K(1216K)
[2025-02-19T18:05:40.970+0000][2.384s] GC(0) Pause Young (Normal) (G1 Evacuation Pause) 29M->4M(512M) 8.564ms
[2025-02-19T18:05:40.970+0000][2.384s] GC(0) User=0.03s Sys=0.00s Real=0.01s
[2025-02-19T18:05:41.601+0000][3.015s] GC(1) Pause Young (Normal) (G1 Evacuation Pause)
[2025-02-19T18:05:41.602+0000][3.016s] GC(1) Using 13 workers of 13 for evacuation
[2025-02-19T18:05:41.611+0000][3.025s] GC(1)   Pre Evacuate Collection Set: 0.2ms
[2025-02-19T18:05:41.611+0000][3.025s] GC(1)   Merge Heap Roots: 0.2ms
[2025-02-19T18:05:41.611+0000][3.026s] GC(1)   Evacuate Collection Set: 6.8ms
[2025-02-19T18:05:41.612+0000][3.026s] GC(1)   Post Evacuate Collection Set: 1.3ms
[2025-02-19T18:05:41.612+0000][3.026s] GC(1)   Other: 0.9ms
[2025-02-19T18:05:41.612+0000][3.027s] GC(1) Eden regions: 61->0(105)
[2025-02-19T18:05:41.613+0000][3.027s] GC(1) Survivor regions: 4->9(9)
[2025-02-19T18:05:41.613+0000][3.027s] GC(1) Old regions: 0->6
[2025-02-19T18:05:41.613+0000][3.028s] GC(1) Archive regions: 2->2
[2025-02-19T18:05:41.614+0000][3.028s] GC(1) Humongous regions: 4->4
[2025-02-19T18:05:41.614+0000][3.028s] GC(1) Metaspace: 18060K(18368K)->18060K(18368K) NonClass: 15864K(16000K)->15864K(16000K) Class: 2195K(2368K)->2195K(2368K)
[2025-02-19T18:05:41.614+0000][3.028s] GC(1) Pause Young (Normal) (G1 Evacuation Pause) 69M->18M(512M) 12.894ms
[2025-02-19T18:05:41.614+0000][3.029s] GC(1) User=0.08s Sys=0.01s Real=0.02s
[2025-02-19T18:05:41.953+0000][3.367s] GC(2) Pause Young (Normal) (G1 Evacuation Pause)
[2025-02-19T18:05:41.954+0000][3.368s] GC(2) Using 13 workers of 13 for evacuation
[2025-02-19T18:05:41.960+0000][3.374s] GC(2)   Pre Evacuate Collection Set: 0.2ms
[2025-02-19T18:05:41.961+0000][3.375s] GC(2)   Merge Heap Roots: 0.1ms
[2025-02-19T18:05:41.961+0000][3.375s] GC(2)   Evacuate Collection Set: 4.7ms
[2025-02-19T18:05:41.961+0000][3.375s] GC(2)   Post Evacuate Collection Set: 1.0ms
[2025-02-19T18:05:41.961+0000][3.376s] GC(2)   Other: 0.9ms
[2025-02-19T18:05:41.962+0000][3.376s] GC(2) Eden regions: 91->0(301)
[2025-02-19T18:05:41.962+0000][3.376s] GC(2) Survivor regions: 9->6(13)
[2025-02-19T18:05:41.962+0000][3.376s] GC(2) Old regions: 6->15
[2025-02-19T18:05:41.962+0000][3.377s] GC(2) Archive regions: 2->2
[2025-02-19T18:05:41.963+0000][3.377s] GC(2) Humongous regions: 4->4
[2025-02-19T18:05:41.963+0000][3.377s] GC(2) Metaspace: 20366K(20672K)->20366K(20672K) NonClass: 17903K(18048K)->17903K(18048K) Class: 2462K(2624K)->2462K(2624K)
[2025-02-19T18:05:41.963+0000][3.378s] GC(2) Pause Young (Normal) (G1 Evacuation Pause) 109M->24M(512M) 10.133ms
[2025-02-19T18:05:41.963+0000][3.378s] GC(2) User=0.06s Sys=0.01s Real=0.01s
[2025-02-19T18:05:42.018+0000][3.432s] GC(3) Pause Young (Concurrent Start) (Metadata GC Threshold)
[2025-02-19T18:05:42.019+0000][3.433s] GC(3) Using 13 workers of 13 for evacuation
[2025-02-19T18:05:42.022+0000][3.436s] GC(3)   Pre Evacuate Collection Set: 0.2ms
[2025-02-19T18:05:42.022+0000][3.436s] GC(3)   Merge Heap Roots: 0.1ms
[2025-02-19T18:05:42.022+0000][3.437s] GC(3)   Evacuate Collection Set: 1.5ms
[2025-02-19T18:05:42.023+0000][3.437s] GC(3)   Post Evacuate Collection Set: 0.7ms
[2025-02-19T18:05:42.023+0000][3.438s] GC(3)   Other: 1.1ms
[2025-02-19T18:05:42.024+0000][3.438s] GC(3) Eden regions: 8->0(302)
[2025-02-19T18:05:42.024+0000][3.438s] GC(3) Survivor regions: 6->5(39)
[2025-02-19T18:05:42.024+0000][3.438s] GC(3) Old regions: 15->15
[2025-02-19T18:05:42.024+0000][3.439s] GC(3) Archive regions: 2->2
[2025-02-19T18:05:42.025+0000][3.439s] GC(3) Humongous regions: 4->4
[2025-02-19T18:05:42.025+0000][3.440s] GC(3) Metaspace: 21270K(21504K)->21270K(21504K) NonClass: 18687K(18816K)->18687K(18816K) Class: 2582K(2688K)->2582K(2688K)
[2025-02-19T18:05:42.026+0000][3.440s] GC(3) Pause Young (Concurrent Start) (Metadata GC Threshold) 32M->23M(512M) 7.414ms
[2025-02-19T18:05:42.026+0000][3.440s] GC(3) User=0.01s Sys=0.01s Real=0.01s
[2025-02-19T18:05:42.026+0000][3.440s] GC(4) Concurrent Mark Cycle
[2025-02-19T18:05:42.026+0000][3.441s] GC(4) Concurrent Clear Claimed Marks
[2025-02-19T18:05:42.027+0000][3.441s] GC(4) Concurrent Clear Claimed Marks 0.271ms
[2025-02-19T18:05:42.027+0000][3.441s] GC(4) Concurrent Scan Root Regions
[2025-02-19T18:05:42.028+0000][3.442s] GC(4) Concurrent Scan Root Regions 1.093ms
[2025-02-19T18:05:42.029+0000][3.443s] GC(4) Concurrent Mark
[2025-02-19T18:05:42.029+0000][3.443s] GC(4) Concurrent Mark From Roots
[2025-02-19T18:05:42.029+0000][3.443s] GC(4) Using 3 workers of 3 for marking
[2025-02-19T18:05:42.038+0000][3.452s] GC(4) Concurrent Mark From Roots 8.773ms
[2025-02-19T18:05:42.038+0000][3.452s] GC(4) Concurrent Preclean
[2025-02-19T18:05:42.038+0000][3.453s] GC(4) Concurrent Preclean 0.358ms
[2025-02-19T18:05:42.039+0000][3.453s] GC(4) Pause Remark
[2025-02-19T18:05:42.041+0000][3.455s] GC(4) Pause Remark 24M->24M(512M) 2.302ms
[2025-02-19T18:05:42.041+0000][3.456s] GC(4) User=0.01s Sys=0.00s Real=0.00s
[2025-02-19T18:05:42.042+0000][3.456s] GC(4) Concurrent Mark 13.127ms
[2025-02-19T18:05:42.042+0000][3.456s] GC(4) Concurrent Rebuild Remembered Sets
[2025-02-19T18:05:42.045+0000][3.460s] GC(4) Concurrent Rebuild Remembered Sets 3.254ms
[2025-02-19T18:05:42.046+0000][3.460s] GC(4) Pause Cleanup
[2025-02-19T18:05:42.046+0000][3.461s] GC(4) Pause Cleanup 25M->25M(512M) 0.581ms
[2025-02-19T18:05:42.047+0000][3.461s] GC(4) User=0.00s Sys=0.00s Real=0.00s
[2025-02-19T18:05:42.047+0000][3.461s] GC(4) Concurrent Cleanup for Next Mark
[2025-02-19T18:05:42.048+0000][3.462s] GC(4) Concurrent Cleanup for Next Mark 1.011ms
[2025-02-19T18:05:42.048+0000][3.463s] GC(4) Concurrent Mark Cycle 22.332ms
[2025-02-19T18:05:43.415+0000][4.829s] GC(5) Pause Young (Prepare Mixed) (Metadata GC Threshold)
[2025-02-19T18:05:43.415+0000][4.829s] GC(5) Using 13 workers of 13 for evacuation
[2025-02-19T18:05:43.421+0000][4.835s] GC(5)   Pre Evacuate Collection Set: 0.2ms
[2025-02-19T18:05:43.421+0000][4.836s] GC(5)   Merge Heap Roots: 0.1ms
[2025-02-19T18:05:43.422+0000][4.836s] GC(5)   Evacuate Collection Set: 3.4ms
[2025-02-19T18:05:43.422+0000][4.836s] GC(5)   Post Evacuate Collection Set: 1.9ms
[2025-02-19T18:05:43.422+0000][4.837s] GC(5)   Other: 0.8ms
[2025-02-19T18:05:43.423+0000][4.837s] GC(5) Eden regions: 115->0(14)
[2025-02-19T18:05:43.423+0000][4.837s] GC(5) Survivor regions: 5->11(39)
[2025-02-19T18:05:43.423+0000][4.837s] GC(5) Old regions: 15->15
[2025-02-19T18:05:43.423+0000][4.838s] GC(5) Archive regions: 2->2
[2025-02-19T18:05:43.424+0000][4.838s] GC(5) Humongous regions: 4->4
[2025-02-19T18:05:43.424+0000][4.838s] GC(5) Metaspace: 36093K(36480K)->36093K(36480K) NonClass: 31604K(31808K)->31604K(31808K) Class: 4488K(4672K)->4488K(4672K)
[2025-02-19T18:05:43.424+0000][4.838s] GC(5) Pause Young (Prepare Mixed) (Metadata GC Threshold) 138M->29M(512M) 9.614ms
[2025-02-19T18:05:43.424+0000][4.839s] GC(5) User=0.04s Sys=0.00s Real=0.01s
[2025-02-19T18:05:43.440+0000][4.854s] GC(6) Pause Young (Mixed) (Metadata GC Threshold)
[2025-02-19T18:05:43.441+0000][4.855s] GC(6) Using 13 workers of 13 for evacuation
[2025-02-19T18:05:43.445+0000][4.859s] GC(6)   Pre Evacuate Collection Set: 0.2ms
[2025-02-19T18:05:43.445+0000][4.860s] GC(6)   Merge Heap Roots: 0.1ms
[2025-02-19T18:05:43.446+0000][4.860s] GC(6)   Evacuate Collection Set: 3.0ms
[2025-02-19T18:05:43.446+0000][4.860s] GC(6)   Post Evacuate Collection Set: 0.6ms
[2025-02-19T18:05:43.446+0000][4.861s] GC(6)   Other: 0.9ms
[2025-02-19T18:05:43.447+0000][4.861s] GC(6) Eden regions: 2->0(306)
[2025-02-19T18:05:43.447+0000][4.861s] GC(6) Survivor regions: 11->1(4)
[2025-02-19T18:05:43.447+0000][4.861s] GC(6) Old regions: 15->25
[2025-02-19T18:05:43.447+0000][4.862s] GC(6) Archive regions: 2->2
[2025-02-19T18:05:43.447+0000][4.862s] GC(6) Humongous regions: 4->4
[2025-02-19T18:05:43.448+0000][4.862s] GC(6) Metaspace: 36395K(36800K)->36395K(36800K) NonClass: 31883K(32128K)->31883K(32128K) Class: 4511K(4672K)->4511K(4672K)
[2025-02-19T18:05:43.448+0000][4.862s] GC(6) Pause Young (Mixed) (Metadata GC Threshold) 31M->29M(512M) 7.757ms
[2025-02-19T18:05:43.448+0000][4.862s] GC(6) User=0.03s Sys=0.00s Real=0.01s
[2025-02-19T18:05:43.468+0000][4.882s] GC(7) Pause Young (Concurrent Start) (Metadata GC Threshold)
[2025-02-19T18:05:43.468+0000][4.882s] GC(7) Using 13 workers of 13 for evacuation
[2025-02-19T18:05:43.471+0000][4.885s] GC(7)   Pre Evacuate Collection Set: 0.3ms
[2025-02-19T18:05:43.471+0000][4.885s] GC(7)   Merge Heap Roots: 0.1ms
[2025-02-19T18:05:43.471+0000][4.886s] GC(7)   Evacuate Collection Set: 0.9ms
[2025-02-19T18:05:43.472+0000][4.886s] GC(7)   Post Evacuate Collection Set: 0.6ms
[2025-02-19T18:05:43.472+0000][4.886s] GC(7)   Other: 1.0ms
[2025-02-19T18:05:43.472+0000][4.886s] GC(7) Eden regions: 4->0(306)
[2025-02-19T18:05:43.472+0000][4.887s] GC(7) Survivor regions: 1->1(39)
[2025-02-19T18:05:43.473+0000][4.887s] GC(7) Old regions: 25->25
[2025-02-19T18:05:43.473+0000][4.887s] GC(7) Archive regions: 2->2
[2025-02-19T18:05:43.473+0000][4.888s] GC(7) Humongous regions: 4->4
[2025-02-19T18:05:43.474+0000][4.888s] GC(7) Metaspace: 36801K(37120K)->36801K(37120K) NonClass: 32224K(32384K)->32224K(32384K) Class: 4577K(4736K)->4577K(4736K)
[2025-02-19T18:05:43.474+0000][4.888s] GC(7) Pause Young (Concurrent Start) (Metadata GC Threshold) 33M->29M(512M) 6.197ms
[2025-02-19T18:05:43.474+0000][4.888s] GC(7) User=0.01s Sys=0.00s Real=0.01s
[2025-02-19T18:05:43.474+0000][4.889s] GC(8) Concurrent Mark Cycle
[2025-02-19T18:05:43.475+0000][4.889s] GC(8) Concurrent Clear Claimed Marks
[2025-02-19T18:05:43.475+0000][4.889s] GC(8) Concurrent Clear Claimed Marks 0.272ms
[2025-02-19T18:05:43.475+0000][4.889s] GC(8) Concurrent Scan Root Regions
[2025-02-19T18:05:43.476+0000][4.890s] GC(8) Concurrent Scan Root Regions 0.862ms
[2025-02-19T18:05:43.476+0000][4.891s] GC(8) Concurrent Mark
[2025-02-19T18:05:43.477+0000][4.891s] GC(8) Concurrent Mark From Roots
[2025-02-19T18:05:43.477+0000][4.891s] GC(8) Using 3 workers of 3 for marking
[2025-02-19T18:05:43.489+0000][4.904s] GC(8) Concurrent Mark From Roots 12.706ms
[2025-02-19T18:05:43.490+0000][4.904s] GC(8) Concurrent Preclean
[2025-02-19T18:05:43.490+0000][4.904s] GC(8) Concurrent Preclean 0.394ms
[2025-02-19T18:05:43.491+0000][4.905s] GC(8) Pause Remark
[2025-02-19T18:05:43.493+0000][4.907s] GC(8) Pause Remark 31M->31M(512M) 1.990ms
[2025-02-19T18:05:43.493+0000][4.907s] GC(8) User=0.01s Sys=0.00s Real=0.00s
[2025-02-19T18:05:43.493+0000][4.908s] GC(8) Concurrent Mark 17.043ms
[2025-02-19T18:05:43.494+0000][4.908s] GC(8) Concurrent Rebuild Remembered Sets
[2025-02-19T18:05:43.499+0000][4.913s] GC(8) Concurrent Rebuild Remembered Sets 5.424ms
[2025-02-19T18:05:43.500+0000][4.914s] GC(8) Pause Cleanup
[2025-02-19T18:05:43.500+0000][4.914s] GC(8) Pause Cleanup 32M->32M(512M) 0.458ms
[2025-02-19T18:05:43.500+0000][4.915s] GC(8) User=0.00s Sys=0.00s Real=0.00s
[2025-02-19T18:05:43.501+0000][4.915s] GC(8) Concurrent Cleanup for Next Mark
[2025-02-19T18:05:43.502+0000][4.916s] GC(8) Concurrent Cleanup for Next Mark 1.163ms
[2025-02-19T18:05:43.502+0000][4.916s] GC(8) Concurrent Mark Cycle 27.775ms
[2025-02-20T14:33:26.128+0000][70435.020s] GC(9) Pause Young (Normal) (G1 Evacuation Pause)
[2025-02-20T14:33:26.129+0000][70435.021s] GC(9) Using 13 workers of 13 for evacuation
[2025-02-20T14:33:26.223+0000][70435.115s] GC(9)   Pre Evacuate Collection Set: 1.6ms
[2025-02-20T14:33:26.223+0000][70435.115s] GC(9)   Merge Heap Roots: 0.6ms
[2025-02-20T14:33:26.223+0000][70435.116s] GC(9)   Evacuate Collection Set: 84.9ms
[2025-02-20T14:33:26.224+0000][70435.116s] GC(9)   Post Evacuate Collection Set: 4.3ms
[2025-02-20T14:33:26.224+0000][70435.116s] GC(9)   Other: 3.6ms
[2025-02-20T14:33:26.224+0000][70435.117s] GC(9) Eden regions: 306->0(281)
[2025-02-20T14:33:26.225+0000][70435.117s] GC(9) Survivor regions: 1->26(39)
[2025-02-20T14:33:26.225+0000][70435.117s] GC(9) Old regions: 25->25
[2025-02-20T14:33:26.225+0000][70435.117s] GC(9) Archive regions: 2->2
[2025-02-20T14:33:26.225+0000][70435.118s] GC(9) Humongous regions: 4->4
[2025-02-20T14:33:26.226+0000][70435.118s] GC(9) Metaspace: 58651K(59136K)->58651K(59136K) NonClass: 51309K(51584K)->51309K(51584K) Class: 7342K(7552K)->7342K(7552K)
[2025-02-20T14:33:26.226+0000][70435.118s] GC(9) Pause Young (Normal) (G1 Evacuation Pause) 335M->54M(512M) 97.895ms
[2025-02-20T14:33:26.226+0000][70435.119s] GC(9) User=1.12s Sys=0.00s Real=0.10s
[2025-02-20T14:33:28.330+0000][70437.222s] GC(10) Pause Young (Normal) (G1 Evacuation Pause)
[2025-02-20T14:33:28.330+0000][70437.223s] GC(10) Using 13 workers of 13 for evacuation
[2025-02-20T14:33:28.365+0000][70437.257s] GC(10)   Pre Evacuate Collection Set: 0.4ms
[2025-02-20T14:33:28.366+0000][70437.258s] GC(10)   Merge Heap Roots: 0.2ms
[2025-02-20T14:33:28.366+0000][70437.258s] GC(10)   Evacuate Collection Set: 32.1ms
[2025-02-20T14:33:28.367+0000][70437.259s] GC(10)   Post Evacuate Collection Set: 1.5ms
[2025-02-20T14:33:28.367+0000][70437.259s] GC(10)   Other: 0.9ms
[2025-02-20T14:33:28.368+0000][70437.260s] GC(10) Eden regions: 281->0(274)
[2025-02-20T14:33:28.368+0000][70437.260s] GC(10) Survivor regions: 26->33(39)
[2025-02-20T14:33:28.368+0000][70437.261s] GC(10) Old regions: 25->49
[2025-02-20T14:33:28.369+0000][70437.261s] GC(10) Archive regions: 2->2
[2025-02-20T14:33:28.369+0000][70437.262s] GC(10) Humongous regions: 4->4
[2025-02-20T14:33:28.370+0000][70437.262s] GC(10) Metaspace: 58809K(59264K)->58809K(59264K) NonClass: 51466K(51712K)->51466K(51712K) Class: 7342K(7552K)->7342K(7552K)
[2025-02-20T14:33:28.370+0000][70437.263s] GC(10) Pause Young (Normal) (G1 Evacuation Pause) 335M->86M(512M) 40.408ms
[2025-02-20T14:33:28.371+0000][70437.263s] GC(10) User=0.41s Sys=0.00s Real=0.04s
[2025-02-20T14:33:30.607+0000][70439.500s] GC(11) Pause Young (Normal) (G1 Evacuation Pause)
[2025-02-20T14:33:30.608+0000][70439.500s] GC(11) Using 13 workers of 13 for evacuation
[2025-02-20T14:33:30.650+0000][70439.542s] GC(11)   Pre Evacuate Collection Set: 0.4ms
[2025-02-20T14:33:30.650+0000][70439.543s] GC(11)   Merge Heap Roots: 0.2ms
[2025-02-20T14:33:30.651+0000][70439.543s] GC(11)   Evacuate Collection Set: 39.4ms
[2025-02-20T14:33:30.651+0000][70439.544s] GC(11)   Post Evacuate Collection Set: 1.2ms
[2025-02-20T14:33:30.652+0000][70439.544s] GC(11)   Other: 1.3ms
[2025-02-20T14:33:30.653+0000][70439.545s] GC(11) Eden regions: 274->0(273)
[2025-02-20T14:33:30.653+0000][70439.545s] GC(11) Survivor regions: 33->25(39)
[2025-02-20T14:33:30.654+0000][70439.546s] GC(11) Old regions: 49->79
[2025-02-20T14:33:30.654+0000][70439.547s] GC(11) Archive regions: 2->2
[2025-02-20T14:33:30.655+0000][70439.547s] GC(11) Humongous regions: 4->4
[2025-02-20T14:33:30.655+0000][70439.548s] GC(11) Metaspace: 59992K(60608K)->59992K(60608K) NonClass: 52540K(52864K)->52540K(52864K) Class: 7452K(7744K)->7452K(7744K)
[2025-02-20T14:33:30.656+0000][70439.548s] GC(11) Pause Young (Normal) (G1 Evacuation Pause) 360M->108M(512M) 48.300ms
[2025-02-20T14:33:30.656+0000][70439.548s] GC(11) User=0.50s Sys=0.00s Real=0.05s
[2025-02-20T14:33:33.171+0000][70442.063s] GC(12) Pause Young (Normal) (G1 Evacuation Pause)
[2025-02-20T14:33:33.171+0000][70442.063s] GC(12) Using 13 workers of 13 for evacuation
[2025-02-20T14:33:33.190+0000][70442.082s] GC(12)   Pre Evacuate Collection Set: 0.2ms
[2025-02-20T14:33:33.190+0000][70442.082s] GC(12)   Merge Heap Roots: 0.2ms
[2025-02-20T14:33:33.191+0000][70442.083s] GC(12)   Evacuate Collection Set: 16.9ms
[2025-02-20T14:33:33.191+0000][70442.084s] GC(12)   Post Evacuate Collection Set: 1.0ms
[2025-02-20T14:33:33.192+0000][70442.084s] GC(12)   Other: 0.8ms
[2025-02-20T14:33:33.192+0000][70442.084s] GC(12) Eden regions: 273->0(253)
[2025-02-20T14:33:33.193+0000][70442.085s] GC(12) Survivor regions: 25->30(38)
[2025-02-20T14:33:33.193+0000][70442.085s] GC(12) Old regions: 79->100
[2025-02-20T14:33:33.193+0000][70442.086s] GC(12) Archive regions: 2->2
[2025-02-20T14:33:33.194+0000][70442.086s] GC(12) Humongous regions: 4->4
[2025-02-20T14:33:33.194+0000][70442.087s] GC(12) Metaspace: 60106K(60672K)->60106K(60672K) NonClass: 52653K(52928K)->52653K(52928K) Class: 7452K(7744K)->7452K(7744K)
[2025-02-20T14:33:33.195+0000][70442.087s] GC(12) Pause Young (Normal) (G1 Evacuation Pause) 381M->133M(512M) 24.011ms
[2025-02-20T14:33:33.195+0000][70442.087s] GC(12) User=0.21s Sys=0.00s Real=0.02s
[2025-02-20T14:33:34.618+0000][70443.511s] GC(13) Pause Young (Normal) (G1 Evacuation Pause)
[2025-02-20T14:33:34.619+0000][70443.511s] GC(13) Using 13 workers of 13 for evacuation
[2025-02-20T14:33:34.643+0000][70443.535s] GC(13)   Pre Evacuate Collection Set: 0.2ms
[2025-02-20T14:33:34.643+0000][70443.536s] GC(13)   Merge Heap Roots: 0.1ms
[2025-02-20T14:33:34.644+0000][70443.536s] GC(13)   Evacuate Collection Set: 22.6ms
[2025-02-20T14:33:34.644+0000][70443.536s] GC(13)   Post Evacuate Collection Set: 0.9ms
[2025-02-20T14:33:34.644+0000][70443.536s] GC(13)   Other: 0.8ms
[2025-02-20T14:33:34.644+0000][70443.537s] GC(13) Eden regions: 253->0(236)
[2025-02-20T14:33:34.645+0000][70443.537s] GC(13) Survivor regions: 30->26(36)
[2025-02-20T14:33:34.645+0000][70443.537s] GC(13) Old regions: 100->127
[2025-02-20T14:33:34.645+0000][70443.538s] GC(13) Archive regions: 2->2
[2025-02-20T14:33:34.645+0000][70443.538s] GC(13) Humongous regions: 4->4
[2025-02-20T14:33:34.646+0000][70443.538s] GC(13) Metaspace: 60228K(60800K)->60228K(60800K) NonClass: 52773K(53056K)->52773K(53056K) Class: 7455K(7744K)->7455K(7744K)
[2025-02-20T14:33:34.646+0000][70443.538s] GC(13) Pause Young (Normal) (G1 Evacuation Pause) 386M->156M(512M) 27.691ms
[2025-02-20T14:33:34.646+0000][70443.539s] GC(13) User=0.31s Sys=0.00s Real=0.03s
[2025-02-20T14:33:36.861+0000][70445.753s] GC(14) Pause Young (Normal) (G1 Evacuation Pause)
[2025-02-20T14:33:36.861+0000][70445.753s] GC(14) Using 13 workers of 13 for evacuation
[2025-02-20T14:33:36.877+0000][70445.769s] GC(14)   Pre Evacuate Collection Set: 0.3ms
[2025-02-20T14:33:36.877+0000][70445.770s] GC(14)   Merge Heap Roots: 0.1ms
[2025-02-20T14:33:36.878+0000][70445.770s] GC(14)   Evacuate Collection Set: 14.1ms
[2025-02-20T14:33:36.878+0000][70445.770s] GC(14)   Post Evacuate Collection Set: 0.9ms
[2025-02-20T14:33:36.878+0000][70445.770s] GC(14)   Other: 0.5ms
[2025-02-20T14:33:36.878+0000][70445.771s] GC(14) Eden regions: 236->0(217)
[2025-02-20T14:33:36.879+0000][70445.771s] GC(14) Survivor regions: 26->26(33)
[2025-02-20T14:33:36.879+0000][70445.771s] GC(14) Old regions: 127->148
[2025-02-20T14:33:36.879+0000][70445.771s] GC(14) Archive regions: 2->2
[2025-02-20T14:33:36.879+0000][70445.771s] GC(14) Humongous regions: 4->4
[2025-02-20T14:33:36.879+0000][70445.771s] GC(14) Metaspace: 60279K(60864K)->60279K(60864K) NonClass: 52823K(53120K)->52823K(53120K) Class: 7455K(7744K)->7455K(7744K)
[2025-02-20T14:33:36.879+0000][70445.771s] GC(14) Pause Young (Normal) (G1 Evacuation Pause) 392M->177M(512M) 18.104ms
[2025-02-20T14:33:36.879+0000][70445.772s] GC(14) User=0.19s Sys=0.00s Real=0.02s
[2025-02-20T14:33:37.999+0000][70446.891s] GC(15) Pause Young (Normal) (G1 Evacuation Pause)
[2025-02-20T14:33:37.999+0000][70446.891s] GC(15) Using 13 workers of 13 for evacuation
[2025-02-20T14:33:38.028+0000][70446.920s] GC(15)   Pre Evacuate Collection Set: 0.2ms
[2025-02-20T14:33:38.028+0000][70446.921s] GC(15)   Merge Heap Roots: 0.1ms
[2025-02-20T14:33:38.029+0000][70446.921s] GC(15)   Evacuate Collection Set: 27.8ms
[2025-02-20T14:33:38.029+0000][70446.921s] GC(15)   Post Evacuate Collection Set: 0.9ms
[2025-02-20T14:33:38.029+0000][70446.921s] GC(15)   Other: 0.4ms
[2025-02-20T14:33:38.029+0000][70446.922s] GC(15) Eden regions: 217->0(202)
[2025-02-20T14:33:38.030+0000][70446.922s] GC(15) Survivor regions: 26->22(31)
[2025-02-20T14:33:38.030+0000][70446.922s] GC(15) Old regions: 148->171
[2025-02-20T14:33:38.030+0000][70446.922s] GC(15) Archive regions: 2->2
[2025-02-20T14:33:38.030+0000][70446.923s] GC(15) Humongous regions: 4->4
[2025-02-20T14:33:38.031+0000][70446.923s] GC(15) Metaspace: 60387K(60992K)->60387K(60992K) NonClass: 52931K(53248K)->52931K(53248K) Class: 7456K(7744K)->7456K(7744K)
[2025-02-20T14:33:38.031+0000][70446.923s] GC(15) Pause Young (Normal) (G1 Evacuation Pause) 394M->197M(512M) 32.222ms
[2025-02-20T14:33:38.031+0000][70446.923s] GC(15) User=0.35s Sys=0.00s Real=0.03s
[2025-02-20T14:33:39.708+0000][70448.601s] GC(16) Pause Young (Normal) (G1 Evacuation Pause)
[2025-02-20T14:33:39.709+0000][70448.601s] GC(16) Using 13 workers of 13 for evacuation
[2025-02-20T14:33:39.714+0000][70448.606s] GC(16)   Pre Evacuate Collection Set: 0.2ms
[2025-02-20T14:33:39.714+0000][70448.606s] GC(16)   Merge Heap Roots: 0.1ms
[2025-02-20T14:33:39.715+0000][70448.607s] GC(16)   Evacuate Collection Set: 3.5ms
[2025-02-20T14:33:39.715+0000][70448.607s] GC(16)   Post Evacuate Collection Set: 0.6ms
[2025-02-20T14:33:39.715+0000][70448.608s] GC(16)   Other: 0.9ms
[2025-02-20T14:33:39.716+0000][70448.608s] GC(16) Eden regions: 202->0(187)
[2025-02-20T14:33:39.716+0000][70448.609s] GC(16) Survivor regions: 22->22(28)
[2025-02-20T14:33:39.717+0000][70448.609s] GC(16) Old regions: 171->189
[2025-02-20T14:33:39.717+0000][70448.609s] GC(16) Archive regions: 2->2
[2025-02-20T14:33:39.718+0000][70448.610s] GC(16) Humongous regions: 4->4
[2025-02-20T14:33:39.718+0000][70448.610s] GC(16) Metaspace: 60419K(60992K)->60419K(60992K) NonClass: 52962K(53248K)->52962K(53248K) Class: 7456K(7744K)->7456K(7744K)
[2025-02-20T14:33:39.718+0000][70448.611s] GC(16) Pause Young (Normal) (G1 Evacuation Pause) 399M->215M(512M) 10.067ms
[2025-02-20T14:33:39.719+0000][70448.611s] GC(16) User=0.04s Sys=0.00s Real=0.01s
[2025-02-20T14:33:40.626+0000][70449.519s] GC(17) Pause Young (Normal) (G1 Evacuation Pause)
[2025-02-20T14:33:40.627+0000][70449.519s] GC(17) Using 13 workers of 13 for evacuation
[2025-02-20T14:33:40.632+0000][70449.524s] GC(17)   Pre Evacuate Collection Set: 0.3ms
[2025-02-20T14:33:40.633+0000][70449.525s] GC(17)   Merge Heap Roots: 0.1ms
[2025-02-20T14:33:40.633+0000][70449.525s] GC(17)   Evacuate Collection Set: 3.4ms
[2025-02-20T14:33:40.633+0000][70449.525s] GC(17)   Post Evacuate Collection Set: 0.8ms
[2025-02-20T14:33:40.633+0000][70449.526s] GC(17)   Other: 1.0ms
[2025-02-20T14:33:40.634+0000][70449.526s] GC(17) Eden regions: 187->0(174)
[2025-02-20T14:33:40.634+0000][70449.526s] GC(17) Survivor regions: 22->19(27)
[2025-02-20T14:33:40.634+0000][70449.526s] GC(17) Old regions: 189->209
[2025-02-20T14:33:40.634+0000][70449.526s] GC(17) Archive regions: 2->2
[2025-02-20T14:33:40.634+0000][70449.526s] GC(17) Humongous regions: 4->4
[2025-02-20T14:33:40.635+0000][70449.527s] GC(17) Metaspace: 60636K(61248K)->60636K(61248K) NonClass: 53148K(53440K)->53148K(53440K) Class: 7487K(7808K)->7487K(7808K)
[2025-02-20T14:33:40.635+0000][70449.527s] GC(17) Pause Young (Normal) (G1 Evacuation Pause) 402M->232M(512M) 8.443ms
[2025-02-20T14:33:40.635+0000][70449.527s] GC(17) User=0.03s Sys=0.00s Real=0.00s
[2025-02-20T14:33:41.760+0000][70450.652s] GC(18) Pause Young (Normal) (G1 Evacuation Pause)
[2025-02-20T14:33:41.760+0000][70450.652s] GC(18) Using 13 workers of 13 for evacuation
[2025-02-20T14:33:41.764+0000][70450.657s] GC(18)   Pre Evacuate Collection Set: 0.2ms
[2025-02-20T14:33:41.765+0000][70450.657s] GC(18)   Merge Heap Roots: 0.1ms
[2025-02-20T14:33:41.765+0000][70450.657s] GC(18)   Evacuate Collection Set: 2.8ms
[2025-02-20T14:33:41.765+0000][70450.658s] GC(18)   Post Evacuate Collection Set: 0.7ms
[2025-02-20T14:33:41.765+0000][70450.658s] GC(18)   Other: 0.9ms
[2025-02-20T14:33:41.766+0000][70450.658s] GC(18) Eden regions: 174->0(169)
[2025-02-20T14:33:41.766+0000][70450.658s] GC(18) Survivor regions: 19->15(25)
[2025-02-20T14:33:41.766+0000][70450.658s] GC(18) Old regions: 209->222
[2025-02-20T14:33:41.766+0000][70450.658s] GC(18) Archive regions: 2->2
[2025-02-20T14:33:41.766+0000][70450.659s] GC(18) Humongous regions: 4->4
[2025-02-20T14:33:41.767+0000][70450.659s] GC(18) Metaspace: 60662K(61248K)->60662K(61248K) NonClass: 53174K(53440K)->53174K(53440K) Class: 7488K(7808K)->7488K(7808K)
[2025-02-20T14:33:41.767+0000][70450.659s] GC(18) Pause Young (Normal) (G1 Evacuation Pause) 406M->240M(512M) 7.250ms
[2025-02-20T14:33:41.767+0000][70450.659s] GC(18) User=0.01s Sys=0.00s Real=0.01s
[2025-02-20T14:33:42.950+0000][70451.843s] GC(19) Pause Young (Normal) (G1 Evacuation Pause)
[2025-02-20T14:33:42.951+0000][70451.843s] GC(19) Using 13 workers of 13 for evacuation
[2025-02-20T14:33:42.954+0000][70451.846s] GC(19)   Pre Evacuate Collection Set: 0.2ms
[2025-02-20T14:33:42.954+0000][70451.846s] GC(19)   Merge Heap Roots: 0.2ms
[2025-02-20T14:33:42.954+0000][70451.847s] GC(19)   Evacuate Collection Set: 1.7ms
[2025-02-20T14:33:42.955+0000][70451.847s] GC(19)   Post Evacuate Collection Set: 0.6ms
[2025-02-20T14:33:42.955+0000][70451.847s] GC(19)   Other: 0.6ms
[2025-02-20T14:33:42.955+0000][70451.847s] GC(19) Eden regions: 169->0(180)
[2025-02-20T14:33:42.955+0000][70451.848s] GC(19) Survivor regions: 15->7(23)
[2025-02-20T14:33:42.956+0000][70451.848s] GC(19) Old regions: 222->223
[2025-02-20T14:33:42.956+0000][70451.848s] GC(19) Archive regions: 2->2
[2025-02-20T14:33:42.956+0000][70451.848s] GC(19) Humongous regions: 4->4
[2025-02-20T14:33:42.956+0000][70451.849s] GC(19) Metaspace: 60724K(61312K)->60724K(61312K) NonClass: 53231K(53504K)->53231K(53504K) Class: 7493K(7808K)->7493K(7808K)
[2025-02-20T14:33:42.957+0000][70451.849s] GC(19) Pause Young (Normal) (G1 Evacuation Pause) 409M->233M(512M) 6.094ms
[2025-02-20T14:33:42.957+0000][70451.849s] GC(19) User=0.02s Sys=0.00s Real=0.01s
[2025-02-20T14:33:44.164+0000][70453.056s] GC(20) Pause Young (Normal) (G1 Evacuation Pause)
[2025-02-20T14:33:44.164+0000][70453.057s] GC(20) Using 13 workers of 13 for evacuation
[2025-02-20T14:33:44.168+0000][70453.060s] GC(20)   Pre Evacuate Collection Set: 0.2ms
[2025-02-20T14:33:44.168+0000][70453.061s] GC(20)   Merge Heap Roots: 0.1ms
[2025-02-20T14:33:44.169+0000][70453.061s] GC(20)   Evacuate Collection Set: 1.5ms
[2025-02-20T14:33:44.169+0000][70453.061s] GC(20)   Post Evacuate Collection Set: 0.7ms
[2025-02-20T14:33:44.169+0000][70453.061s] GC(20)   Other: 1.3ms
[2025-02-20T14:33:44.169+0000][70453.061s] GC(20) Eden regions: 180->0(182)
[2025-02-20T14:33:44.169+0000][70453.062s] GC(20) Survivor regions: 7->9(24)
[2025-02-20T14:33:44.170+0000][70453.062s] GC(20) Old regions: 223->223
[2025-02-20T14:33:44.170+0000][70453.062s] GC(20) Archive regions: 2->2
[2025-02-20T14:33:44.170+0000][70453.062s] GC(20) Humongous regions: 4->4
[2025-02-20T14:33:44.170+0000][70453.063s] GC(20) Metaspace: 60826K(61376K)->60826K(61376K) NonClass: 53323K(53568K)->53323K(53568K) Class: 7503K(7808K)->7503K(7808K)
[2025-02-20T14:33:44.170+0000][70453.063s] GC(20) Pause Young (Normal) (G1 Evacuation Pause) 413M->235M(512M) 6.410ms
[2025-02-20T14:33:44.171+0000][70453.063s] GC(20) User=0.01s Sys=0.00s Real=0.01s
[2025-02-20T14:33:45.486+0000][70454.378s] GC(21) Pause Young (Normal) (G1 Evacuation Pause)
[2025-02-20T14:33:45.486+0000][70454.379s] GC(21) Using 13 workers of 13 for evacuation
[2025-02-20T14:33:45.490+0000][70454.382s] GC(21)   Pre Evacuate Collection Set: 0.2ms
[2025-02-20T14:33:45.490+0000][70454.382s] GC(21)   Merge Heap Roots: 0.1ms
[2025-02-20T14:33:45.490+0000][70454.382s] GC(21)   Evacuate Collection Set: 1.8ms
[2025-02-20T14:33:45.490+0000][70454.383s] GC(21)   Post Evacuate Collection Set: 0.7ms
[2025-02-20T14:33:45.491+0000][70454.383s] GC(21)   Other: 0.8ms
[2025-02-20T14:33:45.491+0000][70454.383s] GC(21) Eden regions: 182->0(168)
[2025-02-20T14:33:45.491+0000][70454.383s] GC(21) Survivor regions: 9->23(24)
[2025-02-20T14:33:45.491+0000][70454.383s] GC(21) Old regions: 223->223
[2025-02-20T14:33:45.491+0000][70454.384s] GC(21) Archive regions: 2->2
[2025-02-20T14:33:45.492+0000][70454.384s] GC(21) Humongous regions: 4->4
[2025-02-20T14:33:45.492+0000][70454.384s] GC(21) Metaspace: 61041K(61632K)->61041K(61632K) NonClass: 53523K(53824K)->53523K(53824K) Class: 7517K(7808K)->7517K(7808K)
[2025-02-20T14:33:45.492+0000][70454.384s] GC(21) Pause Young (Normal) (G1 Evacuation Pause) 417M->249M(512M) 6.164ms
[2025-02-20T14:33:45.492+0000][70454.385s] GC(21) User=0.02s Sys=0.00s Real=0.00s
[2025-02-20T14:33:46.427+0000][70455.319s] GC(22) Pause Young (Normal) (G1 Evacuation Pause)
[2025-02-20T14:33:46.427+0000][70455.319s] GC(22) Using 13 workers of 13 for evacuation
[2025-02-20T14:33:46.431+0000][70455.323s] GC(22)   Pre Evacuate Collection Set: 0.2ms
[2025-02-20T14:33:46.432+0000][70455.324s] GC(22)   Merge Heap Roots: 0.1ms
[2025-02-20T14:33:46.432+0000][70455.324s] GC(22)   Evacuate Collection Set: 2.3ms
[2025-02-20T14:33:46.432+0000][70455.325s] GC(22)   Post Evacuate Collection Set: 0.6ms
[2025-02-20T14:33:46.433+0000][70455.326s] GC(22)   Other: 0.6ms
[2025-02-20T14:33:46.434+0000][70455.326s] GC(22) Eden regions: 168->0(165)
[2025-02-20T14:33:46.434+0000][70455.327s] GC(22) Survivor regions: 23->19(24)
[2025-02-20T14:33:46.434+0000][70455.327s] GC(22) Old regions: 223->227
[2025-02-20T14:33:46.435+0000][70455.327s] GC(22) Archive regions: 2->2
[2025-02-20T14:33:46.435+0000][70455.328s] GC(22) Humongous regions: 4->4
[2025-02-20T14:33:46.436+0000][70455.328s] GC(22) Metaspace: 61076K(61632K)->61076K(61632K) NonClass: 53559K(53824K)->53559K(53824K) Class: 7517K(7808K)->7517K(7808K)
[2025-02-20T14:33:46.437+0000][70455.329s] GC(22) Pause Young (Normal) (G1 Evacuation Pause) 417M->248M(512M) 10.381ms
[2025-02-20T14:33:46.437+0000][70455.330s] GC(22) User=0.02s Sys=0.00s Real=0.01s
[2025-02-20T14:33:47.076+0000][70455.969s] GC(23) Pause Young (Concurrent Start) (G1 Evacuation Pause)
[2025-02-20T14:33:47.076+0000][70455.969s] GC(23) Using 13 workers of 13 for evacuation
[2025-02-20T14:33:47.085+0000][70455.977s] GC(23)   Pre Evacuate Collection Set: 0.5ms
[2025-02-20T14:33:47.086+0000][70455.978s] GC(23)   Merge Heap Roots: 0.2ms
[2025-02-20T14:33:47.086+0000][70455.978s] GC(23)   Evacuate Collection Set: 6.2ms
[2025-02-20T14:33:47.086+0000][70455.978s] GC(23)   Post Evacuate Collection Set: 0.7ms
[2025-02-20T14:33:47.086+0000][70455.978s] GC(23)   Other: 1.1ms
[2025-02-20T14:33:47.086+0000][70455.978s] GC(23) Eden regions: 165->0(157)
[2025-02-20T14:33:47.087+0000][70455.979s] GC(23) Survivor regions: 19->14(23)
[2025-02-20T14:33:47.087+0000][70455.979s] GC(23) Old regions: 227->242
[2025-02-20T14:33:47.088+0000][70455.980s] GC(23) Archive regions: 2->2
[2025-02-20T14:33:47.088+0000][70455.980s] GC(23) Humongous regions: 4->4
[2025-02-20T14:33:47.088+0000][70455.980s] GC(23) Metaspace: 61141K(61696K)->61141K(61696K) NonClass: 53624K(53888K)->53624K(53888K) Class: 7517K(7808K)->7517K(7808K)
[2025-02-20T14:33:47.088+0000][70455.981s] GC(23) Pause Young (Concurrent Start) (G1 Evacuation Pause) 413M->259M(512M) 12.010ms
[2025-02-20T14:33:47.089+0000][70455.981s] GC(23) User=0.06s Sys=0.00s Real=0.01s
[2025-02-20T14:33:47.089+0000][70455.981s] GC(24) Concurrent Mark Cycle
[2025-02-20T14:33:47.089+0000][70455.982s] GC(24) Concurrent Clear Claimed Marks
[2025-02-20T14:33:47.089+0000][70455.982s] GC(24) Concurrent Clear Claimed Marks 0.248ms
[2025-02-20T14:33:47.090+0000][70455.982s] GC(24) Concurrent Scan Root Regions
[2025-02-20T14:33:47.092+0000][70455.985s] GC(24) Concurrent Scan Root Regions 2.590ms
[2025-02-20T14:33:47.093+0000][70455.985s] GC(24) Concurrent Mark
[2025-02-20T14:33:47.094+0000][70455.986s] GC(24) Concurrent Mark From Roots
[2025-02-20T14:33:47.095+0000][70455.987s] GC(24) Using 3 workers of 3 for marking
[2025-02-20T14:33:47.136+0000][70456.028s] GC(24) Concurrent Mark From Roots 41.748ms
[2025-02-20T14:33:47.137+0000][70456.029s] GC(24) Concurrent Preclean
[2025-02-20T14:33:47.138+0000][70456.030s] GC(24) Concurrent Preclean 1.239ms
[2025-02-20T14:33:47.139+0000][70456.031s] GC(24) Pause Remark
[2025-02-20T14:33:47.185+0000][70456.077s] GC(24) Pause Remark 266M->147M(512M) 46.329ms
[2025-02-20T14:33:47.186+0000][70456.078s] GC(24) User=0.53s Sys=0.00s Real=0.05s
[2025-02-20T14:33:47.187+0000][70456.079s] GC(24) Concurrent Mark 93.710ms
[2025-02-20T14:33:47.188+0000][70456.081s] GC(24) Concurrent Rebuild Remembered Sets
[2025-02-20T14:33:47.199+0000][70456.091s] GC(24) Concurrent Rebuild Remembered Sets 10.523ms
[2025-02-20T14:33:47.200+0000][70456.092s] GC(24) Pause Cleanup
[2025-02-20T14:33:47.200+0000][70456.093s] GC(24) Pause Cleanup 152M->152M(512M) 0.685ms
[2025-02-20T14:33:47.201+0000][70456.093s] GC(24) User=0.00s Sys=0.00s Real=0.00s
[2025-02-20T14:33:47.201+0000][70456.094s] GC(24) Concurrent Cleanup for Next Mark
[2025-02-20T14:33:47.211+0000][70456.103s] GC(24) Concurrent Cleanup for Next Mark 9.207ms
[2025-02-20T14:33:47.212+0000][70456.104s] GC(24) Concurrent Mark Cycle 122.823ms
[2025-02-20T14:33:48.609+0000][70457.501s] GC(25) Pause Young (Prepare Mixed) (G1 Evacuation Pause)
[2025-02-20T14:33:48.609+0000][70457.501s] GC(25) Using 13 workers of 13 for evacuation
[2025-02-20T14:33:48.613+0000][70457.505s] GC(25)   Pre Evacuate Collection Set: 0.2ms
[2025-02-20T14:33:48.613+0000][70457.506s] GC(25)   Merge Heap Roots: 0.1ms
[2025-02-20T14:33:48.614+0000][70457.506s] GC(25)   Evacuate Collection Set: 2.7ms
[2025-02-20T14:33:48.614+0000][70457.506s] GC(25)   Post Evacuate Collection Set: 0.7ms
[2025-02-20T14:33:48.614+0000][70457.507s] GC(25)   Other: 0.6ms
[2025-02-20T14:33:48.615+0000][70457.507s] GC(25) Eden regions: 157->0(3)
[2025-02-20T14:33:48.615+0000][70457.507s] GC(25) Survivor regions: 14->22(22)
[2025-02-20T14:33:48.615+0000][70457.507s] GC(25) Old regions: 123->134
[2025-02-20T14:33:48.615+0000][70457.507s] GC(25) Archive regions: 2->2
[2025-02-20T14:33:48.615+0000][70457.508s] GC(25) Humongous regions: 4->4
[2025-02-20T14:33:48.616+0000][70457.508s] GC(25) Metaspace: 60987K(61696K)->60987K(61696K) NonClass: 53504K(53888K)->53504K(53888K) Class: 7483K(7808K)->7483K(7808K)
[2025-02-20T14:33:48.616+0000][70457.508s] GC(25) Pause Young (Prepare Mixed) (G1 Evacuation Pause) 297M->160M(512M) 7.301ms
[2025-02-20T14:33:48.616+0000][70457.508s] GC(25) User=0.05s Sys=0.00s Real=0.01s
[2025-02-20T14:33:48.618+0000][70457.510s] GC(26) Pause Young (Mixed) (G1 Evacuation Pause)
[2025-02-20T14:33:48.618+0000][70457.511s] GC(26) Using 13 workers of 13 for evacuation
[2025-02-20T14:33:48.622+0000][70457.514s] GC(26)   Pre Evacuate Collection Set: 0.2ms
[2025-02-20T14:33:48.622+0000][70457.515s] GC(26)   Merge Heap Roots: 0.1ms
[2025-02-20T14:33:48.623+0000][70457.515s] GC(26)   Evacuate Collection Set: 2.5ms
[2025-02-20T14:33:48.623+0000][70457.515s] GC(26)   Post Evacuate Collection Set: 0.6ms
[2025-02-20T14:33:48.623+0000][70457.516s] GC(26)   Other: 0.5ms
[2025-02-20T14:33:48.624+0000][70457.516s] GC(26) Eden regions: 3->0(266)
[2025-02-20T14:33:48.624+0000][70457.516s] GC(26) Survivor regions: 22->1(4)
[2025-02-20T14:33:48.624+0000][70457.516s] GC(26) Old regions: 134->114
[2025-02-20T14:33:48.624+0000][70457.517s] GC(26) Archive regions: 2->2
[2025-02-20T14:33:48.625+0000][70457.517s] GC(26) Humongous regions: 4->4
[2025-02-20T14:33:48.625+0000][70457.517s] GC(26) Metaspace: 60987K(61696K)->60987K(61696K) NonClass: 53504K(53888K)->53504K(53888K) Class: 7483K(7808K)->7483K(7808K)
[2025-02-20T14:33:48.625+0000][70457.517s] GC(26) Pause Young (Mixed) (G1 Evacuation Pause) 163M->118M(512M) 7.171ms
[2025-02-20T14:33:48.625+0000][70457.518s] GC(26) User=0.03s Sys=0.00s Real=0.01s
[2025-02-20T14:33:53.488+0000][70462.380s] GC(27) Pause Young (Normal) (G1 Evacuation Pause)
[2025-02-20T14:33:53.488+0000][70462.381s] GC(27) Using 13 workers of 13 for evacuation
[2025-02-20T14:33:53.491+0000][70462.383s] GC(27)   Pre Evacuate Collection Set: 0.2ms
[2025-02-20T14:33:53.491+0000][70462.383s] GC(27)   Merge Heap Roots: 0.2ms
[2025-02-20T14:33:53.491+0000][70462.384s] GC(27)   Evacuate Collection Set: 1.1ms
[2025-02-20T14:33:53.492+0000][70462.384s] GC(27)   Post Evacuate Collection Set: 0.6ms
[2025-02-20T14:33:53.492+0000][70462.384s] GC(27)   Other: 0.6ms
[2025-02-20T14:33:53.492+0000][70462.384s] GC(27) Eden regions: 266->0(270)
[2025-02-20T14:33:53.492+0000][70462.385s] GC(27) Survivor regions: 1->7(34)
[2025-02-20T14:33:53.493+0000][70462.385s] GC(27) Old regions: 114->114
[2025-02-20T14:33:53.493+0000][70462.385s] GC(27) Archive regions: 2->2
[2025-02-20T14:33:53.493+0000][70462.385s] GC(27) Humongous regions: 4->4
[2025-02-20T14:33:53.493+0000][70462.386s] GC(27) Metaspace: 61115K(61760K)->61115K(61760K) NonClass: 53622K(53952K)->53622K(53952K) Class: 7493K(7808K)->7493K(7808K)
[2025-02-20T14:33:53.493+0000][70462.386s] GC(27) Pause Young (Normal) (G1 Evacuation Pause) 384M->124M(512M) 5.399ms
[2025-02-20T14:33:53.494+0000][70462.386s] GC(27) User=0.01s Sys=0.00s Real=0.00s
[2025-02-20T14:33:55.526+0000][70464.418s] GC(28) Pause Young (Normal) (G1 Evacuation Pause)
[2025-02-20T14:33:55.526+0000][70464.419s] GC(28) Using 13 workers of 13 for evacuation
[2025-02-20T14:33:55.531+0000][70464.423s] GC(28)   Pre Evacuate Collection Set: 0.3ms
[2025-02-20T14:33:55.531+0000][70464.423s] GC(28)   Merge Heap Roots: 0.2ms
[2025-02-20T14:33:55.531+0000][70464.424s] GC(28)   Evacuate Collection Set: 2.8ms
[2025-02-20T14:33:55.532+0000][70464.424s] GC(28)   Post Evacuate Collection Set: 0.7ms
[2025-02-20T14:33:55.532+0000][70464.425s] GC(28)   Other: 1.1ms
[2025-02-20T14:33:55.533+0000][70464.425s] GC(28) Eden regions: 270->0(247)
[2025-02-20T14:33:55.533+0000][70464.425s] GC(28) Survivor regions: 7->32(35)
[2025-02-20T14:33:55.533+0000][70464.426s] GC(28) Old regions: 114->114
[2025-02-20T14:33:55.534+0000][70464.426s] GC(28) Archive regions: 2->2
[2025-02-20T14:33:55.534+0000][70464.426s] GC(28) Humongous regions: 4->4
[2025-02-20T14:33:55.535+0000][70464.427s] GC(28) Metaspace: 61189K(61760K)->61189K(61760K) NonClass: 53695K(53952K)->53695K(53952K) Class: 7493K(7808K)->7493K(7808K)
[2025-02-20T14:33:55.535+0000][70464.427s] GC(28) Pause Young (Normal) (G1 Evacuation Pause) 394M->149M(512M) 9.138ms
[2025-02-20T14:33:55.535+0000][70464.428s] GC(28) User=0.01s Sys=0.00s Real=0.01s
[2025-02-20T14:33:57.830+0000][70466.722s] GC(29) Pause Young (Normal) (G1 Evacuation Pause)
[2025-02-20T14:33:57.830+0000][70466.722s] GC(29) Using 13 workers of 13 for evacuation
[2025-02-20T14:33:57.836+0000][70466.728s] GC(29)   Pre Evacuate Collection Set: 0.3ms
[2025-02-20T14:33:57.836+0000][70466.728s] GC(29)   Merge Heap Roots: 0.1ms
[2025-02-20T14:33:57.837+0000][70466.729s] GC(29)   Evacuate Collection Set: 3.9ms
[2025-02-20T14:33:57.837+0000][70466.729s] GC(29)   Post Evacuate Collection Set: 0.9ms
[2025-02-20T14:33:57.837+0000][70466.730s] GC(29)   Other: 0.9ms
[2025-02-20T14:33:57.838+0000][70466.730s] GC(29) Eden regions: 247->0(227)
[2025-02-20T14:33:57.838+0000][70466.730s] GC(29) Survivor regions: 32->26(35)
[2025-02-20T14:33:57.838+0000][70466.731s] GC(29) Old regions: 114->141
[2025-02-20T14:33:57.838+0000][70466.731s] GC(29) Archive regions: 2->2
[2025-02-20T14:33:57.839+0000][70466.731s] GC(29) Humongous regions: 4->4
[2025-02-20T14:33:57.839+0000][70466.731s] GC(29) Metaspace: 61285K(61824K)->61285K(61824K) NonClass: 53791K(54016K)->53791K(54016K) Class: 7493K(7808K)->7493K(7808K)
[2025-02-20T14:33:57.839+0000][70466.732s] GC(29) Pause Young (Normal) (G1 Evacuation Pause) 396M->170M(512M) 9.692ms
[2025-02-20T14:33:57.840+0000][70466.732s] GC(29) User=0.04s Sys=0.00s Real=0.01s
[2025-02-20T14:33:59.759+0000][70468.651s] GC(30) Pause Young (Normal) (G1 Evacuation Pause)
[2025-02-20T14:33:59.759+0000][70468.652s] GC(30) Using 13 workers of 13 for evacuation
[2025-02-20T14:33:59.765+0000][70468.657s] GC(30)   Pre Evacuate Collection Set: 0.2ms
[2025-02-20T14:33:59.765+0000][70468.657s] GC(30)   Merge Heap Roots: 0.1ms
[2025-02-20T14:33:59.765+0000][70468.658s] GC(30)   Evacuate Collection Set: 3.6ms
[2025-02-20T14:33:59.766+0000][70468.658s] GC(30)   Post Evacuate Collection Set: 0.8ms
[2025-02-20T14:33:59.766+0000][70468.658s] GC(30)   Other: 0.9ms
[2025-02-20T14:33:59.766+0000][70468.659s] GC(30) Eden regions: 227->0(208)
[2025-02-20T14:33:59.767+0000][70468.659s] GC(30) Survivor regions: 26->25(32)
[2025-02-20T14:33:59.767+0000][70468.659s] GC(30) Old regions: 141->163
[2025-02-20T14:33:59.767+0000][70468.660s] GC(30) Archive regions: 2->2
[2025-02-20T14:33:59.768+0000][70468.660s] GC(30) Humongous regions: 4->4
[2025-02-20T14:33:59.768+0000][70468.660s] GC(30) Metaspace: 61345K(61888K)->61345K(61888K) NonClass: 53851K(54080K)->53851K(54080K) Class: 7493K(7808K)->7493K(7808K)
[2025-02-20T14:33:59.769+0000][70468.661s] GC(30) Pause Young (Normal) (G1 Evacuation Pause) 397M->191M(512M) 9.634ms
[2025-02-20T14:33:59.769+0000][70468.661s] GC(30) User=0.02s Sys=0.00s Real=0.01s
[2025-02-20T14:34:01.242+0000][70470.135s] GC(31) Pause Young (Normal) (G1 Evacuation Pause)
[2025-02-20T14:34:01.243+0000][70470.135s] GC(31) Using 13 workers of 13 for evacuation
[2025-02-20T14:34:01.248+0000][70470.140s] GC(31)   Pre Evacuate Collection Set: 0.4ms
[2025-02-20T14:34:01.249+0000][70470.141s] GC(31)   Merge Heap Roots: 0.2ms
[2025-02-20T14:34:01.249+0000][70470.141s] GC(31)   Evacuate Collection Set: 3.5ms
[2025-02-20T14:34:01.250+0000][70470.142s] GC(31)   Post Evacuate Collection Set: 0.6ms
[2025-02-20T14:34:01.250+0000][70470.142s] GC(31)   Other: 1.0ms
[2025-02-20T14:34:01.250+0000][70470.143s] GC(31) Eden regions: 208->0(194)
[2025-02-20T14:34:01.251+0000][70470.143s] GC(31) Survivor regions: 25->20(30)
[2025-02-20T14:34:01.251+0000][70470.143s] GC(31) Old regions: 163->186
[2025-02-20T14:34:01.251+0000][70470.144s] GC(31) Archive regions: 2->2
[2025-02-20T14:34:01.252+0000][70470.144s] GC(31) Humongous regions: 4->4
[2025-02-20T14:34:01.252+0000][70470.145s] GC(31) Metaspace: 61351K(61888K)->61351K(61888K) NonClass: 53858K(54080K)->53858K(54080K) Class: 7493K(7808K)->7493K(7808K)
[2025-02-20T14:34:01.253+0000][70470.145s] GC(31) Pause Young (Normal) (G1 Evacuation Pause) 399M->209M(512M) 10.342ms
[2025-02-20T14:34:01.253+0000][70470.145s] GC(31) User=0.02s Sys=0.00s Real=0.01s
[2025-02-20T14:34:03.034+0000][70471.926s] GC(32) Pause Young (Normal) (G1 Evacuation Pause)
[2025-02-20T14:34:03.034+0000][70471.926s] GC(32) Using 13 workers of 13 for evacuation
[2025-02-20T14:34:03.038+0000][70471.930s] GC(32)   Pre Evacuate Collection Set: 0.2ms
[2025-02-20T14:34:03.038+0000][70471.931s] GC(32)   Merge Heap Roots: 0.1ms
[2025-02-20T14:34:03.039+0000][70471.931s] GC(32)   Evacuate Collection Set: 2.7ms
[2025-02-20T14:34:03.039+0000][70471.931s] GC(32)   Post Evacuate Collection Set: 0.6ms
[2025-02-20T14:34:03.039+0000][70471.932s] GC(32)   Other: 0.7ms
[2025-02-20T14:34:03.040+0000][70471.932s] GC(32) Eden regions: 194->0(173)
[2025-02-20T14:34:03.040+0000][70471.932s] GC(32) Survivor regions: 20->26(27)
[2025-02-20T14:34:03.040+0000][70471.933s] GC(32) Old regions: 186->202
[2025-02-20T14:34:03.041+0000][70471.933s] GC(32) Archive regions: 2->2
[2025-02-20T14:34:03.041+0000][70471.933s] GC(32) Humongous regions: 4->4
[2025-02-20T14:34:03.041+0000][70471.933s] GC(32) Metaspace: 61364K(61888K)->61364K(61888K) NonClass: 53871K(54080K)->53871K(54080K) Class: 7493K(7808K)->7493K(7808K)
[2025-02-20T14:34:03.041+0000][70471.934s] GC(32) Pause Young (Normal) (G1 Evacuation Pause) 403M->231M(512M) 7.604ms
[2025-02-20T14:34:03.042+0000][70471.934s] GC(32) User=0.02s Sys=0.00s Real=0.01s
[2025-02-20T14:34:04.054+0000][70472.946s] GC(33) Pause Young (Normal) (G1 Evacuation Pause)
[2025-02-20T14:34:04.054+0000][70472.946s] GC(33) Using 13 workers of 13 for evacuation
[2025-02-20T14:34:04.058+0000][70472.950s] GC(33)   Pre Evacuate Collection Set: 0.2ms
[2025-02-20T14:34:04.058+0000][70472.950s] GC(33)   Merge Heap Roots: 0.1ms
[2025-02-20T14:34:04.058+0000][70472.951s] GC(33)   Evacuate Collection Set: 2.5ms
[2025-02-20T14:34:04.059+0000][70472.951s] GC(33)   Post Evacuate Collection Set: 0.6ms
[2025-02-20T14:34:04.059+0000][70472.951s] GC(33)   Other: 0.7ms
[2025-02-20T14:34:04.059+0000][70472.952s] GC(33) Eden regions: 173->0(163)
[2025-02-20T14:34:04.060+0000][70472.952s] GC(33) Survivor regions: 26->17(25)
[2025-02-20T14:34:04.060+0000][70472.952s] GC(33) Old regions: 202->226
[2025-02-20T14:34:04.060+0000][70472.952s] GC(33) Archive regions: 2->2
[2025-02-20T14:34:04.061+0000][70472.953s] GC(33) Humongous regions: 4->4
[2025-02-20T14:34:04.061+0000][70472.953s] GC(33) Metaspace: 61365K(61888K)->61365K(61888K) NonClass: 53872K(54080K)->53872K(54080K) Class: 7493K(7808K)->7493K(7808K)
[2025-02-20T14:34:04.061+0000][70472.954s] GC(33) Pause Young (Normal) (G1 Evacuation Pause) 404M->246M(512M) 7.712ms
[2025-02-20T14:34:04.062+0000][70472.954s] GC(33) User=0.02s Sys=0.00s Real=0.01s
[2025-02-20T14:34:05.479+0000][70474.372s] GC(34) Pause Young (Concurrent Start) (G1 Evacuation Pause)
[2025-02-20T14:34:05.480+0000][70474.372s] GC(34) Using 13 workers of 13 for evacuation
[2025-02-20T14:34:05.490+0000][70474.382s] GC(34)   Pre Evacuate Collection Set: 0.4ms
[2025-02-20T14:34:05.491+0000][70474.383s] GC(34)   Merge Heap Roots: 0.3ms
[2025-02-20T14:34:05.491+0000][70474.384s] GC(34)   Evacuate Collection Set: 6.8ms
[2025-02-20T14:34:05.492+0000][70474.384s] GC(34)   Post Evacuate Collection Set: 2.3ms
[2025-02-20T14:34:05.492+0000][70474.384s] GC(34)   Other: 1.0ms
[2025-02-20T14:34:05.492+0000][70474.385s] GC(34) Eden regions: 163->0(146)
[2025-02-20T14:34:05.493+0000][70474.385s] GC(34) Survivor regions: 17->21(23)
[2025-02-20T14:34:05.493+0000][70474.385s] GC(34) Old regions: 226->239
[2025-02-20T14:34:05.494+0000][70474.386s] GC(34) Archive regions: 2->2
[2025-02-20T14:34:05.494+0000][70474.386s] GC(34) Humongous regions: 4->4
[2025-02-20T14:34:05.494+0000][70474.387s] GC(34) Metaspace: 61387K(61952K)->61387K(61952K) NonClass: 53894K(54144K)->53894K(54144K) Class: 7493K(7808K)->7493K(7808K)
[2025-02-20T14:34:05.495+0000][70474.387s] GC(34) Pause Young (Concurrent Start) (G1 Evacuation Pause) 409M->263M(512M) 15.636ms
[2025-02-20T14:34:05.495+0000][70474.388s] GC(34) User=0.09s Sys=0.00s Real=0.02s
[2025-02-20T14:34:05.496+0000][70474.388s] GC(35) Concurrent Mark Cycle
[2025-02-20T14:34:05.496+0000][70474.388s] GC(35) Concurrent Clear Claimed Marks
[2025-02-20T14:34:05.497+0000][70474.389s] GC(35) Concurrent Clear Claimed Marks 0.411ms
[2025-02-20T14:34:05.497+0000][70474.389s] GC(35) Concurrent Scan Root Regions
[2025-02-20T14:34:05.498+0000][70474.390s] GC(35) Concurrent Scan Root Regions 1.210ms
[2025-02-20T14:34:05.498+0000][70474.391s] GC(35) Concurrent Mark
[2025-02-20T14:34:05.499+0000][70474.391s] GC(35) Concurrent Mark From Roots
[2025-02-20T14:34:05.499+0000][70474.391s] GC(35) Using 3 workers of 3 for marking
[2025-02-20T14:34:05.537+0000][70474.430s] GC(35) Concurrent Mark From Roots 38.810ms
[2025-02-20T14:34:05.538+0000][70474.430s] GC(35) Concurrent Preclean
[2025-02-20T14:34:05.538+0000][70474.431s] GC(35) Concurrent Preclean 0.637ms
[2025-02-20T14:34:05.539+0000][70474.432s] GC(35) Pause Remark
[2025-02-20T14:34:05.546+0000][70474.438s] GC(35) Pause Remark 268M->188M(512M) 6.354ms
[2025-02-20T14:34:05.546+0000][70474.438s] GC(35) User=0.06s Sys=0.00s Real=0.01s
[2025-02-20T14:34:05.547+0000][70474.439s] GC(35) Concurrent Mark 48.458ms
[2025-02-20T14:34:05.547+0000][70474.439s] GC(35) Concurrent Rebuild Remembered Sets
[2025-02-20T14:34:05.563+0000][70474.455s] GC(35) Concurrent Rebuild Remembered Sets 15.410ms
[2025-02-20T14:34:05.563+0000][70474.455s] GC(35) Pause Cleanup
[2025-02-20T14:34:05.564+0000][70474.456s] GC(35) Pause Cleanup 190M->190M(512M) 0.693ms
[2025-02-20T14:34:05.564+0000][70474.456s] GC(35) User=0.00s Sys=0.00s Real=0.00s
[2025-02-20T14:34:05.564+0000][70474.457s] GC(35) Concurrent Cleanup for Next Mark
[2025-02-20T14:34:05.573+0000][70474.465s] GC(35) Concurrent Cleanup for Next Mark 8.518ms
[2025-02-20T14:34:05.573+0000][70474.466s] GC(35) Concurrent Mark Cycle 77.631ms
[2025-02-20T14:34:06.621+0000][70475.513s] GC(36) Pause Young (Prepare Mixed) (G1 Evacuation Pause)
[2025-02-20T14:34:06.621+0000][70475.514s] GC(36) Using 13 workers of 13 for evacuation
[2025-02-20T14:34:06.627+0000][70475.520s] GC(36)   Pre Evacuate Collection Set: 0.4ms
[2025-02-20T14:34:06.628+0000][70475.520s] GC(36)   Merge Heap Roots: 0.2ms
[2025-02-20T14:34:06.628+0000][70475.521s] GC(36)   Evacuate Collection Set: 4.0ms
[2025-02-20T14:34:06.629+0000][70475.521s] GC(36)   Post Evacuate Collection Set: 0.9ms
[2025-02-20T14:34:06.630+0000][70475.522s] GC(36)   Other: 1.1ms
[2025-02-20T14:34:06.630+0000][70475.522s] GC(36) Eden regions: 146->0(12)
[2025-02-20T14:34:06.631+0000][70475.523s] GC(36) Survivor regions: 21->13(21)
[2025-02-20T14:34:06.631+0000][70475.523s] GC(36) Old regions: 159->178
[2025-02-20T14:34:06.632+0000][70475.524s] GC(36) Archive regions: 2->2
[2025-02-20T14:34:06.632+0000][70475.524s] GC(36) Humongous regions: 4->4
[2025-02-20T14:34:06.632+0000][70475.525s] GC(36) Metaspace: 61394K(62016K)->61394K(62016K) NonClass: 53901K(54208K)->53901K(54208K) Class: 7493K(7808K)->7493K(7808K)
[2025-02-20T14:34:06.633+0000][70475.525s] GC(36) Pause Young (Prepare Mixed) (G1 Evacuation Pause) 329M->194M(512M) 11.775ms
[2025-02-20T14:34:06.633+0000][70475.525s] GC(36) User=0.04s Sys=0.00s Real=0.01s
[2025-02-20T14:34:06.684+0000][70475.576s] GC(37) Pause Young (Mixed) (G1 Evacuation Pause)
[2025-02-20T14:34:06.684+0000][70475.577s] GC(37) Using 13 workers of 13 for evacuation
[2025-02-20T14:34:06.688+0000][70475.581s] GC(37)   Pre Evacuate Collection Set: 0.4ms
[2025-02-20T14:34:06.689+0000][70475.581s] GC(37)   Merge Heap Roots: 0.2ms
[2025-02-20T14:34:06.689+0000][70475.582s] GC(37)   Evacuate Collection Set: 2.3ms
[2025-02-20T14:34:06.690+0000][70475.582s] GC(37)   Post Evacuate Collection Set: 0.7ms
[2025-02-20T14:34:06.690+0000][70475.582s] GC(37)   Other: 1.0ms
[2025-02-20T14:34:06.691+0000][70475.583s] GC(37) Eden regions: 12->0(22)
[2025-02-20T14:34:06.691+0000][70475.583s] GC(37) Survivor regions: 13->3(4)
[2025-02-20T14:34:06.691+0000][70475.584s] GC(37) Old regions: 178->138
[2025-02-20T14:34:06.692+0000][70475.584s] GC(37) Archive regions: 2->2
[2025-02-20T14:34:06.692+0000][70475.584s] GC(37) Humongous regions: 4->4
[2025-02-20T14:34:06.692+0000][70475.584s] GC(37) Metaspace: 61394K(62016K)->61394K(62016K) NonClass: 53901K(54208K)->53901K(54208K) Class: 7493K(7808K)->7493K(7808K)
[2025-02-20T14:34:06.692+0000][70475.585s] GC(37) Pause Young (Mixed) (G1 Evacuation Pause) 206M->144M(512M) 8.511ms
[2025-02-20T14:34:06.693+0000][70475.585s] GC(37) User=0.02s Sys=0.00s Real=0.01s
[2025-02-20T14:34:06.842+0000][70475.734s] GC(38) Pause Young (Mixed) (G1 Evacuation Pause)
[2025-02-20T14:34:06.842+0000][70475.734s] GC(38) Using 13 workers of 13 for evacuation
[2025-02-20T14:34:06.846+0000][70475.738s] GC(38)   Pre Evacuate Collection Set: 0.3ms
[2025-02-20T14:34:06.846+0000][70475.738s] GC(38)   Merge Heap Roots: 0.1ms
[2025-02-20T14:34:06.847+0000][70475.739s] GC(38)   Evacuate Collection Set: 1.2ms
[2025-02-20T14:34:06.847+0000][70475.740s] GC(38)   Post Evacuate Collection Set: 1.2ms
[2025-02-20T14:34:06.848+0000][70475.740s] GC(38)   Other: 1.2ms
[2025-02-20T14:34:06.848+0000][70475.741s] GC(38) Eden regions: 22->0(250)
[2025-02-20T14:34:06.849+0000][70475.741s] GC(38) Survivor regions: 3->4(4)
[2025-02-20T14:34:06.849+0000][70475.742s] GC(38) Old regions: 138->133
[2025-02-20T14:34:06.850+0000][70475.742s] GC(38) Archive regions: 2->2
[2025-02-20T14:34:06.850+0000][70475.743s] GC(38) Humongous regions: 4->4
[2025-02-20T14:34:06.851+0000][70475.743s] GC(38) Metaspace: 61394K(62016K)->61394K(62016K) NonClass: 53901K(54208K)->53901K(54208K) Class: 7493K(7808K)->7493K(7808K)
[2025-02-20T14:34:06.851+0000][70475.744s] GC(38) Pause Young (Mixed) (G1 Evacuation Pause) 166M->141M(512M) 9.826ms
[2025-02-20T14:34:06.852+0000][70475.744s] GC(38) User=0.01s Sys=0.00s Real=0.01s
[2025-02-20T14:34:08.818+0000][70477.711s] GC(39) Pause Young (Normal) (G1 Evacuation Pause)
[2025-02-20T14:34:08.819+0000][70477.711s] GC(39) Using 13 workers of 13 for evacuation
[2025-02-20T14:34:08.824+0000][70477.716s] GC(39)   Pre Evacuate Collection Set: 0.3ms
[2025-02-20T14:34:08.824+0000][70477.717s] GC(39)   Merge Heap Roots: 0.3ms
[2025-02-20T14:34:08.825+0000][70477.717s] GC(39)   Evacuate Collection Set: 3.2ms
[2025-02-20T14:34:08.825+0000][70477.718s] GC(39)   Post Evacuate Collection Set: 1.0ms
[2025-02-20T14:34:08.825+0000][70477.718s] GC(39)   Other: 1.0ms
[2025-02-20T14:34:08.826+0000][70477.718s] GC(39) Eden regions: 250->0(225)
[2025-02-20T14:34:08.832+0000][70477.724s] GC(39) Survivor regions: 4->31(32)
[2025-02-20T14:34:08.832+0000][70477.725s] GC(39) Old regions: 133->133
[2025-02-20T14:34:08.833+0000][70477.725s] GC(39) Archive regions: 2->2
[2025-02-20T14:34:08.833+0000][70477.725s] GC(39) Humongous regions: 4->4
[2025-02-20T14:34:08.833+0000][70477.726s] GC(39) Metaspace: 61416K(62016K)->61416K(62016K) NonClass: 53923K(54208K)->53923K(54208K) Class: 7493K(7808K)->7493K(7808K)
[2025-02-20T14:34:08.834+0000][70477.726s] GC(39) Pause Young (Normal) (G1 Evacuation Pause) 391M->167M(512M) 15.552ms
[2025-02-20T14:34:08.834+0000][70477.727s] GC(39) User=0.04s Sys=0.00s Real=0.01s
[2025-02-20T14:34:10.280+0000][70479.172s] GC(40) Pause Young (Normal) (G1 Evacuation Pause)
[2025-02-20T14:34:10.280+0000][70479.172s] GC(40) Using 13 workers of 13 for evacuation
[2025-02-20T14:34:10.289+0000][70479.181s] GC(40)   Pre Evacuate Collection Set: 0.5ms
[2025-02-20T14:34:10.289+0000][70479.181s] GC(40)   Merge Heap Roots: 0.2ms
[2025-02-20T14:34:10.289+0000][70479.182s] GC(40)   Evacuate Collection Set: 6.3ms
[2025-02-20T14:34:10.290+0000][70479.182s] GC(40)   Post Evacuate Collection Set: 1.2ms
[2025-02-20T14:34:10.290+0000][70479.182s] GC(40)   Other: 0.9ms
[2025-02-20T14:34:10.290+0000][70479.182s] GC(40) Eden regions: 225->0(214)
[2025-02-20T14:34:10.290+0000][70479.183s] GC(40) Survivor regions: 31->19(32)
[2025-02-20T14:34:10.290+0000][70479.183s] GC(40) Old regions: 133->162
[2025-02-20T14:34:10.291+0000][70479.183s] GC(40) Archive regions: 2->2
[2025-02-20T14:34:10.291+0000][70479.183s] GC(40) Humongous regions: 4->4
[2025-02-20T14:34:10.291+0000][70479.184s] GC(40) Metaspace: 61443K(62016K)->61443K(62016K) NonClass: 53949K(54208K)->53949K(54208K) Class: 7493K(7808K)->7493K(7808K)
[2025-02-20T14:34:10.292+0000][70479.184s] GC(40) Pause Young (Normal) (G1 Evacuation Pause) 392M->184M(512M) 12.256ms
[2025-02-20T14:34:10.292+0000][70479.184s] GC(40) User=0.07s Sys=0.00s Real=0.01s
[2025-02-20T14:34:11.861+0000][70480.753s] GC(41) Pause Young (Normal) (G1 Evacuation Pause)
[2025-02-20T14:34:11.878+0000][70480.771s] GC(41) Using 13 workers of 13 for evacuation
[2025-02-20T14:34:11.887+0000][70480.779s] GC(41)   Pre Evacuate Collection Set: 0.3ms
[2025-02-20T14:34:11.887+0000][70480.780s] GC(41)   Merge Heap Roots: 0.2ms
[2025-02-20T14:34:11.888+0000][70480.780s] GC(41)   Evacuate Collection Set: 6.2ms
[2025-02-20T14:34:11.888+0000][70480.781s] GC(41)   Post Evacuate Collection Set: 1.1ms
[2025-02-20T14:34:11.889+0000][70480.781s] GC(41)   Other: 18.1ms
[2025-02-20T14:34:11.889+0000][70480.782s] GC(41) Eden regions: 214->0(201)
[2025-02-20T14:34:11.890+0000][70480.782s] GC(41) Survivor regions: 19->20(30)
[2025-02-20T14:34:11.890+0000][70480.783s] GC(41) Old regions: 162->178
[2025-02-20T14:34:11.891+0000][70480.783s] GC(41) Archive regions: 2->2
[2025-02-20T14:34:11.891+0000][70480.783s] GC(41) Humongous regions: 4->4
[2025-02-20T14:34:11.891+0000][70480.783s] GC(41) Metaspace: 61466K(62016K)->61466K(62016K) NonClass: 53972K(54208K)->53972K(54208K) Class: 7493K(7808K)->7493K(7808K)
[2025-02-20T14:34:11.891+0000][70480.784s] GC(41) Pause Young (Normal) (G1 Evacuation Pause) 398M->202M(512M) 30.401ms
[2025-02-20T14:34:11.892+0000][70480.784s] GC(41) User=0.08s Sys=0.00s Real=0.03s
[2025-02-20T14:34:13.418+0000][70482.311s] GC(42) Pause Young (Normal) (G1 Evacuation Pause)
[2025-02-20T14:34:13.419+0000][70482.311s] GC(42) Using 13 workers of 13 for evacuation
[2025-02-20T14:34:13.423+0000][70482.316s] GC(42)   Pre Evacuate Collection Set: 0.2ms
[2025-02-20T14:34:13.438+0000][70482.330s] GC(42)   Merge Heap Roots: 0.2ms
[2025-02-20T14:34:13.438+0000][70482.331s] GC(42)   Evacuate Collection Set: 3.3ms
[2025-02-20T14:34:13.439+0000][70482.331s] GC(42)   Post Evacuate Collection Set: 0.9ms
[2025-02-20T14:34:13.440+0000][70482.332s] GC(42)   Other: 0.7ms
[2025-02-20T14:34:13.440+0000][70482.332s] GC(42) Eden regions: 201->0(188)
[2025-02-20T14:34:13.440+0000][70482.332s] GC(42) Survivor regions: 20->18(28)
[2025-02-20T14:34:13.440+0000][70482.333s] GC(42) Old regions: 178->197
[2025-02-20T14:34:13.441+0000][70482.333s] GC(42) Archive regions: 2->2
[2025-02-20T14:34:13.441+0000][70482.333s] GC(42) Humongous regions: 4->4
[2025-02-20T14:34:13.441+0000][70482.333s] GC(42) Metaspace: 61529K(62080K)->61529K(62080K) NonClass: 54035K(54272K)->54035K(54272K) Class: 7493K(7808K)->7493K(7808K)
[2025-02-20T14:34:13.441+0000][70482.334s] GC(42) Pause Young (Normal) (G1 Evacuation Pause) 403M->219M(512M) 22.927ms
[2025-02-20T14:34:13.442+0000][70482.334s] GC(42) User=0.04s Sys=0.00s Real=0.02s
[2025-02-20T14:34:14.650+0000][70483.542s] GC(43) Pause Young (Normal) (G1 Evacuation Pause)
[2025-02-20T14:34:14.650+0000][70483.543s] GC(43) Using 13 workers of 13 for evacuation
[2025-02-20T14:34:14.656+0000][70483.549s] GC(43)   Pre Evacuate Collection Set: 0.2ms
[2025-02-20T14:34:14.657+0000][70483.549s] GC(43)   Merge Heap Roots: 0.2ms
[2025-02-20T14:34:14.657+0000][70483.549s] GC(43)   Evacuate Collection Set: 4.4ms
[2025-02-20T14:34:14.657+0000][70483.549s] GC(43)   Post Evacuate Collection Set: 0.8ms
[2025-02-20T14:34:14.657+0000][70483.550s] GC(43)   Other: 0.8ms
[2025-02-20T14:34:14.657+0000][70483.550s] GC(43) Eden regions: 188->0(172)
[2025-02-20T14:34:14.658+0000][70483.550s] GC(43) Survivor regions: 18->20(26)
[2025-02-20T14:34:14.658+0000][70483.550s] GC(43) Old regions: 197->213
[2025-02-20T14:34:14.658+0000][70483.550s] GC(43) Archive regions: 2->2
[2025-02-20T14:34:14.658+0000][70483.550s] GC(43) Humongous regions: 4->4
[2025-02-20T14:34:14.658+0000][70483.550s] GC(43) Metaspace: 61586K(62144K)->61586K(62144K) NonClass: 54093K(54336K)->54093K(54336K) Class: 7493K(7808K)->7493K(7808K)
[2025-02-20T14:34:14.658+0000][70483.550s] GC(43) Pause Young (Normal) (G1 Evacuation Pause) 407M->236M(512M) 8.318ms
[2025-02-20T14:34:14.658+0000][70483.551s] GC(43) User=0.05s Sys=0.00s Real=0.01s
[2025-02-20T14:34:18.512+0000][70487.404s] GC(44) Pause Young (Normal) (G1 Evacuation Pause)
[2025-02-20T14:34:18.512+0000][70487.405s] GC(44) Using 13 workers of 13 for evacuation
[2025-02-20T14:34:18.516+0000][70487.408s] GC(44)   Pre Evacuate Collection Set: 0.2ms
[2025-02-20T14:34:18.516+0000][70487.409s] GC(44)   Merge Heap Roots: 0.1ms
[2025-02-20T14:34:18.517+0000][70487.409s] GC(44)   Evacuate Collection Set: 2.3ms
[2025-02-20T14:34:18.517+0000][70487.409s] GC(44)   Post Evacuate Collection Set: 0.7ms
[2025-02-20T14:34:18.517+0000][70487.409s] GC(44)   Other: 0.5ms
[2025-02-20T14:34:18.517+0000][70487.410s] GC(44) Eden regions: 172->0(175)
[2025-02-20T14:34:18.518+0000][70487.410s] GC(44) Survivor regions: 20->5(24)
[2025-02-20T14:34:18.518+0000][70487.410s] GC(44) Old regions: 213->231
[2025-02-20T14:34:18.518+0000][70487.410s] GC(44) Archive regions: 2->2
[2025-02-20T14:34:18.518+0000][70487.411s] GC(44) Humongous regions: 4->4
[2025-02-20T14:34:18.518+0000][70487.411s] GC(44) Metaspace: 61613K(62144K)->61613K(62144K) NonClass: 54117K(54336K)->54117K(54336K) Class: 7495K(7808K)->7495K(7808K)
[2025-02-20T14:34:18.519+0000][70487.411s] GC(44) Pause Young (Normal) (G1 Evacuation Pause) 408M->239M(512M) 6.555ms
[2025-02-20T14:34:18.519+0000][70487.411s] GC(44) User=0.02s Sys=0.00s Real=0.01s
[2025-02-20T14:34:19.842+0000][70488.735s] GC(45) Pause Young (Normal) (G1 Evacuation Pause)
[2025-02-20T14:34:19.843+0000][70488.735s] GC(45) Using 13 workers of 13 for evacuation
[2025-02-20T14:34:19.846+0000][70488.738s] GC(45)   Pre Evacuate Collection Set: 0.2ms
[2025-02-20T14:34:19.846+0000][70488.739s] GC(45)   Merge Heap Roots: 0.1ms
[2025-02-20T14:34:19.847+0000][70488.739s] GC(45)   Evacuate Collection Set: 2.2ms
[2025-02-20T14:34:19.847+0000][70488.739s] GC(45)   Post Evacuate Collection Set: 0.6ms
[2025-02-20T14:34:19.847+0000][70488.739s] GC(45)   Other: 0.6ms
[2025-02-20T14:34:19.847+0000][70488.739s] GC(45) Eden regions: 175->0(158)
[2025-02-20T14:34:19.847+0000][70488.740s] GC(45) Survivor regions: 5->23(23)
[2025-02-20T14:34:19.847+0000][70488.740s] GC(45) Old regions: 231->232
[2025-02-20T14:34:19.848+0000][70488.740s] GC(45) Archive regions: 2->2
[2025-02-20T14:34:19.848+0000][70488.740s] GC(45) Humongous regions: 4->4
[2025-02-20T14:34:19.848+0000][70488.740s] GC(45) Metaspace: 61617K(62144K)->61617K(62144K) NonClass: 54121K(54336K)->54121K(54336K) Class: 7495K(7808K)->7495K(7808K)
[2025-02-20T14:34:19.848+0000][70488.741s] GC(45) Pause Young (Normal) (G1 Evacuation Pause) 414M->259M(512M) 5.975ms
[2025-02-20T14:34:19.849+0000][70488.741s] GC(45) User=0.02s Sys=0.00s Real=0.01s
[2025-02-20T14:34:20.848+0000][70489.740s] GC(46) Pause Young (Normal) (G1 Evacuation Pause)
[2025-02-20T14:34:20.848+0000][70489.741s] GC(46) Using 13 workers of 13 for evacuation
[2025-02-20T14:34:20.853+0000][70489.745s] GC(46)   Pre Evacuate Collection Set: 0.2ms
[2025-02-20T14:34:20.853+0000][70489.746s] GC(46)   Merge Heap Roots: 0.1ms
[2025-02-20T14:34:20.854+0000][70489.746s] GC(46)   Evacuate Collection Set: 3.3ms
[2025-02-20T14:34:20.854+0000][70489.746s] GC(46)   Post Evacuate Collection Set: 0.6ms
[2025-02-20T14:34:20.854+0000][70489.746s] GC(46)   Other: 0.5ms
[2025-02-20T14:34:20.854+0000][70489.747s] GC(46) Eden regions: 158->0(143)
[2025-02-20T14:34:20.854+0000][70489.747s] GC(46) Survivor regions: 23->18(23)
[2025-02-20T14:34:20.855+0000][70489.747s] GC(46) Old regions: 232->252
[2025-02-20T14:34:20.855+0000][70489.747s] GC(46) Archive regions: 2->2
[2025-02-20T14:34:20.855+0000][70489.747s] GC(46) Humongous regions: 4->4
[2025-02-20T14:34:20.855+0000][70489.748s] GC(46) Metaspace: 61618K(62144K)->61618K(62144K) NonClass: 54122K(54336K)->54122K(54336K) Class: 7495K(7808K)->7495K(7808K)
[2025-02-20T14:34:20.855+0000][70489.748s] GC(46) Pause Young (Normal) (G1 Evacuation Pause) 417M->273M(512M) 7.395ms
[2025-02-20T14:34:20.856+0000][70489.748s] GC(46) User=0.04s Sys=0.00s Real=0.01s
[2025-02-20T14:34:21.547+0000][70490.439s] GC(47) Pause Young (Concurrent Start) (G1 Evacuation Pause)
[2025-02-20T14:34:21.547+0000][70490.439s] GC(47) Using 13 workers of 13 for evacuation
[2025-02-20T14:34:21.552+0000][70490.445s] GC(47)   Pre Evacuate Collection Set: 0.2ms
[2025-02-20T14:34:21.553+0000][70490.445s] GC(47)   Merge Heap Roots: 0.2ms
[2025-02-20T14:34:21.553+0000][70490.446s] GC(47)   Evacuate Collection Set: 3.0ms
[2025-02-20T14:34:21.553+0000][70490.446s] GC(47)   Post Evacuate Collection Set: 0.6ms
[2025-02-20T14:34:21.554+0000][70490.446s] GC(47)   Other: 2.0ms
[2025-02-20T14:34:21.554+0000][70490.446s] GC(47) Eden regions: 143->0(131)
[2025-02-20T14:34:21.554+0000][70490.447s] GC(47) Survivor regions: 18->17(21)
[2025-02-20T14:34:21.555+0000][70490.447s] GC(47) Old regions: 252->266
[2025-02-20T14:34:21.556+0000][70490.448s] GC(47) Archive regions: 2->2
[2025-02-20T14:34:21.556+0000][70490.448s] GC(47) Humongous regions: 4->4
[2025-02-20T14:34:21.557+0000][70490.449s] GC(47) Metaspace: 61626K(62208K)->61626K(62208K) NonClass: 54130K(54400K)->54130K(54400K) Class: 7495K(7808K)->7495K(7808K)
[2025-02-20T14:34:21.557+0000][70490.449s] GC(47) Pause Young (Concurrent Start) (G1 Evacuation Pause) 416M->287M(512M) 10.575ms
[2025-02-20T14:34:21.557+0000][70490.450s] GC(47) User=0.03s Sys=0.00s Real=0.01s
[2025-02-20T14:34:21.558+0000][70490.450s] GC(48) Concurrent Mark Cycle
[2025-02-20T14:34:21.559+0000][70490.451s] GC(48) Concurrent Clear Claimed Marks
[2025-02-20T14:34:21.560+0000][70490.452s] GC(48) Concurrent Clear Claimed Marks 0.508ms
[2025-02-20T14:34:21.560+0000][70490.452s] GC(48) Concurrent Scan Root Regions
[2025-02-20T14:34:21.562+0000][70490.454s] GC(48) Concurrent Scan Root Regions 1.821ms
[2025-02-20T14:34:21.562+0000][70490.454s] GC(48) Concurrent Mark
[2025-02-20T14:34:21.562+0000][70490.455s] GC(48) Concurrent Mark From Roots
[2025-02-20T14:34:21.563+0000][70490.455s] GC(48) Using 3 workers of 3 for marking
[2025-02-20T14:34:21.590+0000][70490.483s] GC(48) Concurrent Mark From Roots 27.803ms
[2025-02-20T14:34:21.591+0000][70490.483s] GC(48) Concurrent Preclean
[2025-02-20T14:34:21.591+0000][70490.484s] GC(48) Concurrent Preclean 0.793ms
[2025-02-20T14:34:21.592+0000][70490.485s] GC(48) Pause Remark
[2025-02-20T14:34:21.599+0000][70490.491s] GC(48) Pause Remark 298M->184M(512M) 6.282ms
[2025-02-20T14:34:21.599+0000][70490.492s] GC(48) User=0.05s Sys=0.00s Real=0.01s
[2025-02-20T14:34:21.600+0000][70490.492s] GC(48) Concurrent Mark 37.664ms
[2025-02-20T14:34:21.600+0000][70490.492s] GC(48) Concurrent Rebuild Remembered Sets
[2025-02-20T14:34:21.610+0000][70490.503s] GC(48) Concurrent Rebuild Remembered Sets 10.453ms
[2025-02-20T14:34:21.611+0000][70490.503s] GC(48) Pause Cleanup
[2025-02-20T14:34:21.611+0000][70490.504s] GC(48) Pause Cleanup 187M->187M(512M) 0.490ms
[2025-02-20T14:34:21.612+0000][70490.504s] GC(48) User=0.00s Sys=0.00s Real=0.00s
[2025-02-20T14:34:21.612+0000][70490.504s] GC(48) Concurrent Cleanup for Next Mark
[2025-02-20T14:34:21.613+0000][70490.506s] GC(48) Concurrent Cleanup for Next Mark 1.148ms
[2025-02-20T14:34:21.614+0000][70490.506s] GC(48) Concurrent Mark Cycle 55.405ms
[2025-02-20T14:34:22.188+0000][70491.080s] GC(49) Pause Young (Prepare Mixed) (G1 Evacuation Pause)
[2025-02-20T14:34:22.188+0000][70491.080s] GC(49) Using 13 workers of 13 for evacuation
[2025-02-20T14:34:22.191+0000][70491.083s] GC(49)   Pre Evacuate Collection Set: 0.2ms
[2025-02-20T14:34:22.191+0000][70491.084s] GC(49)   Merge Heap Roots: 0.2ms
[2025-02-20T14:34:22.192+0000][70491.084s] GC(49)   Evacuate Collection Set: 2.1ms
[2025-02-20T14:34:22.192+0000][70491.084s] GC(49)   Post Evacuate Collection Set: 0.6ms
[2025-02-20T14:34:22.192+0000][70491.085s] GC(49)   Other: 0.5ms
[2025-02-20T14:34:22.192+0000][70491.085s] GC(49) Eden regions: 131->0(11)
[2025-02-20T14:34:22.193+0000][70491.085s] GC(49) Survivor regions: 17->14(19)
[2025-02-20T14:34:22.193+0000][70491.085s] GC(49) Old regions: 152->167
[2025-02-20T14:34:22.193+0000][70491.085s] GC(49) Archive regions: 2->2
[2025-02-20T14:34:22.193+0000][70491.086s] GC(49) Humongous regions: 4->4
[2025-02-20T14:34:22.193+0000][70491.086s] GC(49) Metaspace: 61631K(62208K)->61631K(62208K) NonClass: 54135K(54400K)->54135K(54400K) Class: 7495K(7808K)->7495K(7808K)
[2025-02-20T14:34:22.193+0000][70491.086s] GC(49) Pause Young (Prepare Mixed) (G1 Evacuation Pause) 304M->184M(512M) 5.852ms
[2025-02-20T14:34:22.194+0000][70491.086s] GC(49) User=0.02s Sys=0.00s Real=0.00s
[2025-02-20T14:34:22.262+0000][70491.154s] GC(50) Pause Young (Mixed) (G1 Evacuation Pause)
[2025-02-20T14:34:22.262+0000][70491.155s] GC(50) Using 13 workers of 13 for evacuation
[2025-02-20T14:34:22.266+0000][70491.158s] GC(50)   Pre Evacuate Collection Set: 0.2ms
[2025-02-20T14:34:22.266+0000][70491.159s] GC(50)   Merge Heap Roots: 0.2ms
[2025-02-20T14:34:22.267+0000][70491.159s] GC(50)   Evacuate Collection Set: 2.1ms
[2025-02-20T14:34:22.267+0000][70491.159s] GC(50)   Post Evacuate Collection Set: 0.6ms
[2025-02-20T14:34:22.267+0000][70491.159s] GC(50)   Other: 0.6ms
[2025-02-20T14:34:22.267+0000][70491.160s] GC(50) Eden regions: 11->0(23)
[2025-02-20T14:34:22.267+0000][70491.160s] GC(50) Survivor regions: 14->2(4)
[2025-02-20T14:34:22.268+0000][70491.160s] GC(50) Old regions: 167->127
[2025-02-20T14:34:22.268+0000][70491.160s] GC(50) Archive regions: 2->2
[2025-02-20T14:34:22.268+0000][70491.160s] GC(50) Humongous regions: 4->4
[2025-02-20T14:34:22.268+0000][70491.161s] GC(50) Metaspace: 61631K(62208K)->61631K(62208K) NonClass: 54135K(54400K)->54135K(54400K) Class: 7495K(7808K)->7495K(7808K)
[2025-02-20T14:34:22.268+0000][70491.161s] GC(50) Pause Young (Mixed) (G1 Evacuation Pause) 195M->133M(512M) 6.343ms
[2025-02-20T14:34:22.269+0000][70491.161s] GC(50) User=0.02s Sys=0.00s Real=0.01s
[2025-02-20T14:34:22.374+0000][70491.267s] GC(51) Pause Young (Mixed) (G1 Evacuation Pause)
[2025-02-20T14:34:22.375+0000][70491.267s] GC(51) Using 13 workers of 13 for evacuation
[2025-02-20T14:34:22.378+0000][70491.270s] GC(51)   Pre Evacuate Collection Set: 0.2ms
[2025-02-20T14:34:22.378+0000][70491.270s] GC(51)   Merge Heap Roots: 0.2ms
[2025-02-20T14:34:22.378+0000][70491.271s] GC(51)   Evacuate Collection Set: 1.7ms
[2025-02-20T14:34:22.379+0000][70491.271s] GC(51)   Post Evacuate Collection Set: 0.6ms
[2025-02-20T14:34:22.379+0000][70491.271s] GC(51)   Other: 0.7ms
[2025-02-20T14:34:22.379+0000][70491.271s] GC(51) Eden regions: 23->0(232)
[2025-02-20T14:34:22.379+0000][70491.271s] GC(51) Survivor regions: 2->4(4)
[2025-02-20T14:34:22.379+0000][70491.272s] GC(51) Old regions: 127->125
[2025-02-20T14:34:22.379+0000][70491.272s] GC(51) Archive regions: 2->2
[2025-02-20T14:34:22.380+0000][70491.272s] GC(51) Humongous regions: 4->4
[2025-02-20T14:34:22.380+0000][70491.272s] GC(51) Metaspace: 61631K(62208K)->61631K(62208K) NonClass: 54135K(54400K)->54135K(54400K) Class: 7495K(7808K)->7495K(7808K)
[2025-02-20T14:34:22.380+0000][70491.272s] GC(51) Pause Young (Mixed) (G1 Evacuation Pause) 156M->133M(512M) 5.653ms
[2025-02-20T14:34:22.380+0000][70491.273s] GC(51) User=0.01s Sys=0.00s Real=0.01s
[2025-02-20T14:34:23.647+0000][70492.540s] GC(52) Pause Young (Normal) (G1 Evacuation Pause)
[2025-02-20T14:34:23.648+0000][70492.540s] GC(52) Using 13 workers of 13 for evacuation
[2025-02-20T14:34:23.651+0000][70492.544s] GC(52)   Pre Evacuate Collection Set: 0.2ms
[2025-02-20T14:34:23.651+0000][70492.544s] GC(52)   Merge Heap Roots: 0.1ms
[2025-02-20T14:34:23.652+0000][70492.544s] GC(52)   Evacuate Collection Set: 2.4ms
[2025-02-20T14:34:23.652+0000][70492.544s] GC(52)   Post Evacuate Collection Set: 0.7ms
[2025-02-20T14:34:23.652+0000][70492.545s] GC(52)   Other: 0.6ms
[2025-02-20T14:34:23.652+0000][70492.545s] GC(52) Eden regions: 232->0(223)
[2025-02-20T14:34:23.653+0000][70492.545s] GC(52) Survivor regions: 4->24(30)
[2025-02-20T14:34:23.653+0000][70492.545s] GC(52) Old regions: 125->125
[2025-02-20T14:34:23.653+0000][70492.545s] GC(52) Archive regions: 2->2
[2025-02-20T14:34:23.653+0000][70492.545s] GC(52) Humongous regions: 4->4
[2025-02-20T14:34:23.653+0000][70492.546s] GC(52) Metaspace: 61647K(62208K)->61647K(62208K) NonClass: 54151K(54400K)->54151K(54400K) Class: 7495K(7808K)->7495K(7808K)
[2025-02-20T14:34:23.654+0000][70492.546s] GC(52) Pause Young (Normal) (G1 Evacuation Pause) 365M->153M(512M) 6.473ms
[2025-02-20T14:34:23.654+0000][70492.546s] GC(52) User=0.03s Sys=0.00s Real=0.00s
[2025-02-20T14:34:24.692+0000][70493.584s] GC(53) Pause Young (Normal) (G1 Evacuation Pause)
[2025-02-20T14:34:24.693+0000][70493.585s] GC(53) Using 13 workers of 13 for evacuation
[2025-02-20T14:34:24.699+0000][70493.592s] GC(53)   Pre Evacuate Collection Set: 0.2ms
[2025-02-20T14:34:24.705+0000][70493.597s] GC(53)   Merge Heap Roots: 0.1ms
[2025-02-20T14:34:24.714+0000][70493.606s] GC(53)   Evacuate Collection Set: 5.4ms
[2025-02-20T14:34:24.714+0000][70493.606s] GC(53)   Post Evacuate Collection Set: 0.7ms
[2025-02-20T14:34:24.714+0000][70493.607s] GC(53)   Other: 0.9ms
[2025-02-20T14:34:24.714+0000][70493.607s] GC(53) Eden regions: 223->0(217)
[2025-02-20T14:34:24.715+0000][70493.607s] GC(53) Survivor regions: 24->18(31)
[2025-02-20T14:34:24.715+0000][70493.607s] GC(53) Old regions: 125->146
[2025-02-20T14:34:24.715+0000][70493.607s] GC(53) Archive regions: 2->2
[2025-02-20T14:34:24.715+0000][70493.608s] GC(53) Humongous regions: 4->4
[2025-02-20T14:34:24.715+0000][70493.608s] GC(53) Metaspace: 61650K(62208K)->61650K(62208K) NonClass: 54154K(54400K)->54154K(54400K) Class: 7495K(7808K)->7495K(7808K)
[2025-02-20T14:34:24.716+0000][70493.608s] GC(53) Pause Young (Normal) (G1 Evacuation Pause) 376M->167M(512M) 23.628ms
[2025-02-20T14:34:24.716+0000][70493.609s] GC(53) User=0.06s Sys=0.00s Real=0.03s
[2025-02-20T14:34:26.111+0000][70495.004s] GC(54) Pause Young (Normal) (G1 Evacuation Pause)
[2025-02-20T14:34:26.112+0000][70495.004s] GC(54) Using 13 workers of 13 for evacuation
[2025-02-20T14:34:26.117+0000][70495.010s] GC(54)   Pre Evacuate Collection Set: 0.2ms
[2025-02-20T14:34:26.118+0000][70495.010s] GC(54)   Merge Heap Roots: 0.1ms
[2025-02-20T14:34:26.118+0000][70495.010s] GC(54)   Evacuate Collection Set: 4.5ms
[2025-02-20T14:34:26.118+0000][70495.011s] GC(54)   Post Evacuate Collection Set: 0.6ms
[2025-02-20T14:34:26.118+0000][70495.011s] GC(54)   Other: 0.6ms
[2025-02-20T14:34:26.119+0000][70495.011s] GC(54) Eden regions: 217->0(207)
[2025-02-20T14:34:26.119+0000][70495.011s] GC(54) Survivor regions: 18->20(30)
[2025-02-20T14:34:26.119+0000][70495.012s] GC(54) Old regions: 146->163
[2025-02-20T14:34:26.120+0000][70495.012s] GC(54) Archive regions: 2->2
[2025-02-20T14:34:26.120+0000][70495.012s] GC(54) Humongous regions: 4->4
[2025-02-20T14:34:26.120+0000][70495.012s] GC(54) Metaspace: 61683K(62208K)->61683K(62208K) NonClass: 54187K(54400K)->54187K(54400K) Class: 7495K(7808K)->7495K(7808K)
[2025-02-20T14:34:26.120+0000][70495.013s] GC(54) Pause Young (Normal) (G1 Evacuation Pause) 384M->186M(512M) 8.858ms
[2025-02-20T14:34:26.120+0000][70495.013s] GC(54) User=0.06s Sys=0.00s Real=0.01s
[2025-02-20T14:34:27.399+0000][70496.291s] GC(55) Pause Young (Normal) (G1 Evacuation Pause)
[2025-02-20T14:34:27.399+0000][70496.291s] GC(55) Using 13 workers of 13 for evacuation
[2025-02-20T14:34:27.405+0000][70496.297s] GC(55)   Pre Evacuate Collection Set: 0.2ms
[2025-02-20T14:34:27.405+0000][70496.298s] GC(55)   Merge Heap Roots: 0.1ms
[2025-02-20T14:34:27.406+0000][70496.298s] GC(55)   Evacuate Collection Set: 4.6ms
[2025-02-20T14:34:27.406+0000][70496.298s] GC(55)   Post Evacuate Collection Set: 0.7ms
[2025-02-20T14:34:27.406+0000][70496.299s] GC(55)   Other: 0.8ms
[2025-02-20T14:34:27.406+0000][70496.299s] GC(55) Eden regions: 207->0(184)
[2025-02-20T14:34:27.407+0000][70496.299s] GC(55) Survivor regions: 20->29(29)
[2025-02-20T14:34:27.407+0000][70496.299s] GC(55) Old regions: 163->179
[2025-02-20T14:34:27.407+0000][70496.300s] GC(55) Archive regions: 2->2
[2025-02-20T14:34:27.408+0000][70496.300s] GC(55) Humongous regions: 4->4
[2025-02-20T14:34:27.408+0000][70496.300s] GC(55) Metaspace: 61687K(62208K)->61687K(62208K) NonClass: 54191K(54400K)->54191K(54400K) Class: 7495K(7808K)->7495K(7808K)
[2025-02-20T14:34:27.408+0000][70496.300s] GC(55) Pause Young (Normal) (G1 Evacuation Pause) 393M->211M(512M) 9.437ms
[2025-02-20T14:34:27.409+0000][70496.301s] GC(55) User=0.04s Sys=0.00s Real=0.01s
[2025-02-20T14:34:28.548+0000][70497.440s] GC(56) Pause Young (Normal) (G1 Evacuation Pause)
[2025-02-20T14:34:28.548+0000][70497.440s] GC(56) Using 13 workers of 13 for evacuation
[2025-02-20T14:34:28.554+0000][70497.446s] GC(56)   Pre Evacuate Collection Set: 0.2ms
[2025-02-20T14:34:28.554+0000][70497.447s] GC(56)   Merge Heap Roots: 0.1ms
[2025-02-20T14:34:28.555+0000][70497.447s] GC(56)   Evacuate Collection Set: 3.9ms
[2025-02-20T14:34:28.555+0000][70497.448s] GC(56)   Post Evacuate Collection Set: 1.3ms
[2025-02-20T14:34:28.556+0000][70497.448s] GC(56)   Other: 0.8ms
[2025-02-20T14:34:28.556+0000][70497.449s] GC(56) Eden regions: 184->0(178)
[2025-02-20T14:34:28.557+0000][70497.449s] GC(56) Survivor regions: 29->19(27)
[2025-02-20T14:34:28.557+0000][70497.449s] GC(56) Old regions: 179->199
[2025-02-20T14:34:28.557+0000][70497.450s] GC(56) Archive regions: 2->2
[2025-02-20T14:34:28.557+0000][70497.450s] GC(56) Humongous regions: 4->4
[2025-02-20T14:34:28.558+0000][70497.450s] GC(56) Metaspace: 61999K(62528K)->61999K(62528K) NonClass: 54503K(54720K)->54503K(54720K) Class: 7495K(7808K)->7495K(7808K)
[2025-02-20T14:34:28.558+0000][70497.450s] GC(56) Pause Young (Normal) (G1 Evacuation Pause) 395M->221M(512M) 10.450ms
[2025-02-20T14:34:28.558+0000][70497.451s] GC(56) User=0.05s Sys=0.00s Real=0.01s
[2025-02-20T14:34:29.655+0000][70498.547s] GC(57) Pause Young (Normal) (G1 Evacuation Pause)
[2025-02-20T14:34:29.655+0000][70498.547s] GC(57) Using 13 workers of 13 for evacuation
[2025-02-20T14:34:29.661+0000][70498.553s] GC(57)   Pre Evacuate Collection Set: 0.2ms
[2025-02-20T14:34:29.667+0000][70498.559s] GC(57)   Merge Heap Roots: 0.1ms
[2025-02-20T14:34:29.674+0000][70498.566s] GC(57)   Evacuate Collection Set: 4.8ms
[2025-02-20T14:34:29.680+0000][70498.572s] GC(57)   Post Evacuate Collection Set: 0.7ms
[2025-02-20T14:34:29.682+0000][70498.575s] GC(57)   Other: 0.8ms
[2025-02-20T14:34:29.682+0000][70498.575s] GC(57) Eden regions: 178->0(170)
[2025-02-20T14:34:29.683+0000][70498.575s] GC(57) Survivor regions: 19->17(25)
[2025-02-20T14:34:29.683+0000][70498.575s] GC(57) Old regions: 199->214
[2025-02-20T14:34:29.683+0000][70498.575s] GC(57) Archive regions: 2->2
[2025-02-20T14:34:29.683+0000][70498.576s] GC(57) Humongous regions: 4->4
[2025-02-20T14:34:29.683+0000][70498.576s] GC(57) Metaspace: 62035K(62592K)->62035K(62592K) NonClass: 54539K(54784K)->54539K(54784K) Class: 7495K(7808K)->7495K(7808K)
[2025-02-20T14:34:29.684+0000][70498.576s] GC(57) Pause Young (Normal) (G1 Evacuation Pause) 399M->234M(512M) 29.148ms
[2025-02-20T14:34:29.684+0000][70498.576s] GC(57) User=0.05s Sys=0.00s Real=0.03s
[2025-02-20T14:34:31.085+0000][70499.977s] GC(58) Pause Young (Normal) (G1 Evacuation Pause)
[2025-02-20T14:34:31.086+0000][70499.978s] GC(58) Using 13 workers of 13 for evacuation
[2025-02-20T14:34:31.090+0000][70499.983s] GC(58)   Pre Evacuate Collection Set: 0.2ms
[2025-02-20T14:34:31.091+0000][70499.983s] GC(58)   Merge Heap Roots: 0.1ms
[2025-02-20T14:34:31.091+0000][70499.984s] GC(58)   Evacuate Collection Set: 3.0ms
[2025-02-20T14:34:31.092+0000][70499.984s] GC(58)   Post Evacuate Collection Set: 0.7ms
[2025-02-20T14:34:31.092+0000][70499.984s] GC(58)   Other: 1.7ms
[2025-02-20T14:34:31.092+0000][70499.984s] GC(58) Eden regions: 170->0(154)
[2025-02-20T14:34:31.092+0000][70499.985s] GC(58) Survivor regions: 17->22(24)
[2025-02-20T14:34:31.093+0000][70499.985s] GC(58) Old regions: 214->228
[2025-02-20T14:34:31.093+0000][70499.985s] GC(58) Archive regions: 2->2
[2025-02-20T14:34:31.093+0000][70499.986s] GC(58) Humongous regions: 4->4
[2025-02-20T14:34:31.094+0000][70499.986s] GC(58) Metaspace: 62040K(62656K)->62040K(62656K) NonClass: 54544K(54848K)->54544K(54848K) Class: 7495K(7808K)->7495K(7808K)
[2025-02-20T14:34:31.094+0000][70499.986s] GC(58) Pause Young (Normal) (G1 Evacuation Pause) 404M->253M(512M) 9.028ms
[2025-02-20T14:34:31.094+0000][70499.987s] GC(58) User=0.03s Sys=0.00s Real=0.01s
[2025-02-20T14:34:32.007+0000][70500.900s] GC(59) Pause Young (Normal) (G1 Evacuation Pause)
[2025-02-20T14:34:32.008+0000][70500.900s] GC(59) Using 13 workers of 13 for evacuation
[2025-02-20T14:34:32.012+0000][70500.905s] GC(59)   Pre Evacuate Collection Set: 0.2ms
[2025-02-20T14:34:32.013+0000][70500.905s] GC(59)   Merge Heap Roots: 0.1ms
[2025-02-20T14:34:32.013+0000][70500.905s] GC(59)   Evacuate Collection Set: 3.8ms
[2025-02-20T14:34:32.013+0000][70500.905s] GC(59)   Post Evacuate Collection Set: 0.6ms
[2025-02-20T14:34:32.013+0000][70500.906s] GC(59)   Other: 0.5ms
[2025-02-20T14:34:32.013+0000][70500.906s] GC(59) Eden regions: 154->0(146)
[2025-02-20T14:34:32.013+0000][70500.906s] GC(59) Survivor regions: 22->15(22)
[2025-02-20T14:34:32.014+0000][70500.906s] GC(59) Old regions: 228->248
[2025-02-20T14:34:32.014+0000][70500.906s] GC(59) Archive regions: 2->2
[2025-02-20T14:34:32.014+0000][70500.906s] GC(59) Humongous regions: 4->4
[2025-02-20T14:34:32.014+0000][70500.906s] GC(59) Metaspace: 62041K(62656K)->62041K(62656K) NonClass: 54545K(54848K)->54545K(54848K) Class: 7495K(7808K)->7495K(7808K)
[2025-02-20T14:34:32.014+0000][70500.906s] GC(59) Pause Young (Normal) (G1 Evacuation Pause) 407M->266M(512M) 6.788ms
[2025-02-20T14:34:32.014+0000][70500.907s] GC(59) User=0.04s Sys=0.00s Real=0.00s
[2025-02-20T14:34:32.980+0000][70501.873s] GC(60) Pause Young (Normal) (G1 Evacuation Pause)
[2025-02-20T14:34:32.980+0000][70501.873s] GC(60) Using 13 workers of 13 for evacuation
[2025-02-20T14:34:32.984+0000][70501.876s] GC(60)   Pre Evacuate Collection Set: 0.2ms
[2025-02-20T14:34:32.984+0000][70501.876s] GC(60)   Merge Heap Roots: 0.1ms
[2025-02-20T14:34:32.984+0000][70501.876s] GC(60)   Evacuate Collection Set: 2.0ms
[2025-02-20T14:34:32.984+0000][70501.876s] GC(60)   Post Evacuate Collection Set: 0.6ms
[2025-02-20T14:34:32.984+0000][70501.876s] GC(60)   Other: 0.5ms
[2025-02-20T14:34:32.984+0000][70501.877s] GC(60) Eden regions: 146->0(134)
[2025-02-20T14:34:32.984+0000][70501.877s] GC(60) Survivor regions: 15->18(21)
[2025-02-20T14:34:32.984+0000][70501.877s] GC(60) Old regions: 248->259
[2025-02-20T14:34:32.985+0000][70501.877s] GC(60) Archive regions: 2->2
[2025-02-20T14:34:32.985+0000][70501.877s] GC(60) Humongous regions: 4->4
[2025-02-20T14:34:32.985+0000][70501.877s] GC(60) Metaspace: 62061K(62656K)->62061K(62656K) NonClass: 54565K(54848K)->54565K(54848K) Class: 7495K(7808K)->7495K(7808K)
[2025-02-20T14:34:32.985+0000][70501.877s] GC(60) Pause Young (Normal) (G1 Evacuation Pause) 412M->280M(512M) 4.804ms
[2025-02-20T14:34:32.985+0000][70501.877s] GC(60) User=0.01s Sys=0.00s Real=0.01s
[2025-02-20T14:34:33.930+0000][70502.823s] GC(61) Pause Young (Normal) (G1 Evacuation Pause)
[2025-02-20T14:34:33.931+0000][70502.823s] GC(61) Using 13 workers of 13 for evacuation
[2025-02-20T14:34:33.934+0000][70502.827s] GC(61)   Pre Evacuate Collection Set: 0.2ms
[2025-02-20T14:34:33.935+0000][70502.827s] GC(61)   Merge Heap Roots: 0.3ms
[2025-02-20T14:34:33.935+0000][70502.828s] GC(61)   Evacuate Collection Set: 2.4ms
[2025-02-20T14:34:33.938+0000][70502.830s] GC(61)   Post Evacuate Collection Set: 0.6ms
[2025-02-20T14:34:33.942+0000][70502.834s] GC(61)   Other: 0.7ms
[2025-02-20T14:34:33.944+0000][70502.836s] GC(61) Eden regions: 134->0(120)
[2025-02-20T14:34:33.944+0000][70502.837s] GC(61) Survivor regions: 18->19(19)
[2025-02-20T14:34:33.945+0000][70502.837s] GC(61) Old regions: 259->273
[2025-02-20T14:34:33.945+0000][70502.837s] GC(61) Archive regions: 2->2
[2025-02-20T14:34:33.945+0000][70502.838s] GC(61) Humongous regions: 4->4
[2025-02-20T14:34:33.946+0000][70502.838s] GC(61) Metaspace: 62062K(62656K)->62062K(62656K) NonClass: 54566K(54848K)->54566K(54848K) Class: 7495K(7808K)->7495K(7808K)
[2025-02-20T14:34:33.946+0000][70502.839s] GC(61) Pause Young (Normal) (G1 Evacuation Pause) 414M->295M(512M) 15.849ms
[2025-02-20T14:34:33.947+0000][70502.839s] GC(61) User=0.03s Sys=0.00s Real=0.02s
[2025-02-20T14:34:34.623+0000][70503.515s] GC(62) Pause Young (Normal) (G1 Evacuation Pause)
[2025-02-20T14:34:34.623+0000][70503.516s] GC(62) Using 13 workers of 13 for evacuation
[2025-02-20T14:34:34.627+0000][70503.519s] GC(62)   Pre Evacuate Collection Set: 0.2ms
[2025-02-20T14:34:34.627+0000][70503.519s] GC(62)   Merge Heap Roots: 0.1ms
[2025-02-20T14:34:34.627+0000][70503.520s] GC(62)   Evacuate Collection Set: 2.0ms
[2025-02-20T14:34:34.628+0000][70503.520s] GC(62)   Post Evacuate Collection Set: 0.6ms
[2025-02-20T14:34:34.628+0000][70503.520s] GC(62)   Other: 0.6ms
[2025-02-20T14:34:34.628+0000][70503.520s] GC(62) Eden regions: 120->0(114)
[2025-02-20T14:34:34.628+0000][70503.521s] GC(62) Survivor regions: 19->12(18)
[2025-02-20T14:34:34.628+0000][70503.521s] GC(62) Old regions: 273->290
[2025-02-20T14:34:34.629+0000][70503.521s] GC(62) Archive regions: 2->2
[2025-02-20T14:34:34.629+0000][70503.522s] GC(62) Humongous regions: 4->4
[2025-02-20T14:34:34.630+0000][70503.522s] GC(62) Metaspace: 62062K(62656K)->62062K(62656K) NonClass: 54566K(54848K)->54566K(54848K) Class: 7495K(7808K)->7495K(7808K)
[2025-02-20T14:34:34.630+0000][70503.522s] GC(62) Pause Young (Normal) (G1 Evacuation Pause) 415M->305M(512M) 6.969ms
[2025-02-20T14:34:34.630+0000][70503.523s] GC(62) User=0.01s Sys=0.00s Real=0.01s
[2025-02-20T14:34:35.293+0000][70504.185s] GC(63) Pause Young (Concurrent Start) (G1 Evacuation Pause)
[2025-02-20T14:34:35.293+0000][70504.186s] GC(63) Using 13 workers of 13 for evacuation
[2025-02-20T14:34:35.297+0000][70504.190s] GC(63)   Pre Evacuate Collection Set: 0.2ms
[2025-02-20T14:34:35.298+0000][70504.190s] GC(63)   Merge Heap Roots: 0.1ms
[2025-02-20T14:34:35.298+0000][70504.191s] GC(63)   Evacuate Collection Set: 1.9ms
[2025-02-20T14:34:35.299+0000][70504.191s] GC(63)   Post Evacuate Collection Set: 1.2ms
[2025-02-20T14:34:35.299+0000][70504.192s] GC(63)   Other: 1.1ms
[2025-02-20T14:34:35.300+0000][70504.192s] GC(63) Eden regions: 114->0(109)
[2025-02-20T14:34:35.300+0000][70504.193s] GC(63) Survivor regions: 12->11(16)
[2025-02-20T14:34:35.300+0000][70504.193s] GC(63) Old regions: 290->299
[2025-02-20T14:34:35.301+0000][70504.193s] GC(63) Archive regions: 2->2
[2025-02-20T14:34:35.301+0000][70504.194s] GC(63) Humongous regions: 4->4
[2025-02-20T14:34:35.302+0000][70504.194s] GC(63) Metaspace: 62062K(62656K)->62062K(62656K) NonClass: 54566K(54848K)->54566K(54848K) Class: 7495K(7808K)->7495K(7808K)
[2025-02-20T14:34:35.302+0000][70504.194s] GC(63) Pause Young (Concurrent Start) (G1 Evacuation Pause) 419M->314M(512M) 9.222ms
[2025-02-20T14:34:35.302+0000][70504.195s] GC(63) User=0.02s Sys=0.00s Real=0.01s
[2025-02-20T14:34:35.303+0000][70504.195s] GC(64) Concurrent Mark Cycle
[2025-02-20T14:34:35.303+0000][70504.196s] GC(64) Concurrent Clear Claimed Marks
[2025-02-20T14:34:35.304+0000][70504.197s] GC(64) Concurrent Clear Claimed Marks 0.838ms
[2025-02-20T14:34:35.305+0000][70504.197s] GC(64) Concurrent Scan Root Regions
[2025-02-20T14:34:35.305+0000][70504.198s] GC(64) Concurrent Scan Root Regions 0.816ms
[2025-02-20T14:34:35.306+0000][70504.198s] GC(64) Concurrent Mark
[2025-02-20T14:34:35.307+0000][70504.199s] GC(64) Concurrent Mark From Roots
[2025-02-20T14:34:35.307+0000][70504.199s] GC(64) Using 3 workers of 3 for marking
[2025-02-20T14:34:35.329+0000][70504.221s] GC(64) Concurrent Mark From Roots 22.400ms
[2025-02-20T14:34:35.329+0000][70504.222s] GC(64) Concurrent Preclean
[2025-02-20T14:34:35.330+0000][70504.223s] GC(64) Concurrent Preclean 0.851ms
[2025-02-20T14:34:35.331+0000][70504.223s] GC(64) Pause Remark
[2025-02-20T14:34:35.335+0000][70504.227s] GC(64) Pause Remark 321M->191M(512M) 4.011ms
[2025-02-20T14:34:35.336+0000][70504.228s] GC(64) User=0.02s Sys=0.00s Real=0.01s
[2025-02-20T14:34:35.336+0000][70504.229s] GC(64) Concurrent Mark 30.546ms
[2025-02-20T14:34:35.337+0000][70504.229s] GC(64) Concurrent Rebuild Remembered Sets
[2025-02-20T14:34:35.347+0000][70504.240s] GC(64) Concurrent Rebuild Remembered Sets 10.670ms
[2025-02-20T14:34:35.348+0000][70504.240s] GC(64) Pause Cleanup
[2025-02-20T14:34:35.348+0000][70504.241s] GC(64) Pause Cleanup 192M->192M(512M) 0.587ms
[2025-02-20T14:34:35.349+0000][70504.241s] GC(64) User=0.00s Sys=0.00s Real=0.00s
[2025-02-20T14:34:35.349+0000][70504.242s] GC(64) Concurrent Cleanup for Next Mark
[2025-02-20T14:34:35.351+0000][70504.243s] GC(64) Concurrent Cleanup for Next Mark 1.386ms
[2025-02-20T14:34:35.351+0000][70504.243s] GC(64) Concurrent Mark Cycle 48.240ms
[2025-02-20T14:34:35.910+0000][70504.802s] GC(65) Pause Young (Prepare Mixed) (G1 Evacuation Pause)
[2025-02-20T14:34:35.910+0000][70504.802s] GC(65) Using 13 workers of 13 for evacuation
[2025-02-20T14:34:35.913+0000][70504.806s] GC(65)   Pre Evacuate Collection Set: 0.2ms
[2025-02-20T14:34:35.914+0000][70504.806s] GC(65)   Merge Heap Roots: 0.1ms
[2025-02-20T14:34:35.914+0000][70504.806s] GC(65)   Evacuate Collection Set: 2.4ms
[2025-02-20T14:34:35.915+0000][70504.807s] GC(65)   Post Evacuate Collection Set: 0.5ms
[2025-02-20T14:34:35.915+0000][70504.807s] GC(65)   Other: 0.5ms
[2025-02-20T14:34:35.915+0000][70504.808s] GC(65) Eden regions: 109->0(13)
[2025-02-20T14:34:35.916+0000][70504.808s] GC(65) Survivor regions: 11->12(15)
[2025-02-20T14:34:35.916+0000][70504.808s] GC(65) Old regions: 169->180
[2025-02-20T14:34:35.916+0000][70504.808s] GC(65) Archive regions: 2->2
[2025-02-20T14:34:35.916+0000][70504.809s] GC(65) Humongous regions: 4->4
[2025-02-20T14:34:35.917+0000][70504.809s] GC(65) Metaspace: 62064K(62656K)->62064K(62656K) NonClass: 54568K(54848K)->54568K(54848K) Class: 7496K(7808K)->7496K(7808K)
[2025-02-20T14:34:35.917+0000][70504.809s] GC(65) Pause Young (Prepare Mixed) (G1 Evacuation Pause) 293M->195M(512M) 7.208ms
[2025-02-20T14:34:35.917+0000][70504.809s] GC(65) User=0.01s Sys=0.00s Real=0.01s
[2025-02-20T14:34:36.046+0000][70504.938s] GC(66) Pause Young (Mixed) (G1 Evacuation Pause)
[2025-02-20T14:34:36.046+0000][70504.938s] GC(66) Using 13 workers of 13 for evacuation
[2025-02-20T14:34:36.050+0000][70504.942s] GC(66)   Pre Evacuate Collection Set: 0.2ms
[2025-02-20T14:34:36.050+0000][70504.943s] GC(66)   Merge Heap Roots: 0.1ms
[2025-02-20T14:34:36.051+0000][70504.943s] GC(66)   Evacuate Collection Set: 2.9ms
[2025-02-20T14:34:36.051+0000][70504.943s] GC(66)   Post Evacuate Collection Set: 0.7ms
[2025-02-20T14:34:36.051+0000][70504.943s] GC(66)   Other: 0.5ms
[2025-02-20T14:34:36.051+0000][70504.944s] GC(66) Eden regions: 13->0(23)
[2025-02-20T14:34:36.051+0000][70504.944s] GC(66) Survivor regions: 12->2(4)
[2025-02-20T14:34:36.052+0000][70504.944s] GC(66) Old regions: 180->138
[2025-02-20T14:34:36.052+0000][70504.944s] GC(66) Archive regions: 2->2
[2025-02-20T14:34:36.052+0000][70504.944s] GC(66) Humongous regions: 4->4
[2025-02-20T14:34:36.052+0000][70504.944s] GC(66) Metaspace: 62064K(62656K)->62064K(62656K) NonClass: 54568K(54848K)->54568K(54848K) Class: 7496K(7808K)->7496K(7808K)
[2025-02-20T14:34:36.052+0000][70504.945s] GC(66) Pause Young (Mixed) (G1 Evacuation Pause) 208M->144M(512M) 6.793ms
[2025-02-20T14:34:36.053+0000][70504.945s] GC(66) User=0.01s Sys=0.00s Real=0.00s
[2025-02-20T14:34:36.145+0000][70505.037s] GC(67) Pause Young (Mixed) (G1 Evacuation Pause)
[2025-02-20T14:34:36.145+0000][70505.037s] GC(67) Using 13 workers of 13 for evacuation
[2025-02-20T14:34:36.148+0000][70505.040s] GC(67)   Pre Evacuate Collection Set: 0.2ms
[2025-02-20T14:34:36.148+0000][70505.041s] GC(67)   Merge Heap Roots: 0.1ms
[2025-02-20T14:34:36.149+0000][70505.042s] GC(67)   Evacuate Collection Set: 1.6ms
[2025-02-20T14:34:36.150+0000][70505.042s] GC(67)   Post Evacuate Collection Set: 0.6ms
[2025-02-20T14:34:36.151+0000][70505.043s] GC(67)   Other: 0.7ms
[2025-02-20T14:34:36.152+0000][70505.044s] GC(67) Eden regions: 23->0(278)
[2025-02-20T14:34:36.152+0000][70505.044s] GC(67) Survivor regions: 2->4(4)
[2025-02-20T14:34:36.152+0000][70505.044s] GC(67) Old regions: 138->102
[2025-02-20T14:34:36.152+0000][70505.045s] GC(67) Archive regions: 2->2
[2025-02-20T14:34:36.152+0000][70505.045s] GC(67) Humongous regions: 4->4
[2025-02-20T14:34:36.153+0000][70505.045s] GC(67) Metaspace: 62064K(62656K)->62064K(62656K) NonClass: 54568K(54848K)->54568K(54848K) Class: 7496K(7808K)->7496K(7808K)
[2025-02-20T14:34:36.153+0000][70505.045s] GC(67) Pause Young (Mixed) (G1 Evacuation Pause) 167M->110M(512M) 8.217ms
[2025-02-20T14:34:36.153+0000][70505.045s] GC(67) User=0.01s Sys=0.00s Real=0.01s
[2025-02-20T14:34:41.221+0000][70510.113s] GC(68) Pause Young (Normal) (G1 Evacuation Pause)
[2025-02-20T14:34:41.221+0000][70510.113s] GC(68) Using 13 workers of 13 for evacuation
[2025-02-20T14:34:41.230+0000][70510.123s] GC(68)   Pre Evacuate Collection Set: 0.3ms
[2025-02-20T14:34:41.231+0000][70510.123s] GC(68)   Merge Heap Roots: 0.2ms
[2025-02-20T14:34:41.231+0000][70510.123s] GC(68)   Evacuate Collection Set: 6.9ms
[2025-02-20T14:34:41.232+0000][70510.124s] GC(68)   Post Evacuate Collection Set: 1.3ms
[2025-02-20T14:34:41.232+0000][70510.125s] GC(68)   Other: 1.0ms
[2025-02-20T14:34:41.233+0000][70510.125s] GC(68) Eden regions: 278->0(269)
[2025-02-20T14:34:41.233+0000][70510.126s] GC(68) Survivor regions: 4->19(36)
[2025-02-20T14:34:41.234+0000][70510.126s] GC(68) Old regions: 102->102
[2025-02-20T14:34:41.234+0000][70510.127s] GC(68) Archive regions: 2->2
[2025-02-20T14:34:41.235+0000][70510.127s] GC(68) Humongous regions: 4->4
[2025-02-20T14:34:41.235+0000][70510.128s] GC(68) Metaspace: 62083K(62656K)->62083K(62656K) NonClass: 54587K(54848K)->54587K(54848K) Class: 7496K(7808K)->7496K(7808K)
[2025-02-20T14:34:41.236+0000][70510.128s] GC(68) Pause Young (Normal) (G1 Evacuation Pause) 388M->124M(512M) 15.368ms
[2025-02-20T14:34:41.237+0000][70510.129s] GC(68) User=0.08s Sys=0.00s Real=0.02s
[2025-02-20T14:34:43.213+0000][70512.105s] GC(69) Pause Young (Normal) (G1 Evacuation Pause)
[2025-02-20T14:34:43.213+0000][70512.105s] GC(69) Using 13 workers of 13 for evacuation
[2025-02-20T14:34:43.222+0000][70512.115s] GC(69)   Pre Evacuate Collection Set: 0.3ms
[2025-02-20T14:34:43.223+0000][70512.115s] GC(69)   Merge Heap Roots: 0.2ms
[2025-02-20T14:34:43.223+0000][70512.115s] GC(69)   Evacuate Collection Set: 7.4ms
[2025-02-20T14:34:43.223+0000][70512.116s] GC(69)   Post Evacuate Collection Set: 1.2ms
[2025-02-20T14:34:43.223+0000][70512.116s] GC(69)   Other: 0.5ms
[2025-02-20T14:34:43.224+0000][70512.116s] GC(69) Eden regions: 269->0(242)
[2025-02-20T14:34:43.224+0000][70512.116s] GC(69) Survivor regions: 19->36(36)
[2025-02-20T14:34:43.224+0000][70512.116s] GC(69) Old regions: 102->114
[2025-02-20T14:34:43.224+0000][70512.117s] GC(69) Archive regions: 2->2
[2025-02-20T14:34:43.224+0000][70512.117s] GC(69) Humongous regions: 4->4
[2025-02-20T14:34:43.224+0000][70512.117s] GC(69) Metaspace: 62101K(62656K)->62101K(62656K) NonClass: 54605K(54848K)->54605K(54848K) Class: 7496K(7808K)->7496K(7808K)
[2025-02-20T14:34:43.225+0000][70512.117s] GC(69) Pause Young (Normal) (G1 Evacuation Pause) 393M->154M(512M) 11.706ms
[2025-02-20T14:34:43.225+0000][70512.117s] GC(69) User=0.09s Sys=0.00s Real=0.01s
[2025-02-20T14:34:45.152+0000][70514.044s] GC(70) Pause Young (Normal) (G1 Evacuation Pause)
[2025-02-20T14:34:45.152+0000][70514.045s] GC(70) Using 13 workers of 13 for evacuation
[2025-02-20T14:34:45.159+0000][70514.052s] GC(70)   Pre Evacuate Collection Set: 0.2ms
[2025-02-20T14:34:45.160+0000][70514.052s] GC(70)   Merge Heap Roots: 0.1ms
[2025-02-20T14:34:45.160+0000][70514.053s] GC(70)   Evacuate Collection Set: 5.1ms
[2025-02-20T14:34:45.160+0000][70514.053s] GC(70)   Post Evacuate Collection Set: 0.7ms
[2025-02-20T14:34:45.161+0000][70514.053s] GC(70)   Other: 1.2ms
[2025-02-20T14:34:45.161+0000][70514.053s] GC(70) Eden regions: 242->0(222)
[2025-02-20T14:34:45.161+0000][70514.054s] GC(70) Survivor regions: 36->26(35)
[2025-02-20T14:34:45.162+0000][70514.054s] GC(70) Old regions: 114->146
[2025-02-20T14:34:45.162+0000][70514.055s] GC(70) Archive regions: 2->2
[2025-02-20T14:34:45.163+0000][70514.055s] GC(70) Humongous regions: 4->4
[2025-02-20T14:34:45.163+0000][70514.055s] GC(70) Metaspace: 62101K(62656K)->62101K(62656K) NonClass: 54605K(54848K)->54605K(54848K) Class: 7496K(7808K)->7496K(7808K)
[2025-02-20T14:34:45.163+0000][70514.055s] GC(70) Pause Young (Normal) (G1 Evacuation Pause) 396M->175M(512M) 11.203ms
[2025-02-20T14:34:45.163+0000][70514.056s] GC(70) User=0.06s Sys=0.00s Real=0.01s
[2025-02-20T14:34:46.288+0000][70515.180s] GC(71) Pause Young (Normal) (G1 Evacuation Pause)
[2025-02-20T14:34:46.288+0000][70515.181s] GC(71) Using 13 workers of 13 for evacuation
[2025-02-20T14:34:46.294+0000][70515.187s] GC(71)   Pre Evacuate Collection Set: 0.2ms
[2025-02-20T14:34:46.295+0000][70515.187s] GC(71)   Merge Heap Roots: 0.1ms
[2025-02-20T14:34:46.295+0000][70515.187s] GC(71)   Evacuate Collection Set: 4.5ms
[2025-02-20T14:34:46.295+0000][70515.188s] GC(71)   Post Evacuate Collection Set: 0.7ms
[2025-02-20T14:34:46.296+0000][70515.188s] GC(71)   Other: 0.9ms
[2025-02-20T14:34:46.296+0000][70515.189s] GC(71) Eden regions: 222->0(203)
[2025-02-20T14:34:46.297+0000][70515.189s] GC(71) Survivor regions: 26->24(31)
[2025-02-20T14:34:46.298+0000][70515.191s] GC(71) Old regions: 146->169
[2025-02-20T14:34:46.298+0000][70515.191s] GC(71) Archive regions: 2->2
[2025-02-20T14:34:46.299+0000][70515.191s] GC(71) Humongous regions: 4->4
[2025-02-20T14:34:46.299+0000][70515.191s] GC(71) Metaspace: 62102K(62656K)->62102K(62656K) NonClass: 54606K(54848K)->54606K(54848K) Class: 7496K(7808K)->7496K(7808K)
[2025-02-20T14:34:46.300+0000][70515.192s] GC(71) Pause Young (Normal) (G1 Evacuation Pause) 397M->197M(512M) 11.491ms
[2025-02-20T14:34:46.300+0000][70515.192s] GC(71) User=0.05s Sys=0.00s Real=0.01s
[2025-02-20T14:34:47.874+0000][70516.761s] GC(72) Pause Young (Normal) (G1 Evacuation Pause)
[2025-02-20T14:34:47.874+0000][70516.761s] GC(72) Using 13 workers of 13 for evacuation
[2025-02-20T14:34:47.879+0000][70516.767s] GC(72)   Pre Evacuate Collection Set: 0.2ms
[2025-02-20T14:34:47.880+0000][70516.767s] GC(72)   Merge Heap Roots: 0.2ms
[2025-02-20T14:34:47.880+0000][70516.767s] GC(72)   Evacuate Collection Set: 3.5ms
[2025-02-20T14:34:47.880+0000][70516.768s] GC(72)   Post Evacuate Collection Set: 0.6ms
[2025-02-20T14:34:47.881+0000][70516.768s] GC(72)   Other: 1.0ms
[2025-02-20T14:34:47.881+0000][70516.768s] GC(72) Eden regions: 203->0(199)
[2025-02-20T14:34:47.881+0000][70516.768s] GC(72) Survivor regions: 24->17(29)
[2025-02-20T14:34:47.881+0000][70516.769s] GC(72) Old regions: 169->183
[2025-02-20T14:34:47.881+0000][70516.769s] GC(72) Archive regions: 2->2
[2025-02-20T14:34:47.882+0000][70516.769s] GC(72) Humongous regions: 4->4
[2025-02-20T14:34:47.882+0000][70516.769s] GC(72) Metaspace: 62102K(62656K)->62102K(62656K) NonClass: 54606K(54848K)->54606K(54848K) Class: 7496K(7808K)->7496K(7808K)
[2025-02-20T14:34:47.882+0000][70516.769s] GC(72) Pause Young (Normal) (G1 Evacuation Pause) 400M->204M(512M) 8.272ms
[2025-02-20T14:34:47.882+0000][70516.770s] GC(72) User=0.04s Sys=0.00s Real=0.01s
[2025-02-20T14:34:48.945+0000][70517.833s] GC(73) Pause Young (Normal) (G1 Evacuation Pause)
[2025-02-20T14:34:48.946+0000][70517.833s] GC(73) Using 13 workers of 13 for evacuation
[2025-02-20T14:34:48.951+0000][70517.838s] GC(73)   Pre Evacuate Collection Set: 0.2ms
[2025-02-20T14:34:48.952+0000][70517.839s] GC(73)   Merge Heap Roots: 0.1ms
[2025-02-20T14:34:48.952+0000][70517.840s] GC(73)   Evacuate Collection Set: 3.5ms
[2025-02-20T14:34:48.953+0000][70517.840s] GC(73)   Post Evacuate Collection Set: 0.9ms
[2025-02-20T14:34:48.953+0000][70517.841s] GC(73)   Other: 1.1ms
[2025-02-20T14:34:48.954+0000][70517.841s] GC(73) Eden regions: 199->0(184)
[2025-02-20T14:34:48.954+0000][70517.841s] GC(73) Survivor regions: 17->20(27)
[2025-02-20T14:34:48.955+0000][70517.842s] GC(73) Old regions: 183->198
[2025-02-20T14:34:48.955+0000][70517.842s] GC(73) Archive regions: 2->2
[2025-02-20T14:34:48.956+0000][70517.843s] GC(73) Humongous regions: 4->4
[2025-02-20T14:34:48.956+0000][70517.843s] GC(73) Metaspace: 62103K(62656K)->62103K(62656K) NonClass: 54607K(54848K)->54607K(54848K) Class: 7496K(7808K)->7496K(7808K)
[2025-02-20T14:34:48.956+0000][70517.844s] GC(73) Pause Young (Normal) (G1 Evacuation Pause) 403M->221M(512M) 11.084ms
[2025-02-20T14:34:48.957+0000][70517.844s] GC(73) User=0.03s Sys=0.00s Real=0.01s
[2025-02-20T14:34:50.350+0000][70519.237s] GC(74) Pause Young (Normal) (G1 Evacuation Pause)
[2025-02-20T14:34:50.350+0000][70519.238s] GC(74) Using 13 workers of 13 for evacuation
[2025-02-20T14:34:50.354+0000][70519.241s] GC(74)   Pre Evacuate Collection Set: 0.2ms
[2025-02-20T14:34:50.355+0000][70519.242s] GC(74)   Merge Heap Roots: 0.1ms
[2025-02-20T14:34:50.355+0000][70519.242s] GC(74)   Evacuate Collection Set: 2.6ms
[2025-02-20T14:34:50.355+0000][70519.243s] GC(74)   Post Evacuate Collection Set: 0.6ms
[2025-02-20T14:34:50.356+0000][70519.243s] GC(74)   Other: 0.7ms
[2025-02-20T14:34:50.356+0000][70519.243s] GC(74) Eden regions: 184->0(166)
[2025-02-20T14:34:50.356+0000][70519.243s] GC(74) Survivor regions: 20->24(26)
[2025-02-20T14:34:50.356+0000][70519.243s] GC(74) Old regions: 198->214
[2025-02-20T14:34:50.356+0000][70519.244s] GC(74) Archive regions: 2->2
[2025-02-20T14:34:50.357+0000][70519.244s] GC(74) Humongous regions: 4->4
[2025-02-20T14:34:50.357+0000][70519.244s] GC(74) Metaspace: 62103K(62656K)->62103K(62656K) NonClass: 54607K(54848K)->54607K(54848K) Class: 7496K(7808K)->7496K(7808K)
[2025-02-20T14:34:50.357+0000][70519.244s] GC(74) Pause Young (Normal) (G1 Evacuation Pause) 405M->242M(512M) 7.133ms
[2025-02-20T14:34:50.357+0000][70519.245s] GC(74) User=0.02s Sys=0.00s Real=0.01s
[2025-02-20T14:34:51.717+0000][70520.604s] GC(75) Pause Young (Normal) (G1 Evacuation Pause)
[2025-02-20T14:34:51.717+0000][70520.605s] GC(75) Using 13 workers of 13 for evacuation
[2025-02-20T14:34:51.721+0000][70520.608s] GC(75)   Pre Evacuate Collection Set: 0.2ms
[2025-02-20T14:34:51.722+0000][70520.609s] GC(75)   Merge Heap Roots: 0.1ms
[2025-02-20T14:34:51.722+0000][70520.609s] GC(75)   Evacuate Collection Set: 2.4ms
[2025-02-20T14:34:51.722+0000][70520.609s] GC(75)   Post Evacuate Collection Set: 0.6ms
[2025-02-20T14:34:51.723+0000][70520.610s] GC(75)   Other: 1.2ms
[2025-02-20T14:34:51.723+0000][70520.610s] GC(75) Eden regions: 166->0(156)
[2025-02-20T14:34:51.723+0000][70520.610s] GC(75) Survivor regions: 24->16(24)
[2025-02-20T14:34:51.723+0000][70520.611s] GC(75) Old regions: 214->236
[2025-02-20T14:34:51.724+0000][70520.611s] GC(75) Archive regions: 2->2
[2025-02-20T14:34:51.724+0000][70520.612s] GC(75) Humongous regions: 4->4
[2025-02-20T14:34:51.725+0000][70520.612s] GC(75) Metaspace: 62103K(62656K)->62103K(62656K) NonClass: 54607K(54848K)->54607K(54848K) Class: 7496K(7808K)->7496K(7808K)
[2025-02-20T14:34:51.725+0000][70520.613s] GC(75) Pause Young (Normal) (G1 Evacuation Pause) 408M->255M(512M) 8.694ms
[2025-02-20T14:34:51.726+0000][70520.613s] GC(75) User=0.02s Sys=0.00s Real=0.01s
[2025-02-20T14:34:52.424+0000][70521.311s] GC(76) Pause Young (Normal) (G1 Evacuation Pause)
[2025-02-20T14:34:52.424+0000][70521.312s] GC(76) Using 13 workers of 13 for evacuation
[2025-02-20T14:34:52.428+0000][70521.315s] GC(76)   Pre Evacuate Collection Set: 0.2ms
[2025-02-20T14:34:52.429+0000][70521.316s] GC(76)   Merge Heap Roots: 0.1ms
[2025-02-20T14:34:52.429+0000][70521.316s] GC(76)   Evacuate Collection Set: 2.2ms
[2025-02-20T14:34:52.430+0000][70521.317s] GC(76)   Post Evacuate Collection Set: 0.9ms
[2025-02-20T14:34:52.430+0000][70521.317s] GC(76)   Other: 0.7ms
[2025-02-20T14:34:52.430+0000][70521.317s] GC(76) Eden regions: 156->0(146)
[2025-02-20T14:34:52.430+0000][70521.318s] GC(76) Survivor regions: 16->17(22)
[2025-02-20T14:34:52.431+0000][70521.318s] GC(76) Old regions: 236->249
[2025-02-20T14:34:52.431+0000][70521.318s] GC(76) Archive regions: 2->2
[2025-02-20T14:34:52.431+0000][70521.318s] GC(76) Humongous regions: 4->4
[2025-02-20T14:34:52.431+0000][70521.319s] GC(76) Metaspace: 62106K(62656K)->62106K(62656K) NonClass: 54610K(54848K)->54610K(54848K) Class: 7496K(7808K)->7496K(7808K)
[2025-02-20T14:34:52.432+0000][70521.319s] GC(76) Pause Young (Normal) (G1 Evacuation Pause) 411M->269M(512M) 7.625ms
[2025-02-20T14:34:52.432+0000][70521.319s] GC(76) User=0.01s Sys=0.00s Real=0.01s
[2025-02-20T14:34:53.660+0000][70522.547s] GC(77) Pause Young (Normal) (G1 Evacuation Pause)
[2025-02-20T14:34:53.660+0000][70522.548s] GC(77) Using 13 workers of 13 for evacuation
[2025-02-20T14:34:53.664+0000][70522.552s] GC(77)   Pre Evacuate Collection Set: 0.2ms
[2025-02-20T14:34:53.665+0000][70522.552s] GC(77)   Merge Heap Roots: 0.2ms
[2025-02-20T14:34:53.665+0000][70522.552s] GC(77)   Evacuate Collection Set: 2.6ms
[2025-02-20T14:34:53.665+0000][70522.553s] GC(77)   Post Evacuate Collection Set: 0.9ms
[2025-02-20T14:34:53.666+0000][70522.553s] GC(77)   Other: 0.7ms
[2025-02-20T14:34:53.666+0000][70522.553s] GC(77) Eden regions: 146->0(131)
[2025-02-20T14:34:53.666+0000][70522.554s] GC(77) Survivor regions: 17->20(21)
[2025-02-20T14:34:53.667+0000][70522.554s] GC(77) Old regions: 249->262
[2025-02-20T14:34:53.667+0000][70522.554s] GC(77) Archive regions: 2->2
[2025-02-20T14:34:53.667+0000][70522.555s] GC(77) Humongous regions: 4->4
[2025-02-20T14:34:53.668+0000][70522.555s] GC(77) Metaspace: 62106K(62656K)->62106K(62656K) NonClass: 54610K(54848K)->54610K(54848K) Class: 7496K(7808K)->7496K(7808K)
[2025-02-20T14:34:53.668+0000][70522.555s] GC(77) Pause Young (Normal) (G1 Evacuation Pause) 415M->285M(512M) 7.940ms
[2025-02-20T14:34:53.668+0000][70522.556s] GC(77) User=0.02s Sys=0.00s Real=0.00s
[2025-02-20T14:34:54.417+0000][70523.305s] GC(78) Pause Young (Normal) (G1 Evacuation Pause)
[2025-02-20T14:34:54.418+0000][70523.305s] GC(78) Using 13 workers of 13 for evacuation
[2025-02-20T14:34:54.421+0000][70523.308s] GC(78)   Pre Evacuate Collection Set: 0.2ms
[2025-02-20T14:34:54.422+0000][70523.309s] GC(78)   Merge Heap Roots: 0.1ms
[2025-02-20T14:34:54.422+0000][70523.309s] GC(78)   Evacuate Collection Set: 1.7ms
[2025-02-20T14:34:54.422+0000][70523.309s] GC(78)   Post Evacuate Collection Set: 0.6ms
[2025-02-20T14:34:54.422+0000][70523.310s] GC(78)   Other: 1.1ms
[2025-02-20T14:34:54.423+0000][70523.310s] GC(78) Eden regions: 131->0(129)
[2025-02-20T14:34:54.423+0000][70523.310s] GC(78) Survivor regions: 20->8(19)
[2025-02-20T14:34:54.423+0000][70523.311s] GC(78) Old regions: 262->281
[2025-02-20T14:34:54.424+0000][70523.311s] GC(78) Archive regions: 2->2
[2025-02-20T14:34:54.424+0000][70523.311s] GC(78) Humongous regions: 4->4
[2025-02-20T14:34:54.424+0000][70523.312s] GC(78) Metaspace: 62107K(62656K)->62107K(62656K) NonClass: 54611K(54848K)->54611K(54848K) Class: 7496K(7808K)->7496K(7808K)
[2025-02-20T14:34:54.425+0000][70523.312s] GC(78) Pause Young (Normal) (G1 Evacuation Pause) 416M->292M(512M) 7.247ms
[2025-02-20T14:34:54.425+0000][70523.312s] GC(78) User=0.02s Sys=0.00s Real=0.01s
[2025-02-20T14:34:55.236+0000][70524.124s] GC(79) Pause Young (Concurrent Start) (G1 Evacuation Pause)
[2025-02-20T14:34:55.237+0000][70524.124s] GC(79) Using 13 workers of 13 for evacuation
[2025-02-20T14:34:55.242+0000][70524.129s] GC(79)   Pre Evacuate Collection Set: 0.3ms
[2025-02-20T14:34:55.242+0000][70524.129s] GC(79)   Merge Heap Roots: 0.2ms
[2025-02-20T14:34:55.242+0000][70524.130s] GC(79)   Evacuate Collection Set: 3.6ms
[2025-02-20T14:34:55.243+0000][70524.130s] GC(79)   Post Evacuate Collection Set: 0.8ms
[2025-02-20T14:34:55.243+0000][70524.130s] GC(79)   Other: 0.8ms
[2025-02-20T14:34:55.243+0000][70524.130s] GC(79) Eden regions: 129->0(117)
[2025-02-20T14:34:55.243+0000][70524.131s] GC(79) Survivor regions: 8->18(18)
[2025-02-20T14:34:55.243+0000][70524.131s] GC(79) Old regions: 281->284
[2025-02-20T14:34:55.244+0000][70524.131s] GC(79) Archive regions: 2->2
[2025-02-20T14:34:55.244+0000][70524.131s] GC(79) Humongous regions: 4->4
[2025-02-20T14:34:55.244+0000][70524.131s] GC(79) Metaspace: 62109K(62656K)->62109K(62656K) NonClass: 54613K(54848K)->54613K(54848K) Class: 7496K(7808K)->7496K(7808K)
[2025-02-20T14:34:55.244+0000][70524.132s] GC(79) Pause Young (Concurrent Start) (G1 Evacuation Pause) 421M->306M(512M) 8.051ms
[2025-02-20T14:34:55.245+0000][70524.132s] GC(79) User=0.03s Sys=0.00s Real=0.01s
[2025-02-20T14:34:55.245+0000][70524.132s] GC(80) Concurrent Mark Cycle
[2025-02-20T14:34:55.245+0000][70524.132s] GC(80) Concurrent Clear Claimed Marks
[2025-02-20T14:34:55.245+0000][70524.133s] GC(80) Concurrent Clear Claimed Marks 0.290ms
[2025-02-20T14:34:55.246+0000][70524.133s] GC(80) Concurrent Scan Root Regions
[2025-02-20T14:34:55.248+0000][70524.135s] GC(80) Concurrent Scan Root Regions 2.167ms
[2025-02-20T14:34:55.248+0000][70524.135s] GC(80) Concurrent Mark
[2025-02-20T14:34:55.248+0000][70524.136s] GC(80) Concurrent Mark From Roots
[2025-02-20T14:34:55.249+0000][70524.136s] GC(80) Using 3 workers of 3 for marking
[2025-02-20T14:34:55.280+0000][70524.167s] GC(80) Concurrent Mark From Roots 31.236ms
[2025-02-20T14:34:55.280+0000][70524.167s] GC(80) Concurrent Preclean
[2025-02-20T14:34:55.280+0000][70524.168s] GC(80) Concurrent Preclean 0.480ms
[2025-02-20T14:34:55.281+0000][70524.168s] GC(80) Pause Remark
[2025-02-20T14:34:55.285+0000][70524.172s] GC(80) Pause Remark 314M->187M(512M) 4.206ms
[2025-02-20T14:34:55.286+0000][70524.173s] GC(80) User=0.03s Sys=0.00s Real=0.00s
[2025-02-20T14:34:55.286+0000][70524.173s] GC(80) Concurrent Mark 37.948ms
[2025-02-20T14:34:55.286+0000][70524.174s] GC(80) Concurrent Rebuild Remembered Sets
[2025-02-20T14:34:55.297+0000][70524.184s] GC(80) Concurrent Rebuild Remembered Sets 10.168ms
[2025-02-20T14:34:55.297+0000][70524.184s] GC(80) Pause Cleanup
[2025-02-20T14:34:55.298+0000][70524.185s] GC(80) Pause Cleanup 188M->188M(512M) 0.521ms
[2025-02-20T14:34:55.298+0000][70524.185s] GC(80) User=0.00s Sys=0.00s Real=0.00s
[2025-02-20T14:34:55.298+0000][70524.186s] GC(80) Concurrent Cleanup for Next Mark
[2025-02-20T14:34:55.300+0000][70524.187s] GC(80) Concurrent Cleanup for Next Mark 1.193ms
[2025-02-20T14:34:55.300+0000][70524.187s] GC(80) Concurrent Mark Cycle 55.202ms
[2025-02-20T14:34:56.539+0000][70525.426s] GC(81) Pause Young (Prepare Mixed) (G1 Evacuation Pause)
[2025-02-20T14:34:56.540+0000][70525.427s] GC(81) Using 13 workers of 13 for evacuation
[2025-02-20T14:34:56.548+0000][70525.435s] GC(81)   Pre Evacuate Collection Set: 0.2ms
[2025-02-20T14:34:56.553+0000][70525.440s] GC(81)   Merge Heap Roots: 0.3ms
[2025-02-20T14:34:56.555+0000][70525.442s] GC(81)   Evacuate Collection Set: 2.7ms
[2025-02-20T14:34:56.555+0000][70525.442s] GC(81)   Post Evacuate Collection Set: 0.7ms
[2025-02-20T14:34:56.555+0000][70525.443s] GC(81)   Other: 5.1ms
[2025-02-20T14:34:56.556+0000][70525.443s] GC(81) Eden regions: 117->0(10)
[2025-02-20T14:34:56.557+0000][70525.444s] GC(81) Survivor regions: 18->15(17)
[2025-02-20T14:34:56.557+0000][70525.444s] GC(81) Old regions: 157->172
[2025-02-20T14:34:56.558+0000][70525.445s] GC(81) Archive regions: 2->2
[2025-02-20T14:34:56.558+0000][70525.445s] GC(81) Humongous regions: 4->4
[2025-02-20T14:34:56.559+0000][70525.446s] GC(81) Metaspace: 62115K(62656K)->62115K(62656K) NonClass: 54618K(54848K)->54618K(54848K) Class: 7496K(7808K)->7496K(7808K)
[2025-02-20T14:34:56.559+0000][70525.447s] GC(81) Pause Young (Prepare Mixed) (G1 Evacuation Pause) 296M->190M(512M) 20.800ms
[2025-02-20T14:34:56.560+0000][70525.447s] GC(81) User=0.02s Sys=0.00s Real=0.02s
[2025-02-20T14:34:56.601+0000][70525.488s] GC(82) Pause Young (Mixed) (G1 Evacuation Pause)
[2025-02-20T14:34:56.601+0000][70525.488s] GC(82) Using 13 workers of 13 for evacuation
[2025-02-20T14:34:56.605+0000][70525.493s] GC(82)   Pre Evacuate Collection Set: 0.2ms
[2025-02-20T14:34:56.606+0000][70525.493s] GC(82)   Merge Heap Roots: 0.1ms
[2025-02-20T14:34:56.606+0000][70525.493s] GC(82)   Evacuate Collection Set: 2.6ms
[2025-02-20T14:34:56.606+0000][70525.493s] GC(82)   Post Evacuate Collection Set: 0.6ms
[2025-02-20T14:34:56.606+0000][70525.494s] GC(82)   Other: 1.3ms
[2025-02-20T14:34:56.607+0000][70525.494s] GC(82) Eden regions: 10->0(23)
[2025-02-20T14:34:56.607+0000][70525.494s] GC(82) Survivor regions: 15->2(4)
[2025-02-20T14:34:56.607+0000][70525.495s] GC(82) Old regions: 172->134
[2025-02-20T14:34:56.608+0000][70525.495s] GC(82) Archive regions: 2->2
[2025-02-20T14:34:56.608+0000][70525.495s] GC(82) Humongous regions: 4->4
[2025-02-20T14:34:56.608+0000][70525.495s] GC(82) Metaspace: 62115K(62656K)->62115K(62656K) NonClass: 54618K(54848K)->54618K(54848K) Class: 7496K(7808K)->7496K(7808K)
[2025-02-20T14:34:56.609+0000][70525.496s] GC(82) Pause Young (Mixed) (G1 Evacuation Pause) 200M->140M(512M) 8.006ms
[2025-02-20T14:34:56.609+0000][70525.496s] GC(82) User=0.02s Sys=0.00s Real=0.00s
[2025-02-20T14:34:56.677+0000][70525.564s] GC(83) Pause Young (Mixed) (G1 Evacuation Pause)
[2025-02-20T14:34:56.677+0000][70525.564s] GC(83) Using 13 workers of 13 for evacuation
[2025-02-20T14:34:56.680+0000][70525.567s] GC(83)   Pre Evacuate Collection Set: 0.2ms
[2025-02-20T14:34:56.680+0000][70525.567s] GC(83)   Merge Heap Roots: 0.2ms
[2025-02-20T14:34:56.680+0000][70525.567s] GC(83)   Evacuate Collection Set: 1.4ms
[2025-02-20T14:34:56.680+0000][70525.568s] GC(83)   Post Evacuate Collection Set: 0.6ms
[2025-02-20T14:34:56.681+0000][70525.568s] GC(83)   Other: 0.6ms
[2025-02-20T14:34:56.681+0000][70525.568s] GC(83) Eden regions: 23->0(278)
[2025-02-20T14:34:56.681+0000][70525.568s] GC(83) Survivor regions: 2->4(4)
[2025-02-20T14:34:56.681+0000][70525.569s] GC(83) Old regions: 134->98
[2025-02-20T14:34:56.681+0000][70525.569s] GC(83) Archive regions: 2->2
[2025-02-20T14:34:56.681+0000][70525.569s] GC(83) Humongous regions: 4->4
[2025-02-20T14:34:56.682+0000][70525.569s] GC(83) Metaspace: 62115K(62656K)->62115K(62656K) NonClass: 54618K(54848K)->54618K(54848K) Class: 7496K(7808K)->7496K(7808K)
[2025-02-20T14:34:56.682+0000][70525.569s] GC(83) Pause Young (Mixed) (G1 Evacuation Pause) 163M->105M(512M) 4.828ms
[2025-02-20T14:34:56.682+0000][70525.569s] GC(83) User=0.00s Sys=0.00s Real=0.01s
[2025-02-20T14:34:58.065+0000][70526.953s] GC(84) Pause Young (Normal) (G1 Evacuation Pause)
[2025-02-20T14:34:58.066+0000][70526.953s] GC(84) Using 13 workers of 13 for evacuation
[2025-02-20T14:34:58.069+0000][70526.956s] GC(84)   Pre Evacuate Collection Set: 0.2ms
[2025-02-20T14:34:58.069+0000][70526.956s] GC(84)   Merge Heap Roots: 0.2ms
[2025-02-20T14:34:58.069+0000][70526.957s] GC(84)   Evacuate Collection Set: 1.7ms
[2025-02-20T14:34:58.070+0000][70526.957s] GC(84)   Post Evacuate Collection Set: 0.8ms
[2025-02-20T14:34:58.070+0000][70526.957s] GC(84)   Other: 0.5ms
[2025-02-20T14:34:58.070+0000][70526.957s] GC(84) Eden regions: 278->0(269)
[2025-02-20T14:34:58.070+0000][70526.957s] GC(84) Survivor regions: 4->20(36)
[2025-02-20T14:34:58.070+0000][70526.958s] GC(84) Old regions: 98->98
[2025-02-20T14:34:58.071+0000][70526.958s] GC(84) Archive regions: 2->2
[2025-02-20T14:34:58.071+0000][70526.958s] GC(84) Humongous regions: 4->4
[2025-02-20T14:34:58.071+0000][70526.958s] GC(84) Metaspace: 62116K(62656K)->62116K(62656K) NonClass: 54620K(54848K)->54620K(54848K) Class: 7496K(7808K)->7496K(7808K)
[2025-02-20T14:34:58.071+0000][70526.958s] GC(84) Pause Young (Normal) (G1 Evacuation Pause) 383M->121M(512M) 5.914ms
[2025-02-20T14:34:58.072+0000][70526.959s] GC(84) User=0.02s Sys=0.00s Real=0.01s
[2025-02-20T14:34:59.702+0000][70528.589s] GC(85) Pause Young (Normal) (G1 Evacuation Pause)
[2025-02-20T14:34:59.702+0000][70528.589s] GC(85) Using 13 workers of 13 for evacuation
[2025-02-20T14:34:59.706+0000][70528.593s] GC(85)   Pre Evacuate Collection Set: 0.2ms
[2025-02-20T14:34:59.706+0000][70528.593s] GC(85)   Merge Heap Roots: 0.1ms
[2025-02-20T14:34:59.706+0000][70528.594s] GC(85)   Evacuate Collection Set: 2.6ms
[2025-02-20T14:34:59.707+0000][70528.594s] GC(85)   Post Evacuate Collection Set: 0.7ms
[2025-02-20T14:34:59.707+0000][70528.594s] GC(85)   Other: 0.6ms
[2025-02-20T14:34:59.707+0000][70528.594s] GC(85) Eden regions: 269->0(268)
[2025-02-20T14:34:59.707+0000][70528.595s] GC(85) Survivor regions: 20->23(37)
[2025-02-20T14:34:59.708+0000][70528.595s] GC(85) Old regions: 98->100
[2025-02-20T14:34:59.708+0000][70528.595s] GC(85) Archive regions: 2->2
[2025-02-20T14:34:59.708+0000][70528.595s] GC(85) Humongous regions: 4->4
[2025-02-20T14:34:59.708+0000][70528.595s] GC(85) Metaspace: 62120K(62656K)->62120K(62656K) NonClass: 54623K(54848K)->54623K(54848K) Class: 7496K(7808K)->7496K(7808K)
[2025-02-20T14:34:59.708+0000][70528.596s] GC(85) Pause Young (Normal) (G1 Evacuation Pause) 390M->127M(512M) 6.895ms
[2025-02-20T14:34:59.709+0000][70528.596s] GC(85) User=0.03s Sys=0.00s Real=0.00s
[2025-02-20T14:35:02.255+0000][70531.143s] GC(86) Pause Young (Normal) (G1 Evacuation Pause)
[2025-02-20T14:35:02.255+0000][70531.143s] GC(86) Using 13 workers of 13 for evacuation
[2025-02-20T14:35:02.258+0000][70531.145s] GC(86)   Pre Evacuate Collection Set: 0.2ms
[2025-02-20T14:35:02.258+0000][70531.146s] GC(86)   Merge Heap Roots: 0.3ms
[2025-02-20T14:35:02.258+0000][70531.146s] GC(86)   Evacuate Collection Set: 1.5ms
[2025-02-20T14:35:02.259+0000][70531.146s] GC(86)   Post Evacuate Collection Set: 0.5ms
[2025-02-20T14:35:02.259+0000][70531.146s] GC(86)   Other: 0.4ms
[2025-02-20T14:35:02.259+0000][70531.146s] GC(86) Eden regions: 268->0(292)
[2025-02-20T14:35:02.259+0000][70531.146s] GC(86) Survivor regions: 23->2(37)
[2025-02-20T14:35:02.259+0000][70531.146s] GC(86) Old regions: 100->107
[2025-02-20T14:35:02.259+0000][70531.146s] GC(86) Archive regions: 2->2
[2025-02-20T14:35:02.259+0000][70531.147s] GC(86) Humongous regions: 4->4
[2025-02-20T14:35:02.259+0000][70531.147s] GC(86) Metaspace: 62130K(62720K)->62130K(62720K) NonClass: 54634K(54912K)->54634K(54912K) Class: 7496K(7808K)->7496K(7808K)
[2025-02-20T14:35:02.260+0000][70531.147s] GC(86) Pause Young (Normal) (G1 Evacuation Pause) 395M->112M(512M) 4.256ms
[2025-02-20T14:35:02.260+0000][70531.147s] GC(86) User=0.01s Sys=0.00s Real=0.00s
[2025-02-20T14:35:05.609+0000][70534.497s] GC(87) Pause Young (Normal) (G1 Evacuation Pause)
[2025-02-20T14:35:05.610+0000][70534.497s] GC(87) Using 13 workers of 13 for evacuation
[2025-02-20T14:35:05.613+0000][70534.500s] GC(87)   Pre Evacuate Collection Set: 0.2ms
[2025-02-20T14:35:05.614+0000][70534.501s] GC(87)   Merge Heap Roots: 0.2ms
[2025-02-20T14:35:05.614+0000][70534.501s] GC(87)   Evacuate Collection Set: 1.8ms
[2025-02-20T14:35:05.614+0000][70534.501s] GC(87)   Post Evacuate Collection Set: 0.7ms
[2025-02-20T14:35:05.614+0000][70534.502s] GC(87)   Other: 1.1ms
[2025-02-20T14:35:05.615+0000][70534.502s] GC(87) Eden regions: 292->0(280)
[2025-02-20T14:35:05.615+0000][70534.502s] GC(87) Survivor regions: 2->16(37)
[2025-02-20T14:35:05.615+0000][70534.502s] GC(87) Old regions: 107->107
[2025-02-20T14:35:05.615+0000][70534.503s] GC(87) Archive regions: 2->2
[2025-02-20T14:35:05.616+0000][70534.503s] GC(87) Humongous regions: 4->4
[2025-02-20T14:35:05.616+0000][70534.503s] GC(87) Metaspace: 62149K(62720K)->62149K(62720K) NonClass: 54652K(54912K)->54652K(54912K) Class: 7496K(7808K)->7496K(7808K)
[2025-02-20T14:35:05.616+0000][70534.503s] GC(87) Pause Young (Normal) (G1 Evacuation Pause) 404M->127M(512M) 6.688ms
[2025-02-20T14:35:05.616+0000][70534.504s] GC(87) User=0.02s Sys=0.00s Real=0.01s
[2025-02-20T14:35:07.205+0000][70536.092s] GC(88) Pause Young (Normal) (G1 Evacuation Pause)
[2025-02-20T14:35:07.205+0000][70536.092s] GC(88) Using 13 workers of 13 for evacuation
[2025-02-20T14:35:07.212+0000][70536.100s] GC(88)   Pre Evacuate Collection Set: 0.3ms
[2025-02-20T14:35:07.213+0000][70536.100s] GC(88)   Merge Heap Roots: 0.2ms
[2025-02-20T14:35:07.213+0000][70536.100s] GC(88)   Evacuate Collection Set: 4.9ms
[2025-02-20T14:35:07.213+0000][70536.100s] GC(88)   Post Evacuate Collection Set: 1.3ms
[2025-02-20T14:35:07.213+0000][70536.101s] GC(88)   Other: 0.8ms
[2025-02-20T14:35:07.214+0000][70536.101s] GC(88) Eden regions: 280->0(256)
[2025-02-20T14:35:07.214+0000][70536.101s] GC(88) Survivor regions: 16->37(37)
[2025-02-20T14:35:07.214+0000][70536.101s] GC(88) Old regions: 107->107
[2025-02-20T14:35:07.214+0000][70536.102s] GC(88) Archive regions: 2->2
[2025-02-20T14:35:07.215+0000][70536.102s] GC(88) Humongous regions: 4->4
[2025-02-20T14:35:07.215+0000][70536.102s] GC(88) Metaspace: 62165K(62720K)->62165K(62720K) NonClass: 54667K(54912K)->54667K(54912K) Class: 7497K(7808K)->7497K(7808K)
[2025-02-20T14:35:07.215+0000][70536.102s] GC(88) Pause Young (Normal) (G1 Evacuation Pause) 407M->148M(512M) 10.365ms
[2025-02-20T14:35:07.215+0000][70536.103s] GC(88) User=0.06s Sys=0.00s Real=0.01s
[2025-02-20T14:35:09.959+0000][70538.846s] GC(89) Pause Young (Normal) (G1 Evacuation Pause)
[2025-02-20T14:35:09.959+0000][70538.846s] GC(89) Using 13 workers of 13 for evacuation
[2025-02-20T14:35:09.963+0000][70538.850s] GC(89)   Pre Evacuate Collection Set: 0.2ms
[2025-02-20T14:35:09.963+0000][70538.850s] GC(89)   Merge Heap Roots: 0.2ms
[2025-02-20T14:35:09.963+0000][70538.850s] GC(89)   Evacuate Collection Set: 2.0ms
[2025-02-20T14:35:09.963+0000][70538.850s] GC(89)   Post Evacuate Collection Set: 1.1ms
[2025-02-20T14:35:09.963+0000][70538.850s] GC(89)   Other: 0.4ms
[2025-02-20T14:35:09.963+0000][70538.851s] GC(89) Eden regions: 256->0(296)
[2025-02-20T14:35:09.963+0000][70538.851s] GC(89) Survivor regions: 37->2(37)
[2025-02-20T14:35:09.964+0000][70538.851s] GC(89) Old regions: 107->109
[2025-02-20T14:35:09.964+0000][70538.851s] GC(89) Archive regions: 2->2
[2025-02-20T14:35:09.964+0000][70538.851s] GC(89) Humongous regions: 4->4
[2025-02-20T14:35:09.964+0000][70538.851s] GC(89) Metaspace: 62183K(62720K)->62183K(62720K) NonClass: 54681K(54912K)->54681K(54912K) Class: 7501K(7808K)->7501K(7808K)
[2025-02-20T14:35:09.964+0000][70538.851s] GC(89) Pause Young (Normal) (G1 Evacuation Pause) 404M->114M(512M) 5.372ms
[2025-02-20T14:35:09.964+0000][70538.851s] GC(89) User=0.03s Sys=0.00s Real=0.01s
[2025-02-20T14:35:13.123+0000][70542.011s] GC(90) Pause Young (Normal) (G1 Evacuation Pause)
[2025-02-20T14:35:13.124+0000][70542.011s] GC(90) Using 13 workers of 13 for evacuation
[2025-02-20T14:35:13.127+0000][70542.015s] GC(90)   Pre Evacuate Collection Set: 0.2ms
[2025-02-20T14:35:13.128+0000][70542.015s] GC(90)   Merge Heap Roots: 0.1ms
[2025-02-20T14:35:13.128+0000][70542.015s] GC(90)   Evacuate Collection Set: 1.9ms
[2025-02-20T14:35:13.128+0000][70542.016s] GC(90)   Post Evacuate Collection Set: 0.7ms
[2025-02-20T14:35:13.129+0000][70542.016s] GC(90)   Other: 1.0ms
[2025-02-20T14:35:13.129+0000][70542.016s] GC(90) Eden regions: 296->0(270)
[2025-02-20T14:35:13.129+0000][70542.017s] GC(90) Survivor regions: 2->24(38)
[2025-02-20T14:35:13.130+0000][70542.017s] GC(90) Old regions: 109->109
[2025-02-20T14:35:13.130+0000][70542.017s] GC(90) Archive regions: 2->2
[2025-02-20T14:35:13.131+0000][70542.018s] GC(90) Humongous regions: 4->4
[2025-02-20T14:35:13.131+0000][70542.018s] GC(90) Metaspace: 62186K(62720K)->62186K(62720K) NonClass: 54684K(54912K)->54684K(54912K) Class: 7501K(7808K)->7501K(7808K)
[2025-02-20T14:35:13.131+0000][70542.019s] GC(90) Pause Young (Normal) (G1 Evacuation Pause) 410M->136M(512M) 7.971ms
[2025-02-20T14:35:13.132+0000][70542.019s] GC(90) User=0.02s Sys=0.00s Real=0.01s
[2025-02-20T14:35:19.611+0000][70548.503s] GC(91) Pause Young (Normal) (G1 Evacuation Pause)
[2025-02-20T14:35:19.611+0000][70548.504s] GC(91) Using 13 workers of 13 for evacuation
[2025-02-20T14:35:19.613+0000][70548.506s] GC(91)   Pre Evacuate Collection Set: 0.2ms
[2025-02-20T14:35:19.614+0000][70548.506s] GC(91)   Merge Heap Roots: 0.2ms
[2025-02-20T14:35:19.616+0000][70548.509s] GC(91)   Evacuate Collection Set: 1.1ms
[2025-02-20T14:35:19.617+0000][70548.509s] GC(91)   Post Evacuate Collection Set: 0.6ms
[2025-02-20T14:35:19.617+0000][70548.509s] GC(91)   Other: 0.6ms
[2025-02-20T14:35:19.617+0000][70548.510s] GC(91) Eden regions: 270->0(289)
[2025-02-20T14:35:19.617+0000][70548.510s] GC(91) Survivor regions: 24->9(37)
[2025-02-20T14:35:19.618+0000][70548.510s] GC(91) Old regions: 109->109
[2025-02-20T14:35:19.618+0000][70548.510s] GC(91) Archive regions: 2->2
[2025-02-20T14:35:19.618+0000][70548.510s] GC(91) Humongous regions: 4->4
[2025-02-20T14:35:19.618+0000][70548.511s] GC(91) Metaspace: 62195K(62784K)->62195K(62784K) NonClass: 54693K(54976K)->54693K(54976K) Class: 7501K(7808K)->7501K(7808K)
[2025-02-20T14:35:19.618+0000][70548.511s] GC(91) Pause Young (Normal) (G1 Evacuation Pause) 406M->122M(512M) 7.512ms
[2025-02-20T14:35:19.619+0000][70548.511s] GC(91) User=0.02s Sys=0.00s Real=0.01s
[2025-02-20T14:35:21.745+0000][70550.638s] GC(92) Pause Young (Normal) (G1 Evacuation Pause)
[2025-02-20T14:35:21.745+0000][70550.638s] GC(92) Using 13 workers of 13 for evacuation
[2025-02-20T14:35:21.750+0000][70550.643s] GC(92)   Pre Evacuate Collection Set: 0.2ms
[2025-02-20T14:35:21.751+0000][70550.644s] GC(92)   Merge Heap Roots: 0.1ms
[2025-02-20T14:35:21.752+0000][70550.644s] GC(92)   Evacuate Collection Set: 3.2ms
[2025-02-20T14:35:21.752+0000][70550.645s] GC(92)   Post Evacuate Collection Set: 1.0ms
[2025-02-20T14:35:21.753+0000][70550.645s] GC(92)   Other: 0.9ms
[2025-02-20T14:35:21.753+0000][70550.645s] GC(92) Eden regions: 289->0(248)
[2025-02-20T14:35:21.753+0000][70550.646s] GC(92) Survivor regions: 9->38(38)
[2025-02-20T14:35:21.754+0000][70550.646s] GC(92) Old regions: 109->112
[2025-02-20T14:35:21.754+0000][70550.646s] GC(92) Archive regions: 2->2
[2025-02-20T14:35:21.754+0000][70550.647s] GC(92) Humongous regions: 4->4
[2025-02-20T14:35:21.754+0000][70550.647s] GC(92) Metaspace: 62195K(62784K)->62195K(62784K) NonClass: 54693K(54976K)->54693K(54976K) Class: 7501K(7808K)->7501K(7808K)
[2025-02-20T14:35:21.755+0000][70550.647s] GC(92) Pause Young (Normal) (G1 Evacuation Pause) 411M->153M(512M) 9.861ms
[2025-02-20T14:35:21.755+0000][70550.648s] GC(92) User=0.03s Sys=0.00s Real=0.01s
[2025-02-20T14:35:23.296+0000][70552.189s] GC(93) Pause Young (Normal) (G1 Evacuation Pause)
[2025-02-20T14:35:23.296+0000][70552.189s] GC(93) Using 13 workers of 13 for evacuation
[2025-02-20T14:35:23.306+0000][70552.198s] GC(93)   Pre Evacuate Collection Set: 0.2ms
[2025-02-20T14:35:23.306+0000][70552.198s] GC(93)   Merge Heap Roots: 0.1ms
[2025-02-20T14:35:23.306+0000][70552.198s] GC(93)   Evacuate Collection Set: 7.8ms
[2025-02-20T14:35:23.306+0000][70552.199s] GC(93)   Post Evacuate Collection Set: 0.8ms
[2025-02-20T14:35:23.306+0000][70552.199s] GC(93)   Other: 0.5ms
[2025-02-20T14:35:23.306+0000][70552.199s] GC(93) Eden regions: 248->0(227)
[2025-02-20T14:35:23.307+0000][70552.199s] GC(93) Survivor regions: 38->25(36)
[2025-02-20T14:35:23.307+0000][70552.199s] GC(93) Old regions: 112->147
[2025-02-20T14:35:23.307+0000][70552.199s] GC(93) Archive regions: 2->2
[2025-02-20T14:35:23.307+0000][70552.199s] GC(93) Humongous regions: 4->4
[2025-02-20T14:35:23.307+0000][70552.199s] GC(93) Metaspace: 62196K(62784K)->62196K(62784K) NonClass: 54694K(54976K)->54694K(54976K) Class: 7501K(7808K)->7501K(7808K)
[2025-02-20T14:35:23.307+0000][70552.200s] GC(93) Pause Young (Normal) (G1 Evacuation Pause) 401M->175M(512M) 11.034ms
[2025-02-20T14:35:23.307+0000][70552.200s] GC(93) User=0.10s Sys=0.00s Real=0.01s
[2025-02-20T14:35:25.199+0000][70554.092s] GC(94) Pause Young (Concurrent Start) (G1 Evacuation Pause)
[2025-02-20T14:35:25.199+0000][70554.092s] GC(94) Using 13 workers of 13 for evacuation
[2025-02-20T14:35:25.208+0000][70554.101s] GC(94)   Pre Evacuate Collection Set: 0.4ms
[2025-02-20T14:35:25.209+0000][70554.101s] GC(94)   Merge Heap Roots: 0.1ms
[2025-02-20T14:35:25.209+0000][70554.102s] GC(94)   Evacuate Collection Set: 7.0ms
[2025-02-20T14:35:25.209+0000][70554.102s] GC(94)   Post Evacuate Collection Set: 1.0ms
[2025-02-20T14:35:25.210+0000][70554.102s] GC(94)   Other: 0.6ms
[2025-02-20T14:35:25.210+0000][70554.102s] GC(94) Eden regions: 227->0(207)
[2025-02-20T14:35:25.210+0000][70554.103s] GC(94) Survivor regions: 25->24(32)
[2025-02-20T14:35:25.211+0000][70554.103s] GC(94) Old regions: 147->169
[2025-02-20T14:35:25.211+0000][70554.103s] GC(94) Archive regions: 2->2
[2025-02-20T14:35:25.211+0000][70554.103s] GC(94) Humongous regions: 4->4
[2025-02-20T14:35:25.211+0000][70554.104s] GC(94) Metaspace: 62208K(62784K)->62208K(62784K) NonClass: 54706K(54976K)->54706K(54976K) Class: 7501K(7808K)->7501K(7808K)
[2025-02-20T14:35:25.212+0000][70554.104s] GC(94) Pause Young (Concurrent Start) (G1 Evacuation Pause) 402M->196M(512M) 12.537ms
[2025-02-20T14:35:25.212+0000][70554.104s] GC(94) User=0.08s Sys=0.00s Real=0.01s
[2025-02-20T14:35:25.212+0000][70554.105s] GC(95) Concurrent Mark Cycle
[2025-02-20T14:35:25.213+0000][70554.106s] GC(95) Concurrent Clear Claimed Marks
[2025-02-20T14:35:25.214+0000][70554.106s] GC(95) Concurrent Clear Claimed Marks 0.492ms
[2025-02-20T14:35:25.214+0000][70554.107s] GC(95) Concurrent Scan Root Regions
[2025-02-20T14:35:25.216+0000][70554.108s] GC(95) Concurrent Scan Root Regions 1.694ms
[2025-02-20T14:35:25.216+0000][70554.109s] GC(95) Concurrent Mark
[2025-02-20T14:35:25.216+0000][70554.109s] GC(95) Concurrent Mark From Roots
[2025-02-20T14:35:25.217+0000][70554.110s] GC(95) Using 3 workers of 3 for marking
[2025-02-20T14:35:25.247+0000][70554.139s] GC(95) Concurrent Mark From Roots 30.254ms
[2025-02-20T14:35:25.248+0000][70554.140s] GC(95) Concurrent Preclean
[2025-02-20T14:35:25.249+0000][70554.141s] GC(95) Concurrent Preclean 1.054ms
[2025-02-20T14:35:25.251+0000][70554.143s] GC(95) Pause Remark
[2025-02-20T14:35:25.259+0000][70554.152s] GC(95) Pause Remark 199M->184M(512M) 8.305ms
[2025-02-20T14:35:25.260+0000][70554.152s] GC(95) User=0.06s Sys=0.00s Real=0.01s
[2025-02-20T14:35:25.260+0000][70554.152s] GC(95) Concurrent Mark 43.687ms
[2025-02-20T14:35:25.261+0000][70554.153s] GC(95) Concurrent Rebuild Remembered Sets
[2025-02-20T14:35:25.271+0000][70554.164s] GC(95) Concurrent Rebuild Remembered Sets 10.431ms
[2025-02-20T14:35:25.272+0000][70554.164s] GC(95) Pause Cleanup
[2025-02-20T14:35:25.272+0000][70554.165s] GC(95) Pause Cleanup 186M->186M(512M) 0.580ms
[2025-02-20T14:35:25.273+0000][70554.165s] GC(95) User=0.00s Sys=0.00s Real=0.00s
[2025-02-20T14:35:25.273+0000][70554.166s] GC(95) Concurrent Cleanup for Next Mark
[2025-02-20T14:35:25.275+0000][70554.168s] GC(95) Concurrent Cleanup for Next Mark 1.977ms
[2025-02-20T14:35:25.276+0000][70554.168s] GC(95) Concurrent Mark Cycle 63.228ms
[2025-02-20T14:35:26.608+0000][70555.500s] GC(96) Pause Young (Prepare Mixed) (G1 Evacuation Pause)
[2025-02-20T14:35:26.608+0000][70555.501s] GC(96) Using 13 workers of 13 for evacuation
[2025-02-20T14:35:26.619+0000][70555.511s] GC(96)   Pre Evacuate Collection Set: 0.2ms
[2025-02-20T14:35:26.619+0000][70555.512s] GC(96)   Merge Heap Roots: 0.2ms
[2025-02-20T14:35:26.620+0000][70555.512s] GC(96)   Evacuate Collection Set: 8.3ms
[2025-02-20T14:35:26.620+0000][70555.513s] GC(96)   Post Evacuate Collection Set: 0.9ms
[2025-02-20T14:35:26.621+0000][70555.513s] GC(96)   Other: 1.0ms
[2025-02-20T14:35:26.622+0000][70555.514s] GC(96) Eden regions: 207->0(7)
[2025-02-20T14:35:26.622+0000][70555.515s] GC(96) Survivor regions: 24->18(29)
[2025-02-20T14:35:26.623+0000][70555.515s] GC(96) Old regions: 154->177
[2025-02-20T14:35:26.623+0000][70555.516s] GC(96) Archive regions: 2->2
[2025-02-20T14:35:26.624+0000][70555.516s] GC(96) Humongous regions: 4->4
[2025-02-20T14:35:26.624+0000][70555.517s] GC(96) Metaspace: 62209K(62784K)->62209K(62784K) NonClass: 54707K(54976K)->54707K(54976K) Class: 7501K(7808K)->7501K(7808K)
[2025-02-20T14:35:26.625+0000][70555.517s] GC(96) Pause Young (Prepare Mixed) (G1 Evacuation Pause) 388M->199M(512M) 16.690ms
[2025-02-20T14:35:26.625+0000][70555.518s] GC(96) User=0.09s Sys=0.00s Real=0.02s
[2025-02-20T14:35:26.687+0000][70555.580s] GC(97) Pause Young (Mixed) (G1 Evacuation Pause)
[2025-02-20T14:35:26.687+0000][70555.580s] GC(97) Using 13 workers of 13 for evacuation
[2025-02-20T14:35:26.692+0000][70555.585s] GC(97)   Pre Evacuate Collection Set: 0.3ms
[2025-02-20T14:35:26.693+0000][70555.585s] GC(97)   Merge Heap Roots: 0.2ms
[2025-02-20T14:35:26.693+0000][70555.586s] GC(97)   Evacuate Collection Set: 2.6ms
[2025-02-20T14:35:26.694+0000][70555.586s] GC(97)   Post Evacuate Collection Set: 1.0ms
[2025-02-20T14:35:26.694+0000][70555.587s] GC(97)   Other: 0.9ms
[2025-02-20T14:35:26.695+0000][70555.587s] GC(97) Eden regions: 7->0(230)
[2025-02-20T14:35:26.695+0000][70555.588s] GC(97) Survivor regions: 18->1(4)
[2025-02-20T14:35:26.695+0000][70555.588s] GC(97) Old regions: 177->163
[2025-02-20T14:35:26.696+0000][70555.588s] GC(97) Archive regions: 2->2
[2025-02-20T14:35:26.696+0000][70555.589s] GC(97) Humongous regions: 4->4
[2025-02-20T14:35:26.696+0000][70555.589s] GC(97) Metaspace: 62209K(62784K)->62209K(62784K) NonClass: 54707K(54976K)->54707K(54976K) Class: 7501K(7808K)->7501K(7808K)
[2025-02-20T14:35:26.697+0000][70555.589s] GC(97) Pause Young (Mixed) (G1 Evacuation Pause) 206M->168M(512M) 9.693ms
[2025-02-20T14:35:26.697+0000][70555.590s] GC(97) User=0.03s Sys=0.00s Real=0.01s
[2025-02-20T14:35:32.732+0000][70561.625s] GC(98) Pause Young (Normal) (G1 Evacuation Pause)
[2025-02-20T14:35:32.732+0000][70561.625s] GC(98) Using 13 workers of 13 for evacuation
[2025-02-20T14:35:32.737+0000][70561.630s] GC(98)   Pre Evacuate Collection Set: 0.3ms
[2025-02-20T14:35:32.738+0000][70561.630s] GC(98)   Merge Heap Roots: 0.1ms
[2025-02-20T14:35:32.738+0000][70561.631s] GC(98)   Evacuate Collection Set: 3.5ms
[2025-02-20T14:35:32.738+0000][70561.631s] GC(98)   Post Evacuate Collection Set: 1.0ms
[2025-02-20T14:35:32.739+0000][70561.631s] GC(98)   Other: 0.4ms
[2025-02-20T14:35:32.739+0000][70561.631s] GC(98) Eden regions: 230->0(220)
[2025-02-20T14:35:32.739+0000][70561.632s] GC(98) Survivor regions: 1->17(29)
[2025-02-20T14:35:32.739+0000][70561.632s] GC(98) Old regions: 163->163
[2025-02-20T14:35:32.739+0000][70561.632s] GC(98) Archive regions: 2->2
[2025-02-20T14:35:32.740+0000][70561.632s] GC(98) Humongous regions: 4->4
[2025-02-20T14:35:32.740+0000][70561.632s] GC(98) Metaspace: 62354K(62912K)->62354K(62912K) NonClass: 54837K(55104K)->54837K(55104K) Class: 7517K(7808K)->7517K(7808K)
[2025-02-20T14:35:32.740+0000][70561.632s] GC(98) Pause Young (Normal) (G1 Evacuation Pause) 398M->183M(512M) 7.545ms
[2025-02-20T14:35:32.740+0000][70561.632s] GC(98) User=0.05s Sys=0.00s Real=0.01s
[2025-02-20T14:35:36.266+0000][70565.158s] GC(99) Pause Young (Normal) (G1 Evacuation Pause)
[2025-02-20T14:35:36.270+0000][70565.162s] GC(99) Using 13 workers of 13 for evacuation
[2025-02-20T14:35:36.273+0000][70565.165s] GC(99)   Pre Evacuate Collection Set: 0.2ms
[2025-02-20T14:35:36.274+0000][70565.166s] GC(99)   Merge Heap Roots: 0.1ms
[2025-02-20T14:35:36.274+0000][70565.167s] GC(99)   Evacuate Collection Set: 2.0ms
[2025-02-20T14:35:36.275+0000][70565.167s] GC(99)   Post Evacuate Collection Set: 0.5ms
[2025-02-20T14:35:36.275+0000][70565.168s] GC(99)   Other: 4.3ms
[2025-02-20T14:35:36.276+0000][70565.168s] GC(99) Eden regions: 220->0(227)
[2025-02-20T14:35:36.276+0000][70565.169s] GC(99) Survivor regions: 17->4(30)
[2025-02-20T14:35:36.279+0000][70565.171s] GC(99) Old regions: 163->176
[2025-02-20T14:35:36.282+0000][70565.175s] GC(99) Archive regions: 2->2
[2025-02-20T14:35:36.283+0000][70565.175s] GC(99) Humongous regions: 4->4
[2025-02-20T14:35:36.283+0000][70565.176s] GC(99) Metaspace: 62395K(62912K)->62395K(62912K) NonClass: 54877K(55104K)->54877K(55104K) Class: 7517K(7808K)->7517K(7808K)
[2025-02-20T14:35:36.284+0000][70565.176s] GC(99) Pause Young (Normal) (G1 Evacuation Pause) 403M->183M(512M) 18.115ms
[2025-02-20T14:35:36.284+0000][70565.177s] GC(99) User=0.02s Sys=0.00s Real=0.01s
[2025-02-20T14:35:37.985+0000][70566.877s] GC(100) Pause Young (Normal) (G1 Evacuation Pause)
[2025-02-20T14:35:37.985+0000][70566.877s] GC(100) Using 13 workers of 13 for evacuation
[2025-02-20T14:35:37.988+0000][70566.881s] GC(100)   Pre Evacuate Collection Set: 0.2ms
[2025-02-20T14:35:37.988+0000][70566.881s] GC(100)   Merge Heap Roots: 0.1ms
[2025-02-20T14:35:37.989+0000][70566.881s] GC(100)   Evacuate Collection Set: 2.3ms
[2025-02-20T14:35:37.989+0000][70566.881s] GC(100)   Post Evacuate Collection Set: 0.6ms
[2025-02-20T14:35:37.989+0000][70566.881s] GC(100)   Other: 0.4ms
[2025-02-20T14:35:37.989+0000][70566.881s] GC(100) Eden regions: 227->0(202)
[2025-02-20T14:35:37.989+0000][70566.882s] GC(100) Survivor regions: 4->29(29)
[2025-02-20T14:35:37.989+0000][70566.882s] GC(100) Old regions: 176->176
[2025-02-20T14:35:37.989+0000][70566.882s] GC(100) Archive regions: 2->2
[2025-02-20T14:35:37.989+0000][70566.882s] GC(100) Humongous regions: 4->4
[2025-02-20T14:35:37.990+0000][70566.882s] GC(100) Metaspace: 62395K(62912K)->62395K(62912K) NonClass: 54877K(55104K)->54877K(55104K) Class: 7517K(7808K)->7517K(7808K)
[2025-02-20T14:35:37.990+0000][70566.882s] GC(100) Pause Young (Normal) (G1 Evacuation Pause) 410M->208M(512M) 5.052ms
[2025-02-20T14:35:37.990+0000][70566.882s] GC(100) User=0.02s Sys=0.00s Real=0.01s
[2025-02-20T14:39:16.307+0000][70785.191s] GC(101) Pause Young (Normal) (G1 Evacuation Pause)
[2025-02-20T14:39:16.307+0000][70785.191s] GC(101) Using 13 workers of 13 for evacuation
[2025-02-20T14:39:16.313+0000][70785.198s] GC(101)   Pre Evacuate Collection Set: 0.6ms
[2025-02-20T14:39:16.314+0000][70785.198s] GC(101)   Merge Heap Roots: 0.4ms
[2025-02-20T14:39:16.314+0000][70785.198s] GC(101)   Evacuate Collection Set: 3.2ms
[2025-02-20T14:39:16.314+0000][70785.199s] GC(101)   Post Evacuate Collection Set: 1.4ms
[2025-02-20T14:39:16.315+0000][70785.199s] GC(101)   Other: 1.3ms
[2025-02-20T14:39:16.315+0000][70785.199s] GC(101) Eden regions: 202->0(231)
[2025-02-20T14:39:16.315+0000][70785.199s] GC(101) Survivor regions: 29->2(29)
[2025-02-20T14:39:16.315+0000][70785.200s] GC(101) Old regions: 176->177
[2025-02-20T14:39:16.315+0000][70785.200s] GC(101) Archive regions: 2->2
[2025-02-20T14:39:16.316+0000][70785.200s] GC(101) Humongous regions: 4->4
[2025-02-20T14:39:16.316+0000][70785.200s] GC(101) Metaspace: 62517K(63040K)->62517K(63040K) NonClass: 54995K(55232K)->54995K(55232K) Class: 7521K(7808K)->7521K(7808K)
[2025-02-20T14:39:16.316+0000][70785.201s] GC(101) Pause Young (Normal) (G1 Evacuation Pause) 410M->183M(512M) 9.677ms
[2025-02-20T14:39:16.317+0000][70785.201s] GC(101) User=0.05s Sys=0.00s Real=0.01s
[2025-02-20T14:44:51.834+0000][71120.714s] GC(102) Pause Young (Normal) (G1 Evacuation Pause)
[2025-02-20T14:44:51.834+0000][71120.715s] GC(102) Using 13 workers of 13 for evacuation
[2025-02-20T14:44:51.841+0000][71120.721s] GC(102)   Pre Evacuate Collection Set: 0.5ms
[2025-02-20T14:44:51.841+0000][71120.722s] GC(102)   Merge Heap Roots: 0.3ms
[2025-02-20T14:44:51.842+0000][71120.722s] GC(102)   Evacuate Collection Set: 2.8ms
[2025-02-20T14:44:51.842+0000][71120.723s] GC(102)   Post Evacuate Collection Set: 1.9ms
[2025-02-20T14:44:51.843+0000][71120.723s] GC(102)   Other: 1.6ms
[2025-02-20T14:44:51.843+0000][71120.724s] GC(102) Eden regions: 231->0(237)
[2025-02-20T14:44:51.843+0000][71120.724s] GC(102) Survivor regions: 2->3(30)
[2025-02-20T14:44:51.844+0000][71120.724s] GC(102) Old regions: 177->177
[2025-02-20T14:44:51.844+0000][71120.725s] GC(102) Archive regions: 2->2
[2025-02-20T14:44:51.844+0000][71120.725s] GC(102) Humongous regions: 6->4
[2025-02-20T14:44:51.845+0000][71120.725s] GC(102) Metaspace: 62841K(63360K)->62841K(63360K) NonClass: 55294K(55552K)->55294K(55552K) Class: 7547K(7808K)->7547K(7808K)
[2025-02-20T14:44:51.845+0000][71120.726s] GC(102) Pause Young (Normal) (G1 Evacuation Pause) 416M->184M(512M) 11.350ms
[2025-02-20T14:44:51.845+0000][71120.726s] GC(102) User=0.04s Sys=0.00s Real=0.01s
[2025-02-20T16:49:09.115+0000][78577.958s] Heap
[2025-02-20T16:49:09.115+0000][78577.959s]  garbage-first heap   total 524288K, used 237934K [0x00000000e0000000, 0x0000000100000000)
[2025-02-20T16:49:09.116+0000][78577.959s]   region size 1024K, 51 young (52224K), 3 survivors (3072K)
[2025-02-20T16:49:09.116+0000][78577.959s]  Metaspace       used 63119K, committed 63552K, reserved 1114112K
[2025-02-20T16:49:09.116+0000][78577.959s]   class space    used 7591K, committed 7808K, reserved 1048576K
