[2025-03-12T14:34:27.051+0000][0.085s] Using G1
[2025-03-12T14:34:27.141+0000][0.175s] Version: 17.0.14+7 (release)
[2025-03-12T14:34:27.142+0000][0.175s] CPUs: 16 total, 16 available
[2025-03-12T14:34:27.143+0000][0.176s] Memory: 15802M
[2025-03-12T14:34:27.143+0000][0.176s] Large Page Support: Disabled
[2025-03-12T14:34:27.144+0000][0.177s] NUMA Support: Disabled
[2025-03-12T14:34:27.144+0000][0.177s] Compressed Oops: Enabled (32-bit)
[2025-03-12T14:34:27.145+0000][0.178s] Heap Region Size: 1M
[2025-03-12T14:34:27.145+0000][0.178s] Heap Min Capacity: 512M
[2025-03-12T14:34:27.146+0000][0.179s] Heap Initial Capacity: 512M
[2025-03-12T14:34:27.146+0000][0.179s] Heap Max Capacity: 512M
[2025-03-12T14:34:27.147+0000][0.180s] Pre-touch: Enabled
[2025-03-12T14:34:27.147+0000][0.180s] Parallel Workers: 13
[2025-03-12T14:34:27.148+0000][0.181s] Concurrent Workers: 3
[2025-03-12T14:34:27.148+0000][0.181s] Concurrent Refinement Workers: 13
[2025-03-12T14:34:27.148+0000][0.182s] Periodic GC: Disabled
[2025-03-12T14:34:27.190+0000][0.223s] CDS archive(s) mapped at: [0x00007ff7eb000000-0x00007ff7eba62000-0x00007ff7eba62000), size 10887168, SharedBaseAddress: 0x00007ff7eb000000, ArchiveRelocationMode: 1.
[2025-03-12T14:34:27.191+0000][0.224s] Compressed class space mapped at: 0x00007ff7ec000000-0x00007ff82c000000, reserved size: 1073741824
[2025-03-12T14:34:27.191+0000][0.224s] Narrow klass base: 0x00007ff7eb000000, Narrow klass shift: 0, Narrow klass range: 0x100000000
[2025-03-12T14:34:28.126+0000][1.160s] GC(0) Pause Young (Normal) (G1 Evacuation Pause)
[2025-03-12T14:34:28.127+0000][1.160s] GC(0) Using 12 workers of 13 for evacuation
[2025-03-12T14:34:28.132+0000][1.165s] GC(0)   Pre Evacuate Collection Set: 0.1ms
[2025-03-12T14:34:28.132+0000][1.165s] GC(0)   Merge Heap Roots: 0.3ms
[2025-03-12T14:34:28.132+0000][1.166s] GC(0)   Evacuate Collection Set: 3.5ms
[2025-03-12T14:34:28.133+0000][1.166s] GC(0)   Post Evacuate Collection Set: 0.7ms
[2025-03-12T14:34:28.133+0000][1.166s] GC(0)   Other: 0.6ms
[2025-03-12T14:34:28.133+0000][1.166s] GC(0) Eden regions: 29->0(59)
[2025-03-12T14:34:28.133+0000][1.167s] GC(0) Survivor regions: 0->4(4)
[2025-03-12T14:34:28.134+0000][1.167s] GC(0) Old regions: 0->0
[2025-03-12T14:34:28.134+0000][1.167s] GC(0) Archive regions: 2->2
[2025-03-12T14:34:28.134+0000][1.167s] GC(0) Humongous regions: 0->0
[2025-03-12T14:34:28.134+0000][1.168s] GC(0) Metaspace: 9675K(9984K)->9675K(9984K) NonClass: 8489K(8640K)->8489K(8640K) Class: 1186K(1344K)->1186K(1344K)
[2025-03-12T14:34:28.135+0000][1.168s] GC(0) Pause Young (Normal) (G1 Evacuation Pause) 29M->4M(512M) 8.318ms
[2025-03-12T14:34:28.135+0000][1.168s] GC(0) User=0.03s Sys=0.00s Real=0.01s
[2025-03-12T14:34:28.696+0000][1.730s] GC(1) Pause Young (Normal) (G1 Evacuation Pause)
[2025-03-12T14:34:28.697+0000][1.730s] GC(1) Using 13 workers of 13 for evacuation
[2025-03-12T14:34:28.702+0000][1.736s] GC(1)   Pre Evacuate Collection Set: 0.3ms
[2025-03-12T14:34:28.703+0000][1.736s] GC(1)   Merge Heap Roots: 0.1ms
[2025-03-12T14:34:28.703+0000][1.736s] GC(1)   Evacuate Collection Set: 4.3ms
[2025-03-12T14:34:28.703+0000][1.736s] GC(1)   Post Evacuate Collection Set: 0.6ms
[2025-03-12T14:34:28.703+0000][1.737s] GC(1)   Other: 0.8ms
[2025-03-12T14:34:28.704+0000][1.737s] GC(1) Eden regions: 59->0(79)
[2025-03-12T14:34:28.704+0000][1.737s] GC(1) Survivor regions: 4->8(8)
[2025-03-12T14:34:28.704+0000][1.738s] GC(1) Old regions: 0->6
[2025-03-12T14:34:28.705+0000][1.738s] GC(1) Archive regions: 2->2
[2025-03-12T14:34:28.705+0000][1.738s] GC(1) Humongous regions: 4->4
[2025-03-12T14:34:28.705+0000][1.739s] GC(1) Metaspace: 17932K(18240K)->17932K(18240K) NonClass: 15738K(15872K)->15738K(15872K) Class: 2194K(2368K)->2194K(2368K)
[2025-03-12T14:34:28.706+0000][1.739s] GC(1) Pause Young (Normal) (G1 Evacuation Pause) 67M->18M(512M) 9.430ms
[2025-03-12T14:34:28.706+0000][1.739s] GC(1) User=0.03s Sys=0.02s Real=0.01s
[2025-03-12T14:34:28.834+0000][1.867s] GC(2) Pause Young (Normal) (G1 Evacuation Pause)
[2025-03-12T14:34:28.834+0000][1.868s] GC(2) Using 13 workers of 13 for evacuation
[2025-03-12T14:34:28.839+0000][1.873s] GC(2)   Pre Evacuate Collection Set: 0.2ms
[2025-03-12T14:34:28.840+0000][1.873s] GC(2)   Merge Heap Roots: 0.2ms
[2025-03-12T14:34:28.840+0000][1.873s] GC(2)   Evacuate Collection Set: 3.3ms
[2025-03-12T14:34:28.841+0000][1.874s] GC(2)   Post Evacuate Collection Set: 0.6ms
[2025-03-12T14:34:28.841+0000][1.874s] GC(2)   Other: 1.1ms
[2025-03-12T14:34:28.841+0000][1.874s] GC(2) Eden regions: 79->0(297)
[2025-03-12T14:34:28.841+0000][1.874s] GC(2) Survivor regions: 8->10(11)
[2025-03-12T14:34:28.841+0000][1.875s] GC(2) Old regions: 6->9
[2025-03-12T14:34:28.842+0000][1.875s] GC(2) Archive regions: 2->2
[2025-03-12T14:34:28.842+0000][1.875s] GC(2) Humongous regions: 4->4
[2025-03-12T14:34:28.842+0000][1.875s] GC(2) Metaspace: 18261K(18560K)->18261K(18560K) NonClass: 16043K(16192K)->16043K(16192K) Class: 2218K(2368K)->2218K(2368K)
[2025-03-12T14:34:28.842+0000][1.876s] GC(2) Pause Young (Normal) (G1 Evacuation Pause) 97M->23M(512M) 8.424ms
[2025-03-12T14:34:28.843+0000][1.876s] GC(2) User=0.03s Sys=0.00s Real=0.01s
[2025-03-12T14:34:29.018+0000][2.051s] GC(3) Pause Young (Concurrent Start) (Metadata GC Threshold)
[2025-03-12T14:34:29.018+0000][2.052s] GC(3) Using 13 workers of 13 for evacuation
[2025-03-12T14:34:29.023+0000][2.056s] GC(3)   Pre Evacuate Collection Set: 0.2ms
[2025-03-12T14:34:29.023+0000][2.057s] GC(3)   Merge Heap Roots: 0.2ms
[2025-03-12T14:34:29.024+0000][2.057s] GC(3)   Evacuate Collection Set: 2.7ms
[2025-03-12T14:34:29.024+0000][2.057s] GC(3)   Post Evacuate Collection Set: 0.6ms
[2025-03-12T14:34:29.024+0000][2.057s] GC(3)   Other: 1.6ms
[2025-03-12T14:34:29.024+0000][2.058s] GC(3) Eden regions: 20->0(296)
[2025-03-12T14:34:29.025+0000][2.058s] GC(3) Survivor regions: 10->11(39)
[2025-03-12T14:34:29.025+0000][2.058s] GC(3) Old regions: 9->9
[2025-03-12T14:34:29.025+0000][2.058s] GC(3) Archive regions: 2->2
[2025-03-12T14:34:29.025+0000][2.059s] GC(3) Humongous regions: 4->4
[2025-03-12T14:34:29.026+0000][2.059s] GC(3) Metaspace: 21188K(21504K)->21188K(21504K) NonClass: 18603K(18752K)->18603K(18752K) Class: 2584K(2752K)->2584K(2752K)
[2025-03-12T14:34:29.026+0000][2.059s] GC(3) Pause Young (Concurrent Start) (Metadata GC Threshold) 43M->24M(512M) 7.908ms
[2025-03-12T14:34:29.026+0000][2.059s] GC(3) User=0.02s Sys=0.01s Real=0.01s
[2025-03-12T14:34:29.026+0000][2.059s] GC(4) Concurrent Mark Cycle
[2025-03-12T14:34:29.026+0000][2.060s] GC(4) Concurrent Clear Claimed Marks
[2025-03-12T14:34:29.027+0000][2.060s] GC(4) Concurrent Clear Claimed Marks 0.352ms
[2025-03-12T14:34:29.027+0000][2.060s] GC(4) Concurrent Scan Root Regions
[2025-03-12T14:34:29.029+0000][2.062s] GC(4) Concurrent Scan Root Regions 1.882ms
[2025-03-12T14:34:29.029+0000][2.063s] GC(4) Concurrent Mark
[2025-03-12T14:34:29.030+0000][2.063s] GC(4) Concurrent Mark From Roots
[2025-03-12T14:34:29.030+0000][2.063s] GC(4) Using 3 workers of 3 for marking
[2025-03-12T14:34:29.034+0000][2.067s] GC(4) Concurrent Mark From Roots 4.641ms
[2025-03-12T14:34:29.035+0000][2.068s] GC(4) Concurrent Preclean
[2025-03-12T14:34:29.035+0000][2.068s] GC(4) Concurrent Preclean 0.321ms
[2025-03-12T14:34:29.035+0000][2.069s] GC(4) Pause Remark
[2025-03-12T14:34:29.037+0000][2.071s] GC(4) Pause Remark 25M->25M(512M) 2.126ms
[2025-03-12T14:34:29.038+0000][2.071s] GC(4) User=0.00s Sys=0.00s Real=0.00s
[2025-03-12T14:34:29.038+0000][2.071s] GC(4) Concurrent Mark 8.652ms
[2025-03-12T14:34:29.038+0000][2.071s] GC(4) Concurrent Rebuild Remembered Sets
[2025-03-12T14:34:29.040+0000][2.074s] GC(4) Concurrent Rebuild Remembered Sets 2.203ms
[2025-03-12T14:34:29.041+0000][2.074s] GC(4) Pause Cleanup
[2025-03-12T14:34:29.041+0000][2.074s] GC(4) Pause Cleanup 25M->25M(512M) 0.437ms
[2025-03-12T14:34:29.041+0000][2.075s] GC(4) User=0.00s Sys=0.00s Real=0.00s
[2025-03-12T14:34:29.042+0000][2.075s] GC(4) Concurrent Cleanup for Next Mark
[2025-03-12T14:34:29.042+0000][2.075s] GC(4) Concurrent Cleanup for Next Mark 0.538ms
[2025-03-12T14:34:29.042+0000][2.076s] GC(4) Concurrent Mark Cycle 16.243ms
[2025-03-12T14:34:30.053+0000][3.087s] GC(5) Pause Young (Concurrent Start) (Metadata GC Threshold)
[2025-03-12T14:34:30.054+0000][3.087s] GC(5) Using 13 workers of 13 for evacuation
[2025-03-12T14:34:30.060+0000][3.093s] GC(5)   Pre Evacuate Collection Set: 0.2ms
[2025-03-12T14:34:30.060+0000][3.093s] GC(5)   Merge Heap Roots: 0.1ms
[2025-03-12T14:34:30.060+0000][3.094s] GC(5)   Evacuate Collection Set: 3.9ms
[2025-03-12T14:34:30.061+0000][3.094s] GC(5)   Post Evacuate Collection Set: 1.4ms
[2025-03-12T14:34:30.061+0000][3.094s] GC(5)   Other: 0.9ms
[2025-03-12T14:34:30.061+0000][3.094s] GC(5) Eden regions: 103->0(290)
[2025-03-12T14:34:30.061+0000][3.095s] GC(5) Survivor regions: 11->17(39)
[2025-03-12T14:34:30.062+0000][3.095s] GC(5) Old regions: 9->9
[2025-03-12T14:34:30.062+0000][3.095s] GC(5) Archive regions: 2->2
[2025-03-12T14:34:30.063+0000][3.096s] GC(5) Humongous regions: 4->4
[2025-03-12T14:34:30.063+0000][3.096s] GC(5) Metaspace: 35952K(36288K)->35952K(36288K) NonClass: 31464K(31616K)->31464K(31616K) Class: 4488K(4672K)->4488K(4672K)
[2025-03-12T14:34:30.063+0000][3.097s] GC(5) Pause Young (Concurrent Start) (Metadata GC Threshold) 126M->30M(512M) 10.137ms
[2025-03-12T14:34:30.064+0000][3.097s] GC(5) User=0.04s Sys=0.01s Real=0.01s
[2025-03-12T14:34:30.065+0000][3.098s] GC(6) Concurrent Mark Cycle
[2025-03-12T14:34:30.065+0000][3.098s] GC(6) Concurrent Clear Claimed Marks
[2025-03-12T14:34:30.065+0000][3.099s] GC(6) Concurrent Clear Claimed Marks 0.504ms
[2025-03-12T14:34:30.066+0000][3.099s] GC(6) Concurrent Scan Root Regions
[2025-03-12T14:34:30.068+0000][3.101s] GC(6) Concurrent Scan Root Regions 2.393ms
[2025-03-12T14:34:30.068+0000][3.102s] GC(6) Concurrent Mark
[2025-03-12T14:34:30.070+0000][3.103s] GC(6) Concurrent Mark From Roots
[2025-03-12T14:34:30.070+0000][3.104s] GC(6) Using 3 workers of 3 for marking
[2025-03-12T14:34:30.075+0000][3.108s] GC(6) Concurrent Mark From Roots 4.275ms
[2025-03-12T14:34:30.075+0000][3.108s] GC(6) Concurrent Preclean
[2025-03-12T14:34:30.075+0000][3.109s] GC(6) Concurrent Preclean 0.344ms
[2025-03-12T14:34:30.076+0000][3.109s] GC(6) Pause Remark
[2025-03-12T14:34:30.078+0000][3.111s] GC(6) Pause Remark 31M->31M(512M) 2.312ms
[2025-03-12T14:34:30.078+0000][3.112s] GC(6) User=0.01s Sys=0.00s Real=0.01s
[2025-03-12T14:34:30.079+0000][3.112s] GC(6) Concurrent Mark 10.213ms
[2025-03-12T14:34:30.079+0000][3.113s] GC(6) Concurrent Rebuild Remembered Sets
[2025-03-12T14:34:30.082+0000][3.115s] GC(6) Concurrent Rebuild Remembered Sets 2.831ms
[2025-03-12T14:34:30.083+0000][3.116s] GC(6) Pause Cleanup
[2025-03-12T14:34:30.083+0000][3.116s] GC(6) Pause Cleanup 31M->31M(512M) 0.545ms
[2025-03-12T14:34:30.083+0000][3.116s] GC(6) User=0.00s Sys=0.00s Real=0.00s
[2025-03-12T14:34:30.083+0000][3.117s] GC(6) Concurrent Cleanup for Next Mark
[2025-03-12T14:34:30.084+0000][3.117s] GC(6) Concurrent Cleanup for Next Mark 0.632ms
[2025-03-12T14:34:30.084+0000][3.118s] GC(6) Concurrent Mark Cycle 19.979ms
[2025-03-12T15:11:03.902+0000][2196.924s] GC(7) Pause Young (Normal) (G1 Evacuation Pause)
[2025-03-12T15:11:03.910+0000][2196.933s] GC(7) Using 13 workers of 13 for evacuation
[2025-03-12T15:11:03.948+0000][2196.971s] GC(7)   Pre Evacuate Collection Set: 0.8ms
[2025-03-12T15:11:03.949+0000][2196.971s] GC(7)   Merge Heap Roots: 0.3ms
[2025-03-12T15:11:03.949+0000][2196.972s] GC(7)   Evacuate Collection Set: 28.8ms
[2025-03-12T15:11:03.949+0000][2196.972s] GC(7)   Post Evacuate Collection Set: 3.0ms
[2025-03-12T15:11:03.950+0000][2196.972s] GC(7)   Other: 13.7ms
[2025-03-12T15:11:03.950+0000][2196.972s] GC(7) Eden regions: 290->0(273)
[2025-03-12T15:11:03.950+0000][2196.973s] GC(7) Survivor regions: 17->34(39)
[2025-03-12T15:11:03.951+0000][2196.973s] GC(7) Old regions: 9->9
[2025-03-12T15:11:03.951+0000][2196.973s] GC(7) Archive regions: 2->2
[2025-03-12T15:11:03.951+0000][2196.974s] GC(7) Humongous regions: 4->4
[2025-03-12T15:11:03.952+0000][2196.974s] GC(7) Metaspace: 56734K(57216K)->56734K(57216K) NonClass: 49522K(49792K)->49522K(49792K) Class: 7211K(7424K)->7211K(7424K)
[2025-03-12T15:11:03.952+0000][2196.974s] GC(7) Pause Young (Normal) (G1 Evacuation Pause) 320M->47M(512M) 49.863ms
[2025-03-12T15:11:03.952+0000][2196.974s] GC(7) User=0.34s Sys=0.00s Real=0.05s
