[2025-03-04T16:15:03.795+0000][0.086s] Using G1
[2025-03-04T16:15:03.854+0000][0.145s] Version: 17.0.14+7 (release)
[2025-03-04T16:15:03.855+0000][0.146s] CPUs: 16 total, 16 available
[2025-03-04T16:15:03.855+0000][0.146s] Memory: 15802M
[2025-03-04T16:15:03.856+0000][0.147s] Large Page Support: Disabled
[2025-03-04T16:15:03.856+0000][0.147s] NUMA Support: Disabled
[2025-03-04T16:15:03.856+0000][0.147s] Compressed Oops: Enabled (32-bit)
[2025-03-04T16:15:03.856+0000][0.147s] Heap Region Size: 1M
[2025-03-04T16:15:03.857+0000][0.148s] Heap Min Capacity: 512M
[2025-03-04T16:15:03.857+0000][0.148s] Heap Initial Capacity: 512M
[2025-03-04T16:15:03.858+0000][0.149s] Heap Max Capacity: 512M
[2025-03-04T16:15:03.858+0000][0.149s] Pre-touch: Enabled
[2025-03-04T16:15:03.859+0000][0.150s] Parallel Workers: 13
[2025-03-04T16:15:03.859+0000][0.150s] Concurrent Workers: 3
[2025-03-04T16:15:03.859+0000][0.150s] Concurrent Refinement Workers: 13
[2025-03-04T16:15:03.860+0000][0.151s] Periodic GC: Disabled
[2025-03-04T16:15:03.865+0000][0.156s] CDS archive(s) mapped at: [0x00007fc397000000-0x00007fc397a62000-0x00007fc397a62000), size 10887168, SharedBaseAddress: 0x00007fc397000000, ArchiveRelocationMode: 1.
[2025-03-04T16:15:03.865+0000][0.156s] Compressed class space mapped at: 0x00007fc398000000-0x00007fc3d8000000, reserved size: 1073741824
[2025-03-04T16:15:03.866+0000][0.157s] Narrow klass base: 0x00007fc397000000, Narrow klass shift: 0, Narrow klass range: 0x100000000
[2025-03-04T16:15:05.482+0000][1.773s] GC(0) Pause Young (Normal) (G1 Evacuation Pause)
[2025-03-04T16:15:05.482+0000][1.773s] GC(0) Using 12 workers of 13 for evacuation
[2025-03-04T16:15:05.486+0000][1.777s] GC(0)   Pre Evacuate Collection Set: 0.1ms
[2025-03-04T16:15:05.487+0000][1.777s] GC(0)   Merge Heap Roots: 0.2ms
[2025-03-04T16:15:05.487+0000][1.778s] GC(0)   Evacuate Collection Set: 2.2ms
[2025-03-04T16:15:05.487+0000][1.778s] GC(0)   Post Evacuate Collection Set: 1.0ms
[2025-03-04T16:15:05.488+0000][1.778s] GC(0)   Other: 0.9ms
[2025-03-04T16:15:05.488+0000][1.779s] GC(0) Eden regions: 29->0(61)
[2025-03-04T16:15:05.488+0000][1.779s] GC(0) Survivor regions: 0->4(4)
[2025-03-04T16:15:05.489+0000][1.779s] GC(0) Old regions: 0->0
[2025-03-04T16:15:05.489+0000][1.780s] GC(0) Archive regions: 2->2
[2025-03-04T16:15:05.489+0000][1.780s] GC(0) Humongous regions: 0->0
[2025-03-04T16:15:05.490+0000][1.780s] GC(0) Metaspace: 9315K(9472K)->9315K(9472K) NonClass: 8179K(8256K)->8179K(8256K) Class: 1136K(1216K)->1136K(1216K)
[2025-03-04T16:15:05.490+0000][1.781s] GC(0) Pause Young (Normal) (G1 Evacuation Pause) 29M->4M(512M) 8.028ms
[2025-03-04T16:15:05.490+0000][1.781s] GC(0) User=0.04s Sys=0.01s Real=0.01s
[2025-03-04T16:15:06.180+0000][2.471s] GC(1) Pause Young (Normal) (G1 Evacuation Pause)
[2025-03-04T16:15:06.180+0000][2.471s] GC(1) Using 13 workers of 13 for evacuation
[2025-03-04T16:15:06.190+0000][2.481s] GC(1)   Pre Evacuate Collection Set: 0.6ms
[2025-03-04T16:15:06.191+0000][2.482s] GC(1)   Merge Heap Roots: 0.2ms
[2025-03-04T16:15:06.191+0000][2.482s] GC(1)   Evacuate Collection Set: 7.2ms
[2025-03-04T16:15:06.191+0000][2.482s] GC(1)   Post Evacuate Collection Set: 1.7ms
[2025-03-04T16:15:06.192+0000][2.483s] GC(1)   Other: 0.9ms
[2025-03-04T16:15:06.192+0000][2.483s] GC(1) Eden regions: 61->0(112)
[2025-03-04T16:15:06.193+0000][2.484s] GC(1) Survivor regions: 4->9(9)
[2025-03-04T16:15:06.193+0000][2.484s] GC(1) Old regions: 0->5
[2025-03-04T16:15:06.193+0000][2.484s] GC(1) Archive regions: 2->2
[2025-03-04T16:15:06.194+0000][2.485s] GC(1) Humongous regions: 4->4
[2025-03-04T16:15:06.194+0000][2.485s] GC(1) Metaspace: 18039K(18368K)->18039K(18368K) NonClass: 15844K(16000K)->15844K(16000K) Class: 2195K(2368K)->2195K(2368K)
[2025-03-04T16:15:06.194+0000][2.485s] GC(1) Pause Young (Normal) (G1 Evacuation Pause) 69M->18M(512M) 14.484ms
[2025-03-04T16:15:06.194+0000][2.485s] GC(1) User=0.12s Sys=0.00s Real=0.02s
[2025-03-04T16:15:06.554+0000][2.845s] GC(2) Pause Young (Concurrent Start) (Metadata GC Threshold)
[2025-03-04T16:15:06.554+0000][2.845s] GC(2) Using 13 workers of 13 for evacuation
[2025-03-04T16:15:06.559+0000][2.850s] GC(2)   Pre Evacuate Collection Set: 0.2ms
[2025-03-04T16:15:06.559+0000][2.850s] GC(2)   Merge Heap Roots: 0.1ms
[2025-03-04T16:15:06.560+0000][2.850s] GC(2)   Evacuate Collection Set: 3.2ms
[2025-03-04T16:15:06.560+0000][2.851s] GC(2)   Post Evacuate Collection Set: 0.8ms
[2025-03-04T16:15:06.560+0000][2.851s] GC(2)   Other: 1.1ms
[2025-03-04T16:15:06.560+0000][2.851s] GC(2) Eden regions: 99->0(295)
[2025-03-04T16:15:06.560+0000][2.851s] GC(2) Survivor regions: 9->12(14)
[2025-03-04T16:15:06.561+0000][2.852s] GC(2) Old regions: 5->8
[2025-03-04T16:15:06.561+0000][2.852s] GC(2) Archive regions: 2->2
[2025-03-04T16:15:06.561+0000][2.852s] GC(2) Humongous regions: 4->4
[2025-03-04T16:15:06.561+0000][2.852s] GC(2) Metaspace: 21267K(21504K)->21267K(21504K) NonClass: 18684K(18816K)->18684K(18816K) Class: 2582K(2688K)->2582K(2688K)
[2025-03-04T16:15:06.562+0000][2.852s] GC(2) Pause Young (Concurrent Start) (Metadata GC Threshold) 117M->23M(512M) 7.930ms
[2025-03-04T16:15:06.562+0000][2.853s] GC(2) User=0.02s Sys=0.01s Real=0.00s
[2025-03-04T16:15:06.562+0000][2.853s] GC(3) Concurrent Mark Cycle
[2025-03-04T16:15:06.562+0000][2.853s] GC(3) Concurrent Clear Claimed Marks
[2025-03-04T16:15:06.563+0000][2.853s] GC(3) Concurrent Clear Claimed Marks 0.247ms
[2025-03-04T16:15:06.563+0000][2.854s] GC(3) Concurrent Scan Root Regions
[2025-03-04T16:15:06.565+0000][2.856s] GC(3) Concurrent Scan Root Regions 2.052ms
[2025-03-04T16:15:06.565+0000][2.856s] GC(3) Concurrent Mark
[2025-03-04T16:15:06.566+0000][2.856s] GC(3) Concurrent Mark From Roots
[2025-03-04T16:15:06.566+0000][2.857s] GC(3) Using 3 workers of 3 for marking
[2025-03-04T16:15:06.569+0000][2.860s] GC(3) Concurrent Mark From Roots 3.694ms
[2025-03-04T16:15:06.570+0000][2.861s] GC(3) Concurrent Preclean
[2025-03-04T16:15:06.570+0000][2.861s] GC(3) Concurrent Preclean 0.354ms
[2025-03-04T16:15:06.570+0000][2.861s] GC(3) Pause Remark
[2025-03-04T16:15:06.572+0000][2.863s] GC(3) Pause Remark 24M->24M(512M) 2.074ms
[2025-03-04T16:15:06.573+0000][2.864s] GC(3) User=0.01s Sys=0.00s Real=0.01s
[2025-03-04T16:15:06.573+0000][2.864s] GC(3) Concurrent Mark 7.586ms
[2025-03-04T16:15:06.573+0000][2.864s] GC(3) Concurrent Rebuild Remembered Sets
[2025-03-04T16:15:06.575+0000][2.866s] GC(3) Concurrent Rebuild Remembered Sets 2.231ms
[2025-03-04T16:15:06.576+0000][2.867s] GC(3) Pause Cleanup
[2025-03-04T16:15:06.576+0000][2.867s] GC(3) Pause Cleanup 24M->24M(512M) 0.425ms
[2025-03-04T16:15:06.577+0000][2.868s] GC(3) User=0.00s Sys=0.00s Real=0.00s
[2025-03-04T16:15:06.577+0000][2.868s] GC(3) Concurrent Cleanup for Next Mark
[2025-03-04T16:15:06.578+0000][2.868s] GC(3) Concurrent Cleanup for Next Mark 0.578ms
[2025-03-04T16:15:06.578+0000][2.869s] GC(3) Concurrent Mark Cycle 15.905ms
[2025-03-04T16:15:07.741+0000][4.032s] GC(4) Pause Young (Concurrent Start) (Metadata GC Threshold)
[2025-03-04T16:15:07.742+0000][4.032s] GC(4) Using 13 workers of 13 for evacuation
[2025-03-04T16:15:07.747+0000][4.038s] GC(4)   Pre Evacuate Collection Set: 0.2ms
[2025-03-04T16:15:07.748+0000][4.038s] GC(4)   Merge Heap Roots: 0.2ms
[2025-03-04T16:15:07.748+0000][4.039s] GC(4)   Evacuate Collection Set: 3.4ms
[2025-03-04T16:15:07.748+0000][4.039s] GC(4)   Post Evacuate Collection Set: 1.4ms
[2025-03-04T16:15:07.748+0000][4.039s] GC(4)   Other: 0.8ms
[2025-03-04T16:15:07.749+0000][4.039s] GC(4) Eden regions: 102->0(290)
[2025-03-04T16:15:07.749+0000][4.040s] GC(4) Survivor regions: 12->17(39)
[2025-03-04T16:15:07.749+0000][4.040s] GC(4) Old regions: 8->8
[2025-03-04T16:15:07.749+0000][4.040s] GC(4) Archive regions: 2->2
[2025-03-04T16:15:07.749+0000][4.040s] GC(4) Humongous regions: 4->4
[2025-03-04T16:15:07.750+0000][4.041s] GC(4) Metaspace: 35962K(36288K)->35962K(36288K) NonClass: 31482K(31616K)->31482K(31616K) Class: 4479K(4672K)->4479K(4672K)
[2025-03-04T16:15:07.750+0000][4.041s] GC(4) Pause Young (Concurrent Start) (Metadata GC Threshold) 125M->29M(512M) 8.710ms
[2025-03-04T16:15:07.750+0000][4.041s] GC(4) User=0.03s Sys=0.00s Real=0.01s
[2025-03-04T16:15:07.751+0000][4.042s] GC(5) Concurrent Mark Cycle
[2025-03-04T16:15:07.751+0000][4.042s] GC(5) Concurrent Clear Claimed Marks
[2025-03-04T16:15:07.751+0000][4.042s] GC(5) Concurrent Clear Claimed Marks 0.229ms
[2025-03-04T16:15:07.751+0000][4.042s] GC(5) Concurrent Scan Root Regions
[2025-03-04T16:15:07.755+0000][4.046s] GC(5) Concurrent Scan Root Regions 3.235ms
[2025-03-04T16:15:07.755+0000][4.046s] GC(5) Concurrent Mark
[2025-03-04T16:15:07.755+0000][4.046s] GC(5) Concurrent Mark From Roots
[2025-03-04T16:15:07.755+0000][4.046s] GC(5) Using 3 workers of 3 for marking
[2025-03-04T16:15:07.762+0000][4.053s] GC(5) Concurrent Mark From Roots 6.724ms
[2025-03-04T16:15:07.762+0000][4.053s] GC(5) Concurrent Preclean
[2025-03-04T16:15:07.763+0000][4.054s] GC(5) Concurrent Preclean 0.404ms
[2025-03-04T16:15:07.763+0000][4.054s] GC(5) Pause Remark
[2025-03-04T16:15:07.766+0000][4.057s] GC(5) Pause Remark 31M->31M(512M) 2.758ms
[2025-03-04T16:15:07.766+0000][4.057s] GC(5) User=0.01s Sys=0.00s Real=0.00s
[2025-03-04T16:15:07.767+0000][4.058s] GC(5) Concurrent Mark 11.832ms
[2025-03-04T16:15:07.767+0000][4.058s] GC(5) Concurrent Rebuild Remembered Sets
[2025-03-04T16:15:07.771+0000][4.062s] GC(5) Concurrent Rebuild Remembered Sets 3.530ms
[2025-03-04T16:15:07.771+0000][4.062s] GC(5) Pause Cleanup
[2025-03-04T16:15:07.772+0000][4.063s] GC(5) Pause Cleanup 31M->31M(512M) 0.458ms
[2025-03-04T16:15:07.772+0000][4.063s] GC(5) User=0.00s Sys=0.00s Real=0.01s
[2025-03-04T16:15:07.773+0000][4.064s] GC(5) Concurrent Cleanup for Next Mark
[2025-03-04T16:15:07.773+0000][4.064s] GC(5) Concurrent Cleanup for Next Mark 0.553ms
[2025-03-04T16:15:07.773+0000][4.064s] GC(5) Concurrent Mark Cycle 22.737ms
[2025-03-04T16:15:35.945+0000][32.237s] GC(6) Pause Young (Normal) (G1 Evacuation Pause)
[2025-03-04T16:15:35.946+0000][32.237s] GC(6) Using 13 workers of 13 for evacuation
[2025-03-04T16:15:35.963+0000][32.254s] GC(6)   Pre Evacuate Collection Set: 0.3ms
[2025-03-04T16:15:35.966+0000][32.257s] GC(6)   Merge Heap Roots: 0.3ms
[2025-03-04T16:15:35.967+0000][32.258s] GC(6)   Evacuate Collection Set: 13.1ms
[2025-03-04T16:15:35.967+0000][32.258s] GC(6)   Post Evacuate Collection Set: 2.4ms
[2025-03-04T16:15:35.967+0000][32.258s] GC(6)   Other: 1.2ms
[2025-03-04T16:15:35.968+0000][32.259s] GC(6) Eden regions: 290->0(268)
[2025-03-04T16:15:35.968+0000][32.259s] GC(6) Survivor regions: 17->39(39)
[2025-03-04T16:15:35.969+0000][32.260s] GC(6) Old regions: 8->8
[2025-03-04T16:15:35.969+0000][32.260s] GC(6) Archive regions: 2->2
[2025-03-04T16:15:35.969+0000][32.260s] GC(6) Humongous regions: 4->4
[2025-03-04T16:15:35.970+0000][32.261s] GC(6) Metaspace: 55742K(56256K)->55742K(56256K) NonClass: 48698K(48960K)->48698K(48960K) Class: 7044K(7296K)->7044K(7296K)
[2025-03-04T16:15:35.970+0000][32.261s] GC(6) Pause Young (Normal) (G1 Evacuation Pause) 319M->51M(512M) 24.428ms
[2025-03-04T16:15:35.970+0000][32.261s] GC(6) User=0.14s Sys=0.02s Real=0.02s
[2025-03-04T16:15:41.667+0000][37.958s] GC(7) Pause Young (Normal) (G1 Evacuation Pause)
[2025-03-04T16:15:41.668+0000][37.959s] GC(7) Using 13 workers of 13 for evacuation
[2025-03-04T16:15:41.685+0000][37.977s] GC(7)   Pre Evacuate Collection Set: 0.3ms
[2025-03-04T16:15:41.686+0000][37.977s] GC(7)   Merge Heap Roots: 0.2ms
[2025-03-04T16:15:41.686+0000][37.977s] GC(7)   Evacuate Collection Set: 14.4ms
[2025-03-04T16:15:41.687+0000][37.978s] GC(7)   Post Evacuate Collection Set: 2.1ms
[2025-03-04T16:15:41.687+0000][37.978s] GC(7)   Other: 1.8ms
[2025-03-04T16:15:41.687+0000][37.978s] GC(7) Eden regions: 268->0(298)
[2025-03-04T16:15:41.688+0000][37.979s] GC(7) Survivor regions: 39->9(39)
[2025-03-04T16:15:41.688+0000][37.979s] GC(7) Old regions: 8->42
[2025-03-04T16:15:41.688+0000][37.979s] GC(7) Archive regions: 2->2
[2025-03-04T16:15:41.688+0000][37.980s] GC(7) Humongous regions: 4->4
[2025-03-04T16:15:41.689+0000][37.980s] GC(7) Metaspace: 56982K(57536K)->56982K(57536K) NonClass: 49821K(50112K)->49821K(50112K) Class: 7161K(7424K)->7161K(7424K)
[2025-03-04T16:15:41.689+0000][37.980s] GC(7) Pause Young (Normal) (G1 Evacuation Pause) 319M->54M(512M) 22.541ms
[2025-03-04T16:15:41.690+0000][37.981s] GC(7) User=0.15s Sys=0.01s Real=0.02s
[2025-03-04T16:15:56.004+0000][52.295s] GC(8) Pause Young (Normal) (G1 Evacuation Pause)
[2025-03-04T16:15:56.005+0000][52.296s] GC(8) Using 13 workers of 13 for evacuation
[2025-03-04T16:15:56.008+0000][52.300s] GC(8)   Pre Evacuate Collection Set: 0.2ms
[2025-03-04T16:15:56.009+0000][52.300s] GC(8)   Merge Heap Roots: 0.3ms
[2025-03-04T16:15:56.009+0000][52.300s] GC(8)   Evacuate Collection Set: 1.9ms
[2025-03-04T16:15:56.010+0000][52.301s] GC(8)   Post Evacuate Collection Set: 1.1ms
[2025-03-04T16:15:56.010+0000][52.301s] GC(8)   Other: 0.8ms
[2025-03-04T16:15:56.010+0000][52.301s] GC(8) Eden regions: 298->0(304)
[2025-03-04T16:15:56.010+0000][52.302s] GC(8) Survivor regions: 9->3(39)
[2025-03-04T16:15:56.011+0000][52.302s] GC(8) Old regions: 42->42
[2025-03-04T16:15:56.011+0000][52.302s] GC(8) Archive regions: 2->2
[2025-03-04T16:15:56.011+0000][52.302s] GC(8) Humongous regions: 4->4
[2025-03-04T16:15:56.012+0000][52.303s] GC(8) Metaspace: 58330K(58944K)->58330K(58944K) NonClass: 51026K(51328K)->51026K(51328K) Class: 7303K(7616K)->7303K(7616K)
[2025-03-04T16:15:56.012+0000][52.303s] GC(8) Pause Young (Normal) (G1 Evacuation Pause) 352M->48M(512M) 7.914ms
[2025-03-04T16:15:56.012+0000][52.304s] GC(8) User=0.02s Sys=0.00s Real=0.01s
[2025-03-04T16:16:00.693+0000][56.984s] GC(9) Pause Young (Normal) (G1 Evacuation Pause)
[2025-03-04T16:16:00.694+0000][56.985s] GC(9) Using 13 workers of 13 for evacuation
[2025-03-04T16:16:00.697+0000][56.988s] GC(9)   Pre Evacuate Collection Set: 0.3ms
[2025-03-04T16:16:00.697+0000][56.989s] GC(9)   Merge Heap Roots: 0.1ms
[2025-03-04T16:16:00.698+0000][56.989s] GC(9)   Evacuate Collection Set: 1.1ms
[2025-03-04T16:16:00.698+0000][56.989s] GC(9)   Post Evacuate Collection Set: 1.1ms
[2025-03-04T16:16:00.698+0000][56.989s] GC(9)   Other: 0.8ms
[2025-03-04T16:16:00.699+0000][56.990s] GC(9) Eden regions: 304->0(305)
[2025-03-04T16:16:00.699+0000][56.990s] GC(9) Survivor regions: 3->2(39)
[2025-03-04T16:16:00.699+0000][56.990s] GC(9) Old regions: 42->42
[2025-03-04T16:16:00.699+0000][56.990s] GC(9) Archive regions: 2->2
[2025-03-04T16:16:00.699+0000][56.991s] GC(9) Humongous regions: 4->4
[2025-03-04T16:16:00.700+0000][56.991s] GC(9) Metaspace: 58409K(58944K)->58409K(58944K) NonClass: 51101K(51328K)->51101K(51328K) Class: 7308K(7616K)->7308K(7616K)
[2025-03-04T16:16:00.700+0000][56.991s] GC(9) Pause Young (Normal) (G1 Evacuation Pause) 352M->47M(512M) 6.628ms
[2025-03-04T16:16:00.700+0000][56.991s] GC(9) User=0.01s Sys=0.00s Real=0.00s
[2025-03-04T16:16:25.774+0000][82.066s] GC(10) Pause Young (Normal) (G1 Evacuation Pause)
[2025-03-04T16:16:25.775+0000][82.066s] GC(10) Using 13 workers of 13 for evacuation
[2025-03-04T16:16:25.781+0000][82.072s] GC(10)   Pre Evacuate Collection Set: 0.2ms
[2025-03-04T16:16:25.781+0000][82.072s] GC(10)   Merge Heap Roots: 0.2ms
[2025-03-04T16:16:25.782+0000][82.073s] GC(10)   Evacuate Collection Set: 3.0ms
[2025-03-04T16:16:25.782+0000][82.074s] GC(10)   Post Evacuate Collection Set: 1.5ms
[2025-03-04T16:16:25.783+0000][82.074s] GC(10)   Other: 1.4ms
[2025-03-04T16:16:25.783+0000][82.074s] GC(10) Eden regions: 305->0(283)
[2025-03-04T16:16:25.784+0000][82.075s] GC(10) Survivor regions: 2->24(39)
[2025-03-04T16:16:25.784+0000][82.075s] GC(10) Old regions: 42->42
[2025-03-04T16:16:25.784+0000][82.076s] GC(10) Archive regions: 2->2
[2025-03-04T16:16:25.785+0000][82.076s] GC(10) Humongous regions: 4->4
[2025-03-04T16:16:25.785+0000][82.076s] GC(10) Metaspace: 58948K(59456K)->58948K(59456K) NonClass: 51597K(51840K)->51597K(51840K) Class: 7351K(7616K)->7351K(7616K)
[2025-03-04T16:16:25.785+0000][82.077s] GC(10) Pause Young (Normal) (G1 Evacuation Pause) 352M->69M(512M) 10.877ms
[2025-03-04T16:16:25.786+0000][82.077s] GC(10) User=0.03s Sys=0.00s Real=0.01s
[2025-03-04T16:16:29.238+0000][85.529s] GC(11) Pause Young (Normal) (G1 Evacuation Pause)
[2025-03-04T16:16:29.240+0000][85.531s] GC(11) Using 13 workers of 13 for evacuation
[2025-03-04T16:16:29.248+0000][85.539s] GC(11)   Pre Evacuate Collection Set: 0.6ms
[2025-03-04T16:16:29.249+0000][85.540s] GC(11)   Merge Heap Roots: 0.6ms
[2025-03-04T16:16:29.249+0000][85.540s] GC(11)   Evacuate Collection Set: 4.8ms
[2025-03-04T16:16:29.250+0000][85.541s] GC(11)   Post Evacuate Collection Set: 1.5ms
[2025-03-04T16:16:29.250+0000][85.541s] GC(11)   Other: 2.7ms
[2025-03-04T16:16:29.251+0000][85.542s] GC(11) Eden regions: 283->0(280)
[2025-03-04T16:16:29.252+0000][85.543s] GC(11) Survivor regions: 24->27(39)
[2025-03-04T16:16:29.252+0000][85.544s] GC(11) Old regions: 42->43
[2025-03-04T16:16:29.253+0000][85.544s] GC(11) Archive regions: 2->2
[2025-03-04T16:16:29.253+0000][85.544s] GC(11) Humongous regions: 4->4
[2025-03-04T16:16:29.253+0000][85.545s] GC(11) Metaspace: 59081K(59712K)->59081K(59712K) NonClass: 51724K(52032K)->51724K(52032K) Class: 7357K(7680K)->7357K(7680K)
[2025-03-04T16:16:29.254+0000][85.545s] GC(11) Pause Young (Normal) (G1 Evacuation Pause) 352M->73M(512M) 15.901ms
[2025-03-04T16:16:29.254+0000][85.545s] GC(11) User=0.04s Sys=0.01s Real=0.02s
[2025-03-04T16:16:32.556+0000][88.847s] GC(12) Pause Young (Normal) (G1 Evacuation Pause)
[2025-03-04T16:16:32.556+0000][88.848s] GC(12) Using 13 workers of 13 for evacuation
[2025-03-04T16:16:32.564+0000][88.855s] GC(12)   Pre Evacuate Collection Set: 0.5ms
[2025-03-04T16:16:32.565+0000][88.856s] GC(12)   Merge Heap Roots: 1.0ms
[2025-03-04T16:16:32.565+0000][88.856s] GC(12)   Evacuate Collection Set: 4.7ms
[2025-03-04T16:16:32.565+0000][88.856s] GC(12)   Post Evacuate Collection Set: 1.0ms
[2025-03-04T16:16:32.565+0000][88.857s] GC(12)   Other: 1.4ms
[2025-03-04T16:16:32.566+0000][88.857s] GC(12) Eden regions: 280->0(282)
[2025-03-04T16:16:32.566+0000][88.857s] GC(12) Survivor regions: 27->25(39)
[2025-03-04T16:16:32.566+0000][88.858s] GC(12) Old regions: 43->68
[2025-03-04T16:16:32.567+0000][88.858s] GC(12) Archive regions: 2->2
[2025-03-04T16:16:32.567+0000][88.858s] GC(12) Humongous regions: 4->4
[2025-03-04T16:16:32.567+0000][88.858s] GC(12) Metaspace: 59212K(59776K)->59212K(59776K) NonClass: 51848K(52096K)->51848K(52096K) Class: 7363K(7680K)->7363K(7680K)
[2025-03-04T16:16:32.567+0000][88.859s] GC(12) Pause Young (Normal) (G1 Evacuation Pause) 353M->96M(512M) 11.694ms
[2025-03-04T16:16:32.568+0000][88.859s] GC(12) User=0.03s Sys=0.00s Real=0.01s
[2025-03-04T16:16:36.130+0000][92.422s] GC(13) Pause Young (Normal) (G1 Evacuation Pause)
[2025-03-04T16:16:36.131+0000][92.422s] GC(13) Using 13 workers of 13 for evacuation
[2025-03-04T16:16:36.137+0000][92.428s] GC(13)   Pre Evacuate Collection Set: 0.3ms
[2025-03-04T16:16:36.137+0000][92.428s] GC(13)   Merge Heap Roots: 0.3ms
[2025-03-04T16:16:36.138+0000][92.429s] GC(13)   Evacuate Collection Set: 3.4ms
[2025-03-04T16:16:36.139+0000][92.430s] GC(13)   Post Evacuate Collection Set: 1.7ms
[2025-03-04T16:16:36.139+0000][92.430s] GC(13)   Other: 0.8ms
[2025-03-04T16:16:36.140+0000][92.431s] GC(13) Eden regions: 282->0(298)
[2025-03-04T16:16:36.140+0000][92.431s] GC(13) Survivor regions: 25->9(39)
[2025-03-04T16:16:36.141+0000][92.432s] GC(13) Old regions: 68->86
[2025-03-04T16:16:36.141+0000][92.432s] GC(13) Archive regions: 2->2
[2025-03-04T16:16:36.142+0000][92.433s] GC(13) Humongous regions: 4->4
[2025-03-04T16:16:36.142+0000][92.433s] GC(13) Metaspace: 59393K(59968K)->59393K(59968K) NonClass: 52029K(52288K)->52029K(52288K) Class: 7363K(7680K)->7363K(7680K)
[2025-03-04T16:16:36.143+0000][92.434s] GC(13) Pause Young (Normal) (G1 Evacuation Pause) 378M->98M(512M) 12.177ms
[2025-03-04T16:16:36.143+0000][92.434s] GC(13) User=0.01s Sys=0.01s Real=0.02s
[2025-03-04T16:16:39.996+0000][96.288s] GC(14) Pause Young (Normal) (G1 Evacuation Pause)
[2025-03-04T16:16:39.997+0000][96.288s] GC(14) Using 13 workers of 13 for evacuation
[2025-03-04T16:16:39.999+0000][96.290s] GC(14)   Pre Evacuate Collection Set: 0.2ms
[2025-03-04T16:16:39.999+0000][96.290s] GC(14)   Merge Heap Roots: 0.1ms
[2025-03-04T16:16:39.999+0000][96.291s] GC(14)   Evacuate Collection Set: 0.9ms
[2025-03-04T16:16:40.000+0000][96.291s] GC(14)   Post Evacuate Collection Set: 0.6ms
[2025-03-04T16:16:40.000+0000][96.291s] GC(14)   Other: 0.7ms
[2025-03-04T16:16:40.000+0000][96.291s] GC(14) Eden regions: 298->0(306)
[2025-03-04T16:16:40.000+0000][96.292s] GC(14) Survivor regions: 9->1(39)
[2025-03-04T16:16:40.001+0000][96.292s] GC(14) Old regions: 86->86
[2025-03-04T16:16:40.001+0000][96.292s] GC(14) Archive regions: 2->2
[2025-03-04T16:16:40.001+0000][96.292s] GC(14) Humongous regions: 4->4
[2025-03-04T16:16:40.001+0000][96.293s] GC(14) Metaspace: 59443K(60032K)->59443K(60032K) NonClass: 52079K(52352K)->52079K(52352K) Class: 7363K(7680K)->7363K(7680K)
[2025-03-04T16:16:40.002+0000][96.293s] GC(14) Pause Young (Normal) (G1 Evacuation Pause) 396M->91M(512M) 5.274ms
[2025-03-04T16:16:40.002+0000][96.293s] GC(14) User=0.00s Sys=0.00s Real=0.00s
[2025-03-04T16:16:47.300+0000][103.592s] GC(15) Pause Young (Normal) (G1 Evacuation Pause)
[2025-03-04T16:16:47.301+0000][103.592s] GC(15) Using 13 workers of 13 for evacuation
[2025-03-04T16:16:47.307+0000][103.598s] GC(15)   Pre Evacuate Collection Set: 0.2ms
[2025-03-04T16:16:47.307+0000][103.599s] GC(15)   Merge Heap Roots: 0.3ms
[2025-03-04T16:16:47.308+0000][103.599s] GC(15)   Evacuate Collection Set: 3.5ms
[2025-03-04T16:16:47.308+0000][103.600s] GC(15)   Post Evacuate Collection Set: 1.9ms
[2025-03-04T16:16:47.309+0000][103.600s] GC(15)   Other: 1.1ms
[2025-03-04T16:16:47.309+0000][103.600s] GC(15) Eden regions: 306->0(276)
[2025-03-04T16:16:47.309+0000][103.601s] GC(15) Survivor regions: 1->31(39)
[2025-03-04T16:16:47.310+0000][103.601s] GC(15) Old regions: 86->86
[2025-03-04T16:16:47.310+0000][103.601s] GC(15) Archive regions: 2->2
[2025-03-04T16:16:47.310+0000][103.602s] GC(15) Humongous regions: 4->4
[2025-03-04T16:16:47.310+0000][103.602s] GC(15) Metaspace: 59475K(60032K)->59475K(60032K) NonClass: 52111K(52352K)->52111K(52352K) Class: 7363K(7680K)->7363K(7680K)
[2025-03-04T16:16:47.311+0000][103.602s] GC(15) Pause Young (Normal) (G1 Evacuation Pause) 397M->120M(512M) 10.749ms
[2025-03-04T16:16:47.311+0000][103.603s] GC(15) User=0.02s Sys=0.01s Real=0.01s
[2025-03-04T16:16:50.610+0000][106.902s] GC(16) Pause Young (Normal) (G1 Evacuation Pause)
[2025-03-04T16:16:50.611+0000][106.902s] GC(16) Using 13 workers of 13 for evacuation
[2025-03-04T16:16:50.614+0000][106.906s] GC(16)   Pre Evacuate Collection Set: 0.3ms
[2025-03-04T16:16:50.615+0000][106.906s] GC(16)   Merge Heap Roots: 0.2ms
[2025-03-04T16:16:50.616+0000][106.907s] GC(16)   Evacuate Collection Set: 1.8ms
[2025-03-04T16:16:50.616+0000][106.908s] GC(16)   Post Evacuate Collection Set: 1.0ms
[2025-03-04T16:16:50.617+0000][106.909s] GC(16)   Other: 0.7ms
[2025-03-04T16:16:50.617+0000][106.909s] GC(16) Eden regions: 276->0(294)
[2025-03-04T16:16:50.618+0000][106.910s] GC(16) Survivor regions: 31->13(39)
[2025-03-04T16:16:50.619+0000][106.911s] GC(16) Old regions: 86->87
[2025-03-04T16:16:50.619+0000][106.911s] GC(16) Archive regions: 2->2
[2025-03-04T16:16:50.620+0000][106.911s] GC(16) Humongous regions: 4->4
[2025-03-04T16:16:50.620+0000][106.912s] GC(16) Metaspace: 59587K(60160K)->59587K(60160K) NonClass: 52223K(52480K)->52223K(52480K) Class: 7363K(7680K)->7363K(7680K)
[2025-03-04T16:16:50.620+0000][106.912s] GC(16) Pause Young (Normal) (G1 Evacuation Pause) 396M->103M(512M) 10.079ms
[2025-03-04T16:16:50.623+0000][106.915s] GC(16) User=0.00s Sys=0.01s Real=0.02s
[2025-03-04T16:17:02.322+0000][118.613s] GC(17) Pause Young (Normal) (G1 Evacuation Pause)
[2025-03-04T16:17:02.324+0000][118.615s] GC(17) Using 13 workers of 13 for evacuation
[2025-03-04T16:17:02.330+0000][118.622s] GC(17)   Pre Evacuate Collection Set: 0.7ms
[2025-03-04T16:17:02.332+0000][118.623s] GC(17)   Merge Heap Roots: 0.5ms
[2025-03-04T16:17:02.337+0000][118.629s] GC(17)   Evacuate Collection Set: 2.1ms
[2025-03-04T16:17:02.338+0000][118.629s] GC(17)   Post Evacuate Collection Set: 1.3ms
[2025-03-04T16:17:02.341+0000][118.632s] GC(17)   Other: 3.8ms
[2025-03-04T16:17:02.345+0000][118.636s] GC(17) Eden regions: 294->0(292)
[2025-03-04T16:17:02.346+0000][118.638s] GC(17) Survivor regions: 13->15(39)
[2025-03-04T16:17:02.348+0000][118.640s] GC(17) Old regions: 87->87
[2025-03-04T16:17:02.349+0000][118.641s] GC(17) Archive regions: 2->2
[2025-03-04T16:17:02.350+0000][118.641s] GC(17) Humongous regions: 4->4
[2025-03-04T16:17:02.351+0000][118.642s] GC(17) Metaspace: 59643K(60224K)->59643K(60224K) NonClass: 52279K(52544K)->52279K(52544K) Class: 7363K(7680K)->7363K(7680K)
[2025-03-04T16:17:02.352+0000][118.643s] GC(17) Pause Young (Normal) (G1 Evacuation Pause) 397M->105M(512M) 29.908ms
[2025-03-04T16:17:02.353+0000][118.644s] GC(17) User=0.08s Sys=0.00s Real=0.03s
[2025-03-04T16:17:07.155+0000][123.447s] GC(18) Pause Young (Normal) (G1 Evacuation Pause)
[2025-03-04T16:17:07.156+0000][123.447s] GC(18) Using 13 workers of 13 for evacuation
[2025-03-04T16:17:07.162+0000][123.453s] GC(18)   Pre Evacuate Collection Set: 0.7ms
[2025-03-04T16:17:07.162+0000][123.454s] GC(18)   Merge Heap Roots: 0.3ms
[2025-03-04T16:17:07.163+0000][123.454s] GC(18)   Evacuate Collection Set: 2.3ms
[2025-03-04T16:17:07.163+0000][123.455s] GC(18)   Post Evacuate Collection Set: 2.0ms
[2025-03-04T16:17:07.163+0000][123.455s] GC(18)   Other: 1.1ms
[2025-03-04T16:17:07.164+0000][123.455s] GC(18) Eden regions: 292->0(292)
[2025-03-04T16:17:07.164+0000][123.455s] GC(18) Survivor regions: 15->15(39)
[2025-03-04T16:17:07.164+0000][123.456s] GC(18) Old regions: 87->87
[2025-03-04T16:17:07.164+0000][123.456s] GC(18) Archive regions: 2->2
[2025-03-04T16:17:07.165+0000][123.456s] GC(18) Humongous regions: 4->4
[2025-03-04T16:17:07.165+0000][123.456s] GC(18) Metaspace: 59683K(60224K)->59683K(60224K) NonClass: 52319K(52544K)->52319K(52544K) Class: 7363K(7680K)->7363K(7680K)
[2025-03-04T16:17:07.165+0000][123.457s] GC(18) Pause Young (Normal) (G1 Evacuation Pause) 397M->105M(512M) 10.124ms
[2025-03-04T16:17:07.166+0000][123.457s] GC(18) User=0.01s Sys=0.00s Real=0.01s
[2025-03-04T16:17:15.377+0000][131.669s] GC(19) Pause Young (Normal) (G1 Evacuation Pause)
[2025-03-04T16:17:15.378+0000][131.669s] GC(19) Using 13 workers of 13 for evacuation
[2025-03-04T16:17:15.381+0000][131.673s] GC(19)   Pre Evacuate Collection Set: 0.4ms
[2025-03-04T16:17:15.382+0000][131.673s] GC(19)   Merge Heap Roots: 0.4ms
[2025-03-04T16:17:15.382+0000][131.674s] GC(19)   Evacuate Collection Set: 1.4ms
[2025-03-04T16:17:15.382+0000][131.674s] GC(19)   Post Evacuate Collection Set: 0.9ms
[2025-03-04T16:17:15.383+0000][131.674s] GC(19)   Other: 0.9ms
[2025-03-04T16:17:15.383+0000][131.675s] GC(19) Eden regions: 292->0(294)
[2025-03-04T16:17:15.383+0000][131.675s] GC(19) Survivor regions: 15->13(39)
[2025-03-04T16:17:15.384+0000][131.675s] GC(19) Old regions: 87->87
[2025-03-04T16:17:15.384+0000][131.675s] GC(19) Archive regions: 2->2
[2025-03-04T16:17:15.384+0000][131.676s] GC(19) Humongous regions: 4->4
[2025-03-04T16:17:15.384+0000][131.676s] GC(19) Metaspace: 59741K(60288K)->59741K(60288K) NonClass: 52377K(52608K)->52377K(52608K) Class: 7363K(7680K)->7363K(7680K)
[2025-03-04T16:17:15.385+0000][131.676s] GC(19) Pause Young (Normal) (G1 Evacuation Pause) 397M->103M(512M) 7.131ms
[2025-03-04T16:17:15.385+0000][131.676s] GC(19) User=0.02s Sys=0.01s Real=0.01s
[2025-03-04T16:17:18.740+0000][134.135s] GC(20) Pause Young (Normal) (G1 Evacuation Pause)
[2025-03-04T16:17:18.741+0000][134.136s] GC(20) Using 13 workers of 13 for evacuation
[2025-03-04T16:17:18.746+0000][134.141s] GC(20)   Pre Evacuate Collection Set: 0.3ms
[2025-03-04T16:17:18.746+0000][134.141s] GC(20)   Merge Heap Roots: 0.3ms
[2025-03-04T16:17:18.747+0000][134.142s] GC(20)   Evacuate Collection Set: 3.2ms
[2025-03-04T16:17:18.747+0000][134.142s] GC(20)   Post Evacuate Collection Set: 1.0ms
[2025-03-04T16:17:18.748+0000][134.143s] GC(20)   Other: 1.0ms
[2025-03-04T16:17:18.748+0000][134.143s] GC(20) Eden regions: 294->0(267)
[2025-03-04T16:17:18.749+0000][134.144s] GC(20) Survivor regions: 13->39(39)
[2025-03-04T16:17:18.749+0000][134.144s] GC(20) Old regions: 87->90
[2025-03-04T16:17:18.749+0000][134.144s] GC(20) Archive regions: 2->2
[2025-03-04T16:17:18.750+0000][134.145s] GC(20) Humongous regions: 4->4
[2025-03-04T16:17:18.750+0000][134.145s] GC(20) Metaspace: 59886K(60480K)->59886K(60480K) NonClass: 52522K(52800K)->52522K(52800K) Class: 7363K(7680K)->7363K(7680K)
[2025-03-04T16:17:18.751+0000][134.146s] GC(20) Pause Young (Normal) (G1 Evacuation Pause) 397M->133M(512M) 10.540ms
[2025-03-04T16:17:18.751+0000][134.146s] GC(20) User=0.04s Sys=0.00s Real=0.01s
[2025-03-04T16:17:20.992+0000][136.387s] GC(21) Pause Young (Normal) (G1 Evacuation Pause)
[2025-03-04T16:17:20.992+0000][136.387s] GC(21) Using 13 workers of 13 for evacuation
[2025-03-04T16:17:20.998+0000][136.393s] GC(21)   Pre Evacuate Collection Set: 0.5ms
[2025-03-04T16:17:20.999+0000][136.394s] GC(21)   Merge Heap Roots: 0.3ms
[2025-03-04T16:17:21.000+0000][136.395s] GC(21)   Evacuate Collection Set: 3.0ms
[2025-03-04T16:17:21.000+0000][136.395s] GC(21)   Post Evacuate Collection Set: 1.8ms
[2025-03-04T16:17:21.001+0000][136.396s] GC(21)   Other: 1.1ms
[2025-03-04T16:17:21.001+0000][136.396s] GC(21) Eden regions: 267->0(277)
[2025-03-04T16:17:21.002+0000][136.397s] GC(21) Survivor regions: 39->22(39)
[2025-03-04T16:17:21.002+0000][136.397s] GC(21) Old regions: 90->95
[2025-03-04T16:17:21.003+0000][136.398s] GC(21) Archive regions: 2->2
[2025-03-04T16:17:21.003+0000][136.398s] GC(21) Humongous regions: 4->4
[2025-03-04T16:17:21.004+0000][136.399s] GC(21) Metaspace: 59920K(60480K)->59920K(60480K) NonClass: 52557K(52800K)->52557K(52800K) Class: 7363K(7680K)->7363K(7680K)
[2025-03-04T16:17:21.004+0000][136.399s] GC(21) Pause Young (Normal) (G1 Evacuation Pause) 400M->120M(512M) 12.454ms
[2025-03-04T16:17:21.005+0000][136.400s] GC(21) User=0.02s Sys=0.01s Real=0.01s
[2025-03-04T16:17:24.782+0000][140.177s] GC(22) Pause Young (Normal) (G1 Evacuation Pause)
[2025-03-04T16:17:24.782+0000][140.177s] GC(22) Using 13 workers of 13 for evacuation
[2025-03-04T16:17:24.789+0000][140.184s] GC(22)   Pre Evacuate Collection Set: 0.5ms
[2025-03-04T16:17:24.789+0000][140.184s] GC(22)   Merge Heap Roots: 0.2ms
[2025-03-04T16:17:24.790+0000][140.185s] GC(22)   Evacuate Collection Set: 3.6ms
[2025-03-04T16:17:24.790+0000][140.185s] GC(22)   Post Evacuate Collection Set: 1.4ms
[2025-03-04T16:17:24.791+0000][140.186s] GC(22)   Other: 1.2ms
[2025-03-04T16:17:24.791+0000][140.186s] GC(22) Eden regions: 277->0(251)
[2025-03-04T16:17:24.791+0000][140.186s] GC(22) Survivor regions: 22->27(38)
[2025-03-04T16:17:24.792+0000][140.187s] GC(22) Old regions: 95->116
[2025-03-04T16:17:24.792+0000][140.187s] GC(22) Archive regions: 2->2
[2025-03-04T16:17:24.793+0000][140.188s] GC(22) Humongous regions: 4->4
[2025-03-04T16:17:24.793+0000][140.188s] GC(22) Metaspace: 59941K(60544K)->59941K(60544K) NonClass: 52577K(52864K)->52577K(52864K) Class: 7363K(7680K)->7363K(7680K)
[2025-03-04T16:17:24.794+0000][140.189s] GC(22) Pause Young (Normal) (G1 Evacuation Pause) 397M->146M(512M) 11.847ms
[2025-03-04T16:17:24.794+0000][140.189s] GC(22) User=0.02s Sys=0.02s Real=0.01s
[2025-03-04T16:17:28.120+0000][143.515s] GC(23) Pause Young (Normal) (G1 Evacuation Pause)
[2025-03-04T16:17:28.124+0000][143.519s] GC(23) Using 13 workers of 13 for evacuation
[2025-03-04T16:17:28.138+0000][143.533s] GC(23)   Pre Evacuate Collection Set: 0.3ms
[2025-03-04T16:17:28.141+0000][143.535s] GC(23)   Merge Heap Roots: 0.2ms
[2025-03-04T16:17:28.150+0000][143.545s] GC(23)   Evacuate Collection Set: 3.0ms
[2025-03-04T16:17:28.160+0000][143.555s] GC(23)   Post Evacuate Collection Set: 1.0ms
[2025-03-04T16:17:28.168+0000][143.563s] GC(23)   Other: 13.4ms
[2025-03-04T16:17:28.173+0000][143.568s] GC(23) Eden regions: 251->0(246)
[2025-03-04T16:17:28.177+0000][143.572s] GC(23) Survivor regions: 27->25(35)
[2025-03-04T16:17:28.188+0000][143.583s] GC(23) Old regions: 116->122
[2025-03-04T16:17:28.193+0000][143.587s] GC(23) Archive regions: 2->2
[2025-03-04T16:17:28.199+0000][143.594s] GC(23) Humongous regions: 4->4
[2025-03-04T16:17:28.203+0000][143.598s] GC(23) Metaspace: 59999K(60608K)->59999K(60608K) NonClass: 52635K(52928K)->52635K(52928K) Class: 7363K(7680K)->7363K(7680K)
[2025-03-04T16:17:28.209+0000][143.604s] GC(23) Pause Young (Normal) (G1 Evacuation Pause) 397M->150M(512M) 88.443ms
[2025-03-04T16:17:28.220+0000][143.615s] GC(23) User=0.00s Sys=0.02s Real=0.10s
[2025-03-04T16:17:31.874+0000][147.269s] GC(24) Pause Young (Normal) (G1 Evacuation Pause)
[2025-03-04T16:17:31.875+0000][147.270s] GC(24) Using 13 workers of 13 for evacuation
[2025-03-04T16:17:31.884+0000][147.279s] GC(24)   Pre Evacuate Collection Set: 0.4ms
[2025-03-04T16:17:31.884+0000][147.279s] GC(24)   Merge Heap Roots: 0.4ms
[2025-03-04T16:17:31.885+0000][147.280s] GC(24)   Evacuate Collection Set: 5.9ms
[2025-03-04T16:17:31.886+0000][147.281s] GC(24)   Post Evacuate Collection Set: 1.7ms
[2025-03-04T16:17:31.887+0000][147.281s] GC(24)   Other: 1.1ms
[2025-03-04T16:17:31.887+0000][147.282s] GC(24) Eden regions: 246->0(226)
[2025-03-04T16:17:31.888+0000][147.283s] GC(24) Survivor regions: 25->24(34)
[2025-03-04T16:17:31.888+0000][147.283s] GC(24) Old regions: 122->145
[2025-03-04T16:17:31.889+0000][147.284s] GC(24) Archive regions: 2->2
[2025-03-04T16:17:31.890+0000][147.285s] GC(24) Humongous regions: 4->4
[2025-03-04T16:17:31.890+0000][147.285s] GC(24) Metaspace: 60012K(60608K)->60012K(60608K) NonClass: 52648K(52928K)->52648K(52928K) Class: 7363K(7680K)->7363K(7680K)
[2025-03-04T16:17:31.891+0000][147.286s] GC(24) Pause Young (Normal) (G1 Evacuation Pause) 396M->173M(512M) 16.662ms
[2025-03-04T16:17:31.892+0000][147.286s] GC(24) User=0.05s Sys=0.02s Real=0.02s
[2025-03-04T16:17:34.471+0000][149.866s] GC(25) Pause Young (Normal) (G1 Evacuation Pause)
[2025-03-04T16:17:34.471+0000][149.866s] GC(25) Using 13 workers of 13 for evacuation
[2025-03-04T16:17:34.478+0000][149.873s] GC(25)   Pre Evacuate Collection Set: 0.4ms
[2025-03-04T16:17:34.478+0000][149.873s] GC(25)   Merge Heap Roots: 0.3ms
[2025-03-04T16:17:34.479+0000][149.874s] GC(25)   Evacuate Collection Set: 3.6ms
[2025-03-04T16:17:34.479+0000][149.874s] GC(25)   Post Evacuate Collection Set: 1.7ms
[2025-03-04T16:17:34.480+0000][149.875s] GC(25)   Other: 1.0ms
[2025-03-04T16:17:34.480+0000][149.875s] GC(25) Eden regions: 226->0(242)
[2025-03-04T16:17:34.481+0000][149.876s] GC(25) Survivor regions: 24->3(32)
[2025-03-04T16:17:34.481+0000][149.876s] GC(25) Old regions: 145->158
[2025-03-04T16:17:34.481+0000][149.876s] GC(25) Archive regions: 2->2
[2025-03-04T16:17:34.482+0000][149.877s] GC(25) Humongous regions: 4->4
[2025-03-04T16:17:34.482+0000][149.877s] GC(25) Metaspace: 60019K(60608K)->60019K(60608K) NonClass: 52655K(52928K)->52655K(52928K) Class: 7363K(7680K)->7363K(7680K)
[2025-03-04T16:17:34.482+0000][149.877s] GC(25) Pause Young (Normal) (G1 Evacuation Pause) 399M->165M(512M) 11.730ms
[2025-03-04T16:17:34.483+0000][149.878s] GC(25) User=0.02s Sys=0.00s Real=0.01s
[2025-03-04T16:17:37.886+0000][153.281s] GC(26) Pause Young (Normal) (G1 Evacuation Pause)
[2025-03-04T16:17:37.886+0000][153.281s] GC(26) Using 13 workers of 13 for evacuation
[2025-03-04T16:17:37.893+0000][153.287s] GC(26)   Pre Evacuate Collection Set: 0.4ms
[2025-03-04T16:17:37.893+0000][153.288s] GC(26)   Merge Heap Roots: 0.3ms
[2025-03-04T16:17:37.893+0000][153.288s] GC(26)   Evacuate Collection Set: 3.6ms
[2025-03-04T16:17:37.894+0000][153.289s] GC(26)   Post Evacuate Collection Set: 1.3ms
[2025-03-04T16:17:37.894+0000][153.289s] GC(26)   Other: 1.1ms
[2025-03-04T16:17:37.894+0000][153.289s] GC(26) Eden regions: 242->0(229)
[2025-03-04T16:17:37.895+0000][153.290s] GC(26) Survivor regions: 3->18(31)
[2025-03-04T16:17:37.895+0000][153.290s] GC(26) Old regions: 158->158
[2025-03-04T16:17:37.895+0000][153.290s] GC(26) Archive regions: 2->2
[2025-03-04T16:17:37.896+0000][153.290s] GC(26) Humongous regions: 4->4
[2025-03-04T16:17:37.896+0000][153.291s] GC(26) Metaspace: 60031K(60608K)->60031K(60608K) NonClass: 52667K(52928K)->52667K(52928K) Class: 7363K(7680K)->7363K(7680K)
[2025-03-04T16:17:37.897+0000][153.292s] GC(26) Pause Young (Normal) (G1 Evacuation Pause) 407M->180M(512M) 11.150ms
[2025-03-04T16:17:37.898+0000][153.293s] GC(26) User=0.02s Sys=0.00s Real=0.01s
[2025-03-04T16:17:39.711+0000][155.106s] GC(27) Pause Young (Normal) (G1 Evacuation Pause)
[2025-03-04T16:17:39.712+0000][155.107s] GC(27) Using 13 workers of 13 for evacuation
[2025-03-04T16:17:39.721+0000][155.116s] GC(27)   Pre Evacuate Collection Set: 0.3ms
[2025-03-04T16:17:39.722+0000][155.117s] GC(27)   Merge Heap Roots: 0.3ms
[2025-03-04T16:17:39.723+0000][155.118s] GC(27)   Evacuate Collection Set: 5.7ms
[2025-03-04T16:17:39.723+0000][155.118s] GC(27)   Post Evacuate Collection Set: 2.0ms
[2025-03-04T16:17:39.724+0000][155.119s] GC(27)   Other: 1.0ms
[2025-03-04T16:17:39.725+0000][155.120s] GC(27) Eden regions: 229->0(220)
[2025-03-04T16:17:39.726+0000][155.121s] GC(27) Survivor regions: 18->22(31)
[2025-03-04T16:17:39.726+0000][155.121s] GC(27) Old regions: 158->161
[2025-03-04T16:17:39.727+0000][155.122s] GC(27) Archive regions: 2->2
[2025-03-04T16:17:39.727+0000][155.122s] GC(27) Humongous regions: 4->4
[2025-03-04T16:17:39.727+0000][155.122s] GC(27) Metaspace: 60046K(60608K)->60046K(60608K) NonClass: 52682K(52928K)->52682K(52928K) Class: 7363K(7680K)->7363K(7680K)
[2025-03-04T16:17:39.728+0000][155.123s] GC(27) Pause Young (Normal) (G1 Evacuation Pause) 409M->186M(512M) 16.330ms
[2025-03-04T16:17:39.728+0000][155.123s] GC(27) User=0.03s Sys=0.00s Real=0.01s
[2025-03-04T16:17:41.857+0000][157.252s] GC(28) Pause Young (Normal) (G1 Evacuation Pause)
[2025-03-04T16:17:41.861+0000][157.256s] GC(28) Using 13 workers of 13 for evacuation
[2025-03-04T16:17:41.868+0000][157.263s] GC(28)   Pre Evacuate Collection Set: 0.2ms
[2025-03-04T16:17:41.874+0000][157.269s] GC(28)   Merge Heap Roots: 0.1ms
[2025-03-04T16:17:41.878+0000][157.273s] GC(28)   Evacuate Collection Set: 2.7ms
[2025-03-04T16:17:41.889+0000][157.284s] GC(28)   Post Evacuate Collection Set: 0.8ms
[2025-03-04T16:17:41.891+0000][157.286s] GC(28)   Other: 6.7ms
[2025-03-04T16:17:41.896+0000][157.291s] GC(28) Eden regions: 220->0(207)
[2025-03-04T16:17:41.900+0000][157.295s] GC(28) Survivor regions: 22->21(31)
[2025-03-04T16:17:41.901+0000][157.296s] GC(28) Old regions: 161->176
[2025-03-04T16:17:41.901+0000][157.296s] GC(28) Archive regions: 2->2
[2025-03-04T16:17:41.901+0000][157.296s] GC(28) Humongous regions: 4->4
[2025-03-04T16:17:41.901+0000][157.296s] GC(28) Metaspace: 60092K(60672K)->60092K(60672K) NonClass: 52727K(52992K)->52727K(52992K) Class: 7364K(7680K)->7364K(7680K)
[2025-03-04T16:17:41.901+0000][157.296s] GC(28) Pause Young (Normal) (G1 Evacuation Pause) 406M->200M(512M) 43.796ms
[2025-03-04T16:17:41.901+0000][157.296s] GC(28) User=0.01s Sys=0.00s Real=0.05s
[2025-03-04T16:17:43.316+0000][158.711s] GC(29) Pause Young (Normal) (G1 Evacuation Pause)
[2025-03-04T16:17:43.316+0000][158.711s] GC(29) Using 13 workers of 13 for evacuation
[2025-03-04T16:17:43.321+0000][158.716s] GC(29)   Pre Evacuate Collection Set: 0.2ms
[2025-03-04T16:17:43.322+0000][158.716s] GC(29)   Merge Heap Roots: 0.1ms
[2025-03-04T16:17:43.322+0000][158.717s] GC(29)   Evacuate Collection Set: 2.8ms
[2025-03-04T16:17:43.322+0000][158.717s] GC(29)   Post Evacuate Collection Set: 1.3ms
[2025-03-04T16:17:43.322+0000][158.717s] GC(29)   Other: 0.6ms
[2025-03-04T16:17:43.323+0000][158.717s] GC(29) Eden regions: 207->0(192)
[2025-03-04T16:17:43.323+0000][158.718s] GC(29) Survivor regions: 21->19(29)
[2025-03-04T16:17:43.323+0000][158.718s] GC(29) Old regions: 176->194
[2025-03-04T16:17:43.323+0000][158.718s] GC(29) Archive regions: 2->2
[2025-03-04T16:17:43.323+0000][158.718s] GC(29) Humongous regions: 4->4
[2025-03-04T16:17:43.324+0000][158.718s] GC(29) Metaspace: 60186K(60800K)->60186K(60800K) NonClass: 52821K(53120K)->52821K(53120K) Class: 7364K(7680K)->7364K(7680K)
[2025-03-04T16:17:43.324+0000][158.719s] GC(29) Pause Young (Normal) (G1 Evacuation Pause) 407M->217M(512M) 7.717ms
[2025-03-04T16:17:43.324+0000][158.719s] GC(29) User=0.03s Sys=0.00s Real=0.01s
[2025-03-04T16:17:44.483+0000][159.878s] GC(30) Pause Young (Normal) (G1 Evacuation Pause)
[2025-03-04T16:17:44.483+0000][159.878s] GC(30) Using 13 workers of 13 for evacuation
[2025-03-04T16:17:44.487+0000][159.882s] GC(30)   Pre Evacuate Collection Set: 0.2ms
[2025-03-04T16:17:44.487+0000][159.882s] GC(30)   Merge Heap Roots: 0.2ms
[2025-03-04T16:17:44.488+0000][159.883s] GC(30)   Evacuate Collection Set: 2.4ms
[2025-03-04T16:17:44.488+0000][159.883s] GC(30)   Post Evacuate Collection Set: 0.7ms
[2025-03-04T16:17:44.488+0000][159.883s] GC(30)   Other: 0.7ms
[2025-03-04T16:17:44.489+0000][159.884s] GC(30) Eden regions: 192->0(179)
[2025-03-04T16:17:44.489+0000][159.884s] GC(30) Survivor regions: 19->18(27)
[2025-03-04T16:17:44.489+0000][159.884s] GC(30) Old regions: 194->209
[2025-03-04T16:17:44.489+0000][159.884s] GC(30) Archive regions: 2->2
[2025-03-04T16:17:44.490+0000][159.884s] GC(30) Humongous regions: 4->4
[2025-03-04T16:17:44.490+0000][159.885s] GC(30) Metaspace: 60192K(60800K)->60192K(60800K) NonClass: 52827K(53120K)->52827K(53120K) Class: 7364K(7680K)->7364K(7680K)
[2025-03-04T16:17:44.490+0000][159.885s] GC(30) Pause Young (Normal) (G1 Evacuation Pause) 409M->230M(512M) 7.068ms
[2025-03-04T16:17:44.490+0000][159.885s] GC(30) User=0.02s Sys=0.00s Real=0.01s
[2025-03-04T16:17:45.519+0000][160.914s] GC(31) Pause Young (Normal) (G1 Evacuation Pause)
[2025-03-04T16:17:45.520+0000][160.915s] GC(31) Using 13 workers of 13 for evacuation
[2025-03-04T16:17:45.524+0000][160.919s] GC(31)   Pre Evacuate Collection Set: 0.2ms
[2025-03-04T16:17:45.525+0000][160.920s] GC(31)   Merge Heap Roots: 0.2ms
[2025-03-04T16:17:45.525+0000][160.920s] GC(31)   Evacuate Collection Set: 2.8ms
[2025-03-04T16:17:45.525+0000][160.920s] GC(31)   Post Evacuate Collection Set: 0.9ms
[2025-03-04T16:17:45.526+0000][160.921s] GC(31)   Other: 0.7ms
[2025-03-04T16:17:45.526+0000][160.921s] GC(31) Eden regions: 179->0(164)
[2025-03-04T16:17:45.526+0000][160.921s] GC(31) Survivor regions: 18->19(25)
[2025-03-04T16:17:45.527+0000][160.922s] GC(31) Old regions: 209->225
[2025-03-04T16:17:45.527+0000][160.922s] GC(31) Archive regions: 2->2
[2025-03-04T16:17:45.527+0000][160.922s] GC(31) Humongous regions: 4->4
[2025-03-04T16:17:45.527+0000][160.922s] GC(31) Metaspace: 60195K(60800K)->60195K(60800K) NonClass: 52830K(53120K)->52830K(53120K) Class: 7364K(7680K)->7364K(7680K)
[2025-03-04T16:17:45.528+0000][160.923s] GC(31) Pause Young (Normal) (G1 Evacuation Pause) 409M->247M(512M) 8.294ms
[2025-03-04T16:17:45.528+0000][160.923s] GC(31) User=0.03s Sys=0.00s Real=0.00s
[2025-03-04T16:17:46.649+0000][162.044s] GC(32) Pause Young (Concurrent Start) (G1 Evacuation Pause)
[2025-03-04T16:17:46.649+0000][162.044s] GC(32) Using 13 workers of 13 for evacuation
[2025-03-04T16:17:46.653+0000][162.048s] GC(32)   Pre Evacuate Collection Set: 0.2ms
[2025-03-04T16:17:46.653+0000][162.048s] GC(32)   Merge Heap Roots: 0.2ms
[2025-03-04T16:17:46.653+0000][162.048s] GC(32)   Evacuate Collection Set: 2.4ms
[2025-03-04T16:17:46.653+0000][162.048s] GC(32)   Post Evacuate Collection Set: 0.5ms
[2025-03-04T16:17:46.653+0000][162.048s] GC(32)   Other: 0.4ms
[2025-03-04T16:17:46.653+0000][162.048s] GC(32) Eden regions: 164->0(154)
[2025-03-04T16:17:46.654+0000][162.049s] GC(32) Survivor regions: 19->15(23)
[2025-03-04T16:17:46.654+0000][162.049s] GC(32) Old regions: 225->243
[2025-03-04T16:17:46.654+0000][162.049s] GC(32) Archive regions: 2->2
[2025-03-04T16:17:46.654+0000][162.049s] GC(32) Humongous regions: 4->4
[2025-03-04T16:17:46.654+0000][162.049s] GC(32) Metaspace: 60210K(60800K)->60210K(60800K) NonClass: 52845K(53120K)->52845K(53120K) Class: 7364K(7680K)->7364K(7680K)
[2025-03-04T16:17:46.654+0000][162.049s] GC(32) Pause Young (Concurrent Start) (G1 Evacuation Pause) 411M->261M(512M) 5.198ms
[2025-03-04T16:17:46.654+0000][162.049s] GC(32) User=0.02s Sys=0.01s Real=0.00s
[2025-03-04T16:17:46.654+0000][162.049s] GC(33) Concurrent Mark Cycle
[2025-03-04T16:17:46.655+0000][162.050s] GC(33) Concurrent Clear Claimed Marks
[2025-03-04T16:17:46.655+0000][162.050s] GC(33) Concurrent Clear Claimed Marks 0.192ms
[2025-03-04T16:17:46.655+0000][162.050s] GC(33) Concurrent Scan Root Regions
[2025-03-04T16:17:46.657+0000][162.051s] GC(33) Concurrent Scan Root Regions 1.139ms
[2025-03-04T16:17:46.657+0000][162.052s] GC(33) Concurrent Mark
[2025-03-04T16:17:46.662+0000][162.057s] GC(33) Concurrent Mark From Roots
[2025-03-04T16:17:46.665+0000][162.060s] GC(33) Using 3 workers of 3 for marking
[2025-03-04T16:17:46.685+0000][162.079s] GC(33) Concurrent Mark From Roots 22.358ms
[2025-03-04T16:17:46.688+0000][162.083s] GC(33) Concurrent Preclean
[2025-03-04T16:17:46.688+0000][162.083s] GC(33) Concurrent Preclean 0.589ms
[2025-03-04T16:17:46.689+0000][162.084s] GC(33) Pause Remark
[2025-03-04T16:17:46.697+0000][162.092s] GC(33) Pause Remark 266M->163M(512M) 8.460ms
[2025-03-04T16:17:46.700+0000][162.095s] GC(33) User=0.01s Sys=0.00s Real=0.01s
[2025-03-04T16:17:46.703+0000][162.098s] GC(33) Concurrent Mark 45.657ms
[2025-03-04T16:17:46.705+0000][162.100s] GC(33) Concurrent Rebuild Remembered Sets
[2025-03-04T16:17:46.713+0000][162.108s] GC(33) Concurrent Rebuild Remembered Sets 8.472ms
[2025-03-04T16:17:46.714+0000][162.108s] GC(33) Pause Cleanup
[2025-03-04T16:17:46.715+0000][162.110s] GC(33) Pause Cleanup 165M->165M(512M) 1.404ms
[2025-03-04T16:17:46.715+0000][162.110s] GC(33) User=0.00s Sys=0.00s Real=0.00s
[2025-03-04T16:17:46.716+0000][162.111s] GC(33) Concurrent Cleanup for Next Mark
[2025-03-04T16:17:46.717+0000][162.112s] GC(33) Concurrent Cleanup for Next Mark 1.525ms
[2025-03-04T16:17:46.717+0000][162.112s] GC(33) Concurrent Mark Cycle 62.920ms
[2025-03-04T16:17:47.481+0000][162.875s] GC(34) Pause Young (Prepare Mixed) (G1 Evacuation Pause)
[2025-03-04T16:17:47.481+0000][162.875s] GC(34) Using 13 workers of 13 for evacuation
[2025-03-04T16:17:47.485+0000][162.879s] GC(34)   Pre Evacuate Collection Set: 0.2ms
[2025-03-04T16:17:47.486+0000][162.879s] GC(34)   Merge Heap Roots: 0.1ms
[2025-03-04T16:17:47.486+0000][162.880s] GC(34)   Evacuate Collection Set: 2.5ms
[2025-03-04T16:17:47.486+0000][162.880s] GC(34)   Post Evacuate Collection Set: 1.0ms
[2025-03-04T16:17:47.486+0000][162.880s] GC(34)   Other: 0.5ms
[2025-03-04T16:17:47.487+0000][162.880s] GC(34) Eden regions: 154->0(9)
[2025-03-04T16:17:47.487+0000][162.881s] GC(34) Survivor regions: 15->16(22)
[2025-03-04T16:17:47.487+0000][162.881s] GC(34) Old regions: 140->152
[2025-03-04T16:17:47.487+0000][162.881s] GC(34) Archive regions: 2->2
[2025-03-04T16:17:47.487+0000][162.881s] GC(34) Humongous regions: 4->4
[2025-03-04T16:17:47.487+0000][162.881s] GC(34) Metaspace: 60210K(60800K)->60210K(60800K) NonClass: 52845K(53120K)->52845K(53120K) Class: 7364K(7680K)->7364K(7680K)
[2025-03-04T16:17:47.488+0000][162.881s] GC(34) Pause Young (Prepare Mixed) (G1 Evacuation Pause) 312M->171M(512M) 6.901ms
[2025-03-04T16:17:47.488+0000][162.882s] GC(34) User=0.02s Sys=0.00s Real=0.00s
[2025-03-04T16:17:47.523+0000][162.917s] GC(35) Pause Young (Mixed) (G1 Evacuation Pause)
[2025-03-04T16:17:47.523+0000][162.917s] GC(35) Using 13 workers of 13 for evacuation
[2025-03-04T16:17:47.526+0000][162.920s] GC(35)   Pre Evacuate Collection Set: 0.3ms
[2025-03-04T16:17:47.526+0000][162.920s] GC(35)   Merge Heap Roots: 0.1ms
[2025-03-04T16:17:47.527+0000][162.921s] GC(35)   Evacuate Collection Set: 1.6ms
[2025-03-04T16:17:47.527+0000][162.921s] GC(35)   Post Evacuate Collection Set: 0.6ms
[2025-03-04T16:17:47.527+0000][162.921s] GC(35)   Other: 0.7ms
[2025-03-04T16:17:47.527+0000][162.921s] GC(35) Eden regions: 9->0(272)
[2025-03-04T16:17:47.528+0000][162.921s] GC(35) Survivor regions: 16->2(4)
[2025-03-04T16:17:47.528+0000][162.922s] GC(35) Old regions: 152->117
[2025-03-04T16:17:47.528+0000][162.922s] GC(35) Archive regions: 2->2
[2025-03-04T16:17:47.528+0000][162.922s] GC(35) Humongous regions: 4->4
[2025-03-04T16:17:47.528+0000][162.922s] GC(35) Metaspace: 60210K(60800K)->60210K(60800K) NonClass: 52845K(53120K)->52845K(53120K) Class: 7364K(7680K)->7364K(7680K)
[2025-03-04T16:17:47.528+0000][162.922s] GC(35) Pause Young (Mixed) (G1 Evacuation Pause) 180M->122M(512M) 5.701ms
[2025-03-04T16:17:47.529+0000][162.923s] GC(35) User=0.01s Sys=0.00s Real=0.00s
[2025-03-04T16:17:52.000+0000][167.394s] GC(36) Pause Young (Normal) (G1 Evacuation Pause)
[2025-03-04T16:17:52.000+0000][167.394s] GC(36) Using 13 workers of 13 for evacuation
[2025-03-04T16:17:52.003+0000][167.397s] GC(36)   Pre Evacuate Collection Set: 0.2ms
[2025-03-04T16:17:52.003+0000][167.397s] GC(36)   Merge Heap Roots: 0.2ms
[2025-03-04T16:17:52.004+0000][167.398s] GC(36)   Evacuate Collection Set: 1.3ms
[2025-03-04T16:17:52.004+0000][167.398s] GC(36)   Post Evacuate Collection Set: 0.8ms
[2025-03-04T16:17:52.004+0000][167.398s] GC(36)   Other: 0.6ms
[2025-03-04T16:17:52.004+0000][167.398s] GC(36) Eden regions: 272->0(267)
[2025-03-04T16:17:52.005+0000][167.399s] GC(36) Survivor regions: 2->13(35)
[2025-03-04T16:17:52.005+0000][167.399s] GC(36) Old regions: 117->117
[2025-03-04T16:17:52.005+0000][167.399s] GC(36) Archive regions: 2->2
[2025-03-04T16:17:52.005+0000][167.399s] GC(36) Humongous regions: 4->4
[2025-03-04T16:17:52.005+0000][167.399s] GC(36) Metaspace: 60210K(60800K)->60210K(60800K) NonClass: 52845K(53120K)->52845K(53120K) Class: 7364K(7680K)->7364K(7680K)
[2025-03-04T16:17:52.005+0000][167.399s] GC(36) Pause Young (Normal) (G1 Evacuation Pause) 394M->133M(512M) 5.538ms
[2025-03-04T16:17:52.005+0000][167.399s] GC(36) User=0.01s Sys=0.00s Real=0.00s
[2025-03-04T16:17:53.682+0000][169.076s] GC(37) Pause Young (Normal) (G1 Evacuation Pause)
[2025-03-04T16:17:53.682+0000][169.076s] GC(37) Using 13 workers of 13 for evacuation
[2025-03-04T16:17:53.686+0000][169.080s] GC(37)   Pre Evacuate Collection Set: 0.2ms
[2025-03-04T16:17:53.687+0000][169.081s] GC(37)   Merge Heap Roots: 0.2ms
[2025-03-04T16:17:53.687+0000][169.081s] GC(37)   Evacuate Collection Set: 2.6ms
[2025-03-04T16:17:53.687+0000][169.081s] GC(37)   Post Evacuate Collection Set: 0.8ms
[2025-03-04T16:17:53.687+0000][169.081s] GC(37)   Other: 0.7ms
[2025-03-04T16:17:53.688+0000][169.081s] GC(37) Eden regions: 267->0(240)
[2025-03-04T16:17:53.688+0000][169.082s] GC(37) Survivor regions: 13->35(35)
[2025-03-04T16:17:53.688+0000][169.082s] GC(37) Old regions: 117->120
[2025-03-04T16:17:53.688+0000][169.082s] GC(37) Archive regions: 2->2
[2025-03-04T16:17:53.688+0000][169.082s] GC(37) Humongous regions: 4->4
[2025-03-04T16:17:53.689+0000][169.083s] GC(37) Metaspace: 60210K(60800K)->60210K(60800K) NonClass: 52845K(53120K)->52845K(53120K) Class: 7364K(7680K)->7364K(7680K)
[2025-03-04T16:17:53.689+0000][169.083s] GC(37) Pause Young (Normal) (G1 Evacuation Pause) 400M->159M(512M) 6.981ms
[2025-03-04T16:17:53.689+0000][169.083s] GC(37) User=0.02s Sys=0.00s Real=0.00s
[2025-03-04T16:17:56.000+0000][171.394s] GC(38) Pause Young (Normal) (G1 Evacuation Pause)
[2025-03-04T16:17:56.001+0000][171.394s] GC(38) Using 13 workers of 13 for evacuation
[2025-03-04T16:17:56.006+0000][171.400s] GC(38)   Pre Evacuate Collection Set: 0.2ms
[2025-03-04T16:17:56.009+0000][171.403s] GC(38)   Merge Heap Roots: 0.1ms
[2025-03-04T16:17:56.014+0000][171.408s] GC(38)   Evacuate Collection Set: 3.8ms
[2025-03-04T16:17:56.018+0000][171.412s] GC(38)   Post Evacuate Collection Set: 0.8ms
[2025-03-04T16:17:56.022+0000][171.416s] GC(38)   Other: 0.4ms
[2025-03-04T16:17:56.026+0000][171.420s] GC(38) Eden regions: 240->0(219)
[2025-03-04T16:17:56.030+0000][171.424s] GC(38) Survivor regions: 35->27(35)
[2025-03-04T16:17:56.035+0000][171.429s] GC(38) Old regions: 120->147
[2025-03-04T16:17:56.039+0000][171.433s] GC(38) Archive regions: 2->2
[2025-03-04T16:17:56.044+0000][171.438s] GC(38) Humongous regions: 4->4
[2025-03-04T16:17:56.051+0000][171.445s] GC(38) Metaspace: 60215K(60800K)->60215K(60800K) NonClass: 52850K(53120K)->52850K(53120K) Class: 7364K(7680K)->7364K(7680K)
[2025-03-04T16:17:56.053+0000][171.447s] GC(38) Pause Young (Normal) (G1 Evacuation Pause) 399M->178M(512M) 52.855ms
[2025-03-04T16:17:56.058+0000][171.452s] GC(38) User=0.02s Sys=0.00s Real=0.05s
[2025-03-04T16:17:57.299+0000][172.693s] GC(39) Pause Young (Normal) (G1 Evacuation Pause)
[2025-03-04T16:17:57.300+0000][172.694s] GC(39) Using 13 workers of 13 for evacuation
[2025-03-04T16:17:57.305+0000][172.699s] GC(39)   Pre Evacuate Collection Set: 0.2ms
[2025-03-04T16:17:57.305+0000][172.699s] GC(39)   Merge Heap Roots: 0.1ms
[2025-03-04T16:17:57.306+0000][172.700s] GC(39)   Evacuate Collection Set: 3.5ms
[2025-03-04T16:17:57.306+0000][172.700s] GC(39)   Post Evacuate Collection Set: 0.8ms
[2025-03-04T16:17:57.306+0000][172.700s] GC(39)   Other: 1.1ms
[2025-03-04T16:17:57.307+0000][172.701s] GC(39) Eden regions: 219->0(203)
[2025-03-04T16:17:57.307+0000][172.701s] GC(39) Survivor regions: 27->22(31)
[2025-03-04T16:17:57.307+0000][172.701s] GC(39) Old regions: 147->171
[2025-03-04T16:17:57.308+0000][172.702s] GC(39) Archive regions: 2->2
[2025-03-04T16:17:57.308+0000][172.702s] GC(39) Humongous regions: 4->4
[2025-03-04T16:17:57.308+0000][172.702s] GC(39) Metaspace: 60215K(60800K)->60215K(60800K) NonClass: 52850K(53120K)->52850K(53120K) Class: 7364K(7680K)->7364K(7680K)
[2025-03-04T16:17:57.309+0000][172.703s] GC(39) Pause Young (Normal) (G1 Evacuation Pause) 397M->196M(512M) 9.634ms
[2025-03-04T16:17:57.309+0000][172.703s] GC(39) User=0.02s Sys=0.00s Real=0.01s
[2025-03-04T16:17:59.193+0000][174.587s] GC(40) Pause Young (Normal) (G1 Evacuation Pause)
[2025-03-04T16:17:59.194+0000][174.588s] GC(40) Using 13 workers of 13 for evacuation
[2025-03-04T16:17:59.198+0000][174.592s] GC(40)   Pre Evacuate Collection Set: 0.3ms
[2025-03-04T16:17:59.198+0000][174.592s] GC(40)   Merge Heap Roots: 0.1ms
[2025-03-04T16:17:59.198+0000][174.592s] GC(40)   Evacuate Collection Set: 2.5ms
[2025-03-04T16:17:59.199+0000][174.592s] GC(40)   Post Evacuate Collection Set: 0.8ms
[2025-03-04T16:17:59.199+0000][174.593s] GC(40)   Other: 0.7ms
[2025-03-04T16:17:59.199+0000][174.593s] GC(40) Eden regions: 203->0(190)
[2025-03-04T16:17:59.199+0000][174.593s] GC(40) Survivor regions: 22->20(29)
[2025-03-04T16:17:59.199+0000][174.593s] GC(40) Old regions: 171->189
[2025-03-04T16:17:59.200+0000][174.594s] GC(40) Archive regions: 2->2
[2025-03-04T16:17:59.200+0000][174.594s] GC(40) Humongous regions: 4->4
[2025-03-04T16:17:59.200+0000][174.594s] GC(40) Metaspace: 60216K(60800K)->60216K(60800K) NonClass: 52851K(53120K)->52851K(53120K) Class: 7364K(7680K)->7364K(7680K)
[2025-03-04T16:17:59.200+0000][174.594s] GC(40) Pause Young (Normal) (G1 Evacuation Pause) 399M->212M(512M) 6.822ms
[2025-03-04T16:17:59.201+0000][174.594s] GC(40) User=0.02s Sys=0.00s Real=0.01s
[2025-03-04T16:18:01.421+0000][176.815s] GC(41) Pause Young (Normal) (G1 Evacuation Pause)
[2025-03-04T16:18:01.421+0000][176.815s] GC(41) Using 13 workers of 13 for evacuation
[2025-03-04T16:18:01.425+0000][176.819s] GC(41)   Pre Evacuate Collection Set: 0.3ms
[2025-03-04T16:18:01.426+0000][176.820s] GC(41)   Merge Heap Roots: 0.3ms
[2025-03-04T16:18:01.426+0000][176.820s] GC(41)   Evacuate Collection Set: 2.2ms
[2025-03-04T16:18:01.426+0000][176.820s] GC(41)   Post Evacuate Collection Set: 1.1ms
[2025-03-04T16:18:01.427+0000][176.820s] GC(41)   Other: 0.9ms
[2025-03-04T16:18:01.427+0000][176.821s] GC(41) Eden regions: 190->0(191)
[2025-03-04T16:18:01.427+0000][176.821s] GC(41) Survivor regions: 20->10(27)
[2025-03-04T16:18:01.427+0000][176.821s] GC(41) Old regions: 189->204
[2025-03-04T16:18:01.427+0000][176.821s] GC(41) Archive regions: 2->2
[2025-03-04T16:18:01.428+0000][176.821s] GC(41) Humongous regions: 4->4
[2025-03-04T16:18:01.428+0000][176.822s] GC(41) Metaspace: 60257K(60800K)->60257K(60800K) NonClass: 52892K(53120K)->52892K(53120K) Class: 7364K(7680K)->7364K(7680K)
[2025-03-04T16:18:01.428+0000][176.822s] GC(41) Pause Young (Normal) (G1 Evacuation Pause) 402M->217M(512M) 7.418ms
[2025-03-04T16:18:01.428+0000][176.822s] GC(41) User=0.02s Sys=0.00s Real=0.00s
[2025-03-04T16:18:03.163+0000][178.557s] GC(42) Pause Young (Normal) (G1 Evacuation Pause)
[2025-03-04T16:18:03.163+0000][178.557s] GC(42) Using 13 workers of 13 for evacuation
[2025-03-04T16:18:03.168+0000][178.562s] GC(42)   Pre Evacuate Collection Set: 0.2ms
[2025-03-04T16:18:03.168+0000][178.562s] GC(42)   Merge Heap Roots: 0.2ms
[2025-03-04T16:18:03.169+0000][178.563s] GC(42)   Evacuate Collection Set: 2.8ms
[2025-03-04T16:18:03.169+0000][178.563s] GC(42)   Post Evacuate Collection Set: 0.7ms
[2025-03-04T16:18:03.170+0000][178.564s] GC(42)   Other: 0.9ms
[2025-03-04T16:18:03.170+0000][178.564s] GC(42) Eden regions: 191->0(175)
[2025-03-04T16:18:03.173+0000][178.566s] GC(42) Survivor regions: 10->26(26)
[2025-03-04T16:18:03.175+0000][178.569s] GC(42) Old regions: 204->206
[2025-03-04T16:18:03.179+0000][178.573s] GC(42) Archive regions: 2->2
[2025-03-04T16:18:03.182+0000][178.576s] GC(42) Humongous regions: 4->4
[2025-03-04T16:18:03.185+0000][178.579s] GC(42) Metaspace: 60580K(61120K)->60580K(61120K) NonClass: 53215K(53440K)->53215K(53440K) Class: 7364K(7680K)->7364K(7680K)
[2025-03-04T16:18:03.186+0000][178.580s] GC(42) Pause Young (Normal) (G1 Evacuation Pause) 408M->236M(512M) 23.234ms
[2025-03-04T16:18:03.190+0000][178.584s] GC(42) User=0.02s Sys=0.00s Real=0.03s
[2025-03-04T16:18:04.810+0000][180.204s] GC(43) Pause Young (Normal) (G1 Evacuation Pause)
[2025-03-04T16:18:04.810+0000][180.204s] GC(43) Using 13 workers of 13 for evacuation
[2025-03-04T16:18:04.816+0000][180.210s] GC(43)   Pre Evacuate Collection Set: 0.4ms
[2025-03-04T16:18:04.816+0000][180.210s] GC(43)   Merge Heap Roots: 0.3ms
[2025-03-04T16:18:04.817+0000][180.210s] GC(43)   Evacuate Collection Set: 3.6ms
[2025-03-04T16:18:04.817+0000][180.211s] GC(43)   Post Evacuate Collection Set: 0.8ms
[2025-03-04T16:18:04.817+0000][180.211s] GC(43)   Other: 0.9ms
[2025-03-04T16:18:04.817+0000][180.211s] GC(43) Eden regions: 175->0(158)
[2025-03-04T16:18:04.818+0000][180.212s] GC(43) Survivor regions: 26->21(26)
[2025-03-04T16:18:04.818+0000][180.212s] GC(43) Old regions: 206->229
[2025-03-04T16:18:04.818+0000][180.212s] GC(43) Archive regions: 2->2
[2025-03-04T16:18:04.818+0000][180.212s] GC(43) Humongous regions: 4->4
[2025-03-04T16:18:04.819+0000][180.213s] GC(43) Metaspace: 60580K(61120K)->60580K(61120K) NonClass: 53215K(53440K)->53215K(53440K) Class: 7364K(7680K)->7364K(7680K)
[2025-03-04T16:18:04.819+0000][180.213s] GC(43) Pause Young (Normal) (G1 Evacuation Pause) 411M->253M(512M) 9.226ms
[2025-03-04T16:18:04.819+0000][180.213s] GC(43) User=0.03s Sys=0.00s Real=0.01s
[2025-03-04T16:18:05.928+0000][181.322s] GC(44) Pause Young (Concurrent Start) (G1 Evacuation Pause)
[2025-03-04T16:18:05.928+0000][181.322s] GC(44) Using 13 workers of 13 for evacuation
[2025-03-04T16:18:05.933+0000][181.327s] GC(44)   Pre Evacuate Collection Set: 0.2ms
[2025-03-04T16:18:05.933+0000][181.327s] GC(44)   Merge Heap Roots: 0.1ms
[2025-03-04T16:18:05.933+0000][181.327s] GC(44)   Evacuate Collection Set: 2.9ms
[2025-03-04T16:18:05.934+0000][181.327s] GC(44)   Post Evacuate Collection Set: 0.9ms
[2025-03-04T16:18:05.934+0000][181.328s] GC(44)   Other: 0.6ms
[2025-03-04T16:18:05.934+0000][181.328s] GC(44) Eden regions: 158->0(150)
[2025-03-04T16:18:05.934+0000][181.328s] GC(44) Survivor regions: 21->14(23)
[2025-03-04T16:18:05.934+0000][181.328s] GC(44) Old regions: 229->248
[2025-03-04T16:18:05.934+0000][181.328s] GC(44) Archive regions: 2->2
[2025-03-04T16:18:05.935+0000][181.328s] GC(44) Humongous regions: 4->4
[2025-03-04T16:18:05.935+0000][181.329s] GC(44) Metaspace: 60580K(61120K)->60580K(61120K) NonClass: 53215K(53440K)->53215K(53440K) Class: 7364K(7680K)->7364K(7680K)
[2025-03-04T16:18:05.935+0000][181.329s] GC(44) Pause Young (Concurrent Start) (G1 Evacuation Pause) 411M->265M(512M) 6.700ms
[2025-03-04T16:18:05.935+0000][181.329s] GC(44) User=0.01s Sys=0.01s Real=0.01s
[2025-03-04T16:18:05.935+0000][181.329s] GC(45) Concurrent Mark Cycle
[2025-03-04T16:18:05.936+0000][181.329s] GC(45) Concurrent Clear Claimed Marks
[2025-03-04T16:18:05.936+0000][181.330s] GC(45) Concurrent Clear Claimed Marks 0.293ms
[2025-03-04T16:18:05.936+0000][181.330s] GC(45) Concurrent Scan Root Regions
[2025-03-04T16:18:05.937+0000][181.331s] GC(45) Concurrent Scan Root Regions 0.967ms
[2025-03-04T16:18:05.938+0000][181.331s] GC(45) Concurrent Mark
[2025-03-04T16:18:05.938+0000][181.332s] GC(45) Concurrent Mark From Roots
[2025-03-04T16:18:05.938+0000][181.332s] GC(45) Using 3 workers of 3 for marking
[2025-03-04T16:18:05.962+0000][181.356s] GC(45) Concurrent Mark From Roots 24.584ms
[2025-03-04T16:18:05.963+0000][181.357s] GC(45) Concurrent Preclean
[2025-03-04T16:18:05.963+0000][181.357s] GC(45) Concurrent Preclean 0.565ms
[2025-03-04T16:18:05.964+0000][181.358s] GC(45) Pause Remark
[2025-03-04T16:18:05.969+0000][181.363s] GC(45) Pause Remark 272M->187M(512M) 4.681ms
[2025-03-04T16:18:05.969+0000][181.363s] GC(45) User=0.04s Sys=0.00s Real=0.00s
[2025-03-04T16:18:05.970+0000][181.363s] GC(45) Concurrent Mark 31.909ms
[2025-03-04T16:18:05.970+0000][181.364s] GC(45) Concurrent Rebuild Remembered Sets
[2025-03-04T16:18:05.982+0000][181.376s] GC(45) Concurrent Rebuild Remembered Sets 11.907ms
[2025-03-04T16:18:05.983+0000][181.377s] GC(45) Pause Cleanup
[2025-03-04T16:18:05.983+0000][181.377s] GC(45) Pause Cleanup 189M->189M(512M) 0.475ms
[2025-03-04T16:18:05.983+0000][181.377s] GC(45) User=0.00s Sys=0.00s Real=0.00s
[2025-03-04T16:18:05.984+0000][181.378s] GC(45) Concurrent Cleanup for Next Mark
[2025-03-04T16:18:05.985+0000][181.379s] GC(45) Concurrent Cleanup for Next Mark 1.030ms
[2025-03-04T16:18:05.985+0000][181.379s] GC(45) Concurrent Mark Cycle 49.826ms
[2025-03-04T16:18:07.263+0000][182.657s] GC(46) Pause Young (Prepare Mixed) (G1 Evacuation Pause)
[2025-03-04T16:18:07.264+0000][182.658s] GC(46) Using 13 workers of 13 for evacuation
[2025-03-04T16:18:07.268+0000][182.662s] GC(46)   Pre Evacuate Collection Set: 0.2ms
[2025-03-04T16:18:07.268+0000][182.662s] GC(46)   Merge Heap Roots: 0.2ms
[2025-03-04T16:18:07.269+0000][182.663s] GC(46)   Evacuate Collection Set: 2.3ms
[2025-03-04T16:18:07.269+0000][182.663s] GC(46)   Post Evacuate Collection Set: 0.8ms
[2025-03-04T16:18:07.270+0000][182.663s] GC(46)   Other: 0.8ms
[2025-03-04T16:18:07.270+0000][182.664s] GC(46) Eden regions: 150->0(7)
[2025-03-04T16:18:07.270+0000][182.664s] GC(46) Survivor regions: 14->18(21)
[2025-03-04T16:18:07.270+0000][182.664s] GC(46) Old regions: 163->174
[2025-03-04T16:18:07.270+0000][182.664s] GC(46) Archive regions: 2->2
[2025-03-04T16:18:07.271+0000][182.665s] GC(46) Humongous regions: 4->4
[2025-03-04T16:18:07.271+0000][182.665s] GC(46) Metaspace: 60583K(61120K)->60583K(61120K) NonClass: 53218K(53440K)->53218K(53440K) Class: 7364K(7680K)->7364K(7680K)
[2025-03-04T16:18:07.271+0000][182.665s] GC(46) Pause Young (Prepare Mixed) (G1 Evacuation Pause) 330M->196M(512M) 7.597ms
[2025-03-04T16:18:07.271+0000][182.665s] GC(46) User=0.02s Sys=0.00s Real=0.01s
[2025-03-04T16:18:07.303+0000][182.696s] GC(47) Pause Young (Mixed) (G1 Evacuation Pause)
[2025-03-04T16:18:07.303+0000][182.697s] GC(47) Using 13 workers of 13 for evacuation
[2025-03-04T16:18:07.307+0000][182.701s] GC(47)   Pre Evacuate Collection Set: 0.2ms
[2025-03-04T16:18:07.307+0000][182.701s] GC(47)   Merge Heap Roots: 0.2ms
[2025-03-04T16:18:07.308+0000][182.701s] GC(47)   Evacuate Collection Set: 2.4ms
[2025-03-04T16:18:07.308+0000][182.702s] GC(47)   Post Evacuate Collection Set: 0.8ms
[2025-03-04T16:18:07.308+0000][182.702s] GC(47)   Other: 0.7ms
[2025-03-04T16:18:07.309+0000][182.702s] GC(47) Eden regions: 7->0(23)
[2025-03-04T16:18:07.309+0000][182.703s] GC(47) Survivor regions: 18->2(4)
[2025-03-04T16:18:07.309+0000][182.703s] GC(47) Old regions: 174->139
[2025-03-04T16:18:07.310+0000][182.704s] GC(47) Archive regions: 2->2
[2025-03-04T16:18:07.310+0000][182.704s] GC(47) Humongous regions: 4->4
[2025-03-04T16:18:07.311+0000][182.705s] GC(47) Metaspace: 60583K(61120K)->60583K(61120K) NonClass: 53218K(53440K)->53218K(53440K) Class: 7364K(7680K)->7364K(7680K)
[2025-03-04T16:18:07.311+0000][182.705s] GC(47) Pause Young (Mixed) (G1 Evacuation Pause) 203M->145M(512M) 8.566ms
[2025-03-04T16:18:07.311+0000][182.705s] GC(47) User=0.01s Sys=0.00s Real=0.01s
[2025-03-04T16:18:07.500+0000][182.894s] GC(48) Pause Young (Mixed) (G1 Evacuation Pause)
[2025-03-04T16:18:07.501+0000][182.895s] GC(48) Using 13 workers of 13 for evacuation
[2025-03-04T16:18:07.504+0000][182.897s] GC(48)   Pre Evacuate Collection Set: 0.3ms
[2025-03-04T16:18:07.504+0000][182.898s] GC(48)   Merge Heap Roots: 0.2ms
[2025-03-04T16:18:07.504+0000][182.898s] GC(48)   Evacuate Collection Set: 1.2ms
[2025-03-04T16:18:07.504+0000][182.898s] GC(48)   Post Evacuate Collection Set: 0.7ms
[2025-03-04T16:18:07.505+0000][182.899s] GC(48)   Other: 1.0ms
[2025-03-04T16:18:07.505+0000][182.899s] GC(48) Eden regions: 23->0(256)
[2025-03-04T16:18:07.505+0000][182.899s] GC(48) Survivor regions: 2->4(4)
[2025-03-04T16:18:07.505+0000][182.899s] GC(48) Old regions: 139->132
[2025-03-04T16:18:07.506+0000][182.899s] GC(48) Archive regions: 2->2
[2025-03-04T16:18:07.506+0000][182.900s] GC(48) Humongous regions: 4->4
[2025-03-04T16:18:07.506+0000][182.900s] GC(48) Metaspace: 60583K(61120K)->60583K(61120K) NonClass: 53218K(53440K)->53218K(53440K) Class: 7364K(7680K)->7364K(7680K)
[2025-03-04T16:18:07.506+0000][182.900s] GC(48) Pause Young (Mixed) (G1 Evacuation Pause) 168M->139M(512M) 6.066ms
[2025-03-04T16:18:07.507+0000][182.900s] GC(48) User=0.01s Sys=0.00s Real=0.00s
[2025-03-04T16:18:09.370+0000][184.764s] GC(49) Pause Young (Normal) (G1 Evacuation Pause)
[2025-03-04T16:18:09.371+0000][184.764s] GC(49) Using 13 workers of 13 for evacuation
[2025-03-04T16:18:09.374+0000][184.768s] GC(49)   Pre Evacuate Collection Set: 0.2ms
[2025-03-04T16:18:09.374+0000][184.768s] GC(49)   Merge Heap Roots: 0.1ms
[2025-03-04T16:18:09.375+0000][184.769s] GC(49)   Evacuate Collection Set: 2.1ms
[2025-03-04T16:18:09.375+0000][184.769s] GC(49)   Post Evacuate Collection Set: 0.7ms
[2025-03-04T16:18:09.375+0000][184.769s] GC(49)   Other: 0.9ms
[2025-03-04T16:18:09.376+0000][184.770s] GC(49) Eden regions: 256->0(238)
[2025-03-04T16:18:09.376+0000][184.770s] GC(49) Survivor regions: 4->25(33)
[2025-03-04T16:18:09.376+0000][184.770s] GC(49) Old regions: 132->132
[2025-03-04T16:18:09.377+0000][184.771s] GC(49) Archive regions: 2->2
[2025-03-04T16:18:09.377+0000][184.771s] GC(49) Humongous regions: 4->4
[2025-03-04T16:18:09.377+0000][184.771s] GC(49) Metaspace: 60586K(61120K)->60586K(61120K) NonClass: 53221K(53440K)->53221K(53440K) Class: 7364K(7680K)->7364K(7680K)
[2025-03-04T16:18:09.377+0000][184.771s] GC(49) Pause Young (Normal) (G1 Evacuation Pause) 395M->160M(512M) 7.363ms
[2025-03-04T16:18:09.378+0000][184.771s] GC(49) User=0.02s Sys=0.00s Real=0.00s
[2025-03-04T16:18:11.161+0000][186.555s] GC(50) Pause Young (Normal) (G1 Evacuation Pause)
[2025-03-04T16:18:11.161+0000][186.555s] GC(50) Using 13 workers of 13 for evacuation
[2025-03-04T16:18:11.165+0000][186.559s] GC(50)   Pre Evacuate Collection Set: 0.2ms
[2025-03-04T16:18:11.165+0000][186.559s] GC(50)   Merge Heap Roots: 0.1ms
[2025-03-04T16:18:11.166+0000][186.559s] GC(50)   Evacuate Collection Set: 2.4ms
[2025-03-04T16:18:11.166+0000][186.560s] GC(50)   Post Evacuate Collection Set: 0.7ms
[2025-03-04T16:18:11.166+0000][186.560s] GC(50)   Other: 0.8ms
[2025-03-04T16:18:11.167+0000][186.560s] GC(50) Eden regions: 238->0(232)
[2025-03-04T16:18:11.167+0000][186.561s] GC(50) Survivor regions: 25->22(33)
[2025-03-04T16:18:11.167+0000][186.561s] GC(50) Old regions: 132->141
[2025-03-04T16:18:11.168+0000][186.561s] GC(50) Archive regions: 2->2
[2025-03-04T16:18:11.168+0000][186.562s] GC(50) Humongous regions: 4->4
[2025-03-04T16:18:11.168+0000][186.562s] GC(50) Metaspace: 60588K(61120K)->60588K(61120K) NonClass: 53223K(53440K)->53223K(53440K) Class: 7364K(7680K)->7364K(7680K)
[2025-03-04T16:18:11.168+0000][186.562s] GC(50) Pause Young (Normal) (G1 Evacuation Pause) 398M->166M(512M) 7.672ms
[2025-03-04T16:18:11.169+0000][186.563s] GC(50) User=0.02s Sys=0.00s Real=0.00s
[2025-03-04T16:18:13.031+0000][188.425s] GC(51) Pause Young (Normal) (G1 Evacuation Pause)
[2025-03-04T16:18:13.031+0000][188.425s] GC(51) Using 13 workers of 13 for evacuation
[2025-03-04T16:18:13.036+0000][188.430s] GC(51)   Pre Evacuate Collection Set: 0.2ms
[2025-03-04T16:18:13.036+0000][188.430s] GC(51)   Merge Heap Roots: 0.1ms
[2025-03-04T16:18:13.037+0000][188.431s] GC(51)   Evacuate Collection Set: 3.1ms
[2025-03-04T16:18:13.037+0000][188.431s] GC(51)   Post Evacuate Collection Set: 0.7ms
[2025-03-04T16:18:13.037+0000][188.431s] GC(51)   Other: 0.4ms
[2025-03-04T16:18:13.038+0000][188.431s] GC(51) Eden regions: 232->0(207)
[2025-03-04T16:18:13.038+0000][188.432s] GC(51) Survivor regions: 22->28(32)
[2025-03-04T16:18:13.039+0000][188.433s] GC(51) Old regions: 141->161
[2025-03-04T16:18:13.039+0000][188.433s] GC(51) Archive regions: 2->2
[2025-03-04T16:18:13.041+0000][188.434s] GC(51) Humongous regions: 4->4
[2025-03-04T16:18:13.042+0000][188.435s] GC(51) Metaspace: 60601K(61184K)->60601K(61184K) NonClass: 53236K(53504K)->53236K(53504K) Class: 7364K(7680K)->7364K(7680K)
[2025-03-04T16:18:13.042+0000][188.436s] GC(51) Pause Young (Normal) (G1 Evacuation Pause) 398M->192M(512M) 11.002ms
[2025-03-04T16:18:13.043+0000][188.436s] GC(51) User=0.02s Sys=0.00s Real=0.01s
[2025-03-04T16:18:14.923+0000][190.316s] GC(52) Pause Young (Normal) (G1 Evacuation Pause)
[2025-03-04T16:18:14.923+0000][190.317s] GC(52) Using 13 workers of 13 for evacuation
[2025-03-04T16:18:14.928+0000][190.322s] GC(52)   Pre Evacuate Collection Set: 0.2ms
[2025-03-04T16:18:14.929+0000][190.322s] GC(52)   Merge Heap Roots: 0.2ms
[2025-03-04T16:18:14.929+0000][190.323s] GC(52)   Evacuate Collection Set: 2.8ms
[2025-03-04T16:18:14.929+0000][190.323s] GC(52)   Post Evacuate Collection Set: 1.7ms
[2025-03-04T16:18:14.929+0000][190.323s] GC(52)   Other: 0.6ms
[2025-03-04T16:18:14.930+0000][190.324s] GC(52) Eden regions: 207->0(198)
[2025-03-04T16:18:14.930+0000][190.324s] GC(52) Survivor regions: 28->20(30)
[2025-03-04T16:18:14.930+0000][190.324s] GC(52) Old regions: 161->180
[2025-03-04T16:18:14.930+0000][190.324s] GC(52) Archive regions: 2->2
[2025-03-04T16:18:14.931+0000][190.325s] GC(52) Humongous regions: 4->4
[2025-03-04T16:18:14.931+0000][190.325s] GC(52) Metaspace: 60616K(61248K)->60616K(61248K) NonClass: 53251K(53568K)->53251K(53568K) Class: 7364K(7680K)->7364K(7680K)
[2025-03-04T16:18:14.931+0000][190.325s] GC(52) Pause Young (Normal) (G1 Evacuation Pause) 399M->204M(512M) 8.771ms
[2025-03-04T16:18:14.932+0000][190.325s] GC(52) User=0.03s Sys=0.00s Real=0.01s
[2025-03-04T16:18:16.294+0000][191.688s] GC(53) Pause Young (Normal) (G1 Evacuation Pause)
[2025-03-04T16:18:16.294+0000][191.688s] GC(53) Using 13 workers of 13 for evacuation
[2025-03-04T16:18:16.300+0000][191.694s] GC(53)   Pre Evacuate Collection Set: 0.2ms
[2025-03-04T16:18:16.300+0000][191.694s] GC(53)   Merge Heap Roots: 0.1ms
[2025-03-04T16:18:16.301+0000][191.695s] GC(53)   Evacuate Collection Set: 4.0ms
[2025-03-04T16:18:16.301+0000][191.695s] GC(53)   Post Evacuate Collection Set: 1.4ms
[2025-03-04T16:18:16.301+0000][191.695s] GC(53)   Other: 0.7ms
[2025-03-04T16:18:16.302+0000][191.696s] GC(53) Eden regions: 198->0(189)
[2025-03-04T16:18:16.302+0000][191.696s] GC(53) Survivor regions: 20->17(28)
[2025-03-04T16:18:16.303+0000][191.696s] GC(53) Old regions: 180->196
[2025-03-04T16:18:16.303+0000][191.697s] GC(53) Archive regions: 2->2
[2025-03-04T16:18:16.303+0000][191.697s] GC(53) Humongous regions: 4->4
[2025-03-04T16:18:16.303+0000][191.697s] GC(53) Metaspace: 60620K(61248K)->60620K(61248K) NonClass: 53255K(53568K)->53255K(53568K) Class: 7364K(7680K)->7364K(7680K)
[2025-03-04T16:18:16.304+0000][191.698s] GC(53) Pause Young (Normal) (G1 Evacuation Pause) 402M->217M(512M) 9.865ms
[2025-03-04T16:18:16.304+0000][191.698s] GC(53) User=0.02s Sys=0.01s Real=0.01s
[2025-03-04T16:18:17.519+0000][192.913s] GC(54) Pause Young (Normal) (G1 Evacuation Pause)
[2025-03-04T16:18:17.519+0000][192.913s] GC(54) Using 13 workers of 13 for evacuation
[2025-03-04T16:18:17.523+0000][192.917s] GC(54)   Pre Evacuate Collection Set: 0.2ms
[2025-03-04T16:18:17.524+0000][192.918s] GC(54)   Merge Heap Roots: 0.1ms
[2025-03-04T16:18:17.524+0000][192.918s] GC(54)   Evacuate Collection Set: 2.1ms
[2025-03-04T16:18:17.524+0000][192.918s] GC(54)   Post Evacuate Collection Set: 1.1ms
[2025-03-04T16:18:17.524+0000][192.918s] GC(54)   Other: 0.5ms
[2025-03-04T16:18:17.524+0000][192.918s] GC(54) Eden regions: 189->0(179)
[2025-03-04T16:18:17.524+0000][192.919s] GC(54) Survivor regions: 17->16(26)
[2025-03-04T16:18:17.524+0000][192.919s] GC(54) Old regions: 196->211
[2025-03-04T16:18:17.525+0000][192.919s] GC(54) Archive regions: 2->2
[2025-03-04T16:18:17.525+0000][192.919s] GC(54) Humongous regions: 4->4
[2025-03-04T16:18:17.525+0000][192.919s] GC(54) Metaspace: 60621K(61248K)->60621K(61248K) NonClass: 53256K(53568K)->53256K(53568K) Class: 7364K(7680K)->7364K(7680K)
[2025-03-04T16:18:17.525+0000][192.919s] GC(54) Pause Young (Normal) (G1 Evacuation Pause) 406M->231M(512M) 6.084ms
[2025-03-04T16:18:17.525+0000][192.919s] GC(54) User=0.02s Sys=0.00s Real=0.00s
[2025-03-04T16:18:20.553+0000][195.947s] GC(55) Pause Young (Normal) (G1 Evacuation Pause)
[2025-03-04T16:18:20.553+0000][195.948s] GC(55) Using 13 workers of 13 for evacuation
[2025-03-04T16:18:20.555+0000][195.950s] GC(55)   Pre Evacuate Collection Set: 0.2ms
[2025-03-04T16:18:20.556+0000][195.950s] GC(55)   Merge Heap Roots: 0.1ms
[2025-03-04T16:18:20.556+0000][195.950s] GC(55)   Evacuate Collection Set: 1.0ms
[2025-03-04T16:18:20.556+0000][195.950s] GC(55)   Post Evacuate Collection Set: 0.5ms
[2025-03-04T16:18:20.556+0000][195.950s] GC(55)   Other: 0.4ms
[2025-03-04T16:18:20.556+0000][195.950s] GC(55) Eden regions: 179->0(195)
[2025-03-04T16:18:20.556+0000][195.950s] GC(55) Survivor regions: 16->1(25)
[2025-03-04T16:18:20.556+0000][195.951s] GC(55) Old regions: 211->215
[2025-03-04T16:18:20.557+0000][195.951s] GC(55) Archive regions: 2->2
[2025-03-04T16:18:20.557+0000][195.951s] GC(55) Humongous regions: 4->4
[2025-03-04T16:18:20.557+0000][195.951s] GC(55) Metaspace: 60669K(61248K)->60669K(61248K) NonClass: 53304K(53568K)->53304K(53568K) Class: 7364K(7680K)->7364K(7680K)
[2025-03-04T16:18:20.557+0000][195.951s] GC(55) Pause Young (Normal) (G1 Evacuation Pause) 410M->220M(512M) 3.608ms
[2025-03-04T16:18:20.557+0000][195.951s] GC(55) User=0.00s Sys=0.00s Real=0.00s
[2025-03-04T16:18:22.824+0000][198.218s] GC(56) Pause Young (Normal) (G1 Evacuation Pause)
[2025-03-04T16:18:22.824+0000][198.218s] GC(56) Using 13 workers of 13 for evacuation
[2025-03-04T16:18:22.828+0000][198.222s] GC(56)   Pre Evacuate Collection Set: 0.2ms
[2025-03-04T16:18:22.829+0000][198.223s] GC(56)   Merge Heap Roots: 0.1ms
[2025-03-04T16:18:22.832+0000][198.226s] GC(56)   Evacuate Collection Set: 2.1ms
[2025-03-04T16:18:22.832+0000][198.227s] GC(56)   Post Evacuate Collection Set: 1.4ms
[2025-03-04T16:18:22.833+0000][198.227s] GC(56)   Other: 0.7ms
[2025-03-04T16:18:22.833+0000][198.227s] GC(56) Eden regions: 195->0(178)
[2025-03-04T16:18:22.833+0000][198.228s] GC(56) Survivor regions: 1->19(25)
[2025-03-04T16:18:22.834+0000][198.229s] GC(56) Old regions: 215->215
[2025-03-04T16:18:22.835+0000][198.229s] GC(56) Archive regions: 2->2
[2025-03-04T16:18:22.835+0000][198.229s] GC(56) Humongous regions: 4->4
[2025-03-04T16:18:22.835+0000][198.229s] GC(56) Metaspace: 60672K(61248K)->60672K(61248K) NonClass: 53307K(53568K)->53307K(53568K) Class: 7364K(7680K)->7364K(7680K)
[2025-03-04T16:18:22.835+0000][198.230s] GC(56) Pause Young (Normal) (G1 Evacuation Pause) 415M->237M(512M) 11.923ms
[2025-03-04T16:18:22.836+0000][198.231s] GC(56) User=0.01s Sys=0.00s Real=0.01s
[2025-03-04T16:18:24.606+0000][200.000s] GC(57) Pause Young (Normal) (G1 Evacuation Pause)
[2025-03-04T16:18:24.607+0000][200.001s] GC(57) Using 13 workers of 13 for evacuation
[2025-03-04T16:18:24.613+0000][200.007s] GC(57)   Pre Evacuate Collection Set: 0.2ms
[2025-03-04T16:18:24.613+0000][200.007s] GC(57)   Merge Heap Roots: 0.1ms
[2025-03-04T16:18:24.614+0000][200.008s] GC(57)   Evacuate Collection Set: 3.8ms
[2025-03-04T16:18:24.614+0000][200.008s] GC(57)   Post Evacuate Collection Set: 1.4ms
[2025-03-04T16:18:24.615+0000][200.009s] GC(57)   Other: 1.0ms
[2025-03-04T16:18:24.615+0000][200.009s] GC(57) Eden regions: 178->0(157)
[2025-03-04T16:18:24.615+0000][200.010s] GC(57) Survivor regions: 19->23(25)
[2025-03-04T16:18:24.616+0000][200.010s] GC(57) Old regions: 215->230
[2025-03-04T16:18:24.616+0000][200.010s] GC(57) Archive regions: 2->2
[2025-03-04T16:18:24.616+0000][200.010s] GC(57) Humongous regions: 4->4
[2025-03-04T16:18:24.616+0000][200.011s] GC(57) Metaspace: 60672K(61248K)->60672K(61248K) NonClass: 53307K(53568K)->53307K(53568K) Class: 7364K(7680K)->7364K(7680K)
[2025-03-04T16:18:24.617+0000][200.011s] GC(57) Pause Young (Normal) (G1 Evacuation Pause) 415M->257M(512M) 10.436ms
[2025-03-04T16:18:24.617+0000][200.011s] GC(57) User=0.03s Sys=0.00s Real=0.01s
[2025-03-04T16:18:25.932+0000][201.326s] GC(58) Pause Young (Concurrent Start) (G1 Evacuation Pause)
[2025-03-04T16:18:25.932+0000][201.327s] GC(58) Using 13 workers of 13 for evacuation
[2025-03-04T16:18:25.937+0000][201.331s] GC(58)   Pre Evacuate Collection Set: 0.3ms
[2025-03-04T16:18:25.937+0000][201.331s] GC(58)   Merge Heap Roots: 0.2ms
[2025-03-04T16:18:25.937+0000][201.331s] GC(58)   Evacuate Collection Set: 2.3ms
[2025-03-04T16:18:25.937+0000][201.331s] GC(58)   Post Evacuate Collection Set: 0.8ms
[2025-03-04T16:18:25.937+0000][201.332s] GC(58)   Other: 1.0ms
[2025-03-04T16:18:25.938+0000][201.332s] GC(58) Eden regions: 157->0(147)
[2025-03-04T16:18:25.938+0000][201.332s] GC(58) Survivor regions: 23->14(23)
[2025-03-04T16:18:25.938+0000][201.332s] GC(58) Old regions: 230->253
[2025-03-04T16:18:25.938+0000][201.332s] GC(58) Archive regions: 2->2
[2025-03-04T16:18:25.938+0000][201.332s] GC(58) Humongous regions: 4->4
[2025-03-04T16:18:25.938+0000][201.333s] GC(58) Metaspace: 60672K(61248K)->60672K(61248K) NonClass: 53307K(53568K)->53307K(53568K) Class: 7364K(7680K)->7364K(7680K)
[2025-03-04T16:18:25.939+0000][201.333s] GC(58) Pause Young (Concurrent Start) (G1 Evacuation Pause) 414M->271M(512M) 6.701ms
[2025-03-04T16:18:25.939+0000][201.333s] GC(58) User=0.02s Sys=0.01s Real=0.00s
[2025-03-04T16:18:25.939+0000][201.333s] GC(59) Concurrent Mark Cycle
[2025-03-04T16:18:25.939+0000][201.334s] GC(59) Concurrent Clear Claimed Marks
[2025-03-04T16:18:25.940+0000][201.334s] GC(59) Concurrent Clear Claimed Marks 0.292ms
[2025-03-04T16:18:25.940+0000][201.334s] GC(59) Concurrent Scan Root Regions
[2025-03-04T16:18:25.941+0000][201.335s] GC(59) Concurrent Scan Root Regions 1.135ms
[2025-03-04T16:18:25.941+0000][201.336s] GC(59) Concurrent Mark
[2025-03-04T16:18:25.942+0000][201.336s] GC(59) Concurrent Mark From Roots
[2025-03-04T16:18:25.942+0000][201.336s] GC(59) Using 3 workers of 3 for marking
[2025-03-04T16:18:25.965+0000][201.359s] GC(59) Concurrent Mark From Roots 23.388ms
[2025-03-04T16:18:25.965+0000][201.360s] GC(59) Concurrent Preclean
[2025-03-04T16:18:25.966+0000][201.360s] GC(59) Concurrent Preclean 0.493ms
[2025-03-04T16:18:25.967+0000][201.361s] GC(59) Pause Remark
[2025-03-04T16:18:25.971+0000][201.365s] GC(59) Pause Remark 273M->194M(512M) 4.276ms
[2025-03-04T16:18:25.971+0000][201.365s] GC(59) User=0.02s Sys=0.00s Real=0.01s
[2025-03-04T16:18:25.972+0000][201.366s] GC(59) Concurrent Mark 30.229ms
[2025-03-04T16:18:25.972+0000][201.366s] GC(59) Concurrent Rebuild Remembered Sets
[2025-03-04T16:18:25.984+0000][201.378s] GC(59) Concurrent Rebuild Remembered Sets 11.979ms
[2025-03-04T16:18:25.984+0000][201.379s] GC(59) Pause Cleanup
[2025-03-04T16:18:25.985+0000][201.379s] GC(59) Pause Cleanup 195M->195M(512M) 0.583ms
[2025-03-04T16:18:25.985+0000][201.379s] GC(59) User=0.00s Sys=0.00s Real=0.00s
[2025-03-04T16:18:25.986+0000][201.380s] GC(59) Concurrent Cleanup for Next Mark
[2025-03-04T16:18:25.987+0000][201.381s] GC(59) Concurrent Cleanup for Next Mark 0.999ms
[2025-03-04T16:18:25.987+0000][201.381s] GC(59) Concurrent Mark Cycle 47.786ms
[2025-03-04T16:18:27.324+0000][202.718s] GC(60) Pause Young (Prepare Mixed) (G1 Evacuation Pause)
[2025-03-04T16:18:27.325+0000][202.719s] GC(60) Using 13 workers of 13 for evacuation
[2025-03-04T16:18:27.329+0000][202.724s] GC(60)   Pre Evacuate Collection Set: 0.5ms
[2025-03-04T16:18:27.330+0000][202.724s] GC(60)   Merge Heap Roots: 0.2ms
[2025-03-04T16:18:27.330+0000][202.724s] GC(60)   Evacuate Collection Set: 2.3ms
[2025-03-04T16:18:27.331+0000][202.725s] GC(60)   Post Evacuate Collection Set: 1.3ms
[2025-03-04T16:18:27.331+0000][202.725s] GC(60)   Other: 0.8ms
[2025-03-04T16:18:27.332+0000][202.726s] GC(60) Eden regions: 147->0(8)
[2025-03-04T16:18:27.332+0000][202.726s] GC(60) Survivor regions: 14->17(21)
[2025-03-04T16:18:27.333+0000][202.727s] GC(60) Old regions: 174->185
[2025-03-04T16:18:27.333+0000][202.727s] GC(60) Archive regions: 2->2
[2025-03-04T16:18:27.334+0000][202.728s] GC(60) Humongous regions: 4->4
[2025-03-04T16:18:27.334+0000][202.728s] GC(60) Metaspace: 60682K(61312K)->60682K(61312K) NonClass: 53317K(53632K)->53317K(53632K) Class: 7364K(7680K)->7364K(7680K)
[2025-03-04T16:18:27.334+0000][202.728s] GC(60) Pause Young (Prepare Mixed) (G1 Evacuation Pause) 339M->205M(512M) 9.920ms
[2025-03-04T16:18:27.334+0000][202.729s] GC(60) User=0.01s Sys=0.01s Real=0.01s
[2025-03-04T16:18:27.421+0000][202.815s] GC(61) Pause Young (Mixed) (G1 Evacuation Pause)
[2025-03-04T16:18:27.422+0000][202.816s] GC(61) Using 13 workers of 13 for evacuation
[2025-03-04T16:18:27.424+0000][202.819s] GC(61)   Pre Evacuate Collection Set: 0.2ms
[2025-03-04T16:18:27.425+0000][202.819s] GC(61)   Merge Heap Roots: 0.1ms
[2025-03-04T16:18:27.425+0000][202.819s] GC(61)   Evacuate Collection Set: 1.9ms
[2025-03-04T16:18:27.425+0000][202.819s] GC(61)   Post Evacuate Collection Set: 0.5ms
[2025-03-04T16:18:27.425+0000][202.820s] GC(61)   Other: 0.5ms
[2025-03-04T16:18:27.426+0000][202.820s] GC(61) Eden regions: 8->0(23)
[2025-03-04T16:18:27.426+0000][202.820s] GC(61) Survivor regions: 17->2(4)
[2025-03-04T16:18:27.426+0000][202.820s] GC(61) Old regions: 185->148
[2025-03-04T16:18:27.426+0000][202.820s] GC(61) Archive regions: 2->2
[2025-03-04T16:18:27.426+0000][202.821s] GC(61) Humongous regions: 4->4
[2025-03-04T16:18:27.427+0000][202.821s] GC(61) Metaspace: 60682K(61312K)->60682K(61312K) NonClass: 53317K(53632K)->53317K(53632K) Class: 7364K(7680K)->7364K(7680K)
[2025-03-04T16:18:27.427+0000][202.821s] GC(61) Pause Young (Mixed) (G1 Evacuation Pause) 213M->154M(512M) 5.596ms
[2025-03-04T16:18:27.427+0000][202.821s] GC(61) User=0.01s Sys=0.00s Real=0.00s
[2025-03-04T16:18:27.617+0000][203.012s] GC(62) Pause Young (Mixed) (G1 Evacuation Pause)
[2025-03-04T16:18:27.618+0000][203.012s] GC(62) Using 13 workers of 13 for evacuation
[2025-03-04T16:18:27.620+0000][203.015s] GC(62)   Pre Evacuate Collection Set: 0.2ms
[2025-03-04T16:18:27.621+0000][203.015s] GC(62)   Merge Heap Roots: 0.1ms
[2025-03-04T16:18:27.621+0000][203.015s] GC(62)   Evacuate Collection Set: 1.9ms
[2025-03-04T16:18:27.622+0000][203.016s] GC(62)   Post Evacuate Collection Set: 0.5ms
[2025-03-04T16:18:27.622+0000][203.016s] GC(62)   Other: 0.4ms
[2025-03-04T16:18:27.622+0000][203.016s] GC(62) Eden regions: 23->0(255)
[2025-03-04T16:18:27.622+0000][203.016s] GC(62) Survivor regions: 2->4(4)
[2025-03-04T16:18:27.622+0000][203.017s] GC(62) Old regions: 148->134
[2025-03-04T16:18:27.623+0000][203.017s] GC(62) Archive regions: 2->2
[2025-03-04T16:18:27.623+0000][203.017s] GC(62) Humongous regions: 4->4
[2025-03-04T16:18:27.623+0000][203.017s] GC(62) Metaspace: 60682K(61312K)->60682K(61312K) NonClass: 53317K(53632K)->53317K(53632K) Class: 7364K(7680K)->7364K(7680K)
[2025-03-04T16:18:27.623+0000][203.017s] GC(62) Pause Young (Mixed) (G1 Evacuation Pause) 177M->142M(512M) 5.914ms
[2025-03-04T16:18:27.624+0000][203.018s] GC(62) User=0.00s Sys=0.01s Real=0.01s
[2025-03-04T16:18:29.793+0000][205.187s] GC(63) Pause Young (Normal) (G1 Evacuation Pause)
[2025-03-04T16:18:29.793+0000][205.188s] GC(63) Using 13 workers of 13 for evacuation
[2025-03-04T16:18:29.797+0000][205.192s] GC(63)   Pre Evacuate Collection Set: 0.2ms
[2025-03-04T16:18:29.798+0000][205.192s] GC(63)   Merge Heap Roots: 0.1ms
[2025-03-04T16:18:29.798+0000][205.193s] GC(63)   Evacuate Collection Set: 2.5ms
[2025-03-04T16:18:29.799+0000][205.193s] GC(63)   Post Evacuate Collection Set: 0.8ms
[2025-03-04T16:18:29.799+0000][205.193s] GC(63)   Other: 0.8ms
[2025-03-04T16:18:29.799+0000][205.193s] GC(63) Eden regions: 255->0(235)
[2025-03-04T16:18:29.799+0000][205.194s] GC(63) Survivor regions: 4->27(33)
[2025-03-04T16:18:29.800+0000][205.194s] GC(63) Old regions: 134->134
[2025-03-04T16:18:29.800+0000][205.194s] GC(63) Archive regions: 2->2
[2025-03-04T16:18:29.800+0000][205.194s] GC(63) Humongous regions: 4->4
[2025-03-04T16:18:29.800+0000][205.195s] GC(63) Metaspace: 60685K(61312K)->60685K(61312K) NonClass: 53320K(53632K)->53320K(53632K) Class: 7364K(7680K)->7364K(7680K)
[2025-03-04T16:18:29.801+0000][205.195s] GC(63) Pause Young (Normal) (G1 Evacuation Pause) 397M->164M(512M) 7.550ms
[2025-03-04T16:18:29.801+0000][205.195s] GC(63) User=0.02s Sys=0.00s Real=0.01s
[2025-03-04T16:18:31.466+0000][206.861s] GC(64) Pause Young (Normal) (G1 Evacuation Pause)
[2025-03-04T16:18:31.467+0000][206.861s] GC(64) Using 13 workers of 13 for evacuation
[2025-03-04T16:18:31.472+0000][206.866s] GC(64)   Pre Evacuate Collection Set: 0.2ms
[2025-03-04T16:18:31.472+0000][206.866s] GC(64)   Merge Heap Roots: 0.3ms
[2025-03-04T16:18:31.472+0000][206.867s] GC(64)   Evacuate Collection Set: 3.6ms
[2025-03-04T16:18:31.473+0000][206.867s] GC(64)   Post Evacuate Collection Set: 0.7ms
[2025-03-04T16:18:31.473+0000][206.867s] GC(64)   Other: 0.6ms
[2025-03-04T16:18:31.473+0000][206.868s] GC(64) Eden regions: 235->0(212)
[2025-03-04T16:18:31.474+0000][206.868s] GC(64) Survivor regions: 27->27(33)
[2025-03-04T16:18:31.474+0000][206.868s] GC(64) Old regions: 134->157
[2025-03-04T16:18:31.474+0000][206.868s] GC(64) Archive regions: 2->2
[2025-03-04T16:18:31.474+0000][206.868s] GC(64) Humongous regions: 4->4
[2025-03-04T16:18:31.474+0000][206.869s] GC(64) Metaspace: 60685K(61312K)->60685K(61312K) NonClass: 53320K(53632K)->53320K(53632K) Class: 7364K(7680K)->7364K(7680K)
[2025-03-04T16:18:31.474+0000][206.869s] GC(64) Pause Young (Normal) (G1 Evacuation Pause) 399M->187M(512M) 8.013ms
[2025-03-04T16:18:31.475+0000][206.869s] GC(64) User=0.01s Sys=0.03s Real=0.01s
[2025-03-04T16:18:33.823+0000][209.217s] GC(65) Pause Young (Normal) (G1 Evacuation Pause)
[2025-03-04T16:18:33.823+0000][209.217s] GC(65) Using 13 workers of 13 for evacuation
[2025-03-04T16:18:33.827+0000][209.222s] GC(65)   Pre Evacuate Collection Set: 0.2ms
[2025-03-04T16:18:33.828+0000][209.222s] GC(65)   Merge Heap Roots: 0.1ms
[2025-03-04T16:18:33.828+0000][209.222s] GC(65)   Evacuate Collection Set: 3.2ms
[2025-03-04T16:18:33.828+0000][209.223s] GC(65)   Post Evacuate Collection Set: 0.7ms
[2025-03-04T16:18:33.828+0000][209.223s] GC(65)   Other: 0.5ms
[2025-03-04T16:18:33.829+0000][209.223s] GC(65) Eden regions: 212->0(200)
[2025-03-04T16:18:33.829+0000][209.223s] GC(65) Survivor regions: 27->19(30)
[2025-03-04T16:18:33.830+0000][209.224s] GC(65) Old regions: 157->181
[2025-03-04T16:18:33.830+0000][209.224s] GC(65) Archive regions: 2->2
[2025-03-04T16:18:33.830+0000][209.224s] GC(65) Humongous regions: 4->4
[2025-03-04T16:18:33.831+0000][209.225s] GC(65) Metaspace: 60691K(61312K)->60691K(61312K) NonClass: 53326K(53632K)->53326K(53632K) Class: 7364K(7680K)->7364K(7680K)
[2025-03-04T16:18:33.831+0000][209.225s] GC(65) Pause Young (Normal) (G1 Evacuation Pause) 399M->203M(512M) 8.000ms
[2025-03-04T16:18:33.831+0000][209.225s] GC(65) User=0.02s Sys=0.00s Real=0.01s
[2025-03-04T16:18:34.964+0000][210.359s] GC(66) Pause Young (Normal) (G1 Evacuation Pause)
[2025-03-04T16:18:34.965+0000][210.359s] GC(66) Using 13 workers of 13 for evacuation
[2025-03-04T16:18:34.969+0000][210.363s] GC(66)   Pre Evacuate Collection Set: 0.2ms
[2025-03-04T16:18:34.969+0000][210.363s] GC(66)   Merge Heap Roots: 0.1ms
[2025-03-04T16:18:34.969+0000][210.363s] GC(66)   Evacuate Collection Set: 2.7ms
[2025-03-04T16:18:34.969+0000][210.363s] GC(66)   Post Evacuate Collection Set: 0.7ms
[2025-03-04T16:18:34.969+0000][210.364s] GC(66)   Other: 0.5ms
[2025-03-04T16:18:34.970+0000][210.364s] GC(66) Eden regions: 200->0(188)
[2025-03-04T16:18:34.970+0000][210.364s] GC(66) Survivor regions: 19->18(28)
[2025-03-04T16:18:34.970+0000][210.364s] GC(66) Old regions: 181->198
[2025-03-04T16:18:34.970+0000][210.364s] GC(66) Archive regions: 2->2
[2025-03-04T16:18:34.970+0000][210.364s] GC(66) Humongous regions: 4->4
[2025-03-04T16:18:34.970+0000][210.365s] GC(66) Metaspace: 60691K(61312K)->60691K(61312K) NonClass: 53326K(53632K)->53326K(53632K) Class: 7364K(7680K)->7364K(7680K)
[2025-03-04T16:18:34.971+0000][210.365s] GC(66) Pause Young (Normal) (G1 Evacuation Pause) 403M->220M(512M) 6.193ms
[2025-03-04T16:18:34.971+0000][210.365s] GC(66) User=0.02s Sys=0.00s Real=0.01s
[2025-03-04T16:18:36.875+0000][212.269s] GC(67) Pause Young (Normal) (G1 Evacuation Pause)
[2025-03-04T16:18:36.875+0000][212.269s] GC(67) Using 13 workers of 13 for evacuation
[2025-03-04T16:18:36.879+0000][212.274s] GC(67)   Pre Evacuate Collection Set: 0.2ms
[2025-03-04T16:18:36.880+0000][212.274s] GC(67)   Merge Heap Roots: 0.2ms
[2025-03-04T16:18:36.880+0000][212.274s] GC(67)   Evacuate Collection Set: 2.8ms
[2025-03-04T16:18:36.880+0000][212.275s] GC(67)   Post Evacuate Collection Set: 0.8ms
[2025-03-04T16:18:36.881+0000][212.275s] GC(67)   Other: 0.5ms
[2025-03-04T16:18:36.881+0000][212.275s] GC(67) Eden regions: 188->0(169)
[2025-03-04T16:18:36.881+0000][212.275s] GC(67) Survivor regions: 18->23(26)
[2025-03-04T16:18:36.881+0000][212.276s] GC(67) Old regions: 198->213
[2025-03-04T16:18:36.881+0000][212.276s] GC(67) Archive regions: 2->2
[2025-03-04T16:18:36.882+0000][212.276s] GC(67) Humongous regions: 4->4
[2025-03-04T16:18:36.882+0000][212.276s] GC(67) Metaspace: 60692K(61312K)->60692K(61312K) NonClass: 53327K(53632K)->53327K(53632K) Class: 7364K(7680K)->7364K(7680K)
[2025-03-04T16:18:36.882+0000][212.276s] GC(67) Pause Young (Normal) (G1 Evacuation Pause) 408M->239M(512M) 7.085ms
[2025-03-04T16:18:36.882+0000][212.276s] GC(67) User=0.01s Sys=0.01s Real=0.01s
[2025-03-04T16:18:37.649+0000][213.043s] GC(68) Pause Young (Normal) (G1 Evacuation Pause)
[2025-03-04T16:18:37.650+0000][213.044s] GC(68) Using 13 workers of 13 for evacuation
[2025-03-04T16:18:37.654+0000][213.048s] GC(68)   Pre Evacuate Collection Set: 0.4ms
[2025-03-04T16:18:37.655+0000][213.049s] GC(68)   Merge Heap Roots: 0.2ms
[2025-03-04T16:18:37.655+0000][213.049s] GC(68)   Evacuate Collection Set: 2.7ms
[2025-03-04T16:18:37.656+0000][213.050s] GC(68)   Post Evacuate Collection Set: 0.9ms
[2025-03-04T16:18:37.656+0000][213.050s] GC(68)   Other: 1.0ms
[2025-03-04T16:18:37.656+0000][213.050s] GC(68) Eden regions: 169->0(161)
[2025-03-04T16:18:37.656+0000][213.051s] GC(68) Survivor regions: 23->15(24)
[2025-03-04T16:18:37.657+0000][213.051s] GC(68) Old regions: 213->233
[2025-03-04T16:18:37.657+0000][213.051s] GC(68) Archive regions: 2->2
[2025-03-04T16:18:37.657+0000][213.051s] GC(68) Humongous regions: 4->4
[2025-03-04T16:18:37.657+0000][213.051s] GC(68) Metaspace: 60734K(61312K)->60734K(61312K) NonClass: 53369K(53632K)->53369K(53632K) Class: 7364K(7680K)->7364K(7680K)
[2025-03-04T16:18:37.658+0000][213.052s] GC(68) Pause Young (Normal) (G1 Evacuation Pause) 408M->251M(512M) 8.393ms
[2025-03-04T16:18:37.658+0000][213.052s] GC(68) User=0.03s Sys=0.00s Real=0.00s
[2025-03-04T16:18:38.909+0000][214.303s] GC(69) Pause Young (Normal) (G1 Evacuation Pause)
[2025-03-04T16:18:38.909+0000][214.303s] GC(69) Using 13 workers of 13 for evacuation
[2025-03-04T16:18:38.913+0000][214.307s] GC(69)   Pre Evacuate Collection Set: 0.2ms
[2025-03-04T16:18:38.913+0000][214.307s] GC(69)   Merge Heap Roots: 0.2ms
[2025-03-04T16:18:38.914+0000][214.308s] GC(69)   Evacuate Collection Set: 2.2ms
[2025-03-04T16:18:38.914+0000][214.308s] GC(69)   Post Evacuate Collection Set: 0.7ms
[2025-03-04T16:18:38.914+0000][214.308s] GC(69)   Other: 0.6ms
[2025-03-04T16:18:38.914+0000][214.309s] GC(69) Eden regions: 161->0(151)
[2025-03-04T16:18:38.915+0000][214.309s] GC(69) Survivor regions: 15->16(22)
[2025-03-04T16:18:38.915+0000][214.309s] GC(69) Old regions: 233->245
[2025-03-04T16:18:38.915+0000][214.309s] GC(69) Archive regions: 2->2
[2025-03-04T16:18:38.915+0000][214.310s] GC(69) Humongous regions: 4->4
[2025-03-04T16:18:38.916+0000][214.310s] GC(69) Metaspace: 60736K(61312K)->60736K(61312K) NonClass: 53371K(53632K)->53371K(53632K) Class: 7364K(7680K)->7364K(7680K)
[2025-03-04T16:18:38.916+0000][214.310s] GC(69) Pause Young (Normal) (G1 Evacuation Pause) 412M->264M(512M) 7.211ms
[2025-03-04T16:18:38.916+0000][214.311s] GC(69) User=0.02s Sys=0.01s Real=0.00s
[2025-03-04T16:18:40.096+0000][215.490s] GC(70) Pause Young (Normal) (G1 Evacuation Pause)
[2025-03-04T16:18:40.096+0000][215.490s] GC(70) Using 13 workers of 13 for evacuation
[2025-03-04T16:18:40.099+0000][215.494s] GC(70)   Pre Evacuate Collection Set: 0.2ms
[2025-03-04T16:18:40.100+0000][215.494s] GC(70)   Merge Heap Roots: 0.2ms
[2025-03-04T16:18:40.100+0000][215.494s] GC(70)   Evacuate Collection Set: 2.0ms
[2025-03-04T16:18:40.100+0000][215.495s] GC(70)   Post Evacuate Collection Set: 0.8ms
[2025-03-04T16:18:40.101+0000][215.495s] GC(70)   Other: 0.7ms
[2025-03-04T16:18:40.101+0000][215.495s] GC(70) Eden regions: 151->0(144)
[2025-03-04T16:18:40.101+0000][215.495s] GC(70) Survivor regions: 16->12(21)
[2025-03-04T16:18:40.101+0000][215.496s] GC(70) Old regions: 245->259
[2025-03-04T16:18:40.102+0000][215.496s] GC(70) Archive regions: 2->2
[2025-03-04T16:18:40.102+0000][215.496s] GC(70) Humongous regions: 4->4
[2025-03-04T16:18:40.102+0000][215.496s] GC(70) Metaspace: 60737K(61312K)->60737K(61312K) NonClass: 53372K(53632K)->53372K(53632K) Class: 7364K(7680K)->7364K(7680K)
[2025-03-04T16:18:40.102+0000][215.496s] GC(70) Pause Young (Normal) (G1 Evacuation Pause) 415M->274M(512M) 6.710ms
[2025-03-04T16:18:40.102+0000][215.497s] GC(70) User=0.01s Sys=0.01s Real=0.01s
[2025-03-04T16:18:41.218+0000][216.612s] GC(71) Pause Young (Normal) (G1 Evacuation Pause)
[2025-03-04T16:18:41.218+0000][216.612s] GC(71) Using 13 workers of 13 for evacuation
[2025-03-04T16:18:41.222+0000][216.616s] GC(71)   Pre Evacuate Collection Set: 0.2ms
[2025-03-04T16:18:41.223+0000][216.617s] GC(71)   Merge Heap Roots: 0.1ms
[2025-03-04T16:18:41.223+0000][216.617s] GC(71)   Evacuate Collection Set: 2.6ms
[2025-03-04T16:18:41.223+0000][216.617s] GC(71)   Post Evacuate Collection Set: 0.8ms
[2025-03-04T16:18:41.223+0000][216.617s] GC(71)   Other: 0.6ms
[2025-03-04T16:18:41.224+0000][216.618s] GC(71) Eden regions: 144->0(133)
[2025-03-04T16:18:41.224+0000][216.618s] GC(71) Survivor regions: 12->17(20)
[2025-03-04T16:18:41.224+0000][216.618s] GC(71) Old regions: 259->266
[2025-03-04T16:18:41.224+0000][216.618s] GC(71) Archive regions: 2->2
[2025-03-04T16:18:41.225+0000][216.619s] GC(71) Humongous regions: 4->4
[2025-03-04T16:18:41.225+0000][216.619s] GC(71) Metaspace: 60757K(61376K)->60757K(61376K) NonClass: 53392K(53696K)->53392K(53696K) Class: 7364K(7680K)->7364K(7680K)
[2025-03-04T16:18:41.225+0000][216.619s] GC(71) Pause Young (Normal) (G1 Evacuation Pause) 418M->286M(512M) 7.074ms
[2025-03-04T16:18:41.225+0000][216.619s] GC(71) User=0.00s Sys=0.01s Real=0.01s
[2025-03-04T16:18:42.547+0000][217.941s] GC(72) Pause Young (Normal) (G1 Evacuation Pause)
[2025-03-04T16:18:42.547+0000][217.942s] GC(72) Using 13 workers of 13 for evacuation
[2025-03-04T16:18:42.551+0000][217.945s] GC(72)   Pre Evacuate Collection Set: 0.2ms
[2025-03-04T16:18:42.551+0000][217.946s] GC(72)   Merge Heap Roots: 0.2ms
[2025-03-04T16:18:42.552+0000][217.946s] GC(72)   Evacuate Collection Set: 2.3ms
[2025-03-04T16:18:42.552+0000][217.946s] GC(72)   Post Evacuate Collection Set: 0.7ms
[2025-03-04T16:18:42.552+0000][217.946s] GC(72)   Other: 0.7ms
[2025-03-04T16:18:42.552+0000][217.947s] GC(72) Eden regions: 133->0(119)
[2025-03-04T16:18:42.553+0000][217.947s] GC(72) Survivor regions: 17->18(19)
[2025-03-04T16:18:42.553+0000][217.947s] GC(72) Old regions: 266->280
[2025-03-04T16:18:42.553+0000][217.947s] GC(72) Archive regions: 2->2
[2025-03-04T16:18:42.553+0000][217.947s] GC(72) Humongous regions: 4->4
[2025-03-04T16:18:42.553+0000][217.948s] GC(72) Metaspace: 60757K(61376K)->60757K(61376K) NonClass: 53392K(53696K)->53392K(53696K) Class: 7364K(7680K)->7364K(7680K)
[2025-03-04T16:18:42.554+0000][217.948s] GC(72) Pause Young (Normal) (G1 Evacuation Pause) 419M->301M(512M) 6.570ms
[2025-03-04T16:18:42.554+0000][217.948s] GC(72) User=0.01s Sys=0.00s Real=0.01s
[2025-03-04T16:18:43.501+0000][218.895s] GC(73) Pause Young (Concurrent Start) (G1 Evacuation Pause)
[2025-03-04T16:18:43.501+0000][218.895s] GC(73) Using 13 workers of 13 for evacuation
[2025-03-04T16:18:43.505+0000][218.899s] GC(73)   Pre Evacuate Collection Set: 0.3ms
[2025-03-04T16:18:43.505+0000][218.899s] GC(73)   Merge Heap Roots: 0.2ms
[2025-03-04T16:18:43.505+0000][218.899s] GC(73)   Evacuate Collection Set: 2.0ms
[2025-03-04T16:18:43.505+0000][218.900s] GC(73)   Post Evacuate Collection Set: 0.7ms
[2025-03-04T16:18:43.506+0000][218.900s] GC(73)   Other: 0.8ms
[2025-03-04T16:18:43.506+0000][218.900s] GC(73) Eden regions: 119->0(114)
[2025-03-04T16:18:43.506+0000][218.900s] GC(73) Survivor regions: 18->10(18)
[2025-03-04T16:18:43.506+0000][218.901s] GC(73) Old regions: 280->295
[2025-03-04T16:18:43.507+0000][218.901s] GC(73) Archive regions: 2->2
[2025-03-04T16:18:43.507+0000][218.901s] GC(73) Humongous regions: 4->4
[2025-03-04T16:18:43.507+0000][218.901s] GC(73) Metaspace: 60757K(61376K)->60757K(61376K) NonClass: 53392K(53696K)->53392K(53696K) Class: 7364K(7680K)->7364K(7680K)
[2025-03-04T16:18:43.508+0000][218.902s] GC(73) Pause Young (Concurrent Start) (G1 Evacuation Pause) 420M->308M(512M) 6.939ms
[2025-03-04T16:18:43.508+0000][218.902s] GC(73) User=0.02s Sys=0.00s Real=0.00s
[2025-03-04T16:18:43.508+0000][218.902s] GC(74) Concurrent Mark Cycle
[2025-03-04T16:18:43.508+0000][218.903s] GC(74) Concurrent Clear Claimed Marks
[2025-03-04T16:18:43.509+0000][218.903s] GC(74) Concurrent Clear Claimed Marks 0.358ms
[2025-03-04T16:18:43.509+0000][218.904s] GC(74) Concurrent Scan Root Regions
[2025-03-04T16:18:43.510+0000][218.905s] GC(74) Concurrent Scan Root Regions 1.056ms
[2025-03-04T16:18:43.511+0000][218.905s] GC(74) Concurrent Mark
[2025-03-04T16:18:43.511+0000][218.905s] GC(74) Concurrent Mark From Roots
[2025-03-04T16:18:43.511+0000][218.906s] GC(74) Using 3 workers of 3 for marking
[2025-03-04T16:18:43.538+0000][218.932s] GC(74) Concurrent Mark From Roots 26.843ms
[2025-03-04T16:18:43.538+0000][218.932s] GC(74) Concurrent Preclean
[2025-03-04T16:18:43.539+0000][218.933s] GC(74) Concurrent Preclean 1.034ms
[2025-03-04T16:18:43.540+0000][218.934s] GC(74) Pause Remark
[2025-03-04T16:18:43.580+0000][218.974s] GC(74) Pause Remark 319M->211M(512M) 40.166ms
[2025-03-04T16:18:43.581+0000][218.975s] GC(74) User=0.45s Sys=0.00s Real=0.04s
[2025-03-04T16:18:43.581+0000][218.975s] GC(74) Concurrent Mark 70.315ms
[2025-03-04T16:18:43.581+0000][218.976s] GC(74) Concurrent Rebuild Remembered Sets
[2025-03-04T16:18:43.595+0000][218.990s] GC(74) Concurrent Rebuild Remembered Sets 13.963ms
[2025-03-04T16:18:43.596+0000][218.990s] GC(74) Pause Cleanup
[2025-03-04T16:18:43.597+0000][218.991s] GC(74) Pause Cleanup 216M->216M(512M) 0.575ms
[2025-03-04T16:18:43.597+0000][218.992s] GC(74) User=0.00s Sys=0.00s Real=0.00s
[2025-03-04T16:18:43.598+0000][218.992s] GC(74) Concurrent Cleanup for Next Mark
[2025-03-04T16:18:43.599+0000][218.994s] GC(74) Concurrent Cleanup for Next Mark 1.174ms
[2025-03-04T16:18:43.600+0000][218.994s] GC(74) Concurrent Mark Cycle 91.549ms
[2025-03-04T16:18:43.915+0000][219.309s] GC(75) Pause Young (Prepare Mixed) (G1 Evacuation Pause)
[2025-03-04T16:18:43.915+0000][219.309s] GC(75) Using 13 workers of 13 for evacuation
[2025-03-04T16:18:43.919+0000][219.314s] GC(75)   Pre Evacuate Collection Set: 0.4ms
[2025-03-04T16:18:43.920+0000][219.314s] GC(75)   Merge Heap Roots: 0.2ms
[2025-03-04T16:18:43.920+0000][219.314s] GC(75)   Evacuate Collection Set: 2.2ms
[2025-03-04T16:18:43.920+0000][219.315s] GC(75)   Post Evacuate Collection Set: 0.9ms
[2025-03-04T16:18:43.921+0000][219.315s] GC(75)   Other: 0.8ms
[2025-03-04T16:18:43.921+0000][219.315s] GC(75) Eden regions: 114->0(16)
[2025-03-04T16:18:43.921+0000][219.315s] GC(75) Survivor regions: 10->9(16)
[2025-03-04T16:18:43.922+0000][219.316s] GC(75) Old regions: 187->194
[2025-03-04T16:18:43.922+0000][219.316s] GC(75) Archive regions: 2->2
[2025-03-04T16:18:43.922+0000][219.316s] GC(75) Humongous regions: 4->4
[2025-03-04T16:18:43.922+0000][219.316s] GC(75) Metaspace: 60582K(61376K)->60582K(61376K) NonClass: 53257K(53696K)->53257K(53696K) Class: 7324K(7680K)->7324K(7680K)
[2025-03-04T16:18:43.922+0000][219.317s] GC(75) Pause Young (Prepare Mixed) (G1 Evacuation Pause) 314M->206M(512M) 7.485ms
[2025-03-04T16:18:43.923+0000][219.317s] GC(75) User=0.02s Sys=0.00s Real=0.01s
[2025-03-04T16:18:43.978+0000][219.373s] GC(76) Pause Young (Mixed) (G1 Evacuation Pause)
[2025-03-04T16:18:43.979+0000][219.373s] GC(76) Using 13 workers of 13 for evacuation
[2025-03-04T16:18:43.982+0000][219.376s] GC(76)   Pre Evacuate Collection Set: 0.2ms
[2025-03-04T16:18:43.982+0000][219.377s] GC(76)   Merge Heap Roots: 0.2ms
[2025-03-04T16:18:43.983+0000][219.377s] GC(76)   Evacuate Collection Set: 1.7ms
[2025-03-04T16:18:43.983+0000][219.377s] GC(76)   Post Evacuate Collection Set: 0.7ms
[2025-03-04T16:18:43.983+0000][219.377s] GC(76)   Other: 0.7ms
[2025-03-04T16:18:43.983+0000][219.378s] GC(76) Eden regions: 16->0(22)
[2025-03-04T16:18:43.984+0000][219.378s] GC(76) Survivor regions: 9->3(4)
[2025-03-04T16:18:43.984+0000][219.378s] GC(76) Old regions: 194->149
[2025-03-04T16:18:43.984+0000][219.378s] GC(76) Archive regions: 2->2
[2025-03-04T16:18:43.984+0000][219.379s] GC(76) Humongous regions: 4->4
[2025-03-04T16:18:43.985+0000][219.379s] GC(76) Metaspace: 60582K(61376K)->60582K(61376K) NonClass: 53257K(53696K)->53257K(53696K) Class: 7324K(7680K)->7324K(7680K)
[2025-03-04T16:18:43.985+0000][219.379s] GC(76) Pause Young (Mixed) (G1 Evacuation Pause) 222M->155M(512M) 6.549ms
[2025-03-04T16:18:43.985+0000][219.380s] GC(76) User=0.02s Sys=0.00s Real=0.01s
[2025-03-04T16:18:44.059+0000][219.453s] GC(77) Pause Young (Mixed) (G1 Evacuation Pause)
[2025-03-04T16:18:44.060+0000][219.454s] GC(77) Using 13 workers of 13 for evacuation
[2025-03-04T16:18:44.063+0000][219.457s] GC(77)   Pre Evacuate Collection Set: 0.3ms
[2025-03-04T16:18:44.063+0000][219.457s] GC(77)   Merge Heap Roots: 0.2ms
[2025-03-04T16:18:44.063+0000][219.458s] GC(77)   Evacuate Collection Set: 1.5ms
[2025-03-04T16:18:44.064+0000][219.458s] GC(77)   Post Evacuate Collection Set: 0.7ms
[2025-03-04T16:18:44.064+0000][219.458s] GC(77)   Other: 0.8ms
[2025-03-04T16:18:44.065+0000][219.459s] GC(77) Eden regions: 22->0(260)
[2025-03-04T16:18:44.065+0000][219.459s] GC(77) Survivor regions: 3->3(4)
[2025-03-04T16:18:44.065+0000][219.460s] GC(77) Old regions: 149->115
[2025-03-04T16:18:44.066+0000][219.460s] GC(77) Archive regions: 2->2
[2025-03-04T16:18:44.066+0000][219.460s] GC(77) Humongous regions: 4->4
[2025-03-04T16:18:44.066+0000][219.461s] GC(77) Metaspace: 60582K(61376K)->60582K(61376K) NonClass: 53257K(53696K)->53257K(53696K) Class: 7324K(7680K)->7324K(7680K)
[2025-03-04T16:18:44.067+0000][219.461s] GC(77) Pause Young (Mixed) (G1 Evacuation Pause) 177M->121M(512M) 7.505ms
[2025-03-04T16:18:44.067+0000][219.461s] GC(77) User=0.02s Sys=0.00s Real=0.00s
[2025-03-04T16:18:45.639+0000][221.034s] GC(78) Pause Young (Normal) (G1 Evacuation Pause)
[2025-03-04T16:18:45.640+0000][221.034s] GC(78) Using 13 workers of 13 for evacuation
[2025-03-04T16:18:45.643+0000][221.037s] GC(78)   Pre Evacuate Collection Set: 0.2ms
[2025-03-04T16:18:45.644+0000][221.038s] GC(78)   Merge Heap Roots: 0.2ms
[2025-03-04T16:18:45.644+0000][221.038s] GC(78)   Evacuate Collection Set: 2.2ms
[2025-03-04T16:18:45.644+0000][221.039s] GC(78)   Post Evacuate Collection Set: 0.7ms
[2025-03-04T16:18:45.645+0000][221.039s] GC(78)   Other: 0.7ms
[2025-03-04T16:18:45.645+0000][221.039s] GC(78) Eden regions: 260->0(240)
[2025-03-04T16:18:45.645+0000][221.039s] GC(78) Survivor regions: 3->28(33)
[2025-03-04T16:18:45.645+0000][221.040s] GC(78) Old regions: 115->115
[2025-03-04T16:18:45.646+0000][221.040s] GC(78) Archive regions: 2->2
[2025-03-04T16:18:45.646+0000][221.040s] GC(78) Humongous regions: 4->4
[2025-03-04T16:18:45.646+0000][221.040s] GC(78) Metaspace: 60585K(61376K)->60585K(61376K) NonClass: 53260K(53696K)->53260K(53696K) Class: 7324K(7680K)->7324K(7680K)
[2025-03-04T16:18:45.647+0000][221.041s] GC(78) Pause Young (Normal) (G1 Evacuation Pause) 381M->147M(512M) 7.214ms
[2025-03-04T16:18:45.647+0000][221.041s] GC(78) User=0.01s Sys=0.00s Real=0.00s
[2025-03-04T16:18:47.284+0000][222.678s] GC(79) Pause Young (Normal) (G1 Evacuation Pause)
[2025-03-04T16:18:47.284+0000][222.678s] GC(79) Using 13 workers of 13 for evacuation
[2025-03-04T16:18:47.288+0000][222.682s] GC(79)   Pre Evacuate Collection Set: 0.2ms
[2025-03-04T16:18:47.288+0000][222.682s] GC(79)   Merge Heap Roots: 0.1ms
[2025-03-04T16:18:47.288+0000][222.682s] GC(79)   Evacuate Collection Set: 2.2ms
[2025-03-04T16:18:47.288+0000][222.683s] GC(79)   Post Evacuate Collection Set: 0.6ms
[2025-03-04T16:18:47.289+0000][222.683s] GC(79)   Other: 0.9ms
[2025-03-04T16:18:47.289+0000][222.683s] GC(79) Eden regions: 240->0(244)
[2025-03-04T16:18:47.289+0000][222.683s] GC(79) Survivor regions: 28->12(34)
[2025-03-04T16:18:47.289+0000][222.684s] GC(79) Old regions: 115->134
[2025-03-04T16:18:47.289+0000][222.684s] GC(79) Archive regions: 2->2
[2025-03-04T16:18:47.289+0000][222.684s] GC(79) Humongous regions: 4->4
[2025-03-04T16:18:47.290+0000][222.684s] GC(79) Metaspace: 60586K(61376K)->60586K(61376K) NonClass: 53261K(53696K)->53261K(53696K) Class: 7324K(7680K)->7324K(7680K)
[2025-03-04T16:18:47.290+0000][222.684s] GC(79) Pause Young (Normal) (G1 Evacuation Pause) 387M->150M(512M) 6.251ms
[2025-03-04T16:18:47.290+0000][222.685s] GC(79) User=0.02s Sys=0.00s Real=0.01s
[2025-03-04T16:18:52.105+0000][227.499s] GC(80) Pause Young (Normal) (G1 Evacuation Pause)
[2025-03-04T16:18:52.105+0000][227.499s] GC(80) Using 13 workers of 13 for evacuation
[2025-03-04T16:18:52.109+0000][227.503s] GC(80)   Pre Evacuate Collection Set: 0.2ms
[2025-03-04T16:18:52.109+0000][227.504s] GC(80)   Merge Heap Roots: 0.1ms
[2025-03-04T16:18:52.110+0000][227.504s] GC(80)   Evacuate Collection Set: 2.2ms
[2025-03-04T16:18:52.110+0000][227.505s] GC(80)   Post Evacuate Collection Set: 0.9ms
[2025-03-04T16:18:52.111+0000][227.505s] GC(80)   Other: 0.4ms
[2025-03-04T16:18:52.111+0000][227.506s] GC(80) Eden regions: 244->0(241)
[2025-03-04T16:18:52.112+0000][227.506s] GC(80) Survivor regions: 12->22(32)
[2025-03-04T16:18:52.112+0000][227.507s] GC(80) Old regions: 134->134
[2025-03-04T16:18:52.113+0000][227.507s] GC(80) Archive regions: 2->2
[2025-03-04T16:18:52.113+0000][227.507s] GC(80) Humongous regions: 4->4
[2025-03-04T16:18:52.114+0000][227.508s] GC(80) Metaspace: 60598K(61376K)->60598K(61376K) NonClass: 53272K(53696K)->53272K(53696K) Class: 7325K(7680K)->7325K(7680K)
[2025-03-04T16:18:52.114+0000][227.508s] GC(80) Pause Young (Normal) (G1 Evacuation Pause) 394M->160M(512M) 9.404ms
[2025-03-04T16:18:52.115+0000][227.509s] GC(80) User=0.02s Sys=0.00s Real=0.01s
[2025-03-04T16:18:54.068+0000][229.462s] GC(81) Pause Young (Normal) (G1 Evacuation Pause)
[2025-03-04T16:18:54.068+0000][229.463s] GC(81) Using 13 workers of 13 for evacuation
[2025-03-04T16:18:54.075+0000][229.469s] GC(81)   Pre Evacuate Collection Set: 0.2ms
[2025-03-04T16:18:54.075+0000][229.469s] GC(81)   Merge Heap Roots: 0.2ms
[2025-03-04T16:18:54.075+0000][229.470s] GC(81)   Evacuate Collection Set: 4.5ms
[2025-03-04T16:18:54.076+0000][229.470s] GC(81)   Post Evacuate Collection Set: 1.0ms
[2025-03-04T16:18:54.076+0000][229.470s] GC(81)   Other: 0.6ms
[2025-03-04T16:18:54.076+0000][229.471s] GC(81) Eden regions: 241->0(222)
[2025-03-04T16:18:54.076+0000][229.471s] GC(81) Survivor regions: 22->32(33)
[2025-03-04T16:18:54.077+0000][229.471s] GC(81) Old regions: 134->146
[2025-03-04T16:18:54.077+0000][229.471s] GC(81) Archive regions: 2->2
[2025-03-04T16:18:54.077+0000][229.472s] GC(81) Humongous regions: 4->4
[2025-03-04T16:18:54.077+0000][229.472s] GC(81) Metaspace: 60612K(61376K)->60612K(61376K) NonClass: 53284K(53696K)->53284K(53696K) Class: 7327K(7680K)->7327K(7680K)
[2025-03-04T16:18:54.078+0000][229.472s] GC(81) Pause Young (Normal) (G1 Evacuation Pause) 401M->182M(512M) 9.603ms
[2025-03-04T16:18:54.078+0000][229.472s] GC(81) User=0.03s Sys=0.00s Real=0.01s
[2025-03-04T16:18:59.981+0000][235.376s] GC(82) Pause Young (Normal) (G1 Evacuation Pause)
[2025-03-04T16:18:59.982+0000][235.376s] GC(82) Using 13 workers of 13 for evacuation
[2025-03-04T16:18:59.985+0000][235.379s] GC(82)   Pre Evacuate Collection Set: 0.6ms
[2025-03-04T16:18:59.985+0000][235.379s] GC(82)   Merge Heap Roots: 0.2ms
[2025-03-04T16:18:59.985+0000][235.380s] GC(82)   Evacuate Collection Set: 0.9ms
[2025-03-04T16:18:59.986+0000][235.380s] GC(82)   Post Evacuate Collection Set: 0.7ms
[2025-03-04T16:18:59.986+0000][235.381s] GC(82)   Other: 1.2ms
[2025-03-04T16:18:59.987+0000][235.381s] GC(82) Eden regions: 222->0(252)
[2025-03-04T16:18:59.987+0000][235.382s] GC(82) Survivor regions: 32->4(32)
[2025-03-04T16:18:59.988+0000][235.382s] GC(82) Old regions: 146->147
[2025-03-04T16:18:59.988+0000][235.383s] GC(82) Archive regions: 2->2
[2025-03-04T16:18:59.989+0000][235.383s] GC(82) Humongous regions: 4->4
[2025-03-04T16:18:59.989+0000][235.384s] GC(82) Metaspace: 60624K(61376K)->60624K(61376K) NonClass: 53295K(53696K)->53295K(53696K) Class: 7329K(7680K)->7329K(7680K)
[2025-03-04T16:18:59.990+0000][235.384s] GC(82) Pause Young (Normal) (G1 Evacuation Pause) 404M->154M(512M) 8.663ms
[2025-03-04T16:18:59.990+0000][235.385s] GC(82) User=0.01s Sys=0.00s Real=0.01s
[2025-03-04T16:19:02.210+0000][237.604s] GC(83) Pause Young (Normal) (G1 Evacuation Pause)
[2025-03-04T16:19:02.210+0000][237.604s] GC(83) Using 13 workers of 13 for evacuation
[2025-03-04T16:19:02.214+0000][237.609s] GC(83)   Pre Evacuate Collection Set: 0.2ms
[2025-03-04T16:19:02.215+0000][237.609s] GC(83)   Merge Heap Roots: 0.1ms
[2025-03-04T16:19:02.215+0000][237.609s] GC(83)   Evacuate Collection Set: 3.0ms
[2025-03-04T16:19:02.215+0000][237.610s] GC(83)   Post Evacuate Collection Set: 0.8ms
[2025-03-04T16:19:02.215+0000][237.610s] GC(83)   Other: 0.5ms
[2025-03-04T16:19:02.216+0000][237.610s] GC(83) Eden regions: 252->0(222)
[2025-03-04T16:19:02.216+0000][237.610s] GC(83) Survivor regions: 4->32(32)
[2025-03-04T16:19:02.216+0000][237.610s] GC(83) Old regions: 147->147
[2025-03-04T16:19:02.216+0000][237.610s] GC(83) Archive regions: 2->2
[2025-03-04T16:19:02.216+0000][237.611s] GC(83) Humongous regions: 4->4
[2025-03-04T16:19:02.216+0000][237.611s] GC(83) Metaspace: 60626K(61376K)->60626K(61376K) NonClass: 53297K(53696K)->53297K(53696K) Class: 7329K(7680K)->7329K(7680K)
[2025-03-04T16:19:02.217+0000][237.611s] GC(83) Pause Young (Normal) (G1 Evacuation Pause) 406M->182M(512M) 6.836ms
[2025-03-04T16:19:02.217+0000][237.611s] GC(83) User=0.01s Sys=0.00s Real=0.00s
[2025-03-04T16:19:03.800+0000][239.194s] GC(84) Pause Young (Normal) (G1 Evacuation Pause)
[2025-03-04T16:19:03.800+0000][239.195s] GC(84) Using 13 workers of 13 for evacuation
[2025-03-04T16:19:03.805+0000][239.200s] GC(84)   Pre Evacuate Collection Set: 0.2ms
[2025-03-04T16:19:03.806+0000][239.200s] GC(84)   Merge Heap Roots: 0.2ms
[2025-03-04T16:19:03.806+0000][239.200s] GC(84)   Evacuate Collection Set: 3.5ms
[2025-03-04T16:19:03.806+0000][239.200s] GC(84)   Post Evacuate Collection Set: 0.7ms
[2025-03-04T16:19:03.806+0000][239.201s] GC(84)   Other: 0.7ms
[2025-03-04T16:19:03.807+0000][239.201s] GC(84) Eden regions: 222->0(201)
[2025-03-04T16:19:03.807+0000][239.201s] GC(84) Survivor regions: 32->26(32)
[2025-03-04T16:19:03.807+0000][239.201s] GC(84) Old regions: 147->174
[2025-03-04T16:19:03.807+0000][239.202s] GC(84) Archive regions: 2->2
[2025-03-04T16:19:03.808+0000][239.202s] GC(84) Humongous regions: 4->4
[2025-03-04T16:19:03.808+0000][239.202s] GC(84) Metaspace: 60626K(61376K)->60626K(61376K) NonClass: 53297K(53696K)->53297K(53696K) Class: 7329K(7680K)->7329K(7680K)
[2025-03-04T16:19:03.808+0000][239.202s] GC(84) Pause Young (Normal) (G1 Evacuation Pause) 404M->203M(512M) 8.138ms
[2025-03-04T16:19:03.808+0000][239.203s] GC(84) User=0.03s Sys=0.00s Real=0.00s
[2025-03-04T16:19:05.302+0000][240.696s] GC(85) Pause Young (Normal) (G1 Evacuation Pause)
[2025-03-04T16:19:05.302+0000][240.697s] GC(85) Using 13 workers of 13 for evacuation
[2025-03-04T16:19:05.306+0000][240.701s] GC(85)   Pre Evacuate Collection Set: 0.2ms
[2025-03-04T16:19:05.307+0000][240.701s] GC(85)   Merge Heap Roots: 0.1ms
[2025-03-04T16:19:05.307+0000][240.701s] GC(85)   Evacuate Collection Set: 2.9ms
[2025-03-04T16:19:05.307+0000][240.701s] GC(85)   Post Evacuate Collection Set: 0.7ms
[2025-03-04T16:19:05.307+0000][240.701s] GC(85)   Other: 0.5ms
[2025-03-04T16:19:05.307+0000][240.702s] GC(85) Eden regions: 201->0(186)
[2025-03-04T16:19:05.307+0000][240.702s] GC(85) Survivor regions: 26->21(29)
[2025-03-04T16:19:05.308+0000][240.702s] GC(85) Old regions: 174->196
[2025-03-04T16:19:05.308+0000][240.702s] GC(85) Archive regions: 2->2
[2025-03-04T16:19:05.308+0000][240.702s] GC(85) Humongous regions: 4->4
[2025-03-04T16:19:05.308+0000][240.703s] GC(85) Metaspace: 60627K(61376K)->60627K(61376K) NonClass: 53298K(53696K)->53298K(53696K) Class: 7329K(7680K)->7329K(7680K)
[2025-03-04T16:19:05.308+0000][240.703s] GC(85) Pause Young (Normal) (G1 Evacuation Pause) 404M->221M(512M) 6.467ms
[2025-03-04T16:19:05.308+0000][240.703s] GC(85) User=0.02s Sys=0.00s Real=0.00s
[2025-03-04T16:19:06.573+0000][241.968s] GC(86) Pause Young (Normal) (G1 Evacuation Pause)
[2025-03-04T16:19:06.573+0000][241.968s] GC(86) Using 13 workers of 13 for evacuation
[2025-03-04T16:19:06.578+0000][241.972s] GC(86)   Pre Evacuate Collection Set: 0.2ms
[2025-03-04T16:19:06.578+0000][241.973s] GC(86)   Merge Heap Roots: 0.2ms
[2025-03-04T16:19:06.579+0000][241.974s] GC(86)   Evacuate Collection Set: 2.8ms
[2025-03-04T16:19:06.581+0000][241.975s] GC(86)   Post Evacuate Collection Set: 0.7ms
[2025-03-04T16:19:06.582+0000][241.976s] GC(86)   Other: 0.8ms
[2025-03-04T16:19:06.583+0000][241.977s] GC(86) Eden regions: 186->0(168)
[2025-03-04T16:19:06.583+0000][241.977s] GC(86) Survivor regions: 21->23(26)
[2025-03-04T16:19:06.584+0000][241.978s] GC(86) Old regions: 196->214
[2025-03-04T16:19:06.584+0000][241.978s] GC(86) Archive regions: 2->2
[2025-03-04T16:19:06.584+0000][241.979s] GC(86) Humongous regions: 4->4
[2025-03-04T16:19:06.584+0000][241.979s] GC(86) Metaspace: 60627K(61376K)->60627K(61376K) NonClass: 53298K(53696K)->53298K(53696K) Class: 7329K(7680K)->7329K(7680K)
[2025-03-04T16:19:06.585+0000][241.979s] GC(86) Pause Young (Normal) (G1 Evacuation Pause) 407M->240M(512M) 11.333ms
[2025-03-04T16:19:06.585+0000][241.979s] GC(86) User=0.03s Sys=0.00s Real=0.01s
[2025-03-04T16:19:07.963+0000][243.357s] GC(87) Pause Young (Normal) (G1 Evacuation Pause)
[2025-03-04T16:19:07.964+0000][243.358s] GC(87) Using 13 workers of 13 for evacuation
[2025-03-04T16:19:07.972+0000][243.366s] GC(87)   Pre Evacuate Collection Set: 0.3ms
[2025-03-04T16:19:07.972+0000][243.367s] GC(87)   Merge Heap Roots: 0.4ms
[2025-03-04T16:19:07.973+0000][243.367s] GC(87)   Evacuate Collection Set: 4.8ms
[2025-03-04T16:19:07.973+0000][243.367s] GC(87)   Post Evacuate Collection Set: 1.7ms
[2025-03-04T16:19:07.973+0000][243.368s] GC(87)   Other: 1.5ms
[2025-03-04T16:19:07.974+0000][243.368s] GC(87) Eden regions: 168->0(159)
[2025-03-04T16:19:07.974+0000][243.369s] GC(87) Survivor regions: 23->16(24)
[2025-03-04T16:19:07.975+0000][243.369s] GC(87) Old regions: 214->234
[2025-03-04T16:19:07.975+0000][243.369s] GC(87) Archive regions: 2->2
[2025-03-04T16:19:07.976+0000][243.370s] GC(87) Humongous regions: 4->4
[2025-03-04T16:19:07.976+0000][243.370s] GC(87) Metaspace: 60627K(61376K)->60627K(61376K) NonClass: 53298K(53696K)->53298K(53696K) Class: 7329K(7680K)->7329K(7680K)
[2025-03-04T16:19:07.976+0000][243.371s] GC(87) Pause Young (Normal) (G1 Evacuation Pause) 408M->253M(512M) 13.387ms
[2025-03-04T16:19:07.977+0000][243.371s] GC(87) User=0.04s Sys=0.00s Real=0.01s
[2025-03-04T16:19:09.354+0000][244.748s] GC(88) Pause Young (Normal) (G1 Evacuation Pause)
[2025-03-04T16:19:09.354+0000][244.748s] GC(88) Using 13 workers of 13 for evacuation
[2025-03-04T16:19:09.358+0000][244.752s] GC(88)   Pre Evacuate Collection Set: 0.2ms
[2025-03-04T16:19:09.358+0000][244.752s] GC(88)   Merge Heap Roots: 0.1ms
[2025-03-04T16:19:09.358+0000][244.753s] GC(88)   Evacuate Collection Set: 2.4ms
[2025-03-04T16:19:09.359+0000][244.753s] GC(88)   Post Evacuate Collection Set: 0.6ms
[2025-03-04T16:19:09.359+0000][244.753s] GC(88)   Other: 0.6ms
[2025-03-04T16:19:09.359+0000][244.753s] GC(88) Eden regions: 159->0(142)
[2025-03-04T16:19:09.359+0000][244.753s] GC(88) Survivor regions: 16->21(22)
[2025-03-04T16:19:09.359+0000][244.754s] GC(88) Old regions: 234->247
[2025-03-04T16:19:09.359+0000][244.754s] GC(88) Archive regions: 2->2
[2025-03-04T16:19:09.360+0000][244.754s] GC(88) Humongous regions: 4->4
[2025-03-04T16:19:09.360+0000][244.754s] GC(88) Metaspace: 60627K(61376K)->60627K(61376K) NonClass: 53298K(53696K)->53298K(53696K) Class: 7329K(7680K)->7329K(7680K)
[2025-03-04T16:19:09.360+0000][244.755s] GC(88) Pause Young (Normal) (G1 Evacuation Pause) 412M->271M(512M) 6.462ms
[2025-03-04T16:19:09.361+0000][244.756s] GC(88) User=0.02s Sys=0.00s Real=0.01s
[2025-03-04T16:19:10.183+0000][245.578s] GC(89) Pause Young (Normal) (G1 Evacuation Pause)
[2025-03-04T16:19:10.184+0000][245.578s] GC(89) Using 13 workers of 13 for evacuation
[2025-03-04T16:19:10.187+0000][245.581s] GC(89)   Pre Evacuate Collection Set: 0.2ms
[2025-03-04T16:19:10.188+0000][245.582s] GC(89)   Merge Heap Roots: 0.1ms
[2025-03-04T16:19:10.188+0000][245.582s] GC(89)   Evacuate Collection Set: 2.0ms
[2025-03-04T16:19:10.188+0000][245.583s] GC(89)   Post Evacuate Collection Set: 0.6ms
[2025-03-04T16:19:10.189+0000][245.583s] GC(89)   Other: 0.8ms
[2025-03-04T16:19:10.189+0000][245.583s] GC(89) Eden regions: 142->0(134)
[2025-03-04T16:19:10.189+0000][245.584s] GC(89) Survivor regions: 21->14(21)
[2025-03-04T16:19:10.190+0000][245.584s] GC(89) Old regions: 247->266
[2025-03-04T16:19:10.190+0000][245.585s] GC(89) Archive regions: 2->2
[2025-03-04T16:19:10.191+0000][245.585s] GC(89) Humongous regions: 4->4
[2025-03-04T16:19:10.191+0000][245.586s] GC(89) Metaspace: 60627K(61376K)->60627K(61376K) NonClass: 53298K(53696K)->53298K(53696K) Class: 7329K(7680K)->7329K(7680K)
[2025-03-04T16:19:10.192+0000][245.586s] GC(89) Pause Young (Normal) (G1 Evacuation Pause) 413M->283M(512M) 8.300ms
[2025-03-04T16:19:10.192+0000][245.586s] GC(89) User=0.02s Sys=0.00s Real=0.01s
[2025-03-04T16:19:11.069+0000][246.463s] GC(90) Pause Young (Concurrent Start) (G1 Evacuation Pause)
[2025-03-04T16:19:11.069+0000][246.463s] GC(90) Using 13 workers of 13 for evacuation
[2025-03-04T16:19:11.072+0000][246.467s] GC(90)   Pre Evacuate Collection Set: 0.2ms
[2025-03-04T16:19:11.073+0000][246.467s] GC(90)   Merge Heap Roots: 0.1ms
[2025-03-04T16:19:11.073+0000][246.467s] GC(90)   Evacuate Collection Set: 2.1ms
[2025-03-04T16:19:11.073+0000][246.467s] GC(90)   Post Evacuate Collection Set: 0.6ms
[2025-03-04T16:19:11.073+0000][246.467s] GC(90)   Other: 0.5ms
[2025-03-04T16:19:11.073+0000][246.468s] GC(90) Eden regions: 134->0(124)
[2025-03-04T16:19:11.073+0000][246.468s] GC(90) Survivor regions: 14->16(19)
[2025-03-04T16:19:11.073+0000][246.468s] GC(90) Old regions: 266->276
[2025-03-04T16:19:11.074+0000][246.468s] GC(90) Archive regions: 2->2
[2025-03-04T16:19:11.074+0000][246.468s] GC(90) Humongous regions: 4->4
[2025-03-04T16:19:11.074+0000][246.468s] GC(90) Metaspace: 60630K(61376K)->60630K(61376K) NonClass: 53301K(53696K)->53301K(53696K) Class: 7329K(7680K)->7329K(7680K)
[2025-03-04T16:19:11.074+0000][246.468s] GC(90) Pause Young (Concurrent Start) (G1 Evacuation Pause) 417M->296M(512M) 5.166ms
[2025-03-04T16:19:11.074+0000][246.469s] GC(90) User=0.01s Sys=0.00s Real=0.00s
[2025-03-04T16:19:11.074+0000][246.469s] GC(91) Concurrent Mark Cycle
[2025-03-04T16:19:11.074+0000][246.469s] GC(91) Concurrent Clear Claimed Marks
[2025-03-04T16:19:11.075+0000][246.469s] GC(91) Concurrent Clear Claimed Marks 0.137ms
[2025-03-04T16:19:11.075+0000][246.469s] GC(91) Concurrent Scan Root Regions
[2025-03-04T16:19:11.075+0000][246.470s] GC(91) Concurrent Scan Root Regions 0.624ms
[2025-03-04T16:19:11.075+0000][246.470s] GC(91) Concurrent Mark
[2025-03-04T16:19:11.076+0000][246.470s] GC(91) Concurrent Mark From Roots
[2025-03-04T16:19:11.076+0000][246.470s] GC(91) Using 3 workers of 3 for marking
[2025-03-04T16:19:11.096+0000][246.490s] GC(91) Concurrent Mark From Roots 20.030ms
[2025-03-04T16:19:11.096+0000][246.491s] GC(91) Concurrent Preclean
[2025-03-04T16:19:11.097+0000][246.492s] GC(91) Concurrent Preclean 0.926ms
[2025-03-04T16:19:11.098+0000][246.493s] GC(91) Pause Remark
[2025-03-04T16:19:11.103+0000][246.497s] GC(91) Pause Remark 300M->225M(512M) 4.757ms
[2025-03-04T16:19:11.104+0000][246.498s] GC(91) User=0.02s Sys=0.00s Real=0.01s
[2025-03-04T16:19:11.104+0000][246.499s] GC(91) Concurrent Mark 29.033ms
[2025-03-04T16:19:11.105+0000][246.500s] GC(91) Concurrent Rebuild Remembered Sets
[2025-03-04T16:19:11.117+0000][246.511s] GC(91) Concurrent Rebuild Remembered Sets 11.433ms
[2025-03-04T16:19:11.117+0000][246.511s] GC(91) Pause Cleanup
[2025-03-04T16:19:11.118+0000][246.512s] GC(91) Pause Cleanup 227M->227M(512M) 0.979ms
[2025-03-04T16:19:11.119+0000][246.513s] GC(91) User=0.00s Sys=0.00s Real=0.01s
[2025-03-04T16:19:11.119+0000][246.514s] GC(91) Concurrent Cleanup for Next Mark
[2025-03-04T16:19:11.120+0000][246.515s] GC(91) Concurrent Cleanup for Next Mark 0.871ms
[2025-03-04T16:19:11.121+0000][246.515s] GC(91) Concurrent Mark Cycle 46.517ms
[2025-03-04T16:19:12.010+0000][247.404s] GC(92) Pause Young (Prepare Mixed) (G1 Evacuation Pause)
[2025-03-04T16:19:12.010+0000][247.404s] GC(92) Using 13 workers of 13 for evacuation
[2025-03-04T16:19:12.014+0000][247.408s] GC(92)   Pre Evacuate Collection Set: 0.2ms
[2025-03-04T16:19:12.015+0000][247.409s] GC(92)   Merge Heap Roots: 0.1ms
[2025-03-04T16:19:12.015+0000][247.409s] GC(92)   Evacuate Collection Set: 2.4ms
[2025-03-04T16:19:12.015+0000][247.409s] GC(92)   Post Evacuate Collection Set: 1.0ms
[2025-03-04T16:19:12.015+0000][247.410s] GC(92)   Other: 0.6ms
[2025-03-04T16:19:12.016+0000][247.410s] GC(92) Eden regions: 124->0(8)
[2025-03-04T16:19:12.016+0000][247.410s] GC(92) Survivor regions: 16->17(18)
[2025-03-04T16:19:12.016+0000][247.410s] GC(92) Old regions: 201->214
[2025-03-04T16:19:12.016+0000][247.411s] GC(92) Archive regions: 2->2
[2025-03-04T16:19:12.016+0000][247.411s] GC(92) Humongous regions: 4->4
[2025-03-04T16:19:12.017+0000][247.411s] GC(92) Metaspace: 60630K(61376K)->60630K(61376K) NonClass: 53301K(53696K)->53301K(53696K) Class: 7329K(7680K)->7329K(7680K)
[2025-03-04T16:19:12.017+0000][247.411s] GC(92) Pause Young (Prepare Mixed) (G1 Evacuation Pause) 345M->235M(512M) 6.974ms
[2025-03-04T16:19:12.017+0000][247.411s] GC(92) User=0.02s Sys=0.00s Real=0.00s
[2025-03-04T16:19:12.079+0000][247.474s] GC(93) Pause Young (Mixed) (G1 Evacuation Pause)
[2025-03-04T16:19:12.080+0000][247.474s] GC(93) Using 13 workers of 13 for evacuation
[2025-03-04T16:19:12.083+0000][247.477s] GC(93)   Pre Evacuate Collection Set: 0.2ms
[2025-03-04T16:19:12.083+0000][247.478s] GC(93)   Merge Heap Roots: 0.1ms
[2025-03-04T16:19:12.084+0000][247.478s] GC(93)   Evacuate Collection Set: 1.7ms
[2025-03-04T16:19:12.084+0000][247.478s] GC(93)   Post Evacuate Collection Set: 0.7ms
[2025-03-04T16:19:12.084+0000][247.479s] GC(93)   Other: 0.7ms
[2025-03-04T16:19:12.085+0000][247.479s] GC(93) Eden regions: 8->0(23)
[2025-03-04T16:19:12.085+0000][247.479s] GC(93) Survivor regions: 17->2(4)
[2025-03-04T16:19:12.085+0000][247.480s] GC(93) Old regions: 214->179
[2025-03-04T16:19:12.086+0000][247.480s] GC(93) Archive regions: 2->2
[2025-03-04T16:19:12.086+0000][247.480s] GC(93) Humongous regions: 4->4
[2025-03-04T16:19:12.086+0000][247.481s] GC(93) Metaspace: 60630K(61376K)->60630K(61376K) NonClass: 53301K(53696K)->53301K(53696K) Class: 7329K(7680K)->7329K(7680K)
[2025-03-04T16:19:12.087+0000][247.481s] GC(93) Pause Young (Mixed) (G1 Evacuation Pause) 243M->184M(512M) 7.535ms
[2025-03-04T16:19:12.087+0000][247.482s] GC(93) User=0.01s Sys=0.00s Real=0.00s
[2025-03-04T16:19:12.217+0000][247.612s] GC(94) Pause Young (Mixed) (G1 Evacuation Pause)
[2025-03-04T16:19:12.218+0000][247.612s] GC(94) Using 13 workers of 13 for evacuation
[2025-03-04T16:19:12.221+0000][247.615s] GC(94)   Pre Evacuate Collection Set: 0.3ms
[2025-03-04T16:19:12.222+0000][247.616s] GC(94)   Merge Heap Roots: 0.1ms
[2025-03-04T16:19:12.222+0000][247.616s] GC(94)   Evacuate Collection Set: 1.4ms
[2025-03-04T16:19:12.223+0000][247.617s] GC(94)   Post Evacuate Collection Set: 1.1ms
[2025-03-04T16:19:12.223+0000][247.617s] GC(94)   Other: 0.8ms
[2025-03-04T16:19:12.223+0000][247.618s] GC(94) Eden regions: 23->0(21)
[2025-03-04T16:19:12.224+0000][247.618s] GC(94) Survivor regions: 2->4(4)
[2025-03-04T16:19:12.224+0000][247.618s] GC(94) Old regions: 179->129
[2025-03-04T16:19:12.224+0000][247.619s] GC(94) Archive regions: 2->2
[2025-03-04T16:19:12.225+0000][247.619s] GC(94) Humongous regions: 4->4
[2025-03-04T16:19:12.225+0000][247.619s] GC(94) Metaspace: 60630K(61376K)->60630K(61376K) NonClass: 53301K(53696K)->53301K(53696K) Class: 7329K(7680K)->7329K(7680K)
[2025-03-04T16:19:12.225+0000][247.620s] GC(94) Pause Young (Mixed) (G1 Evacuation Pause) 207M->137M(512M) 8.145ms
[2025-03-04T16:19:12.226+0000][247.620s] GC(94) User=0.02s Sys=0.00s Real=0.01s
[2025-03-04T16:19:12.407+0000][247.801s] GC(95) Pause Young (Mixed) (G1 Evacuation Pause)
[2025-03-04T16:19:12.407+0000][247.802s] GC(95) Using 13 workers of 13 for evacuation
[2025-03-04T16:19:12.410+0000][247.804s] GC(95)   Pre Evacuate Collection Set: 0.2ms
[2025-03-04T16:19:12.411+0000][247.805s] GC(95)   Merge Heap Roots: 0.2ms
[2025-03-04T16:19:12.411+0000][247.805s] GC(95)   Evacuate Collection Set: 1.0ms
[2025-03-04T16:19:12.411+0000][247.806s] GC(95)   Post Evacuate Collection Set: 0.9ms
[2025-03-04T16:19:12.412+0000][247.806s] GC(95)   Other: 0.8ms
[2025-03-04T16:19:12.412+0000][247.807s] GC(95) Eden regions: 21->0(255)
[2025-03-04T16:19:12.412+0000][247.807s] GC(95) Survivor regions: 4->3(4)
[2025-03-04T16:19:12.413+0000][247.807s] GC(95) Old regions: 129->129
[2025-03-04T16:19:12.413+0000][247.808s] GC(95) Archive regions: 2->2
[2025-03-04T16:19:12.414+0000][247.808s] GC(95) Humongous regions: 4->4
[2025-03-04T16:19:12.414+0000][247.809s] GC(95) Metaspace: 60630K(61376K)->60630K(61376K) NonClass: 53301K(53696K)->53301K(53696K) Class: 7329K(7680K)->7329K(7680K)
[2025-03-04T16:19:12.415+0000][247.809s] GC(95) Pause Young (Mixed) (G1 Evacuation Pause) 158M->136M(512M) 7.865ms
[2025-03-04T16:19:12.415+0000][247.810s] GC(95) User=0.01s Sys=0.00s Real=0.01s
[2025-03-04T16:19:14.034+0000][249.428s] GC(96) Pause Young (Normal) (G1 Evacuation Pause)
[2025-03-04T16:19:14.034+0000][249.429s] GC(96) Using 13 workers of 13 for evacuation
[2025-03-04T16:19:14.038+0000][249.433s] GC(96)   Pre Evacuate Collection Set: 0.2ms
[2025-03-04T16:19:14.039+0000][249.434s] GC(96)   Merge Heap Roots: 0.1ms
[2025-03-04T16:19:14.040+0000][249.434s] GC(96)   Evacuate Collection Set: 2.2ms
[2025-03-04T16:19:14.040+0000][249.435s] GC(96)   Post Evacuate Collection Set: 1.3ms
[2025-03-04T16:19:14.041+0000][249.435s] GC(96)   Other: 0.7ms
[2025-03-04T16:19:14.041+0000][249.436s] GC(96) Eden regions: 255->0(238)
[2025-03-04T16:19:14.042+0000][249.436s] GC(96) Survivor regions: 3->25(33)
[2025-03-04T16:19:14.042+0000][249.437s] GC(96) Old regions: 129->129
[2025-03-04T16:19:14.043+0000][249.437s] GC(96) Archive regions: 2->2
[2025-03-04T16:19:14.043+0000][249.437s] GC(96) Humongous regions: 4->4
[2025-03-04T16:19:14.044+0000][249.438s] GC(96) Metaspace: 60637K(61376K)->60637K(61376K) NonClass: 53307K(53696K)->53307K(53696K) Class: 7329K(7680K)->7329K(7680K)
[2025-03-04T16:19:14.044+0000][249.438s] GC(96) Pause Young (Normal) (G1 Evacuation Pause) 391M->157M(512M) 9.991ms
[2025-03-04T16:19:14.044+0000][249.439s] GC(96) User=0.02s Sys=0.00s Real=0.01s
[2025-03-04T16:19:15.769+0000][251.163s] GC(97) Pause Young (Normal) (G1 Evacuation Pause)
[2025-03-04T16:19:15.769+0000][251.163s] GC(97) Using 13 workers of 13 for evacuation
[2025-03-04T16:19:15.774+0000][251.168s] GC(97)   Pre Evacuate Collection Set: 0.2ms
[2025-03-04T16:19:15.774+0000][251.168s] GC(97)   Merge Heap Roots: 0.1ms
[2025-03-04T16:19:15.774+0000][251.169s] GC(97)   Evacuate Collection Set: 3.1ms
[2025-03-04T16:19:15.775+0000][251.169s] GC(97)   Post Evacuate Collection Set: 0.8ms
[2025-03-04T16:19:15.775+0000][251.169s] GC(97)   Other: 0.4ms
[2025-03-04T16:19:15.775+0000][251.169s] GC(97) Eden regions: 238->0(216)
[2025-03-04T16:19:15.775+0000][251.169s] GC(97) Survivor regions: 25->27(33)
[2025-03-04T16:19:15.775+0000][251.170s] GC(97) Old regions: 129->151
[2025-03-04T16:19:15.776+0000][251.170s] GC(97) Archive regions: 2->2
[2025-03-04T16:19:15.776+0000][251.170s] GC(97) Humongous regions: 4->4
[2025-03-04T16:19:15.776+0000][251.170s] GC(97) Metaspace: 60637K(61376K)->60637K(61376K) NonClass: 53308K(53696K)->53308K(53696K) Class: 7329K(7680K)->7329K(7680K)
[2025-03-04T16:19:15.776+0000][251.171s] GC(97) Pause Young (Normal) (G1 Evacuation Pause) 395M->181M(512M) 7.317ms
[2025-03-04T16:19:15.776+0000][251.171s] GC(97) User=0.02s Sys=0.00s Real=0.00s
[2025-03-04T16:19:17.001+0000][252.396s] GC(98) Pause Young (Normal) (G1 Evacuation Pause)
[2025-03-04T16:19:17.002+0000][252.396s] GC(98) Using 13 workers of 13 for evacuation
[2025-03-04T16:19:17.007+0000][252.401s] GC(98)   Pre Evacuate Collection Set: 0.2ms
[2025-03-04T16:19:17.007+0000][252.402s] GC(98)   Merge Heap Roots: 0.1ms
[2025-03-04T16:19:17.008+0000][252.402s] GC(98)   Evacuate Collection Set: 3.5ms
[2025-03-04T16:19:17.008+0000][252.402s] GC(98)   Post Evacuate Collection Set: 0.7ms
[2025-03-04T16:19:17.008+0000][252.402s] GC(98)   Other: 0.8ms
[2025-03-04T16:19:17.008+0000][252.403s] GC(98) Eden regions: 216->0(206)
[2025-03-04T16:19:17.009+0000][252.403s] GC(98) Survivor regions: 27->18(31)
[2025-03-04T16:19:17.009+0000][252.403s] GC(98) Old regions: 151->175
[2025-03-04T16:19:17.009+0000][252.404s] GC(98) Archive regions: 2->2
[2025-03-04T16:19:17.009+0000][252.404s] GC(98) Humongous regions: 4->4
[2025-03-04T16:19:17.010+0000][252.404s] GC(98) Metaspace: 60642K(61376K)->60642K(61376K) NonClass: 53313K(53696K)->53313K(53696K) Class: 7329K(7680K)->7329K(7680K)
[2025-03-04T16:19:17.010+0000][252.404s] GC(98) Pause Young (Normal) (G1 Evacuation Pause) 397M->196M(512M) 8.487ms
[2025-03-04T16:19:17.010+0000][252.405s] GC(98) User=0.02s Sys=0.00s Real=0.01s
[2025-03-04T16:19:18.493+0000][253.888s] GC(99) Pause Young (Normal) (G1 Evacuation Pause)
[2025-03-04T16:19:18.494+0000][253.888s] GC(99) Using 13 workers of 13 for evacuation
[2025-03-04T16:19:18.498+0000][253.893s] GC(99)   Pre Evacuate Collection Set: 0.2ms
[2025-03-04T16:19:18.499+0000][253.894s] GC(99)   Merge Heap Roots: 0.1ms
[2025-03-04T16:19:18.499+0000][253.894s] GC(99)   Evacuate Collection Set: 3.3ms
[2025-03-04T16:19:18.499+0000][253.894s] GC(99)   Post Evacuate Collection Set: 0.9ms
[2025-03-04T16:19:18.500+0000][253.894s] GC(99)   Other: 0.6ms
[2025-03-04T16:19:18.502+0000][253.897s] GC(99) Eden regions: 206->0(188)
[2025-03-04T16:19:18.502+0000][253.897s] GC(99) Survivor regions: 18->23(28)
[2025-03-04T16:19:18.502+0000][253.897s] GC(99) Old regions: 175->190
[2025-03-04T16:19:18.503+0000][253.897s] GC(99) Archive regions: 2->2
[2025-03-04T16:19:18.503+0000][253.898s] GC(99) Humongous regions: 4->4
[2025-03-04T16:19:18.503+0000][253.898s] GC(99) Metaspace: 60654K(61376K)->60654K(61376K) NonClass: 53325K(53696K)->53325K(53696K) Class: 7329K(7680K)->7329K(7680K)
[2025-03-04T16:19:18.504+0000][253.899s] GC(99) Pause Young (Normal) (G1 Evacuation Pause) 402M->216M(512M) 10.691ms
[2025-03-04T16:19:18.504+0000][253.899s] GC(99) User=0.01s Sys=0.01s Real=0.01s
[2025-03-04T16:19:19.779+0000][255.174s] GC(100) Pause Young (Normal) (G1 Evacuation Pause)
[2025-03-04T16:19:19.779+0000][255.174s] GC(100) Using 13 workers of 13 for evacuation
[2025-03-04T16:19:19.784+0000][255.179s] GC(100)   Pre Evacuate Collection Set: 0.3ms
[2025-03-04T16:19:19.784+0000][255.179s] GC(100)   Merge Heap Roots: 0.2ms
[2025-03-04T16:19:19.785+0000][255.179s] GC(100)   Evacuate Collection Set: 3.0ms
[2025-03-04T16:19:19.785+0000][255.179s] GC(100)   Post Evacuate Collection Set: 0.8ms
[2025-03-04T16:19:19.785+0000][255.180s] GC(100)   Other: 0.9ms
[2025-03-04T16:19:19.785+0000][255.180s] GC(100) Eden regions: 188->0(179)
[2025-03-04T16:19:19.785+0000][255.180s] GC(100) Survivor regions: 23->16(27)
[2025-03-04T16:19:19.786+0000][255.180s] GC(100) Old regions: 190->210
[2025-03-04T16:19:19.786+0000][255.181s] GC(100) Archive regions: 2->2
[2025-03-04T16:19:19.786+0000][255.181s] GC(100) Humongous regions: 4->4
[2025-03-04T16:19:19.786+0000][255.181s] GC(100) Metaspace: 60657K(61376K)->60657K(61376K) NonClass: 53327K(53696K)->53327K(53696K) Class: 7329K(7680K)->7329K(7680K)
[2025-03-04T16:19:19.787+0000][255.181s] GC(100) Pause Young (Normal) (G1 Evacuation Pause) 404M->230M(512M) 7.720ms
[2025-03-04T16:19:19.787+0000][255.181s] GC(100) User=0.02s Sys=0.00s Real=0.00s
[2025-03-04T16:19:22.048+0000][257.442s] GC(101) Pause Young (Normal) (G1 Evacuation Pause)
[2025-03-04T16:19:22.048+0000][257.443s] GC(101) Using 13 workers of 13 for evacuation
[2025-03-04T16:19:22.051+0000][257.446s] GC(101)   Pre Evacuate Collection Set: 0.2ms
[2025-03-04T16:19:22.051+0000][257.446s] GC(101)   Merge Heap Roots: 0.1ms
[2025-03-04T16:19:22.051+0000][257.446s] GC(101)   Evacuate Collection Set: 1.6ms
[2025-03-04T16:19:22.052+0000][257.446s] GC(101)   Post Evacuate Collection Set: 0.7ms
[2025-03-04T16:19:22.052+0000][257.447s] GC(101)   Other: 0.6ms
[2025-03-04T16:19:22.052+0000][257.447s] GC(101) Eden regions: 179->0(183)
[2025-03-04T16:19:22.052+0000][257.447s] GC(101) Survivor regions: 16->6(25)
[2025-03-04T16:19:22.053+0000][257.448s] GC(101) Old regions: 210->222
[2025-03-04T16:19:22.053+0000][257.448s] GC(101) Archive regions: 2->2
[2025-03-04T16:19:22.053+0000][257.448s] GC(101) Humongous regions: 4->4
[2025-03-04T16:19:22.053+0000][257.448s] GC(101) Metaspace: 60682K(61376K)->60682K(61376K) NonClass: 53353K(53696K)->53353K(53696K) Class: 7329K(7680K)->7329K(7680K)
[2025-03-04T16:19:22.054+0000][257.448s] GC(101) Pause Young (Normal) (G1 Evacuation Pause) 409M->231M(512M) 6.052ms
[2025-03-04T16:19:22.054+0000][257.449s] GC(101) User=0.00s Sys=0.01s Real=0.01s
[2025-03-04T16:19:25.240+0000][260.635s] GC(102) Pause Young (Normal) (G1 Evacuation Pause)
[2025-03-04T16:19:25.241+0000][260.635s] GC(102) Using 13 workers of 13 for evacuation
[2025-03-04T16:19:25.242+0000][260.637s] GC(102)   Pre Evacuate Collection Set: 0.2ms
[2025-03-04T16:19:25.243+0000][260.637s] GC(102)   Merge Heap Roots: 0.1ms
[2025-03-04T16:19:25.243+0000][260.637s] GC(102)   Evacuate Collection Set: 0.8ms
[2025-03-04T16:19:25.243+0000][260.638s] GC(102)   Post Evacuate Collection Set: 0.5ms
[2025-03-04T16:19:25.243+0000][260.638s] GC(102)   Other: 0.5ms
[2025-03-04T16:19:25.243+0000][260.638s] GC(102) Eden regions: 183->0(195)
[2025-03-04T16:19:25.243+0000][260.638s] GC(102) Survivor regions: 6->1(24)
[2025-03-04T16:19:25.243+0000][260.638s] GC(102) Old regions: 222->222
[2025-03-04T16:19:25.244+0000][260.638s] GC(102) Archive regions: 2->2
[2025-03-04T16:19:25.244+0000][260.639s] GC(102) Humongous regions: 4->4
[2025-03-04T16:19:25.244+0000][260.639s] GC(102) Metaspace: 60682K(61376K)->60682K(61376K) NonClass: 53353K(53696K)->53353K(53696K) Class: 7329K(7680K)->7329K(7680K)
[2025-03-04T16:19:25.244+0000][260.639s] GC(102) Pause Young (Normal) (G1 Evacuation Pause) 414M->226M(512M) 3.948ms
[2025-03-04T16:19:25.244+0000][260.639s] GC(102) User=0.00s Sys=0.00s Real=0.00s
[2025-03-04T16:24:04.075+0000][539.460s] GC(103) Pause Young (Normal) (G1 Evacuation Pause)
[2025-03-04T16:24:04.075+0000][539.461s] GC(103) Using 13 workers of 13 for evacuation
[2025-03-04T16:24:04.080+0000][539.466s] GC(103)   Pre Evacuate Collection Set: 1.1ms
[2025-03-04T16:24:04.081+0000][539.466s] GC(103)   Merge Heap Roots: 0.2ms
[2025-03-04T16:24:04.081+0000][539.467s] GC(103)   Evacuate Collection Set: 2.5ms
[2025-03-04T16:24:04.081+0000][539.467s] GC(103)   Post Evacuate Collection Set: 0.9ms
[2025-03-04T16:24:04.082+0000][539.467s] GC(103)   Other: 1.0ms
[2025-03-04T16:24:04.082+0000][539.468s] GC(103) Eden regions: 195->0(188)
[2025-03-04T16:24:04.082+0000][539.468s] GC(103) Survivor regions: 1->10(25)
[2025-03-04T16:24:04.082+0000][539.468s] GC(103) Old regions: 222->222
[2025-03-04T16:24:04.083+0000][539.468s] GC(103) Archive regions: 2->2
[2025-03-04T16:24:04.083+0000][539.468s] GC(103) Humongous regions: 4->4
[2025-03-04T16:24:04.083+0000][539.469s] GC(103) Metaspace: 62367K(62848K)->62367K(62848K) NonClass: 54824K(55040K)->54824K(55040K) Class: 7542K(7808K)->7542K(7808K)
[2025-03-04T16:24:04.083+0000][539.469s] GC(103) Pause Young (Normal) (G1 Evacuation Pause) 421M->235M(512M) 8.429ms
[2025-03-04T16:24:04.083+0000][539.469s] GC(103) User=0.03s Sys=0.00s Real=0.01s
[2025-03-04T16:25:10.097+0000][605.484s] GC(104) Pause Young (Normal) (G1 Evacuation Pause)
[2025-03-04T16:25:10.097+0000][605.484s] GC(104) Using 13 workers of 13 for evacuation
[2025-03-04T16:25:10.100+0000][605.487s] GC(104)   Pre Evacuate Collection Set: 0.2ms
[2025-03-04T16:25:10.101+0000][605.488s] GC(104)   Merge Heap Roots: 0.1ms
[2025-03-04T16:25:10.101+0000][605.488s] GC(104)   Evacuate Collection Set: 1.7ms
[2025-03-04T16:25:10.102+0000][605.489s] GC(104)   Post Evacuate Collection Set: 0.6ms
[2025-03-04T16:25:10.102+0000][605.489s] GC(104)   Other: 1.0ms
[2025-03-04T16:25:10.103+0000][605.490s] GC(104) Eden regions: 188->0(193)
[2025-03-04T16:25:10.103+0000][605.490s] GC(104) Survivor regions: 10->8(25)
[2025-03-04T16:25:10.104+0000][605.491s] GC(104) Old regions: 222->222
[2025-03-04T16:25:10.104+0000][605.491s] GC(104) Archive regions: 2->2
[2025-03-04T16:25:10.105+0000][605.492s] GC(104) Humongous regions: 4->4
[2025-03-04T16:25:10.105+0000][605.492s] GC(104) Metaspace: 62551K(63040K)->62551K(63040K) NonClass: 54994K(55232K)->54994K(55232K) Class: 7557K(7808K)->7557K(7808K)
[2025-03-04T16:25:10.105+0000][605.492s] GC(104) Pause Young (Normal) (G1 Evacuation Pause) 423M->233M(512M) 8.482ms
[2025-03-04T16:25:10.106+0000][605.493s] GC(104) User=0.02s Sys=0.01s Real=0.00s
[2025-03-04T16:25:11.814+0000][607.201s] GC(105) Pause Young (Normal) (G1 Evacuation Pause)
[2025-03-04T16:25:11.814+0000][607.201s] GC(105) Using 13 workers of 13 for evacuation
[2025-03-04T16:25:11.819+0000][607.206s] GC(105)   Pre Evacuate Collection Set: 0.1ms
[2025-03-04T16:25:11.819+0000][607.206s] GC(105)   Merge Heap Roots: 0.2ms
[2025-03-04T16:25:11.819+0000][607.206s] GC(105)   Evacuate Collection Set: 3.2ms
[2025-03-04T16:25:11.820+0000][607.206s] GC(105)   Post Evacuate Collection Set: 1.2ms
[2025-03-04T16:25:11.820+0000][607.207s] GC(105)   Other: 0.4ms
[2025-03-04T16:25:11.820+0000][607.207s] GC(105) Eden regions: 193->0(170)
[2025-03-04T16:25:11.820+0000][607.207s] GC(105) Survivor regions: 8->26(26)
[2025-03-04T16:25:11.820+0000][607.207s] GC(105) Old regions: 222->222
[2025-03-04T16:25:11.820+0000][607.207s] GC(105) Archive regions: 2->2
[2025-03-04T16:25:11.820+0000][607.207s] GC(105) Humongous regions: 4->4
[2025-03-04T16:25:11.820+0000][607.207s] GC(105) Metaspace: 62551K(63040K)->62551K(63040K) NonClass: 54994K(55232K)->54994K(55232K) Class: 7557K(7808K)->7557K(7808K)
[2025-03-04T16:25:11.820+0000][607.207s] GC(105) Pause Young (Normal) (G1 Evacuation Pause) 426M->252M(512M) 6.608ms
[2025-03-04T16:25:11.821+0000][607.208s] GC(105) User=0.01s Sys=0.01s Real=0.01s
[2025-03-04T16:25:13.159+0000][608.546s] GC(106) Pause Young (Normal) (G1 Evacuation Pause)
[2025-03-04T16:25:13.159+0000][608.546s] GC(106) Using 13 workers of 13 for evacuation
[2025-03-04T16:25:13.163+0000][608.550s] GC(106)   Pre Evacuate Collection Set: 0.1ms
[2025-03-04T16:25:13.164+0000][608.551s] GC(106)   Merge Heap Roots: 0.1ms
[2025-03-04T16:25:13.164+0000][608.551s] GC(106)   Evacuate Collection Set: 3.5ms
[2025-03-04T16:25:13.165+0000][608.552s] GC(106)   Post Evacuate Collection Set: 0.6ms
[2025-03-04T16:25:13.165+0000][608.552s] GC(106)   Other: 0.4ms
[2025-03-04T16:25:13.165+0000][608.552s] GC(106) Eden regions: 170->0(154)
[2025-03-04T16:25:13.166+0000][608.553s] GC(106) Survivor regions: 26->18(25)
[2025-03-04T16:25:13.166+0000][608.553s] GC(106) Old regions: 222->246
[2025-03-04T16:25:13.166+0000][608.553s] GC(106) Archive regions: 2->2
[2025-03-04T16:25:13.167+0000][608.554s] GC(106) Humongous regions: 4->4
[2025-03-04T16:25:13.167+0000][608.554s] GC(106) Metaspace: 62552K(63040K)->62552K(63040K) NonClass: 54995K(55232K)->54995K(55232K) Class: 7557K(7808K)->7557K(7808K)
[2025-03-04T16:25:13.167+0000][608.554s] GC(106) Pause Young (Normal) (G1 Evacuation Pause) 422M->268M(512M) 8.430ms
[2025-03-04T16:25:13.167+0000][608.554s] GC(106) User=0.02s Sys=0.00s Real=0.01s
[2025-03-04T16:25:14.478+0000][609.865s] GC(107) Pause Young (Concurrent Start) (G1 Evacuation Pause)
[2025-03-04T16:25:14.479+0000][609.866s] GC(107) Using 13 workers of 13 for evacuation
[2025-03-04T16:25:14.483+0000][609.870s] GC(107)   Pre Evacuate Collection Set: 0.3ms
[2025-03-04T16:25:14.484+0000][609.871s] GC(107)   Merge Heap Roots: 0.1ms
[2025-03-04T16:25:14.484+0000][609.871s] GC(107)   Evacuate Collection Set: 2.7ms
[2025-03-04T16:25:14.485+0000][609.872s] GC(107)   Post Evacuate Collection Set: 0.6ms
[2025-03-04T16:25:14.485+0000][609.872s] GC(107)   Other: 1.3ms
[2025-03-04T16:25:14.485+0000][609.872s] GC(107) Eden regions: 154->0(142)
[2025-03-04T16:25:14.486+0000][609.873s] GC(107) Survivor regions: 18->14(22)
[2025-03-04T16:25:14.486+0000][609.873s] GC(107) Old regions: 246->263
[2025-03-04T16:25:14.487+0000][609.874s] GC(107) Archive regions: 2->2
[2025-03-04T16:25:14.487+0000][609.874s] GC(107) Humongous regions: 4->4
[2025-03-04T16:25:14.488+0000][609.875s] GC(107) Metaspace: 62557K(63040K)->62557K(63040K) NonClass: 54999K(55232K)->54999K(55232K) Class: 7557K(7808K)->7557K(7808K)
[2025-03-04T16:25:14.488+0000][609.875s] GC(107) Pause Young (Concurrent Start) (G1 Evacuation Pause) 422M->280M(512M) 9.618ms
[2025-03-04T16:25:14.488+0000][609.875s] GC(107) User=0.03s Sys=0.00s Real=0.01s
[2025-03-04T16:25:14.489+0000][609.876s] GC(108) Concurrent Mark Cycle
[2025-03-04T16:25:14.489+0000][609.876s] GC(108) Concurrent Clear Claimed Marks
[2025-03-04T16:25:14.489+0000][609.876s] GC(108) Concurrent Clear Claimed Marks 0.515ms
[2025-03-04T16:25:14.490+0000][609.877s] GC(108) Concurrent Scan Root Regions
[2025-03-04T16:25:14.492+0000][609.879s] GC(108) Concurrent Scan Root Regions 2.119ms
[2025-03-04T16:25:14.492+0000][609.879s] GC(108) Concurrent Mark
[2025-03-04T16:25:14.492+0000][609.879s] GC(108) Concurrent Mark From Roots
[2025-03-04T16:25:14.493+0000][609.880s] GC(108) Using 3 workers of 3 for marking
[2025-03-04T16:25:14.513+0000][609.900s] GC(108) Concurrent Mark From Roots 21.039ms
[2025-03-04T16:25:14.514+0000][609.901s] GC(108) Concurrent Preclean
[2025-03-04T16:25:14.515+0000][609.902s] GC(108) Concurrent Preclean 0.774ms
[2025-03-04T16:25:14.515+0000][609.902s] GC(108) Pause Remark
[2025-03-04T16:25:14.526+0000][609.913s] GC(108) Pause Remark 284M->179M(512M) 10.411ms
[2025-03-04T16:25:14.526+0000][609.913s] GC(108) User=0.08s Sys=0.02s Real=0.02s
[2025-03-04T16:25:14.527+0000][609.914s] GC(108) Concurrent Mark 35.177ms
[2025-03-04T16:25:14.528+0000][609.915s] GC(108) Concurrent Rebuild Remembered Sets
[2025-03-04T16:25:14.539+0000][609.926s] GC(108) Concurrent Rebuild Remembered Sets 11.107ms
[2025-03-04T16:25:14.539+0000][609.926s] GC(108) Pause Cleanup
[2025-03-04T16:25:14.540+0000][609.927s] GC(108) Pause Cleanup 179M->179M(512M) 0.761ms
[2025-03-04T16:25:14.541+0000][609.928s] GC(108) User=0.00s Sys=0.00s Real=0.00s
[2025-03-04T16:25:14.541+0000][609.928s] GC(108) Concurrent Cleanup for Next Mark
[2025-03-04T16:25:14.544+0000][609.930s] GC(108) Concurrent Cleanup for Next Mark 2.103ms
[2025-03-04T16:25:14.544+0000][609.931s] GC(108) Concurrent Mark Cycle 55.378ms
[2025-03-04T16:25:16.001+0000][611.387s] GC(109) Pause Young (Prepare Mixed) (G1 Evacuation Pause)
[2025-03-04T16:25:16.001+0000][611.388s] GC(109) Using 13 workers of 13 for evacuation
[2025-03-04T16:25:16.005+0000][611.392s] GC(109)   Pre Evacuate Collection Set: 0.2ms
[2025-03-04T16:25:16.006+0000][611.393s] GC(109)   Merge Heap Roots: 0.2ms
[2025-03-04T16:25:16.006+0000][611.393s] GC(109)   Evacuate Collection Set: 2.6ms
[2025-03-04T16:25:16.006+0000][611.393s] GC(109)   Post Evacuate Collection Set: 0.8ms
[2025-03-04T16:25:16.006+0000][611.393s] GC(109)   Other: 0.8ms
[2025-03-04T16:25:16.007+0000][611.394s] GC(109) Eden regions: 142->0(8)
[2025-03-04T16:25:16.007+0000][611.394s] GC(109) Survivor regions: 14->17(20)
[2025-03-04T16:25:16.007+0000][611.394s] GC(109) Old regions: 158->170
[2025-03-04T16:25:16.007+0000][611.394s] GC(109) Archive regions: 2->2
[2025-03-04T16:25:16.008+0000][611.395s] GC(109) Humongous regions: 4->4
[2025-03-04T16:25:16.008+0000][611.395s] GC(109) Metaspace: 62505K(63040K)->62505K(63040K) NonClass: 54961K(55232K)->54961K(55232K) Class: 7544K(7808K)->7544K(7808K)
[2025-03-04T16:25:16.008+0000][611.395s] GC(109) Pause Young (Prepare Mixed) (G1 Evacuation Pause) 317M->190M(512M) 7.847ms
[2025-03-04T16:25:16.009+0000][611.396s] GC(109) User=0.03s Sys=0.00s Real=0.01s
[2025-03-04T16:25:16.061+0000][611.448s] GC(110) Pause Young (Mixed) (G1 Evacuation Pause)
[2025-03-04T16:25:16.061+0000][611.448s] GC(110) Using 13 workers of 13 for evacuation
[2025-03-04T16:25:16.065+0000][611.452s] GC(110)   Pre Evacuate Collection Set: 0.2ms
[2025-03-04T16:25:16.065+0000][611.452s] GC(110)   Merge Heap Roots: 0.1ms
[2025-03-04T16:25:16.065+0000][611.452s] GC(110)   Evacuate Collection Set: 2.2ms
[2025-03-04T16:25:16.066+0000][611.452s] GC(110)   Post Evacuate Collection Set: 0.8ms
[2025-03-04T16:25:16.066+0000][611.453s] GC(110)   Other: 0.6ms
[2025-03-04T16:25:16.066+0000][611.453s] GC(110) Eden regions: 8->0(23)
[2025-03-04T16:25:16.066+0000][611.453s] GC(110) Survivor regions: 17->2(4)
[2025-03-04T16:25:16.067+0000][611.454s] GC(110) Old regions: 170->134
[2025-03-04T16:25:16.067+0000][611.454s] GC(110) Archive regions: 2->2
[2025-03-04T16:25:16.067+0000][611.454s] GC(110) Humongous regions: 4->4
[2025-03-04T16:25:16.067+0000][611.454s] GC(110) Metaspace: 62505K(63040K)->62505K(63040K) NonClass: 54961K(55232K)->54961K(55232K) Class: 7544K(7808K)->7544K(7808K)
[2025-03-04T16:25:16.068+0000][611.454s] GC(110) Pause Young (Mixed) (G1 Evacuation Pause) 198M->139M(512M) 6.704ms
[2025-03-04T16:25:16.068+0000][611.455s] GC(110) User=0.01s Sys=0.00s Real=0.01s
[2025-03-04T16:25:16.161+0000][611.548s] GC(111) Pause Young (Mixed) (G1 Evacuation Pause)
[2025-03-04T16:25:16.161+0000][611.548s] GC(111) Using 13 workers of 13 for evacuation
[2025-03-04T16:25:16.164+0000][611.550s] GC(111)   Pre Evacuate Collection Set: 0.2ms
[2025-03-04T16:25:16.164+0000][611.551s] GC(111)   Merge Heap Roots: 0.1ms
[2025-03-04T16:25:16.164+0000][611.551s] GC(111)   Evacuate Collection Set: 1.1ms
[2025-03-04T16:25:16.165+0000][611.552s] GC(111)   Post Evacuate Collection Set: 0.6ms
[2025-03-04T16:25:16.165+0000][611.552s] GC(111)   Other: 0.9ms
[2025-03-04T16:25:16.165+0000][611.552s] GC(111) Eden regions: 23->0(261)
[2025-03-04T16:25:16.165+0000][611.552s] GC(111) Survivor regions: 2->4(4)
[2025-03-04T16:25:16.166+0000][611.553s] GC(111) Old regions: 134->132
[2025-03-04T16:25:16.166+0000][611.553s] GC(111) Archive regions: 2->2
[2025-03-04T16:25:16.166+0000][611.553s] GC(111) Humongous regions: 4->4
[2025-03-04T16:25:16.166+0000][611.553s] GC(111) Metaspace: 62505K(63040K)->62505K(63040K) NonClass: 54961K(55232K)->54961K(55232K) Class: 7544K(7808K)->7544K(7808K)
[2025-03-04T16:25:16.167+0000][611.554s] GC(111) Pause Young (Mixed) (G1 Evacuation Pause) 162M->139M(512M) 6.039ms
[2025-03-04T16:25:16.167+0000][611.554s] GC(111) User=0.01s Sys=0.00s Real=0.01s
[2025-03-04T16:25:23.610+0000][618.997s] GC(112) Pause Young (Normal) (G1 Evacuation Pause)
[2025-03-04T16:25:23.610+0000][618.997s] GC(112) Using 13 workers of 13 for evacuation
[2025-03-04T16:25:23.615+0000][619.002s] GC(112)   Pre Evacuate Collection Set: 0.3ms
[2025-03-04T16:25:23.615+0000][619.002s] GC(112)   Merge Heap Roots: 0.1ms
[2025-03-04T16:25:23.616+0000][619.003s] GC(112)   Evacuate Collection Set: 2.0ms
[2025-03-04T16:25:23.616+0000][619.003s] GC(112)   Post Evacuate Collection Set: 0.8ms
[2025-03-04T16:25:23.616+0000][619.003s] GC(112)   Other: 1.8ms
[2025-03-04T16:25:23.616+0000][619.003s] GC(112) Eden regions: 261->0(244)
[2025-03-04T16:25:23.617+0000][619.004s] GC(112) Survivor regions: 4->23(34)
[2025-03-04T16:25:23.617+0000][619.004s] GC(112) Old regions: 132->132
[2025-03-04T16:25:23.617+0000][619.004s] GC(112) Archive regions: 2->2
[2025-03-04T16:25:23.618+0000][619.005s] GC(112) Humongous regions: 4->4
[2025-03-04T16:25:23.618+0000][619.005s] GC(112) Metaspace: 62514K(63040K)->62514K(63040K) NonClass: 54970K(55232K)->54970K(55232K) Class: 7544K(7808K)->7544K(7808K)
[2025-03-04T16:25:23.619+0000][619.006s] GC(112) Pause Young (Normal) (G1 Evacuation Pause) 400M->158M(512M) 8.777ms
[2025-03-04T16:25:23.619+0000][619.006s] GC(112) User=0.02s Sys=0.00s Real=0.01s
[2025-03-04T16:25:36.101+0000][631.488s] GC(113) Pause Young (Normal) (G1 Evacuation Pause)
[2025-03-04T16:25:36.106+0000][631.493s] GC(113) Using 13 workers of 13 for evacuation
[2025-03-04T16:25:36.112+0000][631.499s] GC(113)   Pre Evacuate Collection Set: 0.2ms
[2025-03-04T16:25:36.113+0000][631.500s] GC(113)   Merge Heap Roots: 0.1ms
[2025-03-04T16:25:36.113+0000][631.500s] GC(113)   Evacuate Collection Set: 3.6ms
[2025-03-04T16:25:36.113+0000][631.500s] GC(113)   Post Evacuate Collection Set: 0.9ms
[2025-03-04T16:25:36.114+0000][631.501s] GC(113)   Other: 6.2ms
[2025-03-04T16:25:36.114+0000][631.501s] GC(113) Eden regions: 244->0(242)
[2025-03-04T16:25:36.115+0000][631.502s] GC(113) Survivor regions: 23->13(34)
[2025-03-04T16:25:36.115+0000][631.502s] GC(113) Old regions: 132->149
[2025-03-04T16:25:36.115+0000][631.502s] GC(113) Archive regions: 2->2
[2025-03-04T16:25:36.116+0000][631.503s] GC(113) Humongous regions: 4->4
[2025-03-04T16:25:36.116+0000][631.503s] GC(113) Metaspace: 62514K(63040K)->62514K(63040K) NonClass: 54970K(55232K)->54970K(55232K) Class: 7544K(7808K)->7544K(7808K)
[2025-03-04T16:25:36.117+0000][631.504s] GC(113) Pause Young (Normal) (G1 Evacuation Pause) 402M->165M(512M) 15.186ms
[2025-03-04T16:25:36.117+0000][631.504s] GC(113) User=0.03s Sys=0.00s Real=0.02s
[2025-03-04T16:25:38.261+0000][633.648s] GC(114) Pause Young (Normal) (G1 Evacuation Pause)
[2025-03-04T16:25:38.262+0000][633.649s] GC(114) Using 13 workers of 13 for evacuation
[2025-03-04T16:25:38.267+0000][633.654s] GC(114)   Pre Evacuate Collection Set: 0.1ms
[2025-03-04T16:25:38.268+0000][633.655s] GC(114)   Merge Heap Roots: 0.1ms
[2025-03-04T16:25:38.268+0000][633.655s] GC(114)   Evacuate Collection Set: 3.2ms
[2025-03-04T16:25:38.269+0000][633.656s] GC(114)   Post Evacuate Collection Set: 1.0ms
[2025-03-04T16:25:38.269+0000][633.656s] GC(114)   Other: 1.3ms
[2025-03-04T16:25:38.270+0000][633.657s] GC(114) Eden regions: 242->0(220)
[2025-03-04T16:25:38.270+0000][633.657s] GC(114) Survivor regions: 13->32(32)
[2025-03-04T16:25:38.271+0000][633.658s] GC(114) Old regions: 149->151
[2025-03-04T16:25:38.271+0000][633.658s] GC(114) Archive regions: 2->2
[2025-03-04T16:25:38.272+0000][633.659s] GC(114) Humongous regions: 4->4
[2025-03-04T16:25:38.272+0000][633.659s] GC(114) Metaspace: 62514K(63040K)->62514K(63040K) NonClass: 54970K(55232K)->54970K(55232K) Class: 7544K(7808K)->7544K(7808K)
[2025-03-04T16:25:38.273+0000][633.660s] GC(114) Pause Young (Normal) (G1 Evacuation Pause) 407M->187M(512M) 11.325ms
[2025-03-04T16:25:38.273+0000][633.660s] GC(114) User=0.02s Sys=0.01s Real=0.01s
[2025-03-04T16:25:39.989+0000][635.377s] GC(115) Pause Young (Normal) (G1 Evacuation Pause)
[2025-03-04T16:25:39.990+0000][635.377s] GC(115) Using 13 workers of 13 for evacuation
[2025-03-04T16:25:39.993+0000][635.380s] GC(115)   Pre Evacuate Collection Set: 0.2ms
[2025-03-04T16:25:39.993+0000][635.380s] GC(115)   Merge Heap Roots: 0.1ms
[2025-03-04T16:25:39.994+0000][635.381s] GC(115)   Evacuate Collection Set: 1.7ms
[2025-03-04T16:25:39.994+0000][635.381s] GC(115)   Post Evacuate Collection Set: 0.5ms
[2025-03-04T16:25:39.994+0000][635.381s] GC(115)   Other: 0.9ms
[2025-03-04T16:25:39.994+0000][635.381s] GC(115) Eden regions: 220->0(229)
[2025-03-04T16:25:39.995+0000][635.382s] GC(115) Survivor regions: 32->19(32)
[2025-03-04T16:25:39.995+0000][635.382s] GC(115) Old regions: 151->154
[2025-03-04T16:25:39.995+0000][635.382s] GC(115) Archive regions: 2->2
[2025-03-04T16:25:39.996+0000][635.383s] GC(115) Humongous regions: 4->4
[2025-03-04T16:25:39.996+0000][635.383s] GC(115) Metaspace: 62515K(63040K)->62515K(63040K) NonClass: 54971K(55232K)->54971K(55232K) Class: 7544K(7808K)->7544K(7808K)
[2025-03-04T16:25:39.997+0000][635.384s] GC(115) Pause Young (Normal) (G1 Evacuation Pause) 407M->176M(512M) 7.065ms
[2025-03-04T16:25:39.997+0000][635.384s] GC(115) User=0.01s Sys=0.00s Real=0.01s
[2025-03-04T16:25:41.887+0000][637.274s] GC(116) Pause Young (Normal) (G1 Evacuation Pause)
[2025-03-04T16:25:41.887+0000][637.274s] GC(116) Using 13 workers of 13 for evacuation
[2025-03-04T16:25:41.892+0000][637.279s] GC(116)   Pre Evacuate Collection Set: 0.1ms
[2025-03-04T16:25:41.892+0000][637.279s] GC(116)   Merge Heap Roots: 0.1ms
[2025-03-04T16:25:41.893+0000][637.280s] GC(116)   Evacuate Collection Set: 3.6ms
[2025-03-04T16:25:41.893+0000][637.280s] GC(116)   Post Evacuate Collection Set: 0.7ms
[2025-03-04T16:25:41.893+0000][637.280s] GC(116)   Other: 0.6ms
[2025-03-04T16:25:41.893+0000][637.280s] GC(116) Eden regions: 229->0(211)
[2025-03-04T16:25:41.894+0000][637.281s] GC(116) Survivor regions: 19->21(31)
[2025-03-04T16:25:41.894+0000][637.281s] GC(116) Old regions: 154->171
[2025-03-04T16:25:41.894+0000][637.281s] GC(116) Archive regions: 2->2
[2025-03-04T16:25:41.894+0000][637.281s] GC(116) Humongous regions: 4->4
[2025-03-04T16:25:41.894+0000][637.281s] GC(116) Metaspace: 62515K(63040K)->62515K(63040K) NonClass: 54971K(55232K)->54971K(55232K) Class: 7544K(7808K)->7544K(7808K)
[2025-03-04T16:25:41.894+0000][637.281s] GC(116) Pause Young (Normal) (G1 Evacuation Pause) 405M->195M(512M) 7.276ms
[2025-03-04T16:25:41.894+0000][637.281s] GC(116) User=0.03s Sys=0.00s Real=0.00s
[2025-03-04T16:25:43.951+0000][639.338s] GC(117) Pause Young (Normal) (G1 Evacuation Pause)
[2025-03-04T16:25:43.951+0000][639.338s] GC(117) Using 13 workers of 13 for evacuation
[2025-03-04T16:25:43.957+0000][639.345s] GC(117)   Pre Evacuate Collection Set: 0.2ms
[2025-03-04T16:25:43.958+0000][639.345s] GC(117)   Merge Heap Roots: 0.1ms
[2025-03-04T16:25:43.958+0000][639.345s] GC(117)   Evacuate Collection Set: 5.2ms
[2025-03-04T16:25:43.958+0000][639.345s] GC(117)   Post Evacuate Collection Set: 0.6ms
[2025-03-04T16:25:43.958+0000][639.345s] GC(117)   Other: 0.3ms
[2025-03-04T16:25:43.958+0000][639.346s] GC(117) Eden regions: 211->0(192)
[2025-03-04T16:25:43.959+0000][639.346s] GC(117) Survivor regions: 21->22(29)
[2025-03-04T16:25:43.959+0000][639.346s] GC(117) Old regions: 171->191
[2025-03-04T16:25:43.959+0000][639.346s] GC(117) Archive regions: 2->2
[2025-03-04T16:25:43.959+0000][639.346s] GC(117) Humongous regions: 4->4
[2025-03-04T16:25:43.959+0000][639.346s] GC(117) Metaspace: 62515K(63040K)->62515K(63040K) NonClass: 54971K(55232K)->54971K(55232K) Class: 7544K(7808K)->7544K(7808K)
[2025-03-04T16:25:43.959+0000][639.346s] GC(117) Pause Young (Normal) (G1 Evacuation Pause) 406M->217M(512M) 8.146ms
[2025-03-04T16:25:43.959+0000][639.346s] GC(117) User=0.05s Sys=0.00s Real=0.01s
[2025-03-04T16:25:45.227+0000][640.614s] GC(118) Pause Young (Normal) (G1 Evacuation Pause)
[2025-03-04T16:25:45.228+0000][640.615s] GC(118) Using 13 workers of 13 for evacuation
[2025-03-04T16:25:45.231+0000][640.618s] GC(118)   Pre Evacuate Collection Set: 0.2ms
[2025-03-04T16:25:45.232+0000][640.619s] GC(118)   Merge Heap Roots: 0.1ms
[2025-03-04T16:25:45.232+0000][640.619s] GC(118)   Evacuate Collection Set: 2.7ms
[2025-03-04T16:25:45.233+0000][640.620s] GC(118)   Post Evacuate Collection Set: 0.6ms
[2025-03-04T16:25:45.233+0000][640.620s] GC(118)   Other: 0.4ms
[2025-03-04T16:25:45.234+0000][640.621s] GC(118) Eden regions: 192->0(181)
[2025-03-04T16:25:45.234+0000][640.621s] GC(118) Survivor regions: 22->16(27)
[2025-03-04T16:25:45.234+0000][640.622s] GC(118) Old regions: 191->212
[2025-03-04T16:25:45.235+0000][640.622s] GC(118) Archive regions: 2->2
[2025-03-04T16:25:45.235+0000][640.622s] GC(118) Humongous regions: 4->4
[2025-03-04T16:25:45.236+0000][640.623s] GC(118) Metaspace: 62521K(63040K)->62521K(63040K) NonClass: 54977K(55232K)->54977K(55232K) Class: 7544K(7808K)->7544K(7808K)
[2025-03-04T16:25:45.236+0000][640.623s] GC(118) Pause Young (Normal) (G1 Evacuation Pause) 409M->232M(512M) 8.469ms
[2025-03-04T16:25:45.236+0000][640.623s] GC(118) User=0.02s Sys=0.00s Real=0.01s
[2025-03-04T16:25:46.889+0000][642.276s] GC(119) Pause Young (Normal) (G1 Evacuation Pause)
[2025-03-04T16:25:46.889+0000][642.276s] GC(119) Using 13 workers of 13 for evacuation
[2025-03-04T16:25:46.895+0000][642.282s] GC(119)   Pre Evacuate Collection Set: 0.2ms
[2025-03-04T16:25:46.895+0000][642.282s] GC(119)   Merge Heap Roots: 0.2ms
[2025-03-04T16:25:46.895+0000][642.282s] GC(119)   Evacuate Collection Set: 4.0ms
[2025-03-04T16:25:46.895+0000][642.282s] GC(119)   Post Evacuate Collection Set: 0.9ms
[2025-03-04T16:25:46.895+0000][642.282s] GC(119)   Other: 0.4ms
[2025-03-04T16:25:46.896+0000][642.283s] GC(119) Eden regions: 181->0(164)
[2025-03-04T16:25:46.896+0000][642.283s] GC(119) Survivor regions: 16->20(25)
[2025-03-04T16:25:46.896+0000][642.283s] GC(119) Old regions: 212->227
[2025-03-04T16:25:46.896+0000][642.283s] GC(119) Archive regions: 2->2
[2025-03-04T16:25:46.896+0000][642.283s] GC(119) Humongous regions: 4->4
[2025-03-04T16:25:46.896+0000][642.283s] GC(119) Metaspace: 62521K(63040K)->62521K(63040K) NonClass: 54977K(55232K)->54977K(55232K) Class: 7544K(7808K)->7544K(7808K)
[2025-03-04T16:25:46.896+0000][642.283s] GC(119) Pause Young (Normal) (G1 Evacuation Pause) 413M->250M(512M) 7.284ms
[2025-03-04T16:25:46.896+0000][642.283s] GC(119) User=0.03s Sys=0.00s Real=0.01s
[2025-03-04T16:25:48.255+0000][643.639s] GC(120) Pause Young (Normal) (G1 Evacuation Pause)
[2025-03-04T16:25:48.255+0000][643.639s] GC(120) Using 13 workers of 13 for evacuation
[2025-03-04T16:25:48.259+0000][643.643s] GC(120)   Pre Evacuate Collection Set: 0.2ms
[2025-03-04T16:25:48.262+0000][643.646s] GC(120)   Merge Heap Roots: 0.1ms
[2025-03-04T16:25:48.263+0000][643.646s] GC(120)   Evacuate Collection Set: 2.4ms
[2025-03-04T16:25:48.263+0000][643.647s] GC(120)   Post Evacuate Collection Set: 0.7ms
[2025-03-04T16:25:48.263+0000][643.647s] GC(120)   Other: 0.9ms
[2025-03-04T16:25:48.264+0000][643.647s] GC(120) Eden regions: 164->0(156)
[2025-03-04T16:25:48.264+0000][643.648s] GC(120) Survivor regions: 20->13(23)
[2025-03-04T16:25:48.264+0000][643.648s] GC(120) Old regions: 227->246
[2025-03-04T16:25:48.264+0000][643.648s] GC(120) Archive regions: 2->2
[2025-03-04T16:25:48.265+0000][643.649s] GC(120) Humongous regions: 4->4
[2025-03-04T16:25:48.265+0000][643.649s] GC(120) Metaspace: 62521K(63040K)->62521K(63040K) NonClass: 54977K(55232K)->54977K(55232K) Class: 7544K(7808K)->7544K(7808K)
[2025-03-04T16:25:48.265+0000][643.649s] GC(120) Pause Young (Normal) (G1 Evacuation Pause) 414M->262M(512M) 10.198ms
[2025-03-04T16:25:48.265+0000][643.649s] GC(120) User=0.00s Sys=0.01s Real=0.01s
[2025-03-04T16:25:49.812+0000][645.196s] GC(121) Pause Young (Concurrent Start) (G1 Evacuation Pause)
[2025-03-04T16:25:49.813+0000][645.196s] GC(121) Using 13 workers of 13 for evacuation
[2025-03-04T16:25:49.816+0000][645.200s] GC(121)   Pre Evacuate Collection Set: 0.2ms
[2025-03-04T16:25:49.816+0000][645.200s] GC(121)   Merge Heap Roots: 0.1ms
[2025-03-04T16:25:49.817+0000][645.200s] GC(121)   Evacuate Collection Set: 2.4ms
[2025-03-04T16:25:49.817+0000][645.201s] GC(121)   Post Evacuate Collection Set: 0.6ms
[2025-03-04T16:25:49.817+0000][645.201s] GC(121)   Other: 0.4ms
[2025-03-04T16:25:49.817+0000][645.201s] GC(121) Eden regions: 156->0(143)
[2025-03-04T16:25:49.817+0000][645.201s] GC(121) Survivor regions: 13->16(22)
[2025-03-04T16:25:49.817+0000][645.201s] GC(121) Old regions: 246->258
[2025-03-04T16:25:49.817+0000][645.201s] GC(121) Archive regions: 2->2
[2025-03-04T16:25:49.818+0000][645.201s] GC(121) Humongous regions: 4->4
[2025-03-04T16:25:49.818+0000][645.201s] GC(121) Metaspace: 62522K(63040K)->62522K(63040K) NonClass: 54978K(55232K)->54978K(55232K) Class: 7544K(7808K)->7544K(7808K)
[2025-03-04T16:25:49.818+0000][645.202s] GC(121) Pause Young (Concurrent Start) (G1 Evacuation Pause) 418M->277M(512M) 5.375ms
[2025-03-04T16:25:49.818+0000][645.202s] GC(121) User=0.01s Sys=0.00s Real=0.00s
[2025-03-04T16:25:49.818+0000][645.202s] GC(122) Concurrent Mark Cycle
[2025-03-04T16:25:49.818+0000][645.202s] GC(122) Concurrent Clear Claimed Marks
[2025-03-04T16:25:49.819+0000][645.202s] GC(122) Concurrent Clear Claimed Marks 0.228ms
[2025-03-04T16:25:49.819+0000][645.203s] GC(122) Concurrent Scan Root Regions
[2025-03-04T16:25:49.819+0000][645.203s] GC(122) Concurrent Scan Root Regions 0.702ms
[2025-03-04T16:25:49.820+0000][645.203s] GC(122) Concurrent Mark
[2025-03-04T16:25:49.820+0000][645.204s] GC(122) Concurrent Mark From Roots
[2025-03-04T16:25:49.820+0000][645.204s] GC(122) Using 3 workers of 3 for marking
[2025-03-04T16:25:49.851+0000][645.234s] GC(122) Concurrent Mark From Roots 30.716ms
[2025-03-04T16:25:49.851+0000][645.235s] GC(122) Concurrent Preclean
[2025-03-04T16:25:49.851+0000][645.235s] GC(122) Concurrent Preclean 0.353ms
[2025-03-04T16:25:49.859+0000][645.243s] GC(122) Pause Remark
[2025-03-04T16:25:49.863+0000][645.247s] GC(122) Pause Remark 279M->157M(512M) 4.460ms
[2025-03-04T16:25:49.864+0000][645.247s] GC(122) User=0.02s Sys=0.00s Real=0.01s
[2025-03-04T16:25:49.864+0000][645.248s] GC(122) Concurrent Mark 44.402ms
[2025-03-04T16:25:49.864+0000][645.248s] GC(122) Concurrent Rebuild Remembered Sets
[2025-03-04T16:25:49.873+0000][645.257s] GC(122) Concurrent Rebuild Remembered Sets 8.987ms
[2025-03-04T16:25:49.880+0000][645.264s] GC(122) Pause Cleanup
[2025-03-04T16:25:49.880+0000][645.264s] GC(122) Pause Cleanup 157M->157M(512M) 0.514ms
[2025-03-04T16:25:49.881+0000][645.265s] GC(122) User=0.00s Sys=0.00s Real=0.00s
[2025-03-04T16:25:49.881+0000][645.265s] GC(122) Concurrent Cleanup for Next Mark
[2025-03-04T16:25:49.882+0000][645.266s] GC(122) Concurrent Cleanup for Next Mark 1.257ms
[2025-03-04T16:25:49.883+0000][645.267s] GC(122) Concurrent Mark Cycle 64.807ms
[2025-03-04T16:25:50.626+0000][646.010s] GC(123) Pause Young (Prepare Mixed) (G1 Evacuation Pause)
[2025-03-04T16:25:50.627+0000][646.011s] GC(123) Using 13 workers of 13 for evacuation
[2025-03-04T16:25:50.630+0000][646.014s] GC(123)   Pre Evacuate Collection Set: 0.2ms
[2025-03-04T16:25:50.631+0000][646.015s] GC(123)   Merge Heap Roots: 0.2ms
[2025-03-04T16:25:50.631+0000][646.015s] GC(123)   Evacuate Collection Set: 2.0ms
[2025-03-04T16:25:50.631+0000][646.015s] GC(123)   Post Evacuate Collection Set: 0.8ms
[2025-03-04T16:25:50.632+0000][646.016s] GC(123)   Other: 0.7ms
[2025-03-04T16:25:50.632+0000][646.016s] GC(123) Eden regions: 143->0(17)
[2025-03-04T16:25:50.632+0000][646.016s] GC(123) Survivor regions: 16->8(20)
[2025-03-04T16:25:50.633+0000][646.016s] GC(123) Old regions: 136->151
[2025-03-04T16:25:50.633+0000][646.017s] GC(123) Archive regions: 2->2
[2025-03-04T16:25:50.633+0000][646.017s] GC(123) Humongous regions: 4->4
[2025-03-04T16:25:50.633+0000][646.017s] GC(123) Metaspace: 62524K(63040K)->62524K(63040K) NonClass: 54980K(55232K)->54980K(55232K) Class: 7544K(7808K)->7544K(7808K)
[2025-03-04T16:25:50.634+0000][646.018s] GC(123) Pause Young (Prepare Mixed) (G1 Evacuation Pause) 298M->162M(512M) 7.323ms
[2025-03-04T16:25:50.634+0000][646.018s] GC(123) User=0.00s Sys=0.02s Real=0.01s
[2025-03-04T16:25:50.691+0000][646.075s] GC(124) Pause Young (Mixed) (G1 Evacuation Pause)
[2025-03-04T16:25:50.691+0000][646.075s] GC(124) Using 13 workers of 13 for evacuation
[2025-03-04T16:25:50.693+0000][646.077s] GC(124)   Pre Evacuate Collection Set: 0.2ms
[2025-03-04T16:25:50.694+0000][646.078s] GC(124)   Merge Heap Roots: 0.1ms
[2025-03-04T16:25:50.694+0000][646.078s] GC(124)   Evacuate Collection Set: 1.2ms
[2025-03-04T16:25:50.694+0000][646.078s] GC(124)   Post Evacuate Collection Set: 0.5ms
[2025-03-04T16:25:50.695+0000][646.078s] GC(124)   Other: 0.7ms
[2025-03-04T16:25:50.695+0000][646.079s] GC(124) Eden regions: 17->0(23)
[2025-03-04T16:25:50.695+0000][646.079s] GC(124) Survivor regions: 8->2(4)
[2025-03-04T16:25:50.695+0000][646.079s] GC(124) Old regions: 151->103
[2025-03-04T16:25:50.695+0000][646.079s] GC(124) Archive regions: 2->2
[2025-03-04T16:25:50.696+0000][646.080s] GC(124) Humongous regions: 4->4
[2025-03-04T16:25:50.696+0000][646.080s] GC(124) Metaspace: 62526K(63040K)->62526K(63040K) NonClass: 54982K(55232K)->54982K(55232K) Class: 7544K(7808K)->7544K(7808K)
[2025-03-04T16:25:50.696+0000][646.080s] GC(124) Pause Young (Mixed) (G1 Evacuation Pause) 179M->108M(512M) 5.412ms
[2025-03-04T16:25:50.696+0000][646.080s] GC(124) User=0.01s Sys=0.00s Real=0.00s
[2025-03-04T16:25:50.782+0000][646.166s] GC(125) Pause Young (Mixed) (G1 Evacuation Pause)
[2025-03-04T16:25:50.783+0000][646.166s] GC(125) Using 13 workers of 13 for evacuation
[2025-03-04T16:25:50.785+0000][646.169s] GC(125)   Pre Evacuate Collection Set: 0.4ms
[2025-03-04T16:25:50.785+0000][646.169s] GC(125)   Merge Heap Roots: 0.2ms
[2025-03-04T16:25:50.786+0000][646.170s] GC(125)   Evacuate Collection Set: 0.8ms
[2025-03-04T16:25:50.786+0000][646.170s] GC(125)   Post Evacuate Collection Set: 0.6ms
[2025-03-04T16:25:50.786+0000][646.170s] GC(125)   Other: 0.8ms
[2025-03-04T16:25:50.787+0000][646.170s] GC(125) Eden regions: 23->0(287)
[2025-03-04T16:25:50.787+0000][646.171s] GC(125) Survivor regions: 2->4(4)
[2025-03-04T16:25:50.787+0000][646.171s] GC(125) Old regions: 103->97
[2025-03-04T16:25:50.787+0000][646.171s] GC(125) Archive regions: 2->2
[2025-03-04T16:25:50.787+0000][646.171s] GC(125) Humongous regions: 4->4
[2025-03-04T16:25:50.788+0000][646.172s] GC(125) Metaspace: 62526K(63040K)->62526K(63040K) NonClass: 54982K(55232K)->54982K(55232K) Class: 7544K(7808K)->7544K(7808K)
[2025-03-04T16:25:50.788+0000][646.172s] GC(125) Pause Young (Mixed) (G1 Evacuation Pause) 131M->105M(512M) 5.634ms
[2025-03-04T16:25:50.788+0000][646.172s] GC(125) User=0.01s Sys=0.00s Real=0.00s
[2025-03-04T16:25:52.405+0000][647.789s] GC(126) Pause Young (Normal) (G1 Evacuation Pause)
[2025-03-04T16:25:52.406+0000][647.789s] GC(126) Using 13 workers of 13 for evacuation
[2025-03-04T16:25:52.409+0000][647.793s] GC(126)   Pre Evacuate Collection Set: 0.3ms
[2025-03-04T16:25:52.409+0000][647.793s] GC(126)   Merge Heap Roots: 0.2ms
[2025-03-04T16:25:52.409+0000][647.793s] GC(126)   Evacuate Collection Set: 1.8ms
[2025-03-04T16:25:52.410+0000][647.794s] GC(126)   Post Evacuate Collection Set: 0.7ms
[2025-03-04T16:25:52.410+0000][647.794s] GC(126)   Other: 0.7ms
[2025-03-04T16:25:52.410+0000][647.794s] GC(126) Eden regions: 287->0(280)
[2025-03-04T16:25:52.411+0000][647.794s] GC(126) Survivor regions: 4->17(37)
[2025-03-04T16:25:52.411+0000][647.795s] GC(126) Old regions: 97->97
[2025-03-04T16:25:52.411+0000][647.795s] GC(126) Archive regions: 2->2
[2025-03-04T16:25:52.412+0000][647.795s] GC(126) Humongous regions: 4->4
[2025-03-04T16:25:52.412+0000][647.796s] GC(126) Metaspace: 62536K(63040K)->62536K(63040K) NonClass: 54992K(55232K)->54992K(55232K) Class: 7544K(7808K)->7544K(7808K)
[2025-03-04T16:25:52.412+0000][647.796s] GC(126) Pause Young (Normal) (G1 Evacuation Pause) 392M->117M(512M) 6.870ms
[2025-03-04T16:25:52.412+0000][647.796s] GC(126) User=0.01s Sys=0.00s Real=0.01s
[2025-03-04T16:25:54.710+0000][650.094s] GC(127) Pause Young (Normal) (G1 Evacuation Pause)
[2025-03-04T16:25:54.710+0000][650.094s] GC(127) Using 13 workers of 13 for evacuation
[2025-03-04T16:25:54.714+0000][650.098s] GC(127)   Pre Evacuate Collection Set: 0.2ms
[2025-03-04T16:25:54.714+0000][650.098s] GC(127)   Merge Heap Roots: 0.1ms
[2025-03-04T16:25:54.714+0000][650.098s] GC(127)   Evacuate Collection Set: 2.3ms
[2025-03-04T16:25:54.714+0000][650.098s] GC(127)   Post Evacuate Collection Set: 0.7ms
[2025-03-04T16:25:54.715+0000][650.099s] GC(127)   Other: 0.5ms
[2025-03-04T16:25:54.715+0000][650.099s] GC(127) Eden regions: 280->0(281)
[2025-03-04T16:25:54.715+0000][650.099s] GC(127) Survivor regions: 17->20(38)
[2025-03-04T16:25:54.715+0000][650.099s] GC(127) Old regions: 97->97
[2025-03-04T16:25:54.716+0000][650.099s] GC(127) Archive regions: 2->2
[2025-03-04T16:25:54.716+0000][650.100s] GC(127) Humongous regions: 4->4
[2025-03-04T16:25:54.716+0000][650.100s] GC(127) Metaspace: 62542K(63040K)->62542K(63040K) NonClass: 54998K(55232K)->54998K(55232K) Class: 7544K(7808K)->7544K(7808K)
[2025-03-04T16:25:54.716+0000][650.100s] GC(127) Pause Young (Normal) (G1 Evacuation Pause) 397M->121M(512M) 5.997ms
[2025-03-04T16:25:54.716+0000][650.100s] GC(127) User=0.01s Sys=0.00s Real=0.00s
[2025-03-04T16:25:56.937+0000][652.321s] GC(128) Pause Young (Normal) (G1 Evacuation Pause)
[2025-03-04T16:25:56.937+0000][652.321s] GC(128) Using 13 workers of 13 for evacuation
[2025-03-04T16:25:56.941+0000][652.325s] GC(128)   Pre Evacuate Collection Set: 0.3ms
[2025-03-04T16:25:56.941+0000][652.325s] GC(128)   Merge Heap Roots: 0.2ms
[2025-03-04T16:25:56.942+0000][652.325s] GC(128)   Evacuate Collection Set: 1.8ms
[2025-03-04T16:25:56.942+0000][652.326s] GC(128)   Post Evacuate Collection Set: 1.2ms
[2025-03-04T16:25:56.942+0000][652.326s] GC(128)   Other: 0.8ms
[2025-03-04T16:25:56.942+0000][652.326s] GC(128) Eden regions: 281->0(292)
[2025-03-04T16:25:56.943+0000][652.326s] GC(128) Survivor regions: 20->13(38)
[2025-03-04T16:25:56.943+0000][652.327s] GC(128) Old regions: 97->99
[2025-03-04T16:25:56.943+0000][652.327s] GC(128) Archive regions: 2->2
[2025-03-04T16:25:56.943+0000][652.327s] GC(128) Humongous regions: 4->4
[2025-03-04T16:25:56.944+0000][652.327s] GC(128) Metaspace: 62657K(63104K)->62657K(63104K) NonClass: 55096K(55296K)->55096K(55296K) Class: 7560K(7808K)->7560K(7808K)
[2025-03-04T16:25:56.944+0000][652.328s] GC(128) Pause Young (Normal) (G1 Evacuation Pause) 402M->115M(512M) 7.198ms
[2025-03-04T16:25:56.944+0000][652.328s] GC(128) User=0.02s Sys=0.00s Real=0.01s
[2025-03-04T16:25:59.929+0000][655.313s] GC(129) Pause Young (Normal) (G1 Evacuation Pause)
[2025-03-04T16:25:59.929+0000][655.313s] GC(129) Using 13 workers of 13 for evacuation
[2025-03-04T16:25:59.933+0000][655.317s] GC(129)   Pre Evacuate Collection Set: 0.2ms
[2025-03-04T16:25:59.934+0000][655.317s] GC(129)   Merge Heap Roots: 0.1ms
[2025-03-04T16:25:59.934+0000][655.318s] GC(129)   Evacuate Collection Set: 2.8ms
[2025-03-04T16:25:59.934+0000][655.318s] GC(129)   Post Evacuate Collection Set: 0.7ms
[2025-03-04T16:25:59.934+0000][655.318s] GC(129)   Other: 0.7ms
[2025-03-04T16:25:59.934+0000][655.318s] GC(129) Eden regions: 292->0(264)
[2025-03-04T16:25:59.935+0000][655.319s] GC(129) Survivor regions: 13->38(39)
[2025-03-04T16:25:59.935+0000][655.319s] GC(129) Old regions: 99->99
[2025-03-04T16:25:59.935+0000][655.319s] GC(129) Archive regions: 2->2
[2025-03-04T16:25:59.935+0000][655.319s] GC(129) Humongous regions: 4->4
[2025-03-04T16:25:59.935+0000][655.319s] GC(129) Metaspace: 62657K(63104K)->62657K(63104K) NonClass: 55096K(55296K)->55096K(55296K) Class: 7560K(7808K)->7560K(7808K)
[2025-03-04T16:25:59.936+0000][655.320s] GC(129) Pause Young (Normal) (G1 Evacuation Pause) 407M->140M(512M) 6.817ms
[2025-03-04T16:25:59.936+0000][655.320s] GC(129) User=0.01s Sys=0.00s Real=0.01s
[2025-03-04T16:26:02.528+0000][657.912s] GC(130) Pause Young (Normal) (G1 Evacuation Pause)
[2025-03-04T16:26:02.532+0000][657.916s] GC(130) Using 13 workers of 13 for evacuation
[2025-03-04T16:26:02.547+0000][657.931s] GC(130)   Pre Evacuate Collection Set: 0.2ms
[2025-03-04T16:26:02.552+0000][657.935s] GC(130)   Merge Heap Roots: 0.1ms
[2025-03-04T16:26:02.552+0000][657.936s] GC(130)   Evacuate Collection Set: 3.7ms
[2025-03-04T16:26:02.552+0000][657.936s] GC(130)   Post Evacuate Collection Set: 0.7ms
[2025-03-04T16:26:02.552+0000][657.936s] GC(130)   Other: 14.1ms
[2025-03-04T16:26:02.552+0000][657.936s] GC(130) Eden regions: 264->0(265)
[2025-03-04T16:26:02.553+0000][657.936s] GC(130) Survivor regions: 38->24(38)
[2025-03-04T16:26:02.553+0000][657.937s] GC(130) Old regions: 99->109
[2025-03-04T16:26:02.553+0000][657.937s] GC(130) Archive regions: 2->2
[2025-03-04T16:26:02.553+0000][657.937s] GC(130) Humongous regions: 4->4
[2025-03-04T16:26:02.553+0000][657.937s] GC(130) Metaspace: 62657K(63104K)->62657K(63104K) NonClass: 55096K(55296K)->55096K(55296K) Class: 7560K(7808K)->7560K(7808K)
[2025-03-04T16:26:02.554+0000][657.937s] GC(130) Pause Young (Normal) (G1 Evacuation Pause) 404M->136M(512M) 25.605ms
[2025-03-04T16:26:02.554+0000][657.938s] GC(130) User=0.03s Sys=0.00s Real=0.03s
[2025-03-04T16:26:05.203+0000][660.586s] GC(131) Pause Young (Normal) (G1 Evacuation Pause)
[2025-03-04T16:26:05.203+0000][660.587s] GC(131) Using 13 workers of 13 for evacuation
[2025-03-04T16:26:05.209+0000][660.593s] GC(131)   Pre Evacuate Collection Set: 0.2ms
[2025-03-04T16:26:05.209+0000][660.593s] GC(131)   Merge Heap Roots: 0.1ms
[2025-03-04T16:26:05.210+0000][660.593s] GC(131)   Evacuate Collection Set: 4.7ms
[2025-03-04T16:26:05.210+0000][660.594s] GC(131)   Post Evacuate Collection Set: 0.8ms
[2025-03-04T16:26:05.210+0000][660.594s] GC(131)   Other: 0.4ms
[2025-03-04T16:26:05.210+0000][660.594s] GC(131) Eden regions: 265->0(245)
[2025-03-04T16:26:05.210+0000][660.594s] GC(131) Survivor regions: 24->23(37)
[2025-03-04T16:26:05.210+0000][660.594s] GC(131) Old regions: 109->132
[2025-03-04T16:26:05.210+0000][660.594s] GC(131) Archive regions: 2->2
[2025-03-04T16:26:05.210+0000][660.594s] GC(131) Humongous regions: 4->4
[2025-03-04T16:26:05.210+0000][660.594s] GC(131) Metaspace: 62657K(63104K)->62657K(63104K) NonClass: 55097K(55296K)->55097K(55296K) Class: 7560K(7808K)->7560K(7808K)
[2025-03-04T16:26:05.210+0000][660.594s] GC(131) Pause Young (Normal) (G1 Evacuation Pause) 401M->159M(512M) 7.954ms
[2025-03-04T16:26:05.211+0000][660.594s] GC(131) User=0.01s Sys=0.00s Real=0.01s
[2025-03-04T16:26:06.918+0000][662.302s] GC(132) Pause Young (Normal) (G1 Evacuation Pause)
[2025-03-04T16:26:06.918+0000][662.302s] GC(132) Using 13 workers of 13 for evacuation
[2025-03-04T16:26:06.922+0000][662.306s] GC(132)   Pre Evacuate Collection Set: 0.2ms
[2025-03-04T16:26:06.922+0000][662.306s] GC(132)   Merge Heap Roots: 0.2ms
[2025-03-04T16:26:06.923+0000][662.306s] GC(132)   Evacuate Collection Set: 2.5ms
[2025-03-04T16:26:06.923+0000][662.307s] GC(132)   Post Evacuate Collection Set: 0.8ms
[2025-03-04T16:26:06.923+0000][662.307s] GC(132)   Other: 0.6ms
[2025-03-04T16:26:06.923+0000][662.307s] GC(132) Eden regions: 245->0(236)
[2025-03-04T16:26:06.924+0000][662.307s] GC(132) Survivor regions: 23->15(34)
[2025-03-04T16:26:06.924+0000][662.308s] GC(132) Old regions: 132->153
[2025-03-04T16:26:06.924+0000][662.308s] GC(132) Archive regions: 2->2
[2025-03-04T16:26:06.924+0000][662.308s] GC(132) Humongous regions: 4->4
[2025-03-04T16:26:06.925+0000][662.309s] GC(132) Metaspace: 62658K(63104K)->62658K(63104K) NonClass: 55098K(55296K)->55098K(55296K) Class: 7560K(7808K)->7560K(7808K)
[2025-03-04T16:26:06.925+0000][662.309s] GC(132) Pause Young (Normal) (G1 Evacuation Pause) 404M->171M(512M) 7.438ms
[2025-03-04T16:26:06.926+0000][662.309s] GC(132) User=0.03s Sys=0.00s Real=0.01s
[2025-03-04T16:26:07.971+0000][663.355s] GC(133) Pause Young (Normal) (G1 Evacuation Pause)
[2025-03-04T16:26:07.972+0000][663.356s] GC(133) Using 13 workers of 13 for evacuation
[2025-03-04T16:26:07.975+0000][663.358s] GC(133)   Pre Evacuate Collection Set: 0.2ms
[2025-03-04T16:26:07.975+0000][663.359s] GC(133)   Merge Heap Roots: 0.1ms
[2025-03-04T16:26:07.975+0000][663.359s] GC(133)   Evacuate Collection Set: 1.3ms
[2025-03-04T16:26:07.976+0000][663.360s] GC(133)   Post Evacuate Collection Set: 0.7ms
[2025-03-04T16:26:07.976+0000][663.360s] GC(133)   Other: 0.9ms
[2025-03-04T16:26:07.976+0000][663.360s] GC(133) Eden regions: 236->0(242)
[2025-03-04T16:26:07.977+0000][663.360s] GC(133) Survivor regions: 15->13(32)
[2025-03-04T16:26:07.977+0000][663.361s] GC(133) Old regions: 153->153
[2025-03-04T16:26:07.977+0000][663.361s] GC(133) Archive regions: 2->2
[2025-03-04T16:26:07.977+0000][663.361s] GC(133) Humongous regions: 4->4
[2025-03-04T16:26:07.978+0000][663.361s] GC(133) Metaspace: 62677K(63168K)->62677K(63168K) NonClass: 55117K(55360K)->55117K(55360K) Class: 7560K(7808K)->7560K(7808K)
[2025-03-04T16:26:07.978+0000][663.362s] GC(133) Pause Young (Normal) (G1 Evacuation Pause) 407M->169M(512M) 6.451ms
[2025-03-04T16:26:07.978+0000][663.362s] GC(133) User=0.01s Sys=0.00s Real=0.00s
[2025-03-04T16:26:09.253+0000][664.637s] GC(134) Pause Young (Normal) (G1 Evacuation Pause)
[2025-03-04T16:26:09.262+0000][664.646s] GC(134) Using 13 workers of 13 for evacuation
[2025-03-04T16:26:09.265+0000][664.649s] GC(134)   Pre Evacuate Collection Set: 0.2ms
[2025-03-04T16:26:09.266+0000][664.650s] GC(134)   Merge Heap Roots: 0.2ms
[2025-03-04T16:26:09.266+0000][664.650s] GC(134)   Evacuate Collection Set: 1.5ms
[2025-03-04T16:26:09.266+0000][664.650s] GC(134)   Post Evacuate Collection Set: 0.6ms
[2025-03-04T16:26:09.267+0000][664.650s] GC(134)   Other: 9.4ms
[2025-03-04T16:26:09.267+0000][664.651s] GC(134) Eden regions: 242->0(243)
[2025-03-04T16:26:09.267+0000][664.651s] GC(134) Survivor regions: 13->13(32)
[2025-03-04T16:26:09.267+0000][664.651s] GC(134) Old regions: 153->153
[2025-03-04T16:26:09.268+0000][664.651s] GC(134) Archive regions: 2->2
[2025-03-04T16:26:09.268+0000][664.652s] GC(134) Humongous regions: 4->4
[2025-03-04T16:26:09.268+0000][664.652s] GC(134) Metaspace: 62687K(63168K)->62687K(63168K) NonClass: 55126K(55360K)->55126K(55360K) Class: 7560K(7808K)->7560K(7808K)
[2025-03-04T16:26:09.268+0000][664.652s] GC(134) Pause Young (Normal) (G1 Evacuation Pause) 411M->170M(512M) 14.845ms
[2025-03-04T16:26:09.269+0000][664.652s] GC(134) User=0.01s Sys=0.00s Real=0.01s
[2025-03-04T16:26:11.748+0000][667.132s] GC(135) Pause Young (Normal) (G1 Evacuation Pause)
[2025-03-04T16:26:11.748+0000][667.132s] GC(135) Using 13 workers of 13 for evacuation
[2025-03-04T16:26:11.754+0000][667.138s] GC(135)   Pre Evacuate Collection Set: 0.2ms
[2025-03-04T16:26:11.754+0000][667.138s] GC(135)   Merge Heap Roots: 0.1ms
[2025-03-04T16:26:11.754+0000][667.138s] GC(135)   Evacuate Collection Set: 4.1ms
[2025-03-04T16:26:11.755+0000][667.138s] GC(135)   Post Evacuate Collection Set: 1.0ms
[2025-03-04T16:26:11.755+0000][667.139s] GC(135)   Other: 0.4ms
[2025-03-04T16:26:11.755+0000][667.139s] GC(135) Eden regions: 243->0(219)
[2025-03-04T16:26:11.755+0000][667.139s] GC(135) Survivor regions: 13->32(32)
[2025-03-04T16:26:11.755+0000][667.139s] GC(135) Old regions: 153->154
[2025-03-04T16:26:11.755+0000][667.139s] GC(135) Archive regions: 2->2
[2025-03-04T16:26:11.756+0000][667.139s] GC(135) Humongous regions: 4->4
[2025-03-04T16:26:11.756+0000][667.139s] GC(135) Metaspace: 62690K(63168K)->62690K(63168K) NonClass: 55129K(55360K)->55129K(55360K) Class: 7561K(7808K)->7561K(7808K)
[2025-03-04T16:26:11.756+0000][667.140s] GC(135) Pause Young (Normal) (G1 Evacuation Pause) 413M->190M(512M) 7.722ms
[2025-03-04T16:26:11.756+0000][667.140s] GC(135) User=0.01s Sys=0.00s Real=0.01s
[2025-03-04T16:26:13.486+0000][668.870s] GC(136) Pause Young (Normal) (G1 Evacuation Pause)
[2025-03-04T16:26:13.488+0000][668.872s] GC(136) Using 13 workers of 13 for evacuation
[2025-03-04T16:26:13.494+0000][668.878s] GC(136)   Pre Evacuate Collection Set: 0.2ms
[2025-03-04T16:26:13.495+0000][668.879s] GC(136)   Merge Heap Roots: 0.2ms
[2025-03-04T16:26:13.495+0000][668.879s] GC(136)   Evacuate Collection Set: 3.7ms
[2025-03-04T16:26:13.496+0000][668.880s] GC(136)   Post Evacuate Collection Set: 1.2ms
[2025-03-04T16:26:13.497+0000][668.880s] GC(136)   Other: 2.5ms
[2025-03-04T16:26:13.497+0000][668.881s] GC(136) Eden regions: 219->0(219)
[2025-03-04T16:26:13.498+0000][668.881s] GC(136) Survivor regions: 32->18(32)
[2025-03-04T16:26:13.498+0000][668.882s] GC(136) Old regions: 154->169
[2025-03-04T16:26:13.499+0000][668.883s] GC(136) Archive regions: 2->2
[2025-03-04T16:26:13.499+0000][668.883s] GC(136) Humongous regions: 4->4
[2025-03-04T16:26:13.500+0000][668.884s] GC(136) Metaspace: 62697K(63168K)->62697K(63168K) NonClass: 55136K(55360K)->55136K(55360K) Class: 7561K(7808K)->7561K(7808K)
[2025-03-04T16:26:13.500+0000][668.884s] GC(136) Pause Young (Normal) (G1 Evacuation Pause) 409M->191M(512M) 14.054ms
[2025-03-04T16:26:13.501+0000][668.885s] GC(136) User=0.01s Sys=0.01s Real=0.02s
[2025-03-04T16:26:15.403+0000][670.786s] GC(137) Pause Young (Normal) (G1 Evacuation Pause)
[2025-03-04T16:26:15.403+0000][670.787s] GC(137) Using 13 workers of 13 for evacuation
[2025-03-04T16:26:15.406+0000][670.790s] GC(137)   Pre Evacuate Collection Set: 0.2ms
[2025-03-04T16:26:15.407+0000][670.791s] GC(137)   Merge Heap Roots: 0.1ms
[2025-03-04T16:26:15.408+0000][670.792s] GC(137)   Evacuate Collection Set: 1.4ms
[2025-03-04T16:26:15.408+0000][670.792s] GC(137)   Post Evacuate Collection Set: 0.7ms
[2025-03-04T16:26:15.409+0000][670.793s] GC(137)   Other: 1.3ms
[2025-03-04T16:26:15.410+0000][670.794s] GC(137) Eden regions: 219->0(238)
[2025-03-04T16:26:15.411+0000][670.795s] GC(137) Survivor regions: 18->4(30)
[2025-03-04T16:26:15.412+0000][670.796s] GC(137) Old regions: 169->170
[2025-03-04T16:26:15.413+0000][670.796s] GC(137) Archive regions: 2->2
[2025-03-04T16:26:15.415+0000][670.799s] GC(137) Humongous regions: 4->4
[2025-03-04T16:26:15.415+0000][670.799s] GC(137) Metaspace: 62700K(63168K)->62700K(63168K) NonClass: 55139K(55360K)->55139K(55360K) Class: 7561K(7808K)->7561K(7808K)
[2025-03-04T16:26:15.416+0000][670.800s] GC(137) Pause Young (Normal) (G1 Evacuation Pause) 410M->177M(512M) 13.724ms
[2025-03-04T16:26:15.417+0000][670.801s] GC(137) User=0.01s Sys=0.00s Real=0.01s
[2025-03-04T16:26:16.508+0000][671.892s] GC(138) Pause Young (Normal) (G1 Evacuation Pause)
[2025-03-04T16:26:16.508+0000][671.892s] GC(138) Using 13 workers of 13 for evacuation
[2025-03-04T16:26:16.512+0000][671.896s] GC(138)   Pre Evacuate Collection Set: 0.2ms
[2025-03-04T16:26:16.512+0000][671.896s] GC(138)   Merge Heap Roots: 0.2ms
[2025-03-04T16:26:16.513+0000][671.896s] GC(138)   Evacuate Collection Set: 1.9ms
[2025-03-04T16:26:16.513+0000][671.897s] GC(138)   Post Evacuate Collection Set: 1.0ms
[2025-03-04T16:26:16.513+0000][671.897s] GC(138)   Other: 0.7ms
[2025-03-04T16:26:16.513+0000][671.897s] GC(138) Eden regions: 238->0(224)
[2025-03-04T16:26:16.514+0000][671.897s] GC(138) Survivor regions: 4->19(31)
[2025-03-04T16:26:16.514+0000][671.898s] GC(138) Old regions: 170->170
[2025-03-04T16:26:16.514+0000][671.898s] GC(138) Archive regions: 2->2
[2025-03-04T16:26:16.514+0000][671.898s] GC(138) Humongous regions: 4->4
[2025-03-04T16:26:16.514+0000][671.898s] GC(138) Metaspace: 62722K(63168K)->62722K(63168K) NonClass: 55155K(55360K)->55155K(55360K) Class: 7567K(7808K)->7567K(7808K)
[2025-03-04T16:26:16.515+0000][671.898s] GC(138) Pause Young (Normal) (G1 Evacuation Pause) 415M->192M(512M) 6.669ms
[2025-03-04T16:26:16.515+0000][671.899s] GC(138) User=0.01s Sys=0.01s Real=0.01s
[2025-03-04T16:26:18.493+0000][673.878s] GC(139) Pause Young (Normal) (G1 Evacuation Pause)
[2025-03-04T16:26:18.493+0000][673.878s] GC(139) Using 13 workers of 13 for evacuation
[2025-03-04T16:26:18.497+0000][673.882s] GC(139)   Pre Evacuate Collection Set: 0.2ms
[2025-03-04T16:26:18.497+0000][673.882s] GC(139)   Merge Heap Roots: 0.1ms
[2025-03-04T16:26:18.497+0000][673.882s] GC(139)   Evacuate Collection Set: 2.5ms
[2025-03-04T16:26:18.498+0000][673.882s] GC(139)   Post Evacuate Collection Set: 0.6ms
[2025-03-04T16:26:18.498+0000][673.883s] GC(139)   Other: 0.6ms
[2025-03-04T16:26:18.498+0000][673.883s] GC(139) Eden regions: 224->0(208)
[2025-03-04T16:26:18.498+0000][673.883s] GC(139) Survivor regions: 19->31(31)
[2025-03-04T16:26:18.498+0000][673.883s] GC(139) Old regions: 170->173
[2025-03-04T16:26:18.499+0000][673.883s] GC(139) Archive regions: 2->2
[2025-03-04T16:26:18.499+0000][673.884s] GC(139) Humongous regions: 4->4
[2025-03-04T16:26:18.499+0000][673.884s] GC(139) Metaspace: 62729K(63168K)->62729K(63168K) NonClass: 55162K(55360K)->55162K(55360K) Class: 7567K(7808K)->7567K(7808K)
[2025-03-04T16:26:18.499+0000][673.884s] GC(139) Pause Young (Normal) (G1 Evacuation Pause) 416M->208M(512M) 6.346ms
[2025-03-04T16:26:18.500+0000][673.884s] GC(139) User=0.02s Sys=0.00s Real=0.01s
[2025-03-04T16:26:20.255+0000][675.640s] GC(140) Pause Young (Normal) (G1 Evacuation Pause)
[2025-03-04T16:26:20.255+0000][675.640s] GC(140) Using 13 workers of 13 for evacuation
[2025-03-04T16:26:20.259+0000][675.644s] GC(140)   Pre Evacuate Collection Set: 0.2ms
[2025-03-04T16:26:20.260+0000][675.645s] GC(140)   Merge Heap Roots: 0.1ms
[2025-03-04T16:26:20.260+0000][675.645s] GC(140)   Evacuate Collection Set: 2.4ms
[2025-03-04T16:26:20.261+0000][675.645s] GC(140)   Post Evacuate Collection Set: 0.9ms
[2025-03-04T16:26:20.261+0000][675.646s] GC(140)   Other: 0.9ms
[2025-03-04T16:26:20.261+0000][675.646s] GC(140) Eden regions: 208->0(204)
[2025-03-04T16:26:20.262+0000][675.647s] GC(140) Survivor regions: 31->18(30)
[2025-03-04T16:26:20.262+0000][675.647s] GC(140) Old regions: 173->189
[2025-03-04T16:26:20.262+0000][675.647s] GC(140) Archive regions: 2->2
[2025-03-04T16:26:20.263+0000][675.648s] GC(140) Humongous regions: 4->4
[2025-03-04T16:26:20.263+0000][675.648s] GC(140) Metaspace: 62730K(63168K)->62730K(63168K) NonClass: 55163K(55360K)->55163K(55360K) Class: 7567K(7808K)->7567K(7808K)
[2025-03-04T16:26:20.264+0000][675.649s] GC(140) Pause Young (Normal) (G1 Evacuation Pause) 416M->210M(512M) 8.873ms
[2025-03-04T16:26:20.264+0000][675.649s] GC(140) User=0.00s Sys=0.02s Real=0.01s
[2025-03-04T16:26:21.620+0000][677.005s] GC(141) Pause Young (Normal) (G1 Evacuation Pause)
[2025-03-04T16:26:21.621+0000][677.006s] GC(141) Using 13 workers of 13 for evacuation
[2025-03-04T16:26:21.625+0000][677.009s] GC(141)   Pre Evacuate Collection Set: 0.2ms
[2025-03-04T16:26:21.625+0000][677.010s] GC(141)   Merge Heap Roots: 0.2ms
[2025-03-04T16:26:21.626+0000][677.011s] GC(141)   Evacuate Collection Set: 1.7ms
[2025-03-04T16:26:21.627+0000][677.012s] GC(141)   Post Evacuate Collection Set: 1.0ms
[2025-03-04T16:26:21.628+0000][677.013s] GC(141)   Other: 1.1ms
[2025-03-04T16:26:21.629+0000][677.013s] GC(141) Eden regions: 204->0(206)
[2025-03-04T16:26:21.629+0000][677.014s] GC(141) Survivor regions: 18->16(28)
[2025-03-04T16:26:21.630+0000][677.015s] GC(141) Old regions: 189->189
[2025-03-04T16:26:21.630+0000][677.015s] GC(141) Archive regions: 2->2
[2025-03-04T16:26:21.631+0000][677.016s] GC(141) Humongous regions: 4->4
[2025-03-04T16:26:21.631+0000][677.016s] GC(141) Metaspace: 62733K(63168K)->62733K(63168K) NonClass: 55166K(55360K)->55166K(55360K) Class: 7567K(7808K)->7567K(7808K)
[2025-03-04T16:26:21.632+0000][677.017s] GC(141) Pause Young (Normal) (G1 Evacuation Pause) 414M->209M(512M) 11.404ms
[2025-03-04T16:26:21.632+0000][677.017s] GC(141) User=0.02s Sys=0.00s Real=0.01s
[2025-03-04T16:26:23.143+0000][678.528s] GC(142) Pause Young (Normal) (G1 Evacuation Pause)
[2025-03-04T16:26:23.144+0000][678.529s] GC(142) Using 13 workers of 13 for evacuation
[2025-03-04T16:26:23.147+0000][678.532s] GC(142)   Pre Evacuate Collection Set: 0.2ms
[2025-03-04T16:26:23.148+0000][678.533s] GC(142)   Merge Heap Roots: 0.1ms
[2025-03-04T16:26:23.148+0000][678.533s] GC(142)   Evacuate Collection Set: 1.5ms
[2025-03-04T16:26:23.148+0000][678.533s] GC(142)   Post Evacuate Collection Set: 0.6ms
[2025-03-04T16:26:23.149+0000][678.533s] GC(142)   Other: 1.7ms
[2025-03-04T16:26:23.149+0000][678.534s] GC(142) Eden regions: 206->0(213)
[2025-03-04T16:26:23.149+0000][678.534s] GC(142) Survivor regions: 16->10(28)
[2025-03-04T16:26:23.149+0000][678.534s] GC(142) Old regions: 189->190
[2025-03-04T16:26:23.149+0000][678.534s] GC(142) Archive regions: 2->2
[2025-03-04T16:26:23.150+0000][678.534s] GC(142) Humongous regions: 4->4
[2025-03-04T16:26:23.150+0000][678.535s] GC(142) Metaspace: 62762K(63232K)->62762K(63232K) NonClass: 55195K(55424K)->55195K(55424K) Class: 7567K(7808K)->7567K(7808K)
[2025-03-04T16:26:23.150+0000][678.535s] GC(142) Pause Young (Normal) (G1 Evacuation Pause) 415M->204M(512M) 6.714ms
[2025-03-04T16:26:23.150+0000][678.535s] GC(142) User=0.01s Sys=0.00s Real=0.01s
[2025-03-04T16:26:24.365+0000][679.750s] GC(143) Pause Young (Normal) (G1 Evacuation Pause)
[2025-03-04T16:26:24.365+0000][679.750s] GC(143) Using 13 workers of 13 for evacuation
[2025-03-04T16:26:24.368+0000][679.753s] GC(143)   Pre Evacuate Collection Set: 0.2ms
[2025-03-04T16:26:24.368+0000][679.753s] GC(143)   Merge Heap Roots: 0.1ms
[2025-03-04T16:26:24.369+0000][679.753s] GC(143)   Evacuate Collection Set: 2.0ms
[2025-03-04T16:26:24.369+0000][679.754s] GC(143)   Post Evacuate Collection Set: 0.7ms
[2025-03-04T16:26:24.369+0000][679.754s] GC(143)   Other: 0.4ms
[2025-03-04T16:26:24.369+0000][679.754s] GC(143) Eden regions: 213->0(204)
[2025-03-04T16:26:24.369+0000][679.754s] GC(143) Survivor regions: 10->21(28)
[2025-03-04T16:26:24.369+0000][679.754s] GC(143) Old regions: 190->190
[2025-03-04T16:26:24.369+0000][679.754s] GC(143) Archive regions: 2->2
[2025-03-04T16:26:24.369+0000][679.754s] GC(143) Humongous regions: 4->4
[2025-03-04T16:26:24.369+0000][679.754s] GC(143) Metaspace: 62766K(63232K)->62766K(63232K) NonClass: 55199K(55424K)->55199K(55424K) Class: 7567K(7808K)->7567K(7808K)
[2025-03-04T16:26:24.370+0000][679.755s] GC(143) Pause Young (Normal) (G1 Evacuation Pause) 417M->215M(512M) 4.799ms
[2025-03-04T16:26:24.370+0000][679.755s] GC(143) User=0.01s Sys=0.00s Real=0.01s
[2025-03-04T16:26:26.091+0000][681.476s] GC(144) Pause Young (Normal) (G1 Evacuation Pause)
[2025-03-04T16:26:26.091+0000][681.476s] GC(144) Using 13 workers of 13 for evacuation
[2025-03-04T16:26:26.094+0000][681.478s] GC(144)   Pre Evacuate Collection Set: 0.1ms
[2025-03-04T16:26:26.094+0000][681.479s] GC(144)   Merge Heap Roots: 0.1ms
[2025-03-04T16:26:26.094+0000][681.479s] GC(144)   Evacuate Collection Set: 1.5ms
[2025-03-04T16:26:26.094+0000][681.479s] GC(144)   Post Evacuate Collection Set: 0.6ms
[2025-03-04T16:26:26.094+0000][681.479s] GC(144)   Other: 0.4ms
[2025-03-04T16:26:26.094+0000][681.479s] GC(144) Eden regions: 204->0(213)
[2025-03-04T16:26:26.094+0000][681.479s] GC(144) Survivor regions: 21->12(29)
[2025-03-04T16:26:26.094+0000][681.479s] GC(144) Old regions: 190->191
[2025-03-04T16:26:26.094+0000][681.479s] GC(144) Archive regions: 2->2
[2025-03-04T16:26:26.095+0000][681.479s] GC(144) Humongous regions: 4->4
[2025-03-04T16:26:26.095+0000][681.480s] GC(144) Metaspace: 62771K(63232K)->62771K(63232K) NonClass: 55204K(55424K)->55204K(55424K) Class: 7567K(7808K)->7567K(7808K)
[2025-03-04T16:26:26.095+0000][681.480s] GC(144) Pause Young (Normal) (G1 Evacuation Pause) 419M->206M(512M) 3.891ms
[2025-03-04T16:26:26.095+0000][681.480s] GC(144) User=0.01s Sys=0.00s Real=0.00s
[2025-03-04T16:26:27.999+0000][683.384s] GC(145) Pause Young (Normal) (G1 Evacuation Pause)
[2025-03-04T16:26:27.999+0000][683.384s] GC(145) Using 13 workers of 13 for evacuation
[2025-03-04T16:26:28.003+0000][683.388s] GC(145)   Pre Evacuate Collection Set: 0.2ms
[2025-03-04T16:26:28.004+0000][683.389s] GC(145)   Merge Heap Roots: 0.1ms
[2025-03-04T16:26:28.004+0000][683.389s] GC(145)   Evacuate Collection Set: 2.4ms
[2025-03-04T16:26:28.005+0000][683.390s] GC(145)   Post Evacuate Collection Set: 0.7ms
[2025-03-04T16:26:28.005+0000][683.390s] GC(145)   Other: 1.0ms
[2025-03-04T16:26:28.006+0000][683.391s] GC(145) Eden regions: 213->0(190)
[2025-03-04T16:26:28.007+0000][683.391s] GC(145) Survivor regions: 12->29(29)
[2025-03-04T16:26:28.007+0000][683.392s] GC(145) Old regions: 191->194
[2025-03-04T16:26:28.007+0000][683.392s] GC(145) Archive regions: 2->2
[2025-03-04T16:26:28.008+0000][683.393s] GC(145) Humongous regions: 4->4
[2025-03-04T16:26:28.008+0000][683.393s] GC(145) Metaspace: 62780K(63296K)->62780K(63296K) NonClass: 55213K(55488K)->55213K(55488K) Class: 7567K(7808K)->7567K(7808K)
[2025-03-04T16:26:28.008+0000][683.393s] GC(145) Pause Young (Normal) (G1 Evacuation Pause) 419M->227M(512M) 9.301ms
[2025-03-04T16:26:28.008+0000][683.393s] GC(145) User=0.01s Sys=0.00s Real=0.01s
[2025-03-04T16:26:29.522+0000][684.907s] GC(146) Pause Young (Normal) (G1 Evacuation Pause)
[2025-03-04T16:26:29.522+0000][684.907s] GC(146) Using 13 workers of 13 for evacuation
[2025-03-04T16:26:29.525+0000][684.910s] GC(146)   Pre Evacuate Collection Set: 0.1ms
[2025-03-04T16:26:29.525+0000][684.910s] GC(146)   Merge Heap Roots: 0.1ms
[2025-03-04T16:26:29.525+0000][684.910s] GC(146)   Evacuate Collection Set: 1.7ms
[2025-03-04T16:26:29.526+0000][684.911s] GC(146)   Post Evacuate Collection Set: 0.6ms
[2025-03-04T16:26:29.526+0000][684.911s] GC(146)   Other: 0.5ms
[2025-03-04T16:26:29.526+0000][684.911s] GC(146) Eden regions: 190->0(200)
[2025-03-04T16:26:29.526+0000][684.911s] GC(146) Survivor regions: 29->16(28)
[2025-03-04T16:26:29.526+0000][684.911s] GC(146) Old regions: 194->195
[2025-03-04T16:26:29.527+0000][684.911s] GC(146) Archive regions: 2->2
[2025-03-04T16:26:29.527+0000][684.912s] GC(146) Humongous regions: 4->4
[2025-03-04T16:26:29.527+0000][684.912s] GC(146) Metaspace: 62781K(63296K)->62781K(63296K) NonClass: 55214K(55488K)->55214K(55488K) Class: 7567K(7808K)->7567K(7808K)
[2025-03-04T16:26:29.527+0000][684.912s] GC(146) Pause Young (Normal) (G1 Evacuation Pause) 417M->215M(512M) 5.394ms
[2025-03-04T16:26:29.527+0000][684.912s] GC(146) User=0.00s Sys=0.00s Real=0.00s
[2025-03-04T16:26:31.196+0000][686.581s] GC(147) Pause Young (Normal) (G1 Evacuation Pause)
[2025-03-04T16:26:31.197+0000][686.582s] GC(147) Using 13 workers of 13 for evacuation
[2025-03-04T16:26:31.201+0000][686.586s] GC(147)   Pre Evacuate Collection Set: 0.2ms
[2025-03-04T16:26:31.202+0000][686.587s] GC(147)   Merge Heap Roots: 0.1ms
[2025-03-04T16:26:31.203+0000][686.587s] GC(147)   Evacuate Collection Set: 2.7ms
[2025-03-04T16:26:31.203+0000][686.588s] GC(147)   Post Evacuate Collection Set: 1.2ms
[2025-03-04T16:26:31.204+0000][686.589s] GC(147)   Other: 1.1ms
[2025-03-04T16:26:31.204+0000][686.589s] GC(147) Eden regions: 200->0(181)
[2025-03-04T16:26:31.205+0000][686.590s] GC(147) Survivor regions: 16->21(27)
[2025-03-04T16:26:31.205+0000][686.590s] GC(147) Old regions: 195->209
[2025-03-04T16:26:31.206+0000][686.591s] GC(147) Archive regions: 2->2
[2025-03-04T16:26:31.207+0000][686.591s] GC(147) Humongous regions: 4->4
[2025-03-04T16:26:31.207+0000][686.592s] GC(147) Metaspace: 62786K(63296K)->62786K(63296K) NonClass: 55218K(55488K)->55218K(55488K) Class: 7567K(7808K)->7567K(7808K)
[2025-03-04T16:26:31.208+0000][686.592s] GC(147) Pause Young (Normal) (G1 Evacuation Pause) 415M->234M(512M) 11.592ms
[2025-03-04T16:26:31.208+0000][686.593s] GC(147) User=0.02s Sys=0.00s Real=0.01s
[2025-03-04T16:26:32.577+0000][687.962s] GC(148) Pause Young (Normal) (G1 Evacuation Pause)
[2025-03-04T16:26:32.577+0000][687.962s] GC(148) Using 13 workers of 13 for evacuation
[2025-03-04T16:26:32.581+0000][687.966s] GC(148)   Pre Evacuate Collection Set: 0.2ms
[2025-03-04T16:26:32.581+0000][687.966s] GC(148)   Merge Heap Roots: 0.1ms
[2025-03-04T16:26:32.582+0000][687.966s] GC(148)   Evacuate Collection Set: 2.8ms
[2025-03-04T16:26:32.582+0000][687.967s] GC(148)   Post Evacuate Collection Set: 1.0ms
[2025-03-04T16:26:32.582+0000][687.967s] GC(148)   Other: 0.4ms
[2025-03-04T16:26:32.582+0000][687.967s] GC(148) Eden regions: 181->0(168)
[2025-03-04T16:26:32.582+0000][687.967s] GC(148) Survivor regions: 21->16(26)
[2025-03-04T16:26:32.582+0000][687.967s] GC(148) Old regions: 209->229
[2025-03-04T16:26:32.582+0000][687.967s] GC(148) Archive regions: 2->2
[2025-03-04T16:26:32.582+0000][687.967s] GC(148) Humongous regions: 4->4
[2025-03-04T16:26:32.582+0000][687.967s] GC(148) Metaspace: 62804K(63296K)->62804K(63296K) NonClass: 55236K(55488K)->55236K(55488K) Class: 7567K(7808K)->7567K(7808K)
[2025-03-04T16:26:32.582+0000][687.967s] GC(148) Pause Young (Normal) (G1 Evacuation Pause) 415M->249M(512M) 5.599ms
[2025-03-04T16:26:32.582+0000][687.967s] GC(148) User=0.01s Sys=0.00s Real=0.01s
[2025-03-04T16:26:34.250+0000][689.635s] GC(149) Pause Young (Concurrent Start) (G1 Evacuation Pause)
[2025-03-04T16:26:34.255+0000][689.640s] GC(149) Using 13 workers of 13 for evacuation
[2025-03-04T16:26:34.265+0000][689.649s] GC(149)   Pre Evacuate Collection Set: 0.2ms
[2025-03-04T16:26:34.273+0000][689.658s] GC(149)   Merge Heap Roots: 0.1ms
[2025-03-04T16:26:34.278+0000][689.663s] GC(149)   Evacuate Collection Set: 2.5ms
[2025-03-04T16:26:34.283+0000][689.668s] GC(149)   Post Evacuate Collection Set: 0.6ms
[2025-03-04T16:26:34.285+0000][689.670s] GC(149)   Other: 11.0ms
[2025-03-04T16:26:34.286+0000][689.671s] GC(149) Eden regions: 168->0(151)
[2025-03-04T16:26:34.286+0000][689.671s] GC(149) Survivor regions: 16->19(23)
[2025-03-04T16:26:34.286+0000][689.671s] GC(149) Old regions: 229->244
[2025-03-04T16:26:34.286+0000][689.671s] GC(149) Archive regions: 2->2
[2025-03-04T16:26:34.287+0000][689.672s] GC(149) Humongous regions: 4->4
[2025-03-04T16:26:34.287+0000][689.672s] GC(149) Metaspace: 62807K(63296K)->62807K(63296K) NonClass: 55239K(55488K)->55239K(55488K) Class: 7567K(7808K)->7567K(7808K)
[2025-03-04T16:26:34.287+0000][689.672s] GC(149) Pause Young (Concurrent Start) (G1 Evacuation Pause) 417M->266M(512M) 36.963ms
[2025-03-04T16:26:34.287+0000][689.672s] GC(149) User=0.01s Sys=0.00s Real=0.03s
[2025-03-04T16:26:34.287+0000][689.672s] GC(150) Concurrent Mark Cycle
[2025-03-04T16:26:34.288+0000][689.673s] GC(150) Concurrent Clear Claimed Marks
[2025-03-04T16:26:34.290+0000][689.675s] GC(150) Concurrent Clear Claimed Marks 2.093ms
[2025-03-04T16:26:34.291+0000][689.676s] GC(150) Concurrent Scan Root Regions
[2025-03-04T16:26:34.292+0000][689.677s] GC(150) Concurrent Scan Root Regions 1.012ms
[2025-03-04T16:26:34.293+0000][689.678s] GC(150) Concurrent Mark
[2025-03-04T16:26:34.293+0000][689.678s] GC(150) Concurrent Mark From Roots
[2025-03-04T16:26:34.294+0000][689.679s] GC(150) Using 3 workers of 3 for marking
[2025-03-04T16:26:34.311+0000][689.696s] GC(150) Concurrent Mark From Roots 17.841ms
[2025-03-04T16:26:34.312+0000][689.697s] GC(150) Concurrent Preclean
[2025-03-04T16:26:34.314+0000][689.699s] GC(150) Concurrent Preclean 1.727ms
[2025-03-04T16:26:34.317+0000][689.702s] GC(150) Pause Remark
[2025-03-04T16:26:34.322+0000][689.707s] GC(150) Pause Remark 271M->176M(512M) 4.762ms
[2025-03-04T16:26:34.324+0000][689.709s] GC(150) User=0.01s Sys=0.01s Real=0.01s
[2025-03-04T16:26:34.327+0000][689.712s] GC(150) Concurrent Mark 34.313ms
[2025-03-04T16:26:34.329+0000][689.714s] GC(150) Concurrent Rebuild Remembered Sets
[2025-03-04T16:26:34.339+0000][689.724s] GC(150) Concurrent Rebuild Remembered Sets 9.436ms
[2025-03-04T16:26:34.339+0000][689.724s] GC(150) Pause Cleanup
[2025-03-04T16:26:34.341+0000][689.726s] GC(150) Pause Cleanup 179M->179M(512M) 1.513ms
[2025-03-04T16:26:34.341+0000][689.726s] GC(150) User=0.00s Sys=0.00s Real=0.00s
[2025-03-04T16:26:34.342+0000][689.726s] GC(150) Concurrent Cleanup for Next Mark
[2025-03-04T16:26:34.343+0000][689.727s] GC(150) Concurrent Cleanup for Next Mark 0.942ms
[2025-03-04T16:26:34.343+0000][689.728s] GC(150) Concurrent Mark Cycle 55.359ms
[2025-03-04T16:26:35.440+0000][690.825s] GC(151) Pause Young (Prepare Mixed) (G1 Evacuation Pause)
[2025-03-04T16:26:35.441+0000][690.825s] GC(151) Using 13 workers of 13 for evacuation
[2025-03-04T16:26:35.445+0000][690.830s] GC(151)   Pre Evacuate Collection Set: 0.2ms
[2025-03-04T16:26:35.445+0000][690.830s] GC(151)   Merge Heap Roots: 0.1ms
[2025-03-04T16:26:35.446+0000][690.830s] GC(151)   Evacuate Collection Set: 2.9ms
[2025-03-04T16:26:35.446+0000][690.831s] GC(151)   Post Evacuate Collection Set: 0.7ms
[2025-03-04T16:26:35.446+0000][690.831s] GC(151)   Other: 0.7ms
[2025-03-04T16:26:35.446+0000][690.831s] GC(151) Eden regions: 151->0(13)
[2025-03-04T16:26:35.446+0000][690.831s] GC(151) Survivor regions: 19->12(22)
[2025-03-04T16:26:35.446+0000][690.831s] GC(151) Old regions: 149->165
[2025-03-04T16:26:35.447+0000][690.831s] GC(151) Archive regions: 2->2
[2025-03-04T16:26:35.447+0000][690.832s] GC(151) Humongous regions: 4->4
[2025-03-04T16:26:35.447+0000][690.832s] GC(151) Metaspace: 62817K(63296K)->62817K(63296K) NonClass: 55249K(55488K)->55249K(55488K) Class: 7567K(7808K)->7567K(7808K)
[2025-03-04T16:26:35.447+0000][690.832s] GC(151) Pause Young (Prepare Mixed) (G1 Evacuation Pause) 322M->181M(512M) 6.656ms
[2025-03-04T16:26:35.447+0000][690.832s] GC(151) User=0.01s Sys=0.00s Real=0.00s
[2025-03-04T16:26:35.601+0000][690.986s] GC(152) Pause Young (Mixed) (G1 Evacuation Pause)
[2025-03-04T16:26:35.603+0000][690.987s] GC(152) Using 13 workers of 13 for evacuation
[2025-03-04T16:26:35.608+0000][690.993s] GC(152)   Pre Evacuate Collection Set: 0.2ms
[2025-03-04T16:26:35.609+0000][690.994s] GC(152)   Merge Heap Roots: 0.2ms
[2025-03-04T16:26:35.610+0000][690.995s] GC(152)   Evacuate Collection Set: 3.5ms
[2025-03-04T16:26:35.611+0000][690.996s] GC(152)   Post Evacuate Collection Set: 1.1ms
[2025-03-04T16:26:35.612+0000][690.997s] GC(152)   Other: 2.1ms
[2025-03-04T16:26:35.612+0000][690.997s] GC(152) Eden regions: 13->0(23)
[2025-03-04T16:26:35.613+0000][690.998s] GC(152) Survivor regions: 12->2(4)
[2025-03-04T16:26:35.614+0000][690.999s] GC(152) Old regions: 165->125
[2025-03-04T16:26:35.614+0000][690.999s] GC(152) Archive regions: 2->2
[2025-03-04T16:26:35.615+0000][691.000s] GC(152) Humongous regions: 4->4
[2025-03-04T16:26:35.616+0000][691.001s] GC(152) Metaspace: 62823K(63296K)->62823K(63296K) NonClass: 55255K(55488K)->55255K(55488K) Class: 7567K(7808K)->7567K(7808K)
[2025-03-04T16:26:35.617+0000][691.002s] GC(152) Pause Young (Mixed) (G1 Evacuation Pause) 194M->130M(512M) 15.301ms
[2025-03-04T16:26:35.617+0000][691.002s] GC(152) User=0.02s Sys=0.00s Real=0.01s
[2025-03-04T16:26:35.712+0000][691.097s] GC(153) Pause Young (Mixed) (G1 Evacuation Pause)
[2025-03-04T16:26:35.712+0000][691.097s] GC(153) Using 13 workers of 13 for evacuation
[2025-03-04T16:26:35.715+0000][691.100s] GC(153)   Pre Evacuate Collection Set: 0.2ms
[2025-03-04T16:26:35.715+0000][691.100s] GC(153)   Merge Heap Roots: 0.2ms
[2025-03-04T16:26:35.715+0000][691.100s] GC(153)   Evacuate Collection Set: 1.3ms
[2025-03-04T16:26:35.716+0000][691.100s] GC(153)   Post Evacuate Collection Set: 0.5ms
[2025-03-04T16:26:35.716+0000][691.101s] GC(153)   Other: 0.7ms
[2025-03-04T16:26:35.716+0000][691.101s] GC(153) Eden regions: 23->0(278)
[2025-03-04T16:26:35.716+0000][691.101s] GC(153) Survivor regions: 2->4(4)
[2025-03-04T16:26:35.717+0000][691.101s] GC(153) Old regions: 125->111
[2025-03-04T16:26:35.717+0000][691.102s] GC(153) Archive regions: 2->2
[2025-03-04T16:26:35.717+0000][691.102s] GC(153) Humongous regions: 4->4
[2025-03-04T16:26:35.717+0000][691.102s] GC(153) Metaspace: 62823K(63296K)->62823K(63296K) NonClass: 55255K(55488K)->55255K(55488K) Class: 7567K(7808K)->7567K(7808K)
[2025-03-04T16:26:35.718+0000][691.103s] GC(153) Pause Young (Mixed) (G1 Evacuation Pause) 153M->118M(512M) 5.824ms
[2025-03-04T16:26:35.718+0000][691.103s] GC(153) User=0.01s Sys=0.00s Real=0.01s
[2025-03-04T16:26:38.024+0000][693.409s] GC(154) Pause Young (Normal) (G1 Evacuation Pause)
[2025-03-04T16:26:38.025+0000][693.409s] GC(154) Using 13 workers of 13 for evacuation
[2025-03-04T16:26:38.028+0000][693.413s] GC(154)   Pre Evacuate Collection Set: 0.2ms
[2025-03-04T16:26:38.028+0000][693.413s] GC(154)   Merge Heap Roots: 0.1ms
[2025-03-04T16:26:38.029+0000][693.414s] GC(154)   Evacuate Collection Set: 2.1ms
[2025-03-04T16:26:38.029+0000][693.414s] GC(154)   Post Evacuate Collection Set: 0.6ms
[2025-03-04T16:26:38.029+0000][693.414s] GC(154)   Other: 0.6ms
[2025-03-04T16:26:38.030+0000][693.415s] GC(154) Eden regions: 278->0(267)
[2025-03-04T16:26:38.030+0000][693.415s] GC(154) Survivor regions: 4->20(36)
[2025-03-04T16:26:38.030+0000][693.415s] GC(154) Old regions: 111->111
[2025-03-04T16:26:38.031+0000][693.416s] GC(154) Archive regions: 2->2
[2025-03-04T16:26:38.031+0000][693.416s] GC(154) Humongous regions: 4->4
[2025-03-04T16:26:38.031+0000][693.416s] GC(154) Metaspace: 62835K(63296K)->62835K(63296K) NonClass: 55268K(55488K)->55268K(55488K) Class: 7567K(7808K)->7567K(7808K)
[2025-03-04T16:26:38.031+0000][693.416s] GC(154) Pause Young (Normal) (G1 Evacuation Pause) 396M->134M(512M) 7.045ms
[2025-03-04T16:26:38.032+0000][693.416s] GC(154) User=0.01s Sys=0.00s Real=0.01s
[2025-03-04T16:26:40.557+0000][695.942s] GC(155) Pause Young (Normal) (G1 Evacuation Pause)
[2025-03-04T16:26:40.558+0000][695.943s] GC(155) Using 13 workers of 13 for evacuation
[2025-03-04T16:26:40.565+0000][695.950s] GC(155)   Pre Evacuate Collection Set: 0.3ms
[2025-03-04T16:26:40.565+0000][695.950s] GC(155)   Merge Heap Roots: 0.2ms
[2025-03-04T16:26:40.566+0000][695.951s] GC(155)   Evacuate Collection Set: 5.0ms
[2025-03-04T16:26:40.566+0000][695.951s] GC(155)   Post Evacuate Collection Set: 1.0ms
[2025-03-04T16:26:40.566+0000][695.951s] GC(155)   Other: 1.1ms
[2025-03-04T16:26:40.567+0000][695.952s] GC(155) Eden regions: 267->0(245)
[2025-03-04T16:26:40.567+0000][695.952s] GC(155) Survivor regions: 20->36(36)
[2025-03-04T16:26:40.568+0000][695.953s] GC(155) Old regions: 111->118
[2025-03-04T16:26:40.568+0000][695.953s] GC(155) Archive regions: 2->2
[2025-03-04T16:26:40.568+0000][695.953s] GC(155) Humongous regions: 4->4
[2025-03-04T16:26:40.568+0000][695.953s] GC(155) Metaspace: 62840K(63296K)->62840K(63296K) NonClass: 55272K(55488K)->55272K(55488K) Class: 7567K(7808K)->7567K(7808K)
[2025-03-04T16:26:40.569+0000][695.954s] GC(155) Pause Young (Normal) (G1 Evacuation Pause) 401M->158M(512M) 11.396ms
[2025-03-04T16:26:40.569+0000][695.954s] GC(155) User=0.03s Sys=0.00s Real=0.02s
[2025-03-04T16:26:45.104+0000][700.489s] GC(156) Pause Young (Normal) (G1 Evacuation Pause)
[2025-03-04T16:26:45.104+0000][700.489s] GC(156) Using 13 workers of 13 for evacuation
[2025-03-04T16:26:45.107+0000][700.492s] GC(156)   Pre Evacuate Collection Set: 0.2ms
[2025-03-04T16:26:45.108+0000][700.493s] GC(156)   Merge Heap Roots: 0.2ms
[2025-03-04T16:26:45.108+0000][700.493s] GC(156)   Evacuate Collection Set: 1.5ms
[2025-03-04T16:26:45.108+0000][700.493s] GC(156)   Post Evacuate Collection Set: 0.7ms
[2025-03-04T16:26:45.108+0000][700.493s] GC(156)   Other: 0.8ms
[2025-03-04T16:26:45.109+0000][700.494s] GC(156) Eden regions: 245->0(270)
[2025-03-04T16:26:45.109+0000][700.494s] GC(156) Survivor regions: 36->6(36)
[2025-03-04T16:26:45.109+0000][700.494s] GC(156) Old regions: 118->127
[2025-03-04T16:26:45.109+0000][700.494s] GC(156) Archive regions: 2->2
[2025-03-04T16:26:45.109+0000][700.494s] GC(156) Humongous regions: 4->4
[2025-03-04T16:26:45.110+0000][700.495s] GC(156) Metaspace: 62877K(63360K)->62877K(63360K) NonClass: 55309K(55552K)->55309K(55552K) Class: 7568K(7808K)->7568K(7808K)
[2025-03-04T16:26:45.110+0000][700.495s] GC(156) Pause Young (Normal) (G1 Evacuation Pause) 403M->136M(512M) 6.010ms
[2025-03-04T16:26:45.110+0000][700.495s] GC(156) User=0.01s Sys=0.00s Real=0.01s
[2025-03-04T16:26:48.111+0000][703.496s] GC(157) Pause Young (Normal) (G1 Evacuation Pause)
[2025-03-04T16:26:48.111+0000][703.497s] GC(157) Using 13 workers of 13 for evacuation
[2025-03-04T16:26:48.113+0000][703.499s] GC(157)   Pre Evacuate Collection Set: 0.2ms
[2025-03-04T16:26:48.113+0000][703.499s] GC(157)   Merge Heap Roots: 0.1ms
[2025-03-04T16:26:48.113+0000][703.499s] GC(157)   Evacuate Collection Set: 0.9ms
[2025-03-04T16:26:48.113+0000][703.499s] GC(157)   Post Evacuate Collection Set: 0.6ms
[2025-03-04T16:26:48.114+0000][703.499s] GC(157)   Other: 0.4ms
[2025-03-04T16:26:48.114+0000][703.499s] GC(157) Eden regions: 270->0(282)
[2025-03-04T16:26:48.114+0000][703.499s] GC(157) Survivor regions: 6->2(35)
[2025-03-04T16:26:48.114+0000][703.499s] GC(157) Old regions: 127->127
[2025-03-04T16:26:48.114+0000][703.499s] GC(157) Archive regions: 2->2
[2025-03-04T16:26:48.114+0000][703.499s] GC(157) Humongous regions: 4->4
[2025-03-04T16:26:48.114+0000][703.499s] GC(157) Metaspace: 62945K(63424K)->62945K(63424K) NonClass: 55373K(55616K)->55373K(55616K) Class: 7572K(7808K)->7572K(7808K)
[2025-03-04T16:26:48.114+0000][703.500s] GC(157) Pause Young (Normal) (G1 Evacuation Pause) 406M->132M(512M) 3.177ms
[2025-03-04T16:26:48.114+0000][703.500s] GC(157) User=0.01s Sys=0.00s Real=0.00s
[2025-03-05T14:27:47.165+0000][12605.316s] Heap
[2025-03-05T14:27:47.165+0000][12605.316s]  garbage-first heap   total 524288K, used 370485K [0x00000000e0000000, 0x0000000100000000)
[2025-03-05T14:27:47.165+0000][12605.317s]   region size 1024K, 231 young (236544K), 2 survivors (2048K)
[2025-03-05T14:27:47.166+0000][12605.317s]  Metaspace       used 63529K, committed 64064K, reserved 1114112K
[2025-03-05T14:27:47.166+0000][12605.317s]   class space    used 7623K, committed 7872K, reserved 1048576K
