[2025-03-12T16:26:52.544+0000][0.102s] Using G1
[2025-03-12T16:26:52.695+0000][0.253s] Version: 17.0.14+7 (release)
[2025-03-12T16:26:52.696+0000][0.253s] CPUs: 16 total, 16 available
[2025-03-12T16:26:52.696+0000][0.253s] Memory: 15802M
[2025-03-12T16:26:52.697+0000][0.254s] Large Page Support: Disabled
[2025-03-12T16:26:52.697+0000][0.254s] NUMA Support: Disabled
[2025-03-12T16:26:52.697+0000][0.254s] Compressed Oops: Enabled (32-bit)
[2025-03-12T16:26:52.697+0000][0.255s] Heap Region Size: 1M
[2025-03-12T16:26:52.698+0000][0.255s] Heap Min Capacity: 512M
[2025-03-12T16:26:52.698+0000][0.255s] Heap Initial Capacity: 512M
[2025-03-12T16:26:52.698+0000][0.256s] Heap Max Capacity: 512M
[2025-03-12T16:26:52.699+0000][0.256s] Pre-touch: Enabled
[2025-03-12T16:26:52.699+0000][0.256s] Parallel Workers: 13
[2025-03-12T16:26:52.699+0000][0.257s] Concurrent Workers: 3
[2025-03-12T16:26:52.700+0000][0.257s] Concurrent Refinement Workers: 13
[2025-03-12T16:26:52.700+0000][0.257s] Periodic GC: Disabled
[2025-03-12T16:26:52.790+0000][0.347s] CDS archive(s) mapped at: [0x00007f83e3000000-0x00007f83e3a62000-0x00007f83e3a62000), size 10887168, SharedBaseAddress: 0x00007f83e3000000, ArchiveRelocationMode: 1.
[2025-03-12T16:26:52.790+0000][0.347s] Compressed class space mapped at: 0x00007f83e4000000-0x00007f8424000000, reserved size: 1073741824
[2025-03-12T16:26:52.793+0000][0.350s] Narrow klass base: 0x00007f83e3000000, Narrow klass shift: 0, Narrow klass range: 0x100000000
[2025-03-12T16:26:53.776+0000][1.333s] GC(0) Pause Young (Normal) (G1 Evacuation Pause)
[2025-03-12T16:26:53.776+0000][1.333s] GC(0) Using 12 workers of 13 for evacuation
[2025-03-12T16:26:53.779+0000][1.336s] GC(0)   Pre Evacuate Collection Set: 0.2ms
[2025-03-12T16:26:53.779+0000][1.337s] GC(0)   Merge Heap Roots: 0.3ms
[2025-03-12T16:26:53.779+0000][1.337s] GC(0)   Evacuate Collection Set: 1.6ms
[2025-03-12T16:26:53.780+0000][1.337s] GC(0)   Post Evacuate Collection Set: 0.6ms
[2025-03-12T16:26:53.780+0000][1.337s] GC(0)   Other: 0.5ms
[2025-03-12T16:26:53.780+0000][1.338s] GC(0) Eden regions: 29->0(59)
[2025-03-12T16:26:53.780+0000][1.338s] GC(0) Survivor regions: 0->4(4)
[2025-03-12T16:26:53.781+0000][1.338s] GC(0) Old regions: 0->0
[2025-03-12T16:26:53.781+0000][1.338s] GC(0) Archive regions: 2->2
[2025-03-12T16:26:53.781+0000][1.338s] GC(0) Humongous regions: 0->0
[2025-03-12T16:26:53.781+0000][1.338s] GC(0) Metaspace: 9656K(9984K)->9656K(9984K) NonClass: 8470K(8640K)->8470K(8640K) Class: 1186K(1344K)->1186K(1344K)
[2025-03-12T16:26:53.781+0000][1.339s] GC(0) Pause Young (Normal) (G1 Evacuation Pause) 29M->4M(512M) 5.239ms
[2025-03-12T16:26:53.781+0000][1.339s] GC(0) User=0.00s Sys=0.01s Real=0.00s
[2025-03-12T16:26:54.370+0000][1.928s] GC(1) Pause Young (Normal) (G1 Evacuation Pause)
[2025-03-12T16:26:54.371+0000][1.928s] GC(1) Using 13 workers of 13 for evacuation
[2025-03-12T16:26:54.378+0000][1.935s] GC(1)   Pre Evacuate Collection Set: 0.3ms
[2025-03-12T16:26:54.378+0000][1.935s] GC(1)   Merge Heap Roots: 0.1ms
[2025-03-12T16:26:54.378+0000][1.936s] GC(1)   Evacuate Collection Set: 5.4ms
[2025-03-12T16:26:54.379+0000][1.936s] GC(1)   Post Evacuate Collection Set: 0.8ms
[2025-03-12T16:26:54.379+0000][1.936s] GC(1)   Other: 0.6ms
[2025-03-12T16:26:54.379+0000][1.936s] GC(1) Eden regions: 59->0(79)
[2025-03-12T16:26:54.379+0000][1.937s] GC(1) Survivor regions: 4->8(8)
[2025-03-12T16:26:54.380+0000][1.937s] GC(1) Old regions: 0->6
[2025-03-12T16:26:54.380+0000][1.937s] GC(1) Archive regions: 2->2
[2025-03-12T16:26:54.380+0000][1.938s] GC(1) Humongous regions: 4->4
[2025-03-12T16:26:54.380+0000][1.938s] GC(1) Metaspace: 17919K(18240K)->17919K(18240K) NonClass: 15724K(15872K)->15724K(15872K) Class: 2194K(2368K)->2194K(2368K)
[2025-03-12T16:26:54.381+0000][1.938s] GC(1) Pause Young (Normal) (G1 Evacuation Pause) 67M->18M(512M) 10.396ms
[2025-03-12T16:26:54.381+0000][1.938s] GC(1) User=0.03s Sys=0.03s Real=0.01s
[2025-03-12T16:26:54.558+0000][2.115s] GC(2) Pause Young (Normal) (G1 Evacuation Pause)
[2025-03-12T16:26:54.558+0000][2.115s] GC(2) Using 13 workers of 13 for evacuation
[2025-03-12T16:26:54.564+0000][2.121s] GC(2)   Pre Evacuate Collection Set: 0.2ms
[2025-03-12T16:26:54.564+0000][2.121s] GC(2)   Merge Heap Roots: 0.1ms
[2025-03-12T16:26:54.564+0000][2.122s] GC(2)   Evacuate Collection Set: 4.0ms
[2025-03-12T16:26:54.564+0000][2.122s] GC(2)   Post Evacuate Collection Set: 0.8ms
[2025-03-12T16:26:54.565+0000][2.122s] GC(2)   Other: 0.6ms
[2025-03-12T16:26:54.565+0000][2.122s] GC(2) Eden regions: 79->0(297)
[2025-03-12T16:26:54.565+0000][2.123s] GC(2) Survivor regions: 8->10(11)
[2025-03-12T16:26:54.565+0000][2.123s] GC(2) Old regions: 6->9
[2025-03-12T16:26:54.566+0000][2.123s] GC(2) Archive regions: 2->2
[2025-03-12T16:26:54.566+0000][2.124s] GC(2) Humongous regions: 4->4
[2025-03-12T16:26:54.567+0000][2.124s] GC(2) Metaspace: 18227K(18560K)->18227K(18560K) NonClass: 16013K(16192K)->16013K(16192K) Class: 2213K(2368K)->2213K(2368K)
[2025-03-12T16:26:54.567+0000][2.125s] GC(2) Pause Young (Normal) (G1 Evacuation Pause) 97M->23M(512M) 9.312ms
[2025-03-12T16:26:54.567+0000][2.125s] GC(2) User=0.01s Sys=0.03s Real=0.01s
[2025-03-12T16:26:54.820+0000][2.377s] GC(3) Pause Young (Concurrent Start) (Metadata GC Threshold)
[2025-03-12T16:26:54.820+0000][2.377s] GC(3) Using 13 workers of 13 for evacuation
[2025-03-12T16:26:54.825+0000][2.382s] GC(3)   Pre Evacuate Collection Set: 0.2ms
[2025-03-12T16:26:54.825+0000][2.382s] GC(3)   Merge Heap Roots: 0.2ms
[2025-03-12T16:26:54.825+0000][2.382s] GC(3)   Evacuate Collection Set: 2.7ms
[2025-03-12T16:26:54.825+0000][2.383s] GC(3)   Post Evacuate Collection Set: 0.6ms
[2025-03-12T16:26:54.825+0000][2.383s] GC(3)   Other: 1.1ms
[2025-03-12T16:26:54.826+0000][2.383s] GC(3) Eden regions: 21->0(296)
[2025-03-12T16:26:54.826+0000][2.383s] GC(3) Survivor regions: 10->11(39)
[2025-03-12T16:26:54.826+0000][2.383s] GC(3) Old regions: 9->9
[2025-03-12T16:26:54.826+0000][2.384s] GC(3) Archive regions: 2->2
[2025-03-12T16:26:54.826+0000][2.384s] GC(3) Humongous regions: 4->4
[2025-03-12T16:26:54.827+0000][2.384s] GC(3) Metaspace: 21187K(21504K)->21187K(21504K) NonClass: 18603K(18752K)->18603K(18752K) Class: 2584K(2752K)->2584K(2752K)
[2025-03-12T16:26:54.827+0000][2.384s] GC(3) Pause Young (Concurrent Start) (Metadata GC Threshold) 44M->23M(512M) 6.890ms
[2025-03-12T16:26:54.827+0000][2.384s] GC(3) User=0.02s Sys=0.00s Real=0.01s
[2025-03-12T16:26:54.827+0000][2.384s] GC(4) Concurrent Mark Cycle
[2025-03-12T16:26:54.827+0000][2.384s] GC(4) Concurrent Clear Claimed Marks
[2025-03-12T16:26:54.827+0000][2.385s] GC(4) Concurrent Clear Claimed Marks 0.239ms
[2025-03-12T16:26:54.828+0000][2.385s] GC(4) Concurrent Scan Root Regions
[2025-03-12T16:26:54.830+0000][2.387s] GC(4) Concurrent Scan Root Regions 2.092ms
[2025-03-12T16:26:54.830+0000][2.387s] GC(4) Concurrent Mark
[2025-03-12T16:26:54.830+0000][2.388s] GC(4) Concurrent Mark From Roots
[2025-03-12T16:26:54.831+0000][2.388s] GC(4) Using 3 workers of 3 for marking
[2025-03-12T16:26:54.836+0000][2.394s] GC(4) Concurrent Mark From Roots 5.870ms
[2025-03-12T16:26:54.837+0000][2.394s] GC(4) Concurrent Preclean
[2025-03-12T16:26:54.837+0000][2.395s] GC(4) Concurrent Preclean 0.418ms
[2025-03-12T16:26:54.838+0000][2.395s] GC(4) Pause Remark
[2025-03-12T16:26:54.840+0000][2.398s] GC(4) Pause Remark 24M->24M(512M) 2.595ms
[2025-03-12T16:26:54.841+0000][2.398s] GC(4) User=0.02s Sys=0.00s Real=0.00s
[2025-03-12T16:26:54.841+0000][2.399s] GC(4) Concurrent Mark 11.239ms
[2025-03-12T16:26:54.842+0000][2.399s] GC(4) Concurrent Rebuild Remembered Sets
[2025-03-12T16:26:54.845+0000][2.402s] GC(4) Concurrent Rebuild Remembered Sets 3.121ms
[2025-03-12T16:26:54.845+0000][2.403s] GC(4) Pause Cleanup
[2025-03-12T16:26:54.846+0000][2.403s] GC(4) Pause Cleanup 25M->25M(512M) 0.533ms
[2025-03-12T16:26:54.846+0000][2.404s] GC(4) User=0.00s Sys=0.00s Real=0.00s
[2025-03-12T16:26:54.847+0000][2.404s] GC(4) Concurrent Cleanup for Next Mark
[2025-03-12T16:26:54.847+0000][2.405s] GC(4) Concurrent Cleanup for Next Mark 0.670ms
[2025-03-12T16:26:54.848+0000][2.405s] GC(4) Concurrent Mark Cycle 20.717ms
[2025-03-12T16:26:56.081+0000][3.638s] GC(5) Pause Young (Concurrent Start) (Metadata GC Threshold)
[2025-03-12T16:26:56.082+0000][3.640s] GC(5) Using 13 workers of 13 for evacuation
[2025-03-12T16:26:56.089+0000][3.647s] GC(5)   Pre Evacuate Collection Set: 0.2ms
[2025-03-12T16:26:56.090+0000][3.647s] GC(5)   Merge Heap Roots: 0.1ms
[2025-03-12T16:26:56.090+0000][3.648s] GC(5)   Evacuate Collection Set: 5.4ms
[2025-03-12T16:26:56.091+0000][3.648s] GC(5)   Post Evacuate Collection Set: 1.1ms
[2025-03-12T16:26:56.091+0000][3.648s] GC(5)   Other: 1.5ms
[2025-03-12T16:26:56.091+0000][3.648s] GC(5) Eden regions: 110->0(290)
[2025-03-12T16:26:56.091+0000][3.648s] GC(5) Survivor regions: 11->17(39)
[2025-03-12T16:26:56.091+0000][3.649s] GC(5) Old regions: 9->9
[2025-03-12T16:26:56.092+0000][3.649s] GC(5) Archive regions: 2->2
[2025-03-12T16:26:56.092+0000][3.649s] GC(5) Humongous regions: 4->4
[2025-03-12T16:26:56.092+0000][3.650s] GC(5) Metaspace: 36084K(36416K)->36084K(36416K) NonClass: 31581K(31744K)->31581K(31744K) Class: 4502K(4672K)->4502K(4672K)
[2025-03-12T16:26:56.093+0000][3.650s] GC(5) Pause Young (Concurrent Start) (Metadata GC Threshold) 133M->29M(512M) 11.836ms
[2025-03-12T16:26:56.093+0000][3.651s] GC(5) User=0.02s Sys=0.01s Real=0.02s
[2025-03-12T16:26:56.094+0000][3.651s] GC(6) Concurrent Mark Cycle
[2025-03-12T16:26:56.094+0000][3.652s] GC(6) Concurrent Clear Claimed Marks
[2025-03-12T16:26:56.095+0000][3.652s] GC(6) Concurrent Clear Claimed Marks 0.236ms
[2025-03-12T16:26:56.096+0000][3.653s] GC(6) Concurrent Scan Root Regions
[2025-03-12T16:26:56.098+0000][3.655s] GC(6) Concurrent Scan Root Regions 2.341ms
[2025-03-12T16:26:56.098+0000][3.656s] GC(6) Concurrent Mark
[2025-03-12T16:26:56.099+0000][3.656s] GC(6) Concurrent Mark From Roots
[2025-03-12T16:26:56.099+0000][3.656s] GC(6) Using 3 workers of 3 for marking
[2025-03-12T16:26:56.105+0000][3.662s] GC(6) Concurrent Mark From Roots 6.124ms
[2025-03-12T16:26:56.105+0000][3.663s] GC(6) Concurrent Preclean
[2025-03-12T16:26:56.106+0000][3.663s] GC(6) Concurrent Preclean 0.505ms
[2025-03-12T16:26:56.106+0000][3.664s] GC(6) Pause Remark
[2025-03-12T16:26:56.109+0000][3.666s] GC(6) Pause Remark 31M->31M(512M) 2.345ms
[2025-03-12T16:26:56.109+0000][3.666s] GC(6) User=0.01s Sys=0.00s Real=0.00s
[2025-03-12T16:26:56.110+0000][3.667s] GC(6) Concurrent Mark 11.161ms
[2025-03-12T16:26:56.110+0000][3.667s] GC(6) Concurrent Rebuild Remembered Sets
[2025-03-12T16:26:56.112+0000][3.670s] GC(6) Concurrent Rebuild Remembered Sets 2.409ms
[2025-03-12T16:26:56.113+0000][3.670s] GC(6) Pause Cleanup
[2025-03-12T16:26:56.114+0000][3.671s] GC(6) Pause Cleanup 32M->32M(512M) 0.464ms
[2025-03-12T16:26:56.114+0000][3.671s] GC(6) User=0.00s Sys=0.00s Real=0.00s
[2025-03-12T16:26:56.114+0000][3.671s] GC(6) Concurrent Cleanup for Next Mark
[2025-03-12T16:26:56.115+0000][3.672s] GC(6) Concurrent Cleanup for Next Mark 0.595ms
[2025-03-12T16:26:56.115+0000][3.672s] GC(6) Concurrent Mark Cycle 21.090ms
[2025-03-12T16:30:31.435+0000][218.993s] Heap
[2025-03-12T16:30:31.435+0000][218.993s]  garbage-first heap   total 524288K, used 296708K [0x00000000e0000000, 0x0000000100000000)
[2025-03-12T16:30:31.436+0000][218.993s]   region size 1024K, 277 young (283648K), 17 survivors (17408K)
[2025-03-12T16:30:31.436+0000][218.993s]  Metaspace       used 57020K, committed 57536K, reserved 1114112K
[2025-03-12T16:30:31.436+0000][218.994s]   class space    used 7293K, committed 7552K, reserved 1048576K
