[2025-03-04T15:42:38.383+0000][0.085s] Using G1
[2025-03-04T15:42:38.457+0000][0.159s] Version: 17.0.14+7 (release)
[2025-03-04T15:42:38.457+0000][0.159s] CPUs: 16 total, 16 available
[2025-03-04T15:42:38.458+0000][0.160s] Memory: 15802M
[2025-03-04T15:42:38.458+0000][0.160s] Large Page Support: Disabled
[2025-03-04T15:42:38.459+0000][0.161s] NUMA Support: Disabled
[2025-03-04T15:42:38.459+0000][0.161s] Compressed Oops: Enabled (32-bit)
[2025-03-04T15:42:38.459+0000][0.161s] Heap Region Size: 1M
[2025-03-04T15:42:38.459+0000][0.162s] Heap Min Capacity: 512M
[2025-03-04T15:42:38.460+0000][0.162s] Heap Initial Capacity: 512M
[2025-03-04T15:42:38.460+0000][0.162s] Heap Max Capacity: 512M
[2025-03-04T15:42:38.461+0000][0.163s] Pre-touch: Enabled
[2025-03-04T15:42:38.461+0000][0.163s] Parallel Workers: 13
[2025-03-04T15:42:38.461+0000][0.163s] Concurrent Workers: 3
[2025-03-04T15:42:38.461+0000][0.163s] Concurrent Refinement Workers: 13
[2025-03-04T15:42:38.462+0000][0.164s] Periodic GC: Disabled
[2025-03-04T15:42:38.466+0000][0.168s] CDS archive(s) mapped at: [0x00007f03ef000000-0x00007f03efa62000-0x00007f03efa62000), size 10887168, SharedBaseAddress: 0x00007f03ef000000, ArchiveRelocationMode: 1.
[2025-03-04T15:42:38.467+0000][0.169s] Compressed class space mapped at: 0x00007f03f0000000-0x00007f0430000000, reserved size: 1073741824
[2025-03-04T15:42:38.467+0000][0.169s] Narrow klass base: 0x00007f03ef000000, Narrow klass shift: 0, Narrow klass range: 0x100000000
[2025-03-04T15:42:39.519+0000][1.221s] GC(0) Pause Young (Normal) (G1 Evacuation Pause)
[2025-03-04T15:42:39.519+0000][1.221s] GC(0) Using 12 workers of 13 for evacuation
[2025-03-04T15:42:39.525+0000][1.227s] GC(0)   Pre Evacuate Collection Set: 0.1ms
[2025-03-04T15:42:39.526+0000][1.228s] GC(0)   Merge Heap Roots: 0.1ms
[2025-03-04T15:42:39.526+0000][1.228s] GC(0)   Evacuate Collection Set: 3.6ms
[2025-03-04T15:42:39.528+0000][1.230s] GC(0)   Post Evacuate Collection Set: 1.1ms
[2025-03-04T15:42:39.529+0000][1.231s] GC(0)   Other: 0.6ms
[2025-03-04T15:42:39.529+0000][1.231s] GC(0) Eden regions: 29->0(61)
[2025-03-04T15:42:39.530+0000][1.232s] GC(0) Survivor regions: 0->4(4)
[2025-03-04T15:42:39.530+0000][1.232s] GC(0) Old regions: 0->0
[2025-03-04T15:42:39.530+0000][1.232s] GC(0) Archive regions: 2->2
[2025-03-04T15:42:39.530+0000][1.232s] GC(0) Humongous regions: 0->0
[2025-03-04T15:42:39.530+0000][1.232s] GC(0) Metaspace: 9307K(9472K)->9307K(9472K) NonClass: 8171K(8256K)->8171K(8256K) Class: 1136K(1216K)->1136K(1216K)
[2025-03-04T15:42:39.530+0000][1.233s] GC(0) Pause Young (Normal) (G1 Evacuation Pause) 29M->4M(512M) 11.406ms
[2025-03-04T15:42:39.531+0000][1.233s] GC(0) User=0.04s Sys=0.01s Real=0.01s
[2025-03-04T15:42:40.244+0000][1.946s] GC(1) Pause Young (Normal) (G1 Evacuation Pause)
[2025-03-04T15:42:40.244+0000][1.946s] GC(1) Using 13 workers of 13 for evacuation
[2025-03-04T15:42:40.251+0000][1.953s] GC(1)   Pre Evacuate Collection Set: 0.3ms
[2025-03-04T15:42:40.252+0000][1.954s] GC(1)   Merge Heap Roots: 0.2ms
[2025-03-04T15:42:40.252+0000][1.954s] GC(1)   Evacuate Collection Set: 5.5ms
[2025-03-04T15:42:40.252+0000][1.955s] GC(1)   Post Evacuate Collection Set: 1.1ms
[2025-03-04T15:42:40.253+0000][1.955s] GC(1)   Other: 0.8ms
[2025-03-04T15:42:40.253+0000][1.955s] GC(1) Eden regions: 61->0(110)
[2025-03-04T15:42:40.254+0000][1.956s] GC(1) Survivor regions: 4->9(9)
[2025-03-04T15:42:40.254+0000][1.956s] GC(1) Old regions: 0->5
[2025-03-04T15:42:40.254+0000][1.956s] GC(1) Archive regions: 2->2
[2025-03-04T15:42:40.254+0000][1.956s] GC(1) Humongous regions: 4->4
[2025-03-04T15:42:40.254+0000][1.957s] GC(1) Metaspace: 18067K(18368K)->18067K(18368K) NonClass: 15871K(16000K)->15871K(16000K) Class: 2195K(2368K)->2195K(2368K)
[2025-03-04T15:42:40.255+0000][1.957s] GC(1) Pause Young (Normal) (G1 Evacuation Pause) 69M->18M(512M) 11.166ms
[2025-03-04T15:42:40.255+0000][1.957s] GC(1) User=0.03s Sys=0.02s Real=0.01s
[2025-03-04T15:42:40.785+0000][2.487s] GC(2) Pause Young (Concurrent Start) (Metadata GC Threshold)
[2025-03-04T15:42:40.785+0000][2.487s] GC(2) Using 13 workers of 13 for evacuation
[2025-03-04T15:42:40.791+0000][2.493s] GC(2)   Pre Evacuate Collection Set: 0.2ms
[2025-03-04T15:42:40.791+0000][2.493s] GC(2)   Merge Heap Roots: 0.2ms
[2025-03-04T15:42:40.791+0000][2.493s] GC(2)   Evacuate Collection Set: 4.3ms
[2025-03-04T15:42:40.791+0000][2.493s] GC(2)   Post Evacuate Collection Set: 0.8ms
[2025-03-04T15:42:40.792+0000][2.494s] GC(2)   Other: 0.9ms
[2025-03-04T15:42:40.792+0000][2.494s] GC(2) Eden regions: 98->0(295)
[2025-03-04T15:42:40.792+0000][2.494s] GC(2) Survivor regions: 9->12(15)
[2025-03-04T15:42:40.792+0000][2.494s] GC(2) Old regions: 5->8
[2025-03-04T15:42:40.793+0000][2.495s] GC(2) Archive regions: 2->2
[2025-03-04T15:42:40.793+0000][2.495s] GC(2) Humongous regions: 4->4
[2025-03-04T15:42:40.793+0000][2.495s] GC(2) Metaspace: 21274K(21504K)->21274K(21504K) NonClass: 18691K(18816K)->18691K(18816K) Class: 2582K(2688K)->2582K(2688K)
[2025-03-04T15:42:40.793+0000][2.495s] GC(2) Pause Young (Concurrent Start) (Metadata GC Threshold) 116M->23M(512M) 8.732ms
[2025-03-04T15:42:40.793+0000][2.496s] GC(2) User=0.03s Sys=0.01s Real=0.01s
[2025-03-04T15:42:40.794+0000][2.496s] GC(3) Concurrent Mark Cycle
[2025-03-04T15:42:40.794+0000][2.496s] GC(3) Concurrent Clear Claimed Marks
[2025-03-04T15:42:40.794+0000][2.496s] GC(3) Concurrent Clear Claimed Marks 0.276ms
[2025-03-04T15:42:40.795+0000][2.497s] GC(3) Concurrent Scan Root Regions
[2025-03-04T15:42:40.797+0000][2.499s] GC(3) Concurrent Scan Root Regions 2.241ms
[2025-03-04T15:42:40.797+0000][2.499s] GC(3) Concurrent Mark
[2025-03-04T15:42:40.798+0000][2.500s] GC(3) Concurrent Mark From Roots
[2025-03-04T15:42:40.798+0000][2.500s] GC(3) Using 3 workers of 3 for marking
[2025-03-04T15:42:40.802+0000][2.504s] GC(3) Concurrent Mark From Roots 4.088ms
[2025-03-04T15:42:40.802+0000][2.504s] GC(3) Concurrent Preclean
[2025-03-04T15:42:40.802+0000][2.504s] GC(3) Concurrent Preclean 0.341ms
[2025-03-04T15:42:40.803+0000][2.505s] GC(3) Pause Remark
[2025-03-04T15:42:40.805+0000][2.507s] GC(3) Pause Remark 24M->24M(512M) 2.270ms
[2025-03-04T15:42:40.805+0000][2.507s] GC(3) User=0.02s Sys=0.00s Real=0.01s
[2025-03-04T15:42:40.806+0000][2.508s] GC(3) Concurrent Mark 8.376ms
[2025-03-04T15:42:40.806+0000][2.508s] GC(3) Concurrent Rebuild Remembered Sets
[2025-03-04T15:42:40.808+0000][2.510s] GC(3) Concurrent Rebuild Remembered Sets 2.407ms
[2025-03-04T15:42:40.809+0000][2.511s] GC(3) Pause Cleanup
[2025-03-04T15:42:40.809+0000][2.511s] GC(3) Pause Cleanup 24M->24M(512M) 0.550ms
[2025-03-04T15:42:40.810+0000][2.512s] GC(3) User=0.00s Sys=0.00s Real=0.00s
[2025-03-04T15:42:40.810+0000][2.512s] GC(3) Concurrent Cleanup for Next Mark
[2025-03-04T15:42:40.810+0000][2.513s] GC(3) Concurrent Cleanup for Next Mark 0.675ms
[2025-03-04T15:42:40.811+0000][2.513s] GC(3) Concurrent Mark Cycle 17.119ms
[2025-03-04T15:42:42.254+0000][3.956s] GC(4) Pause Young (Concurrent Start) (Metadata GC Threshold)
[2025-03-04T15:42:42.254+0000][3.957s] GC(4) Using 13 workers of 13 for evacuation
[2025-03-04T15:42:42.262+0000][3.964s] GC(4)   Pre Evacuate Collection Set: 0.2ms
[2025-03-04T15:42:42.262+0000][3.964s] GC(4)   Merge Heap Roots: 0.1ms
[2025-03-04T15:42:42.263+0000][3.965s] GC(4)   Evacuate Collection Set: 4.4ms
[2025-03-04T15:42:42.263+0000][3.965s] GC(4)   Post Evacuate Collection Set: 2.1ms
[2025-03-04T15:42:42.263+0000][3.965s] GC(4)   Other: 0.9ms
[2025-03-04T15:42:42.264+0000][3.966s] GC(4) Eden regions: 109->0(289)
[2025-03-04T15:42:42.264+0000][3.966s] GC(4) Survivor regions: 12->18(39)
[2025-03-04T15:42:42.264+0000][3.966s] GC(4) Old regions: 8->8
[2025-03-04T15:42:42.265+0000][3.967s] GC(4) Archive regions: 2->2
[2025-03-04T15:42:42.265+0000][3.967s] GC(4) Humongous regions: 4->4
[2025-03-04T15:42:42.265+0000][3.967s] GC(4) Metaspace: 36042K(36416K)->36042K(36416K) NonClass: 31555K(31744K)->31555K(31744K) Class: 4487K(4672K)->4487K(4672K)
[2025-03-04T15:42:42.266+0000][3.968s] GC(4) Pause Young (Concurrent Start) (Metadata GC Threshold) 132M->29M(512M) 11.649ms
[2025-03-04T15:42:42.266+0000][3.968s] GC(4) User=0.03s Sys=0.00s Real=0.02s
[2025-03-04T15:42:42.266+0000][3.968s] GC(5) Concurrent Mark Cycle
[2025-03-04T15:42:42.267+0000][3.969s] GC(5) Concurrent Clear Claimed Marks
[2025-03-04T15:42:42.267+0000][3.969s] GC(5) Concurrent Clear Claimed Marks 0.408ms
[2025-03-04T15:42:42.267+0000][3.969s] GC(5) Concurrent Scan Root Regions
[2025-03-04T15:42:42.270+0000][3.972s] GC(5) Concurrent Scan Root Regions 2.447ms
[2025-03-04T15:42:42.270+0000][3.972s] GC(5) Concurrent Mark
[2025-03-04T15:42:42.271+0000][3.973s] GC(5) Concurrent Mark From Roots
[2025-03-04T15:42:42.271+0000][3.973s] GC(5) Using 3 workers of 3 for marking
[2025-03-04T15:42:42.276+0000][3.978s] GC(5) Concurrent Mark From Roots 5.550ms
[2025-03-04T15:42:42.276+0000][3.978s] GC(5) Concurrent Preclean
[2025-03-04T15:42:42.277+0000][3.979s] GC(5) Concurrent Preclean 0.392ms
[2025-03-04T15:42:42.278+0000][3.980s] GC(5) Pause Remark
[2025-03-04T15:42:42.280+0000][3.982s] GC(5) Pause Remark 30M->30M(512M) 2.483ms
[2025-03-04T15:42:42.281+0000][3.983s] GC(5) User=0.01s Sys=0.00s Real=0.00s
[2025-03-04T15:42:42.281+0000][3.983s] GC(5) Concurrent Mark 10.874ms
[2025-03-04T15:42:42.282+0000][3.984s] GC(5) Concurrent Rebuild Remembered Sets
[2025-03-04T15:42:42.284+0000][3.987s] GC(5) Concurrent Rebuild Remembered Sets 2.845ms
[2025-03-04T15:42:42.285+0000][3.987s] GC(5) Pause Cleanup
[2025-03-04T15:42:42.285+0000][3.988s] GC(5) Pause Cleanup 31M->31M(512M) 0.489ms
[2025-03-04T15:42:42.286+0000][3.988s] GC(5) User=0.00s Sys=0.00s Real=0.01s
[2025-03-04T15:42:42.286+0000][3.988s] GC(5) Concurrent Cleanup for Next Mark
[2025-03-04T15:42:42.287+0000][3.989s] GC(5) Concurrent Cleanup for Next Mark 0.988ms
[2025-03-04T15:42:42.288+0000][3.990s] GC(5) Concurrent Mark Cycle 21.514ms
[2025-03-04T15:52:30.650+0000][592.350s] GC(6) Pause Young (Normal) (G1 Evacuation Pause)
[2025-03-04T15:52:30.650+0000][592.351s] GC(6) Using 13 workers of 13 for evacuation
[2025-03-04T15:52:30.667+0000][592.367s] GC(6)   Pre Evacuate Collection Set: 0.2ms
[2025-03-04T15:52:30.667+0000][592.367s] GC(6)   Merge Heap Roots: 0.1ms
[2025-03-04T15:52:30.668+0000][592.368s] GC(6)   Evacuate Collection Set: 13.3ms
[2025-03-04T15:52:30.668+0000][592.368s] GC(6)   Post Evacuate Collection Set: 2.0ms
[2025-03-04T15:52:30.668+0000][592.368s] GC(6)   Other: 1.3ms
[2025-03-04T15:52:30.669+0000][592.369s] GC(6) Eden regions: 289->0(268)
[2025-03-04T15:52:30.669+0000][592.369s] GC(6) Survivor regions: 18->39(39)
[2025-03-04T15:52:30.669+0000][592.369s] GC(6) Old regions: 8->12
[2025-03-04T15:52:30.669+0000][592.369s] GC(6) Archive regions: 2->2
[2025-03-04T15:52:30.669+0000][592.370s] GC(6) Humongous regions: 4->4
[2025-03-04T15:52:30.670+0000][592.370s] GC(6) Metaspace: 58026K(58496K)->58026K(58496K) NonClass: 50685K(50944K)->50685K(50944K) Class: 7341K(7552K)->7341K(7552K)
[2025-03-04T15:52:30.670+0000][592.370s] GC(6) Pause Young (Normal) (G1 Evacuation Pause) 318M->55M(512M) 19.901ms
[2025-03-04T15:52:30.670+0000][592.370s] GC(6) User=0.16s Sys=0.01s Real=0.02s
[2025-03-04T15:52:32.454+0000][594.154s] GC(7) Pause Young (Normal) (G1 Evacuation Pause)
[2025-03-04T15:52:32.454+0000][594.154s] GC(7) Using 13 workers of 13 for evacuation
[2025-03-04T15:52:32.467+0000][594.167s] GC(7)   Pre Evacuate Collection Set: 0.2ms
[2025-03-04T15:52:32.467+0000][594.167s] GC(7)   Merge Heap Roots: 0.1ms
[2025-03-04T15:52:32.467+0000][594.167s] GC(7)   Evacuate Collection Set: 10.6ms
[2025-03-04T15:52:32.467+0000][594.168s] GC(7)   Post Evacuate Collection Set: 1.2ms
[2025-03-04T15:52:32.468+0000][594.168s] GC(7)   Other: 0.5ms
[2025-03-04T15:52:32.468+0000][594.168s] GC(7) Eden regions: 268->0(273)
[2025-03-04T15:52:32.468+0000][594.168s] GC(7) Survivor regions: 39->34(39)
[2025-03-04T15:52:32.468+0000][594.168s] GC(7) Old regions: 12->49
[2025-03-04T15:52:32.468+0000][594.168s] GC(7) Archive regions: 2->2
[2025-03-04T15:52:32.468+0000][594.168s] GC(7) Humongous regions: 4->4
[2025-03-04T15:52:32.469+0000][594.169s] GC(7) Metaspace: 58111K(58560K)->58111K(58560K) NonClass: 50768K(51008K)->50768K(51008K) Class: 7342K(7552K)->7342K(7552K)
[2025-03-04T15:52:32.469+0000][594.169s] GC(7) Pause Young (Normal) (G1 Evacuation Pause) 323M->87M(512M) 15.160ms
[2025-03-04T15:52:32.469+0000][594.170s] GC(7) User=0.11s Sys=0.00s Real=0.02s
[2025-03-04T15:52:34.487+0000][596.188s] GC(8) Pause Young (Normal) (G1 Evacuation Pause)
[2025-03-04T15:52:34.488+0000][596.188s] GC(8) Using 13 workers of 13 for evacuation
[2025-03-04T15:52:34.494+0000][596.194s] GC(8)   Pre Evacuate Collection Set: 0.2ms
[2025-03-04T15:52:34.494+0000][596.195s] GC(8)   Merge Heap Roots: 0.2ms
[2025-03-04T15:52:34.495+0000][596.195s] GC(8)   Evacuate Collection Set: 5.0ms
[2025-03-04T15:52:34.495+0000][596.195s] GC(8)   Post Evacuate Collection Set: 0.7ms
[2025-03-04T15:52:34.495+0000][596.195s] GC(8)   Other: 0.7ms
[2025-03-04T15:52:34.495+0000][596.196s] GC(8) Eden regions: 273->0(264)
[2025-03-04T15:52:34.496+0000][596.196s] GC(8) Survivor regions: 34->29(39)
[2025-03-04T15:52:34.496+0000][596.196s] GC(8) Old regions: 49->79
[2025-03-04T15:52:34.496+0000][596.196s] GC(8) Archive regions: 2->2
[2025-03-04T15:52:34.496+0000][596.196s] GC(8) Humongous regions: 4->4
[2025-03-04T15:52:34.497+0000][596.197s] GC(8) Metaspace: 58539K(59008K)->58539K(59008K) NonClass: 51184K(51456K)->51184K(51456K) Class: 7354K(7552K)->7354K(7552K)
[2025-03-04T15:52:34.497+0000][596.197s] GC(8) Pause Young (Normal) (G1 Evacuation Pause) 360M->112M(512M) 9.343ms
[2025-03-04T15:52:34.497+0000][596.197s] GC(8) User=0.06s Sys=0.01s Real=0.01s
[2025-03-04T15:52:36.282+0000][597.982s] GC(9) Pause Young (Normal) (G1 Evacuation Pause)
[2025-03-04T15:52:36.282+0000][597.983s] GC(9) Using 13 workers of 13 for evacuation
[2025-03-04T15:52:36.288+0000][597.988s] GC(9)   Pre Evacuate Collection Set: 0.2ms
[2025-03-04T15:52:36.289+0000][597.989s] GC(9)   Merge Heap Roots: 0.1ms
[2025-03-04T15:52:36.289+0000][597.989s] GC(9)   Evacuate Collection Set: 4.1ms
[2025-03-04T15:52:36.289+0000][597.989s] GC(9)   Post Evacuate Collection Set: 0.8ms
[2025-03-04T15:52:36.289+0000][597.990s] GC(9)   Other: 0.8ms
[2025-03-04T15:52:36.290+0000][597.990s] GC(9) Eden regions: 264->0(246)
[2025-03-04T15:52:36.290+0000][597.990s] GC(9) Survivor regions: 29->33(37)
[2025-03-04T15:52:36.290+0000][597.990s] GC(9) Old regions: 79->103
[2025-03-04T15:52:36.290+0000][597.990s] GC(9) Archive regions: 2->2
[2025-03-04T15:52:36.290+0000][597.991s] GC(9) Humongous regions: 4->4
[2025-03-04T15:52:36.290+0000][597.991s] GC(9) Metaspace: 58755K(59264K)->58755K(59264K) NonClass: 51387K(51648K)->51387K(51648K) Class: 7368K(7616K)->7368K(7616K)
[2025-03-04T15:52:36.291+0000][597.991s] GC(9) Pause Young (Normal) (G1 Evacuation Pause) 376M->139M(512M) 8.696ms
[2025-03-04T15:52:36.291+0000][597.991s] GC(9) User=0.05s Sys=0.01s Real=0.01s
[2025-03-04T15:52:38.328+0000][600.028s] GC(10) Pause Young (Normal) (G1 Evacuation Pause)
[2025-03-04T15:52:38.328+0000][600.028s] GC(10) Using 13 workers of 13 for evacuation
[2025-03-04T15:52:38.333+0000][600.033s] GC(10)   Pre Evacuate Collection Set: 0.2ms
[2025-03-04T15:52:38.333+0000][600.034s] GC(10)   Merge Heap Roots: 0.1ms
[2025-03-04T15:52:38.334+0000][600.034s] GC(10)   Evacuate Collection Set: 3.3ms
[2025-03-04T15:52:38.334+0000][600.034s] GC(10)   Post Evacuate Collection Set: 0.8ms
[2025-03-04T15:52:38.334+0000][600.035s] GC(10)   Other: 0.9ms
[2025-03-04T15:52:38.335+0000][600.035s] GC(10) Eden regions: 246->0(235)
[2025-03-04T15:52:38.335+0000][600.035s] GC(10) Survivor regions: 33->24(35)
[2025-03-04T15:52:38.335+0000][600.036s] GC(10) Old regions: 103->130
[2025-03-04T15:52:38.336+0000][600.036s] GC(10) Archive regions: 2->2
[2025-03-04T15:52:38.336+0000][600.036s] GC(10) Humongous regions: 4->4
[2025-03-04T15:52:38.336+0000][600.037s] GC(10) Metaspace: 58855K(59392K)->58855K(59392K) NonClass: 51485K(51776K)->51485K(51776K) Class: 7369K(7616K)->7369K(7616K)
[2025-03-04T15:52:38.337+0000][600.037s] GC(10) Pause Young (Normal) (G1 Evacuation Pause) 385M->158M(512M) 8.915ms
[2025-03-04T15:52:38.337+0000][600.037s] GC(10) User=0.02s Sys=0.00s Real=0.01s
[2025-03-04T15:52:42.966+0000][604.666s] GC(11) Pause Young (Normal) (G1 Evacuation Pause)
[2025-03-04T15:52:42.966+0000][604.667s] GC(11) Using 13 workers of 13 for evacuation
[2025-03-04T15:52:42.971+0000][604.671s] GC(11)   Pre Evacuate Collection Set: 0.3ms
[2025-03-04T15:52:42.971+0000][604.672s] GC(11)   Merge Heap Roots: 0.1ms
[2025-03-04T15:52:42.972+0000][604.672s] GC(11)   Evacuate Collection Set: 3.2ms
[2025-03-04T15:52:42.972+0000][604.672s] GC(11)   Post Evacuate Collection Set: 0.7ms
[2025-03-04T15:52:42.972+0000][604.673s] GC(11)   Other: 0.7ms
[2025-03-04T15:52:42.972+0000][604.673s] GC(11) Eden regions: 235->0(218)
[2025-03-04T15:52:42.973+0000][604.673s] GC(11) Survivor regions: 24->25(33)
[2025-03-04T15:52:42.973+0000][604.673s] GC(11) Old regions: 130->150
[2025-03-04T15:52:42.973+0000][604.673s] GC(11) Archive regions: 2->2
[2025-03-04T15:52:42.973+0000][604.673s] GC(11) Humongous regions: 4->4
[2025-03-04T15:52:42.973+0000][604.673s] GC(11) Metaspace: 58932K(59456K)->58932K(59456K) NonClass: 51563K(51840K)->51563K(51840K) Class: 7369K(7616K)->7369K(7616K)
[2025-03-04T15:52:42.973+0000][604.674s] GC(11) Pause Young (Normal) (G1 Evacuation Pause) 393M->179M(512M) 7.309ms
[2025-03-04T15:52:42.973+0000][604.674s] GC(11) User=0.00s Sys=0.01s Real=0.01s
[2025-03-04T15:52:44.870+0000][606.570s] GC(12) Pause Young (Normal) (G1 Evacuation Pause)
[2025-03-04T15:52:44.870+0000][606.570s] GC(12) Using 13 workers of 13 for evacuation
[2025-03-04T15:52:44.876+0000][606.576s] GC(12)   Pre Evacuate Collection Set: 0.2ms
[2025-03-04T15:52:44.876+0000][606.576s] GC(12)   Merge Heap Roots: 0.1ms
[2025-03-04T15:52:44.877+0000][606.577s] GC(12)   Evacuate Collection Set: 4.1ms
[2025-03-04T15:52:44.877+0000][606.577s] GC(12)   Post Evacuate Collection Set: 0.7ms
[2025-03-04T15:52:44.877+0000][606.577s] GC(12)   Other: 0.8ms
[2025-03-04T15:52:44.877+0000][606.578s] GC(12) Eden regions: 218->0(198)
[2025-03-04T15:52:44.878+0000][606.578s] GC(12) Survivor regions: 25->27(31)
[2025-03-04T15:52:44.878+0000][606.578s] GC(12) Old regions: 150->172
[2025-03-04T15:52:44.878+0000][606.578s] GC(12) Archive regions: 2->2
[2025-03-04T15:52:44.878+0000][606.579s] GC(12) Humongous regions: 4->4
[2025-03-04T15:52:44.879+0000][606.579s] GC(12) Metaspace: 59020K(59584K)->59020K(59584K) NonClass: 51650K(51968K)->51650K(51968K) Class: 7369K(7616K)->7369K(7616K)
[2025-03-04T15:52:44.879+0000][606.579s] GC(12) Pause Young (Normal) (G1 Evacuation Pause) 397M->203M(512M) 8.974ms
[2025-03-04T15:52:44.879+0000][606.579s] GC(12) User=0.03s Sys=0.00s Real=0.01s
[2025-03-04T15:52:46.220+0000][607.920s] GC(13) Pause Young (Normal) (G1 Evacuation Pause)
[2025-03-04T15:52:46.220+0000][607.921s] GC(13) Using 13 workers of 13 for evacuation
[2025-03-04T15:52:46.225+0000][607.925s] GC(13)   Pre Evacuate Collection Set: 0.2ms
[2025-03-04T15:52:46.225+0000][607.925s] GC(13)   Merge Heap Roots: 0.1ms
[2025-03-04T15:52:46.226+0000][607.926s] GC(13)   Evacuate Collection Set: 3.1ms
[2025-03-04T15:52:46.226+0000][607.926s] GC(13)   Post Evacuate Collection Set: 0.7ms
[2025-03-04T15:52:46.226+0000][607.926s] GC(13)   Other: 1.0ms
[2025-03-04T15:52:46.226+0000][607.927s] GC(13) Eden regions: 198->0(185)
[2025-03-04T15:52:46.227+0000][607.927s] GC(13) Survivor regions: 27->20(29)
[2025-03-04T15:52:46.227+0000][607.927s] GC(13) Old regions: 172->197
[2025-03-04T15:52:46.227+0000][607.928s] GC(13) Archive regions: 2->2
[2025-03-04T15:52:46.227+0000][607.928s] GC(13) Humongous regions: 4->4
[2025-03-04T15:52:46.228+0000][607.928s] GC(13) Metaspace: 59103K(59648K)->59103K(59648K) NonClass: 51732K(52032K)->51732K(52032K) Class: 7370K(7616K)->7370K(7616K)
[2025-03-04T15:52:46.228+0000][607.928s] GC(13) Pause Young (Normal) (G1 Evacuation Pause) 401M->220M(512M) 8.375ms
[2025-03-04T15:52:46.228+0000][607.929s] GC(13) User=0.02s Sys=0.00s Real=0.01s
[2025-03-04T15:52:50.607+0000][612.308s] GC(14) Pause Young (Normal) (G1 Evacuation Pause)
[2025-03-04T15:52:50.608+0000][612.308s] GC(14) Using 13 workers of 13 for evacuation
[2025-03-04T15:52:50.611+0000][612.311s] GC(14)   Pre Evacuate Collection Set: 0.2ms
[2025-03-04T15:52:50.611+0000][612.311s] GC(14)   Merge Heap Roots: 0.1ms
[2025-03-04T15:52:50.611+0000][612.311s] GC(14)   Evacuate Collection Set: 2.3ms
[2025-03-04T15:52:50.612+0000][612.312s] GC(14)   Post Evacuate Collection Set: 0.5ms
[2025-03-04T15:52:50.612+0000][612.312s] GC(14)   Other: 0.4ms
[2025-03-04T15:52:50.612+0000][612.312s] GC(14) Eden regions: 185->0(174)
[2025-03-04T15:52:50.612+0000][612.312s] GC(14) Survivor regions: 20->18(26)
[2025-03-04T15:52:50.612+0000][612.312s] GC(14) Old regions: 197->213
[2025-03-04T15:52:50.612+0000][612.312s] GC(14) Archive regions: 2->2
[2025-03-04T15:52:50.612+0000][612.312s] GC(14) Humongous regions: 4->4
[2025-03-04T15:52:50.613+0000][612.313s] GC(14) Metaspace: 59160K(59648K)->59160K(59648K) NonClass: 51790K(52032K)->51790K(52032K) Class: 7370K(7616K)->7370K(7616K)
[2025-03-04T15:52:50.613+0000][612.313s] GC(14) Pause Young (Normal) (G1 Evacuation Pause) 405M->234M(512M) 5.288ms
[2025-03-04T15:52:50.613+0000][612.313s] GC(14) User=0.01s Sys=0.00s Real=0.00s
[2025-03-04T15:52:51.918+0000][613.618s] GC(15) Pause Young (Normal) (G1 Evacuation Pause)
[2025-03-04T15:52:51.918+0000][613.619s] GC(15) Using 13 workers of 13 for evacuation
[2025-03-04T15:52:51.922+0000][613.622s] GC(15)   Pre Evacuate Collection Set: 0.2ms
[2025-03-04T15:52:51.922+0000][613.623s] GC(15)   Merge Heap Roots: 0.1ms
[2025-03-04T15:52:51.923+0000][613.623s] GC(15)   Evacuate Collection Set: 2.5ms
[2025-03-04T15:52:51.923+0000][613.623s] GC(15)   Post Evacuate Collection Set: 0.5ms
[2025-03-04T15:52:51.923+0000][613.623s] GC(15)   Other: 0.6ms
[2025-03-04T15:52:51.923+0000][613.623s] GC(15) Eden regions: 174->0(158)
[2025-03-04T15:52:51.924+0000][613.624s] GC(15) Survivor regions: 18->21(24)
[2025-03-04T15:52:51.924+0000][613.624s] GC(15) Old regions: 213->229
[2025-03-04T15:52:51.924+0000][613.624s] GC(15) Archive regions: 2->2
[2025-03-04T15:52:51.924+0000][613.624s] GC(15) Humongous regions: 4->4
[2025-03-04T15:52:51.925+0000][613.625s] GC(15) Metaspace: 59167K(59648K)->59167K(59648K) NonClass: 51797K(52032K)->51797K(52032K) Class: 7370K(7616K)->7370K(7616K)
[2025-03-04T15:52:51.925+0000][613.625s] GC(15) Pause Young (Normal) (G1 Evacuation Pause) 408M->253M(512M) 6.647ms
[2025-03-04T15:52:51.925+0000][613.625s] GC(15) User=0.02s Sys=0.01s Real=0.00s
[2025-03-04T15:52:55.535+0000][617.235s] GC(16) Pause Young (Concurrent Start) (G1 Evacuation Pause)
[2025-03-04T15:52:55.535+0000][617.235s] GC(16) Using 13 workers of 13 for evacuation
[2025-03-04T15:52:55.538+0000][617.239s] GC(16)   Pre Evacuate Collection Set: 0.2ms
[2025-03-04T15:52:55.539+0000][617.239s] GC(16)   Merge Heap Roots: 0.1ms
[2025-03-04T15:52:55.539+0000][617.239s] GC(16)   Evacuate Collection Set: 2.3ms
[2025-03-04T15:52:55.539+0000][617.239s] GC(16)   Post Evacuate Collection Set: 0.6ms
[2025-03-04T15:52:55.539+0000][617.239s] GC(16)   Other: 0.6ms
[2025-03-04T15:52:55.539+0000][617.239s] GC(16) Eden regions: 158->0(149)
[2025-03-04T15:52:55.539+0000][617.240s] GC(16) Survivor regions: 21->15(23)
[2025-03-04T15:52:55.540+0000][617.240s] GC(16) Old regions: 229->247
[2025-03-04T15:52:55.540+0000][617.240s] GC(16) Archive regions: 2->2
[2025-03-04T15:52:55.540+0000][617.240s] GC(16) Humongous regions: 4->4
[2025-03-04T15:52:55.540+0000][617.240s] GC(16) Metaspace: 59200K(59712K)->59200K(59712K) NonClass: 51829K(52096K)->51829K(52096K) Class: 7370K(7616K)->7370K(7616K)
[2025-03-04T15:52:55.540+0000][617.240s] GC(16) Pause Young (Concurrent Start) (G1 Evacuation Pause) 411M->265M(512M) 5.496ms
[2025-03-04T15:52:55.540+0000][617.240s] GC(16) User=0.01s Sys=0.00s Real=0.01s
[2025-03-04T15:52:55.541+0000][617.241s] GC(17) Concurrent Mark Cycle
[2025-03-04T15:52:55.541+0000][617.241s] GC(17) Concurrent Clear Claimed Marks
[2025-03-04T15:52:55.541+0000][617.241s] GC(17) Concurrent Clear Claimed Marks 0.182ms
[2025-03-04T15:52:55.541+0000][617.241s] GC(17) Concurrent Scan Root Regions
[2025-03-04T15:52:55.541+0000][617.242s] GC(17) Concurrent Scan Root Regions 0.572ms
[2025-03-04T15:52:55.542+0000][617.242s] GC(17) Concurrent Mark
[2025-03-04T15:52:55.542+0000][617.242s] GC(17) Concurrent Mark From Roots
[2025-03-04T15:52:55.542+0000][617.242s] GC(17) Using 3 workers of 3 for marking
[2025-03-04T15:52:55.557+0000][617.258s] GC(17) Concurrent Mark From Roots 15.735ms
[2025-03-04T15:52:55.558+0000][617.258s] GC(17) Concurrent Preclean
[2025-03-04T15:52:55.558+0000][617.258s] GC(17) Concurrent Preclean 0.648ms
[2025-03-04T15:52:55.559+0000][617.259s] GC(17) Pause Remark
[2025-03-04T15:52:55.568+0000][617.268s] GC(17) Pause Remark 266M->155M(512M) 8.923ms
[2025-03-04T15:52:55.569+0000][617.269s] GC(17) User=0.07s Sys=0.00s Real=0.01s
[2025-03-04T15:52:55.569+0000][617.269s] GC(17) Concurrent Mark 27.517ms
[2025-03-04T15:52:55.570+0000][617.270s] GC(17) Concurrent Rebuild Remembered Sets
[2025-03-04T15:52:55.578+0000][617.278s] GC(17) Concurrent Rebuild Remembered Sets 7.992ms
[2025-03-04T15:52:55.578+0000][617.278s] GC(17) Pause Cleanup
[2025-03-04T15:52:55.579+0000][617.279s] GC(17) Pause Cleanup 156M->156M(512M) 0.725ms
[2025-03-04T15:52:55.580+0000][617.280s] GC(17) User=0.00s Sys=0.00s Real=0.00s
[2025-03-04T15:52:55.580+0000][617.280s] GC(17) Concurrent Cleanup for Next Mark
[2025-03-04T15:52:55.581+0000][617.281s] GC(17) Concurrent Cleanup for Next Mark 1.012ms
[2025-03-04T15:52:55.582+0000][617.282s] GC(17) Concurrent Mark Cycle 41.241ms
[2025-03-04T15:52:56.575+0000][618.276s] GC(18) Pause Young (Prepare Mixed) (G1 Evacuation Pause)
[2025-03-04T15:52:56.576+0000][618.276s] GC(18) Using 13 workers of 13 for evacuation
[2025-03-04T15:52:56.579+0000][618.279s] GC(18)   Pre Evacuate Collection Set: 0.2ms
[2025-03-04T15:52:56.580+0000][618.280s] GC(18)   Merge Heap Roots: 0.1ms
[2025-03-04T15:52:56.580+0000][618.280s] GC(18)   Evacuate Collection Set: 2.4ms
[2025-03-04T15:52:56.580+0000][618.280s] GC(18)   Post Evacuate Collection Set: 0.6ms
[2025-03-04T15:52:56.580+0000][618.280s] GC(18)   Other: 0.6ms
[2025-03-04T15:52:56.581+0000][618.281s] GC(18) Eden regions: 149->0(7)
[2025-03-04T15:52:56.581+0000][618.281s] GC(18) Survivor regions: 15->18(21)
[2025-03-04T15:52:56.581+0000][618.281s] GC(18) Old regions: 136->149
[2025-03-04T15:52:56.581+0000][618.281s] GC(18) Archive regions: 2->2
[2025-03-04T15:52:56.581+0000][618.282s] GC(18) Humongous regions: 4->4
[2025-03-04T15:52:56.582+0000][618.282s] GC(18) Metaspace: 58974K(59712K)->58974K(59712K) NonClass: 51657K(52096K)->51657K(52096K) Class: 7316K(7616K)->7316K(7616K)
[2025-03-04T15:52:56.582+0000][618.282s] GC(18) Pause Young (Prepare Mixed) (G1 Evacuation Pause) 303M->170M(512M) 6.570ms
[2025-03-04T15:52:56.585+0000][618.286s] GC(18) User=0.02s Sys=0.00s Real=0.01s
[2025-03-04T15:52:56.649+0000][618.349s] GC(19) Pause Young (Mixed) (G1 Evacuation Pause)
[2025-03-04T15:52:56.649+0000][618.349s] GC(19) Using 13 workers of 13 for evacuation
[2025-03-04T15:52:56.653+0000][618.353s] GC(19)   Pre Evacuate Collection Set: 0.3ms
[2025-03-04T15:52:56.653+0000][618.353s] GC(19)   Merge Heap Roots: 0.1ms
[2025-03-04T15:52:56.653+0000][618.353s] GC(19)   Evacuate Collection Set: 2.1ms
[2025-03-04T15:52:56.654+0000][618.354s] GC(19)   Post Evacuate Collection Set: 0.8ms
[2025-03-04T15:52:56.654+0000][618.354s] GC(19)   Other: 0.7ms
[2025-03-04T15:52:56.654+0000][618.354s] GC(19) Eden regions: 7->0(265)
[2025-03-04T15:52:56.654+0000][618.354s] GC(19) Survivor regions: 18->2(4)
[2025-03-04T15:52:56.654+0000][618.355s] GC(19) Old regions: 149->114
[2025-03-04T15:52:56.655+0000][618.355s] GC(19) Archive regions: 2->2
[2025-03-04T15:52:56.655+0000][618.355s] GC(19) Humongous regions: 4->4
[2025-03-04T15:52:56.655+0000][618.355s] GC(19) Metaspace: 58974K(59712K)->58974K(59712K) NonClass: 51657K(52096K)->51657K(52096K) Class: 7316K(7616K)->7316K(7616K)
[2025-03-04T15:52:56.655+0000][618.355s] GC(19) Pause Young (Mixed) (G1 Evacuation Pause) 177M->120M(512M) 6.616ms
[2025-03-04T15:52:56.656+0000][618.356s] GC(19) User=0.02s Sys=0.00s Real=0.00s
[2025-03-04T15:52:58.580+0000][620.280s] GC(20) Pause Young (Normal) (G1 Evacuation Pause)
[2025-03-04T15:52:58.581+0000][620.281s] GC(20) Using 13 workers of 13 for evacuation
[2025-03-04T15:52:58.585+0000][620.285s] GC(20)   Pre Evacuate Collection Set: 0.1ms
[2025-03-04T15:52:58.586+0000][620.286s] GC(20)   Merge Heap Roots: 0.1ms
[2025-03-04T15:52:58.586+0000][620.286s] GC(20)   Evacuate Collection Set: 2.3ms
[2025-03-04T15:52:58.587+0000][620.287s] GC(20)   Post Evacuate Collection Set: 1.3ms
[2025-03-04T15:52:58.587+0000][620.287s] GC(20)   Other: 1.1ms
[2025-03-04T15:52:58.588+0000][620.288s] GC(20) Eden regions: 265->0(238)
[2025-03-04T15:52:58.588+0000][620.288s] GC(20) Survivor regions: 2->33(34)
[2025-03-04T15:52:58.589+0000][620.289s] GC(20) Old regions: 114->114
[2025-03-04T15:52:58.589+0000][620.289s] GC(20) Archive regions: 2->2
[2025-03-04T15:52:58.590+0000][620.290s] GC(20) Humongous regions: 4->4
[2025-03-04T15:52:58.591+0000][620.291s] GC(20) Metaspace: 59076K(59712K)->59076K(59712K) NonClass: 51759K(52096K)->51759K(52096K) Class: 7316K(7616K)->7316K(7616K)
[2025-03-04T15:52:58.591+0000][620.291s] GC(20) Pause Young (Normal) (G1 Evacuation Pause) 385M->150M(512M) 10.995ms
[2025-03-04T15:52:58.592+0000][620.292s] GC(20) User=0.01s Sys=0.00s Real=0.01s
[2025-03-04T15:52:59.969+0000][621.669s] GC(21) Pause Young (Normal) (G1 Evacuation Pause)
[2025-03-04T15:52:59.969+0000][621.669s] GC(21) Using 13 workers of 13 for evacuation
[2025-03-04T15:52:59.974+0000][621.675s] GC(21)   Pre Evacuate Collection Set: 0.2ms
[2025-03-04T15:52:59.975+0000][621.675s] GC(21)   Merge Heap Roots: 0.1ms
[2025-03-04T15:52:59.976+0000][621.676s] GC(21)   Evacuate Collection Set: 3.8ms
[2025-03-04T15:52:59.976+0000][621.676s] GC(21)   Post Evacuate Collection Set: 0.7ms
[2025-03-04T15:52:59.977+0000][621.677s] GC(21)   Other: 0.9ms
[2025-03-04T15:52:59.977+0000][621.677s] GC(21) Eden regions: 238->0(225)
[2025-03-04T15:52:59.978+0000][621.678s] GC(21) Survivor regions: 33->21(34)
[2025-03-04T15:52:59.978+0000][621.678s] GC(21) Old regions: 114->146
[2025-03-04T15:52:59.978+0000][621.678s] GC(21) Archive regions: 2->2
[2025-03-04T15:52:59.979+0000][621.679s] GC(21) Humongous regions: 4->4
[2025-03-04T15:52:59.979+0000][621.679s] GC(21) Metaspace: 59090K(59712K)->59090K(59712K) NonClass: 51773K(52096K)->51773K(52096K) Class: 7316K(7616K)->7316K(7616K)
[2025-03-04T15:52:59.979+0000][621.679s] GC(21) Pause Young (Normal) (G1 Evacuation Pause) 388M->171M(512M) 10.206ms
[2025-03-04T15:52:59.979+0000][621.679s] GC(21) User=0.04s Sys=0.01s Real=0.01s
[2025-03-04T15:53:01.737+0000][623.437s] GC(22) Pause Young (Normal) (G1 Evacuation Pause)
[2025-03-04T15:53:01.737+0000][623.437s] GC(22) Using 13 workers of 13 for evacuation
[2025-03-04T15:53:01.741+0000][623.441s] GC(22)   Pre Evacuate Collection Set: 0.2ms
[2025-03-04T15:53:01.742+0000][623.442s] GC(22)   Merge Heap Roots: 0.2ms
[2025-03-04T15:53:01.742+0000][623.442s] GC(22)   Evacuate Collection Set: 2.9ms
[2025-03-04T15:53:01.743+0000][623.443s] GC(22)   Post Evacuate Collection Set: 0.6ms
[2025-03-04T15:53:01.743+0000][623.443s] GC(22)   Other: 0.8ms
[2025-03-04T15:53:01.743+0000][623.443s] GC(22) Eden regions: 225->0(202)
[2025-03-04T15:53:01.743+0000][623.444s] GC(22) Survivor regions: 21->28(31)
[2025-03-04T15:53:01.744+0000][623.444s] GC(22) Old regions: 146->164
[2025-03-04T15:53:01.744+0000][623.444s] GC(22) Archive regions: 2->2
[2025-03-04T15:53:01.744+0000][623.444s] GC(22) Humongous regions: 4->4
[2025-03-04T15:53:01.745+0000][623.445s] GC(22) Metaspace: 59135K(59712K)->59135K(59712K) NonClass: 51818K(52096K)->51818K(52096K) Class: 7316K(7616K)->7316K(7616K)
[2025-03-04T15:53:01.745+0000][623.445s] GC(22) Pause Young (Normal) (G1 Evacuation Pause) 396M->195M(512M) 8.109ms
[2025-03-04T15:53:01.745+0000][623.445s] GC(22) User=0.02s Sys=0.00s Real=0.01s
[2025-03-04T15:53:03.017+0000][624.717s] GC(23) Pause Young (Normal) (G1 Evacuation Pause)
[2025-03-04T15:53:03.017+0000][624.718s] GC(23) Using 13 workers of 13 for evacuation
[2025-03-04T15:53:03.021+0000][624.721s] GC(23)   Pre Evacuate Collection Set: 0.2ms
[2025-03-04T15:53:03.022+0000][624.722s] GC(23)   Merge Heap Roots: 0.1ms
[2025-03-04T15:53:03.022+0000][624.722s] GC(23)   Evacuate Collection Set: 2.6ms
[2025-03-04T15:53:03.022+0000][624.722s] GC(23)   Post Evacuate Collection Set: 0.6ms
[2025-03-04T15:53:03.022+0000][624.723s] GC(23)   Other: 1.0ms
[2025-03-04T15:53:03.023+0000][624.723s] GC(23) Eden regions: 202->0(193)
[2025-03-04T15:53:03.023+0000][624.723s] GC(23) Survivor regions: 28->17(29)
[2025-03-04T15:53:03.023+0000][624.723s] GC(23) Old regions: 164->190
[2025-03-04T15:53:03.024+0000][624.724s] GC(23) Archive regions: 2->2
[2025-03-04T15:53:03.024+0000][624.724s] GC(23) Humongous regions: 4->4
[2025-03-04T15:53:03.024+0000][624.724s] GC(23) Metaspace: 59263K(59776K)->59263K(59776K) NonClass: 51947K(52160K)->51947K(52160K) Class: 7316K(7616K)->7316K(7616K)
[2025-03-04T15:53:03.024+0000][624.724s] GC(23) Pause Young (Normal) (G1 Evacuation Pause) 397M->210M(512M) 7.518ms
[2025-03-04T15:53:03.024+0000][624.725s] GC(23) User=0.01s Sys=0.00s Real=0.01s
[2025-03-04T15:53:04.586+0000][626.286s] GC(24) Pause Young (Normal) (G1 Evacuation Pause)
[2025-03-04T15:53:04.586+0000][626.286s] GC(24) Using 13 workers of 13 for evacuation
[2025-03-04T15:53:04.590+0000][626.290s] GC(24)   Pre Evacuate Collection Set: 0.3ms
[2025-03-04T15:53:04.590+0000][626.290s] GC(24)   Merge Heap Roots: 0.3ms
[2025-03-04T15:53:04.590+0000][626.290s] GC(24)   Evacuate Collection Set: 2.4ms
[2025-03-04T15:53:04.590+0000][626.290s] GC(24)   Post Evacuate Collection Set: 0.6ms
[2025-03-04T15:53:04.590+0000][626.290s] GC(24)   Other: 0.4ms
[2025-03-04T15:53:04.590+0000][626.290s] GC(24) Eden regions: 193->0(174)
[2025-03-04T15:53:04.590+0000][626.290s] GC(24) Survivor regions: 17->24(27)
[2025-03-04T15:53:04.590+0000][626.291s] GC(24) Old regions: 190->204
[2025-03-04T15:53:04.591+0000][626.291s] GC(24) Archive regions: 2->2
[2025-03-04T15:53:04.591+0000][626.291s] GC(24) Humongous regions: 4->4
[2025-03-04T15:53:04.591+0000][626.291s] GC(24) Metaspace: 59349K(59840K)->59349K(59840K) NonClass: 52032K(52224K)->52032K(52224K) Class: 7316K(7616K)->7316K(7616K)
[2025-03-04T15:53:04.591+0000][626.291s] GC(24) Pause Young (Normal) (G1 Evacuation Pause) 403M->231M(512M) 5.306ms
[2025-03-04T15:53:04.591+0000][626.291s] GC(24) User=0.01s Sys=0.00s Real=0.01s
[2025-03-04T15:53:05.551+0000][627.252s] GC(25) Pause Young (Normal) (G1 Evacuation Pause)
[2025-03-04T15:53:05.552+0000][627.252s] GC(25) Using 13 workers of 13 for evacuation
[2025-03-04T15:53:05.555+0000][627.255s] GC(25)   Pre Evacuate Collection Set: 0.2ms
[2025-03-04T15:53:05.556+0000][627.256s] GC(25)   Merge Heap Roots: 0.1ms
[2025-03-04T15:53:05.556+0000][627.256s] GC(25)   Evacuate Collection Set: 2.5ms
[2025-03-04T15:53:05.556+0000][627.256s] GC(25)   Post Evacuate Collection Set: 0.7ms
[2025-03-04T15:53:05.556+0000][627.256s] GC(25)   Other: 0.4ms
[2025-03-04T15:53:05.556+0000][627.256s] GC(25) Eden regions: 174->0(164)
[2025-03-04T15:53:05.556+0000][627.256s] GC(25) Survivor regions: 24->17(25)
[2025-03-04T15:53:05.556+0000][627.257s] GC(25) Old regions: 204->226
[2025-03-04T15:53:05.557+0000][627.257s] GC(25) Archive regions: 2->2
[2025-03-04T15:53:05.557+0000][627.257s] GC(25) Humongous regions: 4->4
[2025-03-04T15:53:05.557+0000][627.257s] GC(25) Metaspace: 59358K(59840K)->59358K(59840K) NonClass: 52041K(52224K)->52041K(52224K) Class: 7316K(7616K)->7316K(7616K)
[2025-03-04T15:53:05.557+0000][627.257s] GC(25) Pause Young (Normal) (G1 Evacuation Pause) 405M->246M(512M) 5.556ms
[2025-03-04T15:53:05.557+0000][627.257s] GC(25) User=0.01s Sys=0.00s Real=0.01s
[2025-03-04T15:53:06.601+0000][628.301s] GC(26) Pause Young (Concurrent Start) (G1 Evacuation Pause)
[2025-03-04T15:53:06.601+0000][628.301s] GC(26) Using 13 workers of 13 for evacuation
[2025-03-04T15:53:06.604+0000][628.304s] GC(26)   Pre Evacuate Collection Set: 0.2ms
[2025-03-04T15:53:06.604+0000][628.305s] GC(26)   Merge Heap Roots: 0.1ms
[2025-03-04T15:53:06.605+0000][628.305s] GC(26)   Evacuate Collection Set: 2.2ms
[2025-03-04T15:53:06.605+0000][628.305s] GC(26)   Post Evacuate Collection Set: 0.6ms
[2025-03-04T15:53:06.605+0000][628.305s] GC(26)   Other: 0.5ms
[2025-03-04T15:53:06.605+0000][628.305s] GC(26) Eden regions: 164->0(150)
[2025-03-04T15:53:06.605+0000][628.305s] GC(26) Survivor regions: 17->19(23)
[2025-03-04T15:53:06.605+0000][628.305s] GC(26) Old regions: 226->240
[2025-03-04T15:53:06.605+0000][628.306s] GC(26) Archive regions: 2->2
[2025-03-04T15:53:06.606+0000][628.306s] GC(26) Humongous regions: 4->4
[2025-03-04T15:53:06.606+0000][628.306s] GC(26) Metaspace: 59370K(59840K)->59370K(59840K) NonClass: 52053K(52224K)->52053K(52224K) Class: 7316K(7616K)->7316K(7616K)
[2025-03-04T15:53:06.606+0000][628.306s] GC(26) Pause Young (Concurrent Start) (G1 Evacuation Pause) 410M->262M(512M) 5.317ms
[2025-03-04T15:53:06.606+0000][628.306s] GC(26) User=0.01s Sys=0.00s Real=0.00s
[2025-03-04T15:53:06.606+0000][628.306s] GC(27) Concurrent Mark Cycle
[2025-03-04T15:53:06.606+0000][628.307s] GC(27) Concurrent Clear Claimed Marks
[2025-03-04T15:53:06.607+0000][628.307s] GC(27) Concurrent Clear Claimed Marks 0.141ms
[2025-03-04T15:53:06.607+0000][628.307s] GC(27) Concurrent Scan Root Regions
[2025-03-04T15:53:06.607+0000][628.307s] GC(27) Concurrent Scan Root Regions 0.531ms
[2025-03-04T15:53:06.607+0000][628.307s] GC(27) Concurrent Mark
[2025-03-04T15:53:06.607+0000][628.308s] GC(27) Concurrent Mark From Roots
[2025-03-04T15:53:06.608+0000][628.308s] GC(27) Using 3 workers of 3 for marking
[2025-03-04T15:53:06.623+0000][628.324s] GC(27) Concurrent Mark From Roots 16.011ms
[2025-03-04T15:53:06.624+0000][628.324s] GC(27) Concurrent Preclean
[2025-03-04T15:53:06.625+0000][628.325s] GC(27) Concurrent Preclean 0.707ms
[2025-03-04T15:53:06.626+0000][628.326s] GC(27) Pause Remark
[2025-03-04T15:53:06.629+0000][628.329s] GC(27) Pause Remark 262M->163M(512M) 3.696ms
[2025-03-04T15:53:06.630+0000][628.330s] GC(27) User=0.01s Sys=0.00s Real=0.01s
[2025-03-04T15:53:06.630+0000][628.330s] GC(27) Concurrent Mark 23.064ms
[2025-03-04T15:53:06.631+0000][628.331s] GC(27) Concurrent Rebuild Remembered Sets
[2025-03-04T15:53:06.638+0000][628.338s] GC(27) Concurrent Rebuild Remembered Sets 7.395ms
[2025-03-04T15:53:06.639+0000][628.339s] GC(27) Pause Cleanup
[2025-03-04T15:53:06.640+0000][628.340s] GC(27) Pause Cleanup 163M->163M(512M) 0.769ms
[2025-03-04T15:53:06.640+0000][628.340s] GC(27) User=0.00s Sys=0.00s Real=0.00s
[2025-03-04T15:53:06.641+0000][628.341s] GC(27) Concurrent Cleanup for Next Mark
[2025-03-04T15:53:06.642+0000][628.342s] GC(27) Concurrent Cleanup for Next Mark 1.066ms
[2025-03-04T15:53:06.642+0000][628.342s] GC(27) Concurrent Mark Cycle 35.953ms
[2025-03-04T15:53:07.834+0000][629.534s] GC(28) Pause Young (Prepare Mixed) (G1 Evacuation Pause)
[2025-03-04T15:53:07.834+0000][629.534s] GC(28) Using 13 workers of 13 for evacuation
[2025-03-04T15:53:07.838+0000][629.538s] GC(28)   Pre Evacuate Collection Set: 0.3ms
[2025-03-04T15:53:07.839+0000][629.539s] GC(28)   Merge Heap Roots: 0.1ms
[2025-03-04T15:53:07.839+0000][629.539s] GC(28)   Evacuate Collection Set: 2.7ms
[2025-03-04T15:53:07.839+0000][629.539s] GC(28)   Post Evacuate Collection Set: 0.7ms
[2025-03-04T15:53:07.839+0000][629.539s] GC(28)   Other: 0.8ms
[2025-03-04T15:53:07.840+0000][629.540s] GC(28) Eden regions: 150->0(4)
[2025-03-04T15:53:07.840+0000][629.540s] GC(28) Survivor regions: 19->21(22)
[2025-03-04T15:53:07.840+0000][629.540s] GC(28) Old regions: 141->156
[2025-03-04T15:53:07.840+0000][629.540s] GC(28) Archive regions: 2->2
[2025-03-04T15:53:07.840+0000][629.540s] GC(28) Humongous regions: 4->4
[2025-03-04T15:53:07.841+0000][629.541s] GC(28) Metaspace: 59370K(59840K)->59370K(59840K) NonClass: 52053K(52224K)->52053K(52224K) Class: 7316K(7616K)->7316K(7616K)
[2025-03-04T15:53:07.841+0000][629.541s] GC(28) Pause Young (Prepare Mixed) (G1 Evacuation Pause) 313M->180M(512M) 7.495ms
[2025-03-04T15:53:07.841+0000][629.542s] GC(28) User=0.00s Sys=0.01s Real=0.01s
[2025-03-04T15:53:07.895+0000][629.595s] GC(29) Pause Young (Mixed) (G1 Evacuation Pause)
[2025-03-04T15:53:07.895+0000][629.596s] GC(29) Using 13 workers of 13 for evacuation
[2025-03-04T15:53:07.899+0000][629.599s] GC(29)   Pre Evacuate Collection Set: 0.2ms
[2025-03-04T15:53:07.970+0000][629.670s] GC(29)   Merge Heap Roots: 0.1ms
[2025-03-04T15:53:07.970+0000][629.670s] GC(29)   Evacuate Collection Set: 2.4ms
[2025-03-04T15:53:07.971+0000][629.671s] GC(29)   Post Evacuate Collection Set: 0.8ms
[2025-03-04T15:53:07.971+0000][629.671s] GC(29)   Other: 0.6ms
[2025-03-04T15:53:07.971+0000][629.672s] GC(29) Eden regions: 4->0(23)
[2025-03-04T15:53:07.972+0000][629.672s] GC(29) Survivor regions: 21->2(4)
[2025-03-04T15:53:07.972+0000][629.672s] GC(29) Old regions: 156->124
[2025-03-04T15:53:07.973+0000][629.673s] GC(29) Archive regions: 2->2
[2025-03-04T15:53:07.973+0000][629.673s] GC(29) Humongous regions: 4->4
[2025-03-04T15:53:07.973+0000][629.673s] GC(29) Metaspace: 59370K(59840K)->59370K(59840K) NonClass: 52053K(52224K)->52053K(52224K) Class: 7316K(7616K)->7316K(7616K)
[2025-03-04T15:53:07.974+0000][629.674s] GC(29) Pause Young (Mixed) (G1 Evacuation Pause) 184M->129M(512M) 78.464ms
[2025-03-04T15:53:07.974+0000][629.674s] GC(29) User=0.00s Sys=0.01s Real=0.08s
[2025-03-04T15:53:08.152+0000][629.852s] GC(30) Pause Young (Mixed) (G1 Evacuation Pause)
[2025-03-04T15:53:08.156+0000][629.856s] GC(30) Using 13 workers of 13 for evacuation
[2025-03-04T15:53:08.162+0000][629.862s] GC(30)   Pre Evacuate Collection Set: 0.2ms
[2025-03-04T15:53:08.163+0000][629.863s] GC(30)   Merge Heap Roots: 0.1ms
[2025-03-04T15:53:08.163+0000][629.864s] GC(30)   Evacuate Collection Set: 0.8ms
[2025-03-04T15:53:08.164+0000][629.864s] GC(30)   Post Evacuate Collection Set: 0.6ms
[2025-03-04T15:53:08.164+0000][629.864s] GC(30)   Other: 8.1ms
[2025-03-04T15:53:08.164+0000][629.864s] GC(30) Eden regions: 23->0(264)
[2025-03-04T15:53:08.165+0000][629.865s] GC(30) Survivor regions: 2->4(4)
[2025-03-04T15:53:08.165+0000][629.865s] GC(30) Old regions: 124->113
[2025-03-04T15:53:08.165+0000][629.865s] GC(30) Archive regions: 2->2
[2025-03-04T15:53:08.165+0000][629.865s] GC(30) Humongous regions: 4->4
[2025-03-04T15:53:08.165+0000][629.865s] GC(30) Metaspace: 59371K(59840K)->59371K(59840K) NonClass: 52054K(52224K)->52054K(52224K) Class: 7316K(7616K)->7316K(7616K)
[2025-03-04T15:53:08.166+0000][629.866s] GC(30) Pause Young (Mixed) (G1 Evacuation Pause) 152M->121M(512M) 13.556ms
[2025-03-04T15:53:08.166+0000][629.866s] GC(30) User=0.00s Sys=0.00s Real=0.01s
[2025-03-04T15:53:09.765+0000][631.465s] GC(31) Pause Young (Normal) (G1 Evacuation Pause)
[2025-03-04T15:53:09.765+0000][631.465s] GC(31) Using 13 workers of 13 for evacuation
[2025-03-04T15:53:09.768+0000][631.468s] GC(31)   Pre Evacuate Collection Set: 0.2ms
[2025-03-04T15:53:09.768+0000][631.468s] GC(31)   Merge Heap Roots: 0.2ms
[2025-03-04T15:53:09.768+0000][631.468s] GC(31)   Evacuate Collection Set: 2.1ms
[2025-03-04T15:53:09.768+0000][631.468s] GC(31)   Post Evacuate Collection Set: 0.6ms
[2025-03-04T15:53:09.769+0000][631.469s] GC(31)   Other: 0.5ms
[2025-03-04T15:53:09.769+0000][631.469s] GC(31) Eden regions: 264->0(248)
[2025-03-04T15:53:09.769+0000][631.469s] GC(31) Survivor regions: 4->26(34)
[2025-03-04T15:53:09.769+0000][631.469s] GC(31) Old regions: 113->113
[2025-03-04T15:53:09.769+0000][631.469s] GC(31) Archive regions: 2->2
[2025-03-04T15:53:09.769+0000][631.469s] GC(31) Humongous regions: 4->4
[2025-03-04T15:53:09.769+0000][631.470s] GC(31) Metaspace: 59420K(59968K)->59420K(59968K) NonClass: 52103K(52352K)->52103K(52352K) Class: 7316K(7616K)->7316K(7616K)
[2025-03-04T15:53:09.770+0000][631.470s] GC(31) Pause Young (Normal) (G1 Evacuation Pause) 385M->143M(512M) 5.053ms
[2025-03-04T15:53:09.770+0000][631.470s] GC(31) User=0.01s Sys=0.00s Real=0.01s
[2025-03-04T15:53:11.585+0000][633.285s] GC(32) Pause Young (Normal) (G1 Evacuation Pause)
[2025-03-04T15:53:11.586+0000][633.286s] GC(32) Using 13 workers of 13 for evacuation
[2025-03-04T15:53:11.590+0000][633.291s] GC(32)   Pre Evacuate Collection Set: 0.2ms
[2025-03-04T15:53:11.591+0000][633.291s] GC(32)   Merge Heap Roots: 0.1ms
[2025-03-04T15:53:11.591+0000][633.292s] GC(32)   Evacuate Collection Set: 3.2ms
[2025-03-04T15:53:11.592+0000][633.292s] GC(32)   Post Evacuate Collection Set: 0.9ms
[2025-03-04T15:53:11.592+0000][633.292s] GC(32)   Other: 0.8ms
[2025-03-04T15:53:11.593+0000][633.293s] GC(32) Eden regions: 248->0(227)
[2025-03-04T15:53:11.593+0000][633.293s] GC(32) Survivor regions: 26->27(35)
[2025-03-04T15:53:11.593+0000][633.294s] GC(32) Old regions: 113->136
[2025-03-04T15:53:11.594+0000][633.294s] GC(32) Archive regions: 2->2
[2025-03-04T15:53:11.594+0000][633.294s] GC(32) Humongous regions: 4->4
[2025-03-04T15:53:11.595+0000][633.295s] GC(32) Metaspace: 59438K(59968K)->59438K(59968K) NonClass: 52121K(52352K)->52121K(52352K) Class: 7316K(7616K)->7316K(7616K)
[2025-03-04T15:53:11.595+0000][633.295s] GC(32) Pause Young (Normal) (G1 Evacuation Pause) 391M->166M(512M) 9.855ms
[2025-03-04T15:53:11.596+0000][633.296s] GC(32) User=0.03s Sys=0.00s Real=0.01s
[2025-03-04T15:53:12.765+0000][634.465s] GC(33) Pause Young (Normal) (G1 Evacuation Pause)
[2025-03-04T15:53:12.765+0000][634.465s] GC(33) Using 13 workers of 13 for evacuation
[2025-03-04T15:53:12.769+0000][634.469s] GC(33)   Pre Evacuate Collection Set: 0.2ms
[2025-03-04T15:53:12.769+0000][634.469s] GC(33)   Merge Heap Roots: 0.1ms
[2025-03-04T15:53:12.769+0000][634.470s] GC(33)   Evacuate Collection Set: 2.1ms
[2025-03-04T15:53:12.770+0000][634.470s] GC(33)   Post Evacuate Collection Set: 0.6ms
[2025-03-04T15:53:12.770+0000][634.470s] GC(33)   Other: 0.6ms
[2025-03-04T15:53:12.770+0000][634.470s] GC(33) Eden regions: 227->0(229)
[2025-03-04T15:53:12.770+0000][634.470s] GC(33) Survivor regions: 27->16(32)
[2025-03-04T15:53:12.770+0000][634.471s] GC(33) Old regions: 136->148
[2025-03-04T15:53:12.771+0000][634.471s] GC(33) Archive regions: 2->2
[2025-03-04T15:53:12.771+0000][634.471s] GC(33) Humongous regions: 4->4
[2025-03-04T15:53:12.771+0000][634.471s] GC(33) Metaspace: 59498K(60032K)->59498K(60032K) NonClass: 52180K(52416K)->52180K(52416K) Class: 7317K(7616K)->7317K(7616K)
[2025-03-04T15:53:12.771+0000][634.471s] GC(33) Pause Young (Normal) (G1 Evacuation Pause) 393M->168M(512M) 6.300ms
[2025-03-04T15:53:12.772+0000][634.472s] GC(33) User=0.01s Sys=0.00s Real=0.01s
[2025-03-04T15:53:14.110+0000][635.810s] GC(34) Pause Young (Normal) (G1 Evacuation Pause)
[2025-03-04T15:53:14.110+0000][635.810s] GC(34) Using 13 workers of 13 for evacuation
[2025-03-04T15:53:14.113+0000][635.814s] GC(34)   Pre Evacuate Collection Set: 0.2ms
[2025-03-04T15:53:14.114+0000][635.814s] GC(34)   Merge Heap Roots: 0.1ms
[2025-03-04T15:53:14.114+0000][635.814s] GC(34)   Evacuate Collection Set: 2.1ms
[2025-03-04T15:53:14.114+0000][635.814s] GC(34)   Post Evacuate Collection Set: 0.7ms
[2025-03-04T15:53:14.114+0000][635.814s] GC(34)   Other: 0.5ms
[2025-03-04T15:53:14.114+0000][635.814s] GC(34) Eden regions: 229->0(221)
[2025-03-04T15:53:14.114+0000][635.814s] GC(34) Survivor regions: 16->26(31)
[2025-03-04T15:53:14.114+0000][635.815s] GC(34) Old regions: 148->148
[2025-03-04T15:53:14.115+0000][635.815s] GC(34) Archive regions: 2->2
[2025-03-04T15:53:14.115+0000][635.815s] GC(34) Humongous regions: 4->4
[2025-03-04T15:53:14.115+0000][635.815s] GC(34) Metaspace: 59537K(60096K)->59537K(60096K) NonClass: 52219K(52480K)->52219K(52480K) Class: 7317K(7616K)->7317K(7616K)
[2025-03-04T15:53:14.115+0000][635.815s] GC(34) Pause Young (Normal) (G1 Evacuation Pause) 397M->178M(512M) 5.024ms
[2025-03-04T15:53:14.115+0000][635.815s] GC(34) User=0.01s Sys=0.00s Real=0.00s
[2025-03-04T15:53:18.062+0000][639.762s] GC(35) Pause Young (Normal) (G1 Evacuation Pause)
[2025-03-04T15:53:18.062+0000][639.762s] GC(35) Using 13 workers of 13 for evacuation
[2025-03-04T15:53:18.066+0000][639.766s] GC(35)   Pre Evacuate Collection Set: 0.2ms
[2025-03-04T15:53:18.066+0000][639.766s] GC(35)   Merge Heap Roots: 0.1ms
[2025-03-04T15:53:18.067+0000][639.767s] GC(35)   Evacuate Collection Set: 1.5ms
[2025-03-04T15:53:18.067+0000][639.767s] GC(35)   Post Evacuate Collection Set: 1.1ms
[2025-03-04T15:53:18.068+0000][639.768s] GC(35)   Other: 0.9ms
[2025-03-04T15:53:18.068+0000][639.768s] GC(35) Eden regions: 221->0(225)
[2025-03-04T15:53:18.068+0000][639.768s] GC(35) Survivor regions: 26->21(31)
[2025-03-04T15:53:18.069+0000][639.769s] GC(35) Old regions: 148->149
[2025-03-04T15:53:18.069+0000][639.769s] GC(35) Archive regions: 2->2
[2025-03-04T15:53:18.070+0000][639.770s] GC(35) Humongous regions: 4->4
[2025-03-04T15:53:18.070+0000][639.770s] GC(35) Metaspace: 59680K(60224K)->59680K(60224K) NonClass: 52355K(52544K)->52355K(52544K) Class: 7324K(7680K)->7324K(7680K)
[2025-03-04T15:53:18.070+0000][639.770s] GC(35) Pause Young (Normal) (G1 Evacuation Pause) 399M->173M(512M) 8.104ms
[2025-03-04T15:53:18.070+0000][639.770s] GC(35) User=0.01s Sys=0.00s Real=0.01s
[2025-03-04T15:53:19.918+0000][641.618s] GC(36) Pause Young (Normal) (G1 Evacuation Pause)
[2025-03-04T15:53:19.918+0000][641.619s] GC(36) Using 13 workers of 13 for evacuation
[2025-03-04T15:53:19.923+0000][641.623s] GC(36)   Pre Evacuate Collection Set: 0.2ms
[2025-03-04T15:53:19.924+0000][641.624s] GC(36)   Merge Heap Roots: 0.2ms
[2025-03-04T15:53:19.924+0000][641.624s] GC(36)   Evacuate Collection Set: 3.1ms
[2025-03-04T15:53:19.924+0000][641.624s] GC(36)   Post Evacuate Collection Set: 0.9ms
[2025-03-04T15:53:19.925+0000][641.625s] GC(36)   Other: 0.6ms
[2025-03-04T15:53:19.925+0000][641.625s] GC(36) Eden regions: 225->0(201)
[2025-03-04T15:53:19.925+0000][641.625s] GC(36) Survivor regions: 21->28(31)
[2025-03-04T15:53:19.925+0000][641.625s] GC(36) Old regions: 149->166
[2025-03-04T15:53:19.926+0000][641.626s] GC(36) Archive regions: 2->2
[2025-03-04T15:53:19.926+0000][641.626s] GC(36) Humongous regions: 4->4
[2025-03-04T15:53:19.926+0000][641.626s] GC(36) Metaspace: 59711K(60288K)->59711K(60288K) NonClass: 52386K(52608K)->52386K(52608K) Class: 7324K(7680K)->7324K(7680K)
[2025-03-04T15:53:19.927+0000][641.627s] GC(36) Pause Young (Normal) (G1 Evacuation Pause) 398M->198M(512M) 8.266ms
[2025-03-04T15:53:19.927+0000][641.627s] GC(36) User=0.02s Sys=0.00s Real=0.00s
[2025-03-04T15:53:21.112+0000][642.812s] GC(37) Pause Young (Normal) (G1 Evacuation Pause)
[2025-03-04T15:53:21.113+0000][642.813s] GC(37) Using 13 workers of 13 for evacuation
[2025-03-04T15:53:21.118+0000][642.818s] GC(37)   Pre Evacuate Collection Set: 0.3ms
[2025-03-04T15:53:21.119+0000][642.819s] GC(37)   Merge Heap Roots: 0.2ms
[2025-03-04T15:53:21.119+0000][642.819s] GC(37)   Evacuate Collection Set: 3.7ms
[2025-03-04T15:53:21.119+0000][642.819s] GC(37)   Post Evacuate Collection Set: 0.9ms
[2025-03-04T15:53:21.119+0000][642.820s] GC(37)   Other: 0.8ms
[2025-03-04T15:53:21.120+0000][642.820s] GC(37) Eden regions: 201->0(192)
[2025-03-04T15:53:21.120+0000][642.820s] GC(37) Survivor regions: 28->16(29)
[2025-03-04T15:53:21.120+0000][642.820s] GC(37) Old regions: 166->193
[2025-03-04T15:53:21.120+0000][642.820s] GC(37) Archive regions: 2->2
[2025-03-04T15:53:21.121+0000][642.821s] GC(37) Humongous regions: 4->4
[2025-03-04T15:53:21.121+0000][642.821s] GC(37) Metaspace: 59795K(60352K)->59795K(60352K) NonClass: 52458K(52672K)->52458K(52672K) Class: 7337K(7680K)->7337K(7680K)
[2025-03-04T15:53:21.121+0000][642.821s] GC(37) Pause Young (Normal) (G1 Evacuation Pause) 399M->212M(512M) 8.688ms
[2025-03-04T15:53:21.121+0000][642.821s] GC(37) User=0.03s Sys=0.01s Real=0.01s
[2025-03-04T15:53:22.905+0000][644.605s] GC(38) Pause Young (Normal) (G1 Evacuation Pause)
[2025-03-04T15:53:22.905+0000][644.605s] GC(38) Using 13 workers of 13 for evacuation
[2025-03-04T15:53:22.910+0000][644.610s] GC(38)   Pre Evacuate Collection Set: 0.2ms
[2025-03-04T15:53:22.910+0000][644.610s] GC(38)   Merge Heap Roots: 0.1ms
[2025-03-04T15:53:22.910+0000][644.610s] GC(38)   Evacuate Collection Set: 2.9ms
[2025-03-04T15:53:22.910+0000][644.610s] GC(38)   Post Evacuate Collection Set: 0.7ms
[2025-03-04T15:53:22.911+0000][644.611s] GC(38)   Other: 0.6ms
[2025-03-04T15:53:22.911+0000][644.611s] GC(38) Eden regions: 192->0(171)
[2025-03-04T15:53:22.911+0000][644.611s] GC(38) Survivor regions: 16->25(26)
[2025-03-04T15:53:22.911+0000][644.611s] GC(38) Old regions: 193->206
[2025-03-04T15:53:22.911+0000][644.611s] GC(38) Archive regions: 2->2
[2025-03-04T15:53:22.911+0000][644.611s] GC(38) Humongous regions: 4->4
[2025-03-04T15:53:22.911+0000][644.611s] GC(38) Metaspace: 59919K(60480K)->59919K(60480K) NonClass: 52557K(52800K)->52557K(52800K) Class: 7362K(7680K)->7362K(7680K)
[2025-03-04T15:53:22.912+0000][644.612s] GC(38) Pause Young (Normal) (G1 Evacuation Pause) 404M->234M(512M) 6.450ms
[2025-03-04T15:53:22.912+0000][644.612s] GC(38) User=0.02s Sys=0.00s Real=0.01s
[2025-03-04T15:53:23.887+0000][645.587s] GC(39) Pause Young (Normal) (G1 Evacuation Pause)
[2025-03-04T15:53:23.890+0000][645.590s] GC(39) Using 13 workers of 13 for evacuation
[2025-03-04T15:53:23.896+0000][645.596s] GC(39)   Pre Evacuate Collection Set: 0.2ms
[2025-03-04T15:53:23.896+0000][645.596s] GC(39)   Merge Heap Roots: 0.1ms
[2025-03-04T15:53:23.897+0000][645.597s] GC(39)   Evacuate Collection Set: 2.3ms
[2025-03-04T15:53:23.897+0000][645.597s] GC(39)   Post Evacuate Collection Set: 0.6ms
[2025-03-04T15:53:23.897+0000][645.597s] GC(39)   Other: 5.8ms
[2025-03-04T15:53:23.897+0000][645.597s] GC(39) Eden regions: 171->0(166)
[2025-03-04T15:53:23.897+0000][645.597s] GC(39) Survivor regions: 25->13(25)
[2025-03-04T15:53:23.897+0000][645.597s] GC(39) Old regions: 206->229
[2025-03-04T15:53:23.898+0000][645.598s] GC(39) Archive regions: 2->2
[2025-03-04T15:53:23.898+0000][645.598s] GC(39) Humongous regions: 4->4
[2025-03-04T15:53:23.898+0000][645.598s] GC(39) Metaspace: 59954K(60480K)->59954K(60480K) NonClass: 52587K(52800K)->52587K(52800K) Class: 7366K(7680K)->7366K(7680K)
[2025-03-04T15:53:23.898+0000][645.598s] GC(39) Pause Young (Normal) (G1 Evacuation Pause) 405M->246M(512M) 11.213ms
[2025-03-04T15:53:23.898+0000][645.598s] GC(39) User=0.01s Sys=0.00s Real=0.02s
[2025-03-04T15:53:25.541+0000][647.241s] GC(40) Pause Young (Concurrent Start) (G1 Evacuation Pause)
[2025-03-04T15:53:25.541+0000][647.241s] GC(40) Using 13 workers of 13 for evacuation
[2025-03-04T15:53:25.545+0000][647.245s] GC(40)   Pre Evacuate Collection Set: 0.2ms
[2025-03-04T15:53:25.545+0000][647.245s] GC(40)   Merge Heap Roots: 0.2ms
[2025-03-04T15:53:25.546+0000][647.246s] GC(40)   Evacuate Collection Set: 2.3ms
[2025-03-04T15:53:25.546+0000][647.246s] GC(40)   Post Evacuate Collection Set: 0.7ms
[2025-03-04T15:53:25.547+0000][647.247s] GC(40)   Other: 0.8ms
[2025-03-04T15:53:25.547+0000][647.247s] GC(40) Eden regions: 166->0(149)
[2025-03-04T15:53:25.547+0000][647.247s] GC(40) Survivor regions: 13->20(23)
[2025-03-04T15:53:25.547+0000][647.247s] GC(40) Old regions: 229->241
[2025-03-04T15:53:25.548+0000][647.248s] GC(40) Archive regions: 2->2
[2025-03-04T15:53:25.548+0000][647.248s] GC(40) Humongous regions: 4->4
[2025-03-04T15:53:25.548+0000][647.248s] GC(40) Metaspace: 59989K(60480K)->59989K(60480K) NonClass: 52617K(52800K)->52617K(52800K) Class: 7371K(7680K)->7371K(7680K)
[2025-03-04T15:53:25.548+0000][647.249s] GC(40) Pause Young (Concurrent Start) (G1 Evacuation Pause) 412M->264M(512M) 7.758ms
[2025-03-04T15:53:25.549+0000][647.249s] GC(40) User=0.02s Sys=0.01s Real=0.01s
[2025-03-04T15:53:25.549+0000][647.249s] GC(41) Concurrent Mark Cycle
[2025-03-04T15:53:25.549+0000][647.249s] GC(41) Concurrent Clear Claimed Marks
[2025-03-04T15:53:25.549+0000][647.250s] GC(41) Concurrent Clear Claimed Marks 0.261ms
[2025-03-04T15:53:25.550+0000][647.250s] GC(41) Concurrent Scan Root Regions
[2025-03-04T15:53:25.551+0000][647.251s] GC(41) Concurrent Scan Root Regions 0.919ms
[2025-03-04T15:53:25.551+0000][647.251s] GC(41) Concurrent Mark
[2025-03-04T15:53:25.551+0000][647.251s] GC(41) Concurrent Mark From Roots
[2025-03-04T15:53:25.552+0000][647.252s] GC(41) Using 3 workers of 3 for marking
[2025-03-04T15:53:25.586+0000][647.286s] GC(41) Concurrent Mark From Roots 34.673ms
[2025-03-04T15:53:25.586+0000][647.286s] GC(41) Concurrent Preclean
[2025-03-04T15:53:25.587+0000][647.287s] GC(41) Concurrent Preclean 0.697ms
[2025-03-04T15:53:25.588+0000][647.288s] GC(41) Pause Remark
[2025-03-04T15:53:25.592+0000][647.292s] GC(41) Pause Remark 267M->173M(512M) 4.631ms
[2025-03-04T15:53:25.593+0000][647.293s] GC(41) User=0.03s Sys=0.00s Real=0.00s
[2025-03-04T15:53:25.593+0000][647.293s] GC(41) Concurrent Mark 42.275ms
[2025-03-04T15:53:25.593+0000][647.293s] GC(41) Concurrent Rebuild Remembered Sets
[2025-03-04T15:53:25.607+0000][647.307s] GC(41) Concurrent Rebuild Remembered Sets 13.375ms
[2025-03-04T15:53:25.607+0000][647.308s] GC(41) Pause Cleanup
[2025-03-04T15:53:25.608+0000][647.308s] GC(41) Pause Cleanup 176M->176M(512M) 0.713ms
[2025-03-04T15:53:25.609+0000][647.309s] GC(41) User=0.00s Sys=0.00s Real=0.00s
[2025-03-04T15:53:25.609+0000][647.309s] GC(41) Concurrent Cleanup for Next Mark
[2025-03-04T15:53:25.610+0000][647.310s] GC(41) Concurrent Cleanup for Next Mark 0.645ms
[2025-03-04T15:53:25.610+0000][647.310s] GC(41) Concurrent Mark Cycle 61.108ms
[2025-03-04T15:53:26.588+0000][648.288s] GC(42) Pause Young (Prepare Mixed) (G1 Evacuation Pause)
[2025-03-04T15:53:26.588+0000][648.288s] GC(42) Using 13 workers of 13 for evacuation
[2025-03-04T15:53:26.593+0000][648.293s] GC(42)   Pre Evacuate Collection Set: 0.2ms
[2025-03-04T15:53:26.594+0000][648.294s] GC(42)   Merge Heap Roots: 0.1ms
[2025-03-04T15:53:26.594+0000][648.294s] GC(42)   Evacuate Collection Set: 3.0ms
[2025-03-04T15:53:26.594+0000][648.294s] GC(42)   Post Evacuate Collection Set: 1.1ms
[2025-03-04T15:53:26.594+0000][648.295s] GC(42)   Other: 0.7ms
[2025-03-04T15:53:26.595+0000][648.295s] GC(42) Eden regions: 149->0(9)
[2025-03-04T15:53:26.595+0000][648.295s] GC(42) Survivor regions: 20->16(22)
[2025-03-04T15:53:26.595+0000][648.295s] GC(42) Old regions: 147->164
[2025-03-04T15:53:26.595+0000][648.295s] GC(42) Archive regions: 2->2
[2025-03-04T15:53:26.596+0000][648.296s] GC(42) Humongous regions: 4->4
[2025-03-04T15:53:26.596+0000][648.296s] GC(42) Metaspace: 60033K(60544K)->60033K(60544K) NonClass: 52652K(52864K)->52652K(52864K) Class: 7380K(7680K)->7380K(7680K)
[2025-03-04T15:53:26.596+0000][648.296s] GC(42) Pause Young (Prepare Mixed) (G1 Evacuation Pause) 319M->184M(512M) 8.077ms
[2025-03-04T15:53:26.596+0000][648.296s] GC(42) User=0.02s Sys=0.00s Real=0.00s
[2025-03-04T15:53:26.630+0000][648.330s] GC(43) Pause Young (Mixed) (G1 Evacuation Pause)
[2025-03-04T15:53:26.630+0000][648.330s] GC(43) Using 13 workers of 13 for evacuation
[2025-03-04T15:53:26.634+0000][648.334s] GC(43)   Pre Evacuate Collection Set: 0.2ms
[2025-03-04T15:53:26.634+0000][648.334s] GC(43)   Merge Heap Roots: 0.1ms
[2025-03-04T15:53:26.634+0000][648.335s] GC(43)   Evacuate Collection Set: 2.4ms
[2025-03-04T15:53:26.635+0000][648.335s] GC(43)   Post Evacuate Collection Set: 0.8ms
[2025-03-04T15:53:26.635+0000][648.335s] GC(43)   Other: 0.6ms
[2025-03-04T15:53:26.635+0000][648.335s] GC(43) Eden regions: 9->0(23)
[2025-03-04T15:53:26.635+0000][648.335s] GC(43) Survivor regions: 16->2(4)
[2025-03-04T15:53:26.636+0000][648.336s] GC(43) Old regions: 164->128
[2025-03-04T15:53:26.636+0000][648.336s] GC(43) Archive regions: 2->2
[2025-03-04T15:53:26.636+0000][648.336s] GC(43) Humongous regions: 4->4
[2025-03-04T15:53:26.636+0000][648.336s] GC(43) Metaspace: 60033K(60544K)->60033K(60544K) NonClass: 52652K(52864K)->52652K(52864K) Class: 7380K(7680K)->7380K(7680K)
[2025-03-04T15:53:26.637+0000][648.337s] GC(43) Pause Young (Mixed) (G1 Evacuation Pause) 193M->133M(512M) 6.838ms
[2025-03-04T15:53:26.637+0000][648.337s] GC(43) User=0.01s Sys=0.00s Real=0.00s
[2025-03-04T15:53:26.730+0000][648.430s] GC(44) Pause Young (Mixed) (G1 Evacuation Pause)
[2025-03-04T15:53:26.730+0000][648.430s] GC(44) Using 13 workers of 13 for evacuation
[2025-03-04T15:53:26.732+0000][648.432s] GC(44)   Pre Evacuate Collection Set: 0.2ms
[2025-03-04T15:53:26.733+0000][648.433s] GC(44)   Merge Heap Roots: 0.1ms
[2025-03-04T15:53:26.733+0000][648.433s] GC(44)   Evacuate Collection Set: 1.1ms
[2025-03-04T15:53:26.733+0000][648.433s] GC(44)   Post Evacuate Collection Set: 0.5ms
[2025-03-04T15:53:26.733+0000][648.433s] GC(44)   Other: 0.8ms
[2025-03-04T15:53:26.733+0000][648.433s] GC(44) Eden regions: 23->0(238)
[2025-03-04T15:53:26.734+0000][648.434s] GC(44) Survivor regions: 2->3(4)
[2025-03-04T15:53:26.734+0000][648.434s] GC(44) Old regions: 128->111
[2025-03-04T15:53:26.734+0000][648.434s] GC(44) Archive regions: 2->2
[2025-03-04T15:53:26.734+0000][648.434s] GC(44) Humongous regions: 4->4
[2025-03-04T15:53:26.735+0000][648.435s] GC(44) Metaspace: 60033K(60544K)->60033K(60544K) NonClass: 52652K(52864K)->52652K(52864K) Class: 7380K(7680K)->7380K(7680K)
[2025-03-04T15:53:26.735+0000][648.435s] GC(44) Pause Young (Mixed) (G1 Evacuation Pause) 156M->118M(512M) 5.126ms
[2025-03-04T15:53:26.735+0000][648.435s] GC(44) User=0.00s Sys=0.00s Real=0.00s
[2025-03-04T15:53:28.833+0000][650.533s] GC(45) Pause Young (Normal) (G1 Evacuation Pause)
[2025-03-04T15:53:28.833+0000][650.533s] GC(45) Using 13 workers of 13 for evacuation
[2025-03-04T15:53:28.837+0000][650.537s] GC(45)   Pre Evacuate Collection Set: 0.4ms
[2025-03-04T15:53:28.837+0000][650.537s] GC(45)   Merge Heap Roots: 0.5ms
[2025-03-04T15:53:28.838+0000][650.538s] GC(45)   Evacuate Collection Set: 2.0ms
[2025-03-04T15:53:28.838+0000][650.538s] GC(45)   Post Evacuate Collection Set: 0.7ms
[2025-03-04T15:53:28.838+0000][650.538s] GC(45)   Other: 0.6ms
[2025-03-04T15:53:28.838+0000][650.538s] GC(45) Eden regions: 238->0(230)
[2025-03-04T15:53:28.839+0000][650.539s] GC(45) Survivor regions: 3->25(31)
[2025-03-04T15:53:28.839+0000][650.539s] GC(45) Old regions: 111->111
[2025-03-04T15:53:28.839+0000][650.539s] GC(45) Archive regions: 2->2
[2025-03-04T15:53:28.840+0000][650.540s] GC(45) Humongous regions: 4->4
[2025-03-04T15:53:28.840+0000][650.540s] GC(45) Metaspace: 60246K(60800K)->60246K(60800K) NonClass: 52849K(53120K)->52849K(53120K) Class: 7396K(7680K)->7396K(7680K)
[2025-03-04T15:53:28.840+0000][650.540s] GC(45) Pause Young (Normal) (G1 Evacuation Pause) 356M->139M(512M) 7.444ms
[2025-03-04T15:53:28.840+0000][650.540s] GC(45) User=0.03s Sys=0.00s Real=0.01s
[2025-03-04T15:53:29.869+0000][651.569s] GC(46) Pause Young (Normal) (G1 Evacuation Pause)
[2025-03-04T15:53:29.869+0000][651.569s] GC(46) Using 13 workers of 13 for evacuation
[2025-03-04T15:53:29.874+0000][651.574s] GC(46)   Pre Evacuate Collection Set: 0.2ms
[2025-03-04T15:53:29.874+0000][651.574s] GC(46)   Merge Heap Roots: 0.2ms
[2025-03-04T15:53:29.875+0000][651.575s] GC(46)   Evacuate Collection Set: 3.1ms
[2025-03-04T15:53:29.875+0000][651.575s] GC(46)   Post Evacuate Collection Set: 0.7ms
[2025-03-04T15:53:29.875+0000][651.575s] GC(46)   Other: 0.6ms
[2025-03-04T15:53:29.876+0000][651.576s] GC(46) Eden regions: 230->0(225)
[2025-03-04T15:53:29.876+0000][651.576s] GC(46) Survivor regions: 25->17(32)
[2025-03-04T15:53:29.876+0000][651.576s] GC(46) Old regions: 111->134
[2025-03-04T15:53:29.876+0000][651.576s] GC(46) Archive regions: 2->2
[2025-03-04T15:53:29.876+0000][651.576s] GC(46) Humongous regions: 4->4
[2025-03-04T15:53:29.877+0000][651.577s] GC(46) Metaspace: 60256K(60800K)->60256K(60800K) NonClass: 52859K(53120K)->52859K(53120K) Class: 7396K(7680K)->7396K(7680K)
[2025-03-04T15:53:29.877+0000][651.577s] GC(46) Pause Young (Normal) (G1 Evacuation Pause) 369M->155M(512M) 7.737ms
[2025-03-04T15:53:29.877+0000][651.577s] GC(46) User=0.02s Sys=0.01s Real=0.01s
[2025-03-04T15:53:31.153+0000][652.853s] GC(47) Pause Young (Normal) (G1 Evacuation Pause)
[2025-03-04T15:53:31.154+0000][652.854s] GC(47) Using 13 workers of 13 for evacuation
[2025-03-04T15:53:31.158+0000][652.858s] GC(47)   Pre Evacuate Collection Set: 0.2ms
[2025-03-04T15:53:31.158+0000][652.858s] GC(47)   Merge Heap Roots: 0.1ms
[2025-03-04T15:53:31.158+0000][652.858s] GC(47)   Evacuate Collection Set: 2.8ms
[2025-03-04T15:53:31.158+0000][652.858s] GC(47)   Post Evacuate Collection Set: 0.8ms
[2025-03-04T15:53:31.158+0000][652.859s] GC(47)   Other: 0.4ms
[2025-03-04T15:53:31.159+0000][652.859s] GC(47) Eden regions: 225->0(213)
[2025-03-04T15:53:31.159+0000][652.859s] GC(47) Survivor regions: 17->24(31)
[2025-03-04T15:53:31.159+0000][652.859s] GC(47) Old regions: 134->147
[2025-03-04T15:53:31.159+0000][652.859s] GC(47) Archive regions: 2->2
[2025-03-04T15:53:31.159+0000][652.859s] GC(47) Humongous regions: 4->4
[2025-03-04T15:53:31.159+0000][652.859s] GC(47) Metaspace: 60292K(60800K)->60292K(60800K) NonClass: 52896K(53120K)->52896K(53120K) Class: 7396K(7680K)->7396K(7680K)
[2025-03-04T15:53:31.159+0000][652.860s] GC(47) Pause Young (Normal) (G1 Evacuation Pause) 380M->174M(512M) 6.132ms
[2025-03-04T15:53:31.160+0000][652.860s] GC(47) User=0.00s Sys=0.01s Real=0.01s
[2025-03-04T15:53:32.306+0000][654.006s] GC(48) Pause Young (Normal) (G1 Evacuation Pause)
[2025-03-04T15:53:32.306+0000][654.006s] GC(48) Using 13 workers of 13 for evacuation
[2025-03-04T15:53:32.310+0000][654.010s] GC(48)   Pre Evacuate Collection Set: 0.2ms
[2025-03-04T15:53:32.311+0000][654.011s] GC(48)   Merge Heap Roots: 0.1ms
[2025-03-04T15:53:32.311+0000][654.011s] GC(48)   Evacuate Collection Set: 2.9ms
[2025-03-04T15:53:32.312+0000][654.012s] GC(48)   Post Evacuate Collection Set: 0.7ms
[2025-03-04T15:53:32.312+0000][654.012s] GC(48)   Other: 0.8ms
[2025-03-04T15:53:32.312+0000][654.012s] GC(48) Eden regions: 213->0(199)
[2025-03-04T15:53:32.313+0000][654.013s] GC(48) Survivor regions: 24->24(30)
[2025-03-04T15:53:32.313+0000][654.013s] GC(48) Old regions: 147->165
[2025-03-04T15:53:32.313+0000][654.013s] GC(48) Archive regions: 2->2
[2025-03-04T15:53:32.313+0000][654.013s] GC(48) Humongous regions: 4->4
[2025-03-04T15:53:32.314+0000][654.014s] GC(48) Metaspace: 60612K(61120K)->60612K(61120K) NonClass: 53216K(53440K)->53216K(53440K) Class: 7396K(7680K)->7396K(7680K)
[2025-03-04T15:53:32.314+0000][654.014s] GC(48) Pause Young (Normal) (G1 Evacuation Pause) 387M->193M(512M) 8.181ms
[2025-03-04T15:53:32.314+0000][654.014s] GC(48) User=0.01s Sys=0.01s Real=0.01s
[2025-03-04T15:53:32.968+0000][654.668s] GC(49) Pause Young (Normal) (G1 Evacuation Pause)
[2025-03-04T15:53:32.968+0000][654.668s] GC(49) Using 13 workers of 13 for evacuation
[2025-03-04T15:53:32.972+0000][654.672s] GC(49)   Pre Evacuate Collection Set: 0.2ms
[2025-03-04T15:53:32.973+0000][654.673s] GC(49)   Merge Heap Roots: 0.1ms
[2025-03-04T15:53:32.973+0000][654.673s] GC(49)   Evacuate Collection Set: 2.5ms
[2025-03-04T15:53:32.973+0000][654.673s] GC(49)   Post Evacuate Collection Set: 0.8ms
[2025-03-04T15:53:32.973+0000][654.674s] GC(49)   Other: 0.9ms
[2025-03-04T15:53:32.974+0000][654.674s] GC(49) Eden regions: 199->0(198)
[2025-03-04T15:53:32.974+0000][654.674s] GC(49) Survivor regions: 24->11(28)
[2025-03-04T15:53:32.974+0000][654.674s] GC(49) Old regions: 165->187
[2025-03-04T15:53:32.974+0000][654.674s] GC(49) Archive regions: 2->2
[2025-03-04T15:53:32.975+0000][654.675s] GC(49) Humongous regions: 4->4
[2025-03-04T15:53:32.975+0000][654.675s] GC(49) Metaspace: 60614K(61120K)->60614K(61120K) NonClass: 53217K(53440K)->53217K(53440K) Class: 7396K(7680K)->7396K(7680K)
[2025-03-04T15:53:32.975+0000][654.675s] GC(49) Pause Young (Normal) (G1 Evacuation Pause) 392M->201M(512M) 7.223ms
[2025-03-04T15:53:32.975+0000][654.675s] GC(49) User=0.02s Sys=0.00s Real=0.00s
[2025-03-04T15:53:33.620+0000][655.320s] GC(50) Pause Young (Normal) (G1 Evacuation Pause)
[2025-03-04T15:53:33.620+0000][655.320s] GC(50) Using 13 workers of 13 for evacuation
[2025-03-04T15:53:33.623+0000][655.323s] GC(50)   Pre Evacuate Collection Set: 0.2ms
[2025-03-04T15:53:33.624+0000][655.324s] GC(50)   Merge Heap Roots: 0.2ms
[2025-03-04T15:53:33.624+0000][655.324s] GC(50)   Evacuate Collection Set: 1.8ms
[2025-03-04T15:53:33.624+0000][655.324s] GC(50)   Post Evacuate Collection Set: 0.9ms
[2025-03-04T15:53:33.625+0000][655.325s] GC(50)   Other: 0.6ms
[2025-03-04T15:53:33.625+0000][655.325s] GC(50) Eden regions: 198->0(197)
[2025-03-04T15:53:33.625+0000][655.325s] GC(50) Survivor regions: 11->19(27)
[2025-03-04T15:53:33.625+0000][655.325s] GC(50) Old regions: 187->187
[2025-03-04T15:53:33.626+0000][655.326s] GC(50) Archive regions: 2->2
[2025-03-04T15:53:33.626+0000][655.326s] GC(50) Humongous regions: 4->4
[2025-03-04T15:53:33.626+0000][655.326s] GC(50) Metaspace: 60635K(61184K)->60635K(61184K) NonClass: 53237K(53504K)->53237K(53504K) Class: 7397K(7680K)->7397K(7680K)
[2025-03-04T15:53:33.626+0000][655.326s] GC(50) Pause Young (Normal) (G1 Evacuation Pause) 399M->210M(512M) 6.590ms
[2025-03-04T15:53:33.626+0000][655.327s] GC(50) User=0.01s Sys=0.00s Real=0.00s
[2025-03-04T15:53:34.995+0000][656.695s] GC(51) Pause Young (Normal) (G1 Evacuation Pause)
[2025-03-04T15:53:34.995+0000][656.695s] GC(51) Using 13 workers of 13 for evacuation
[2025-03-04T15:53:34.998+0000][656.698s] GC(51)   Pre Evacuate Collection Set: 0.2ms
[2025-03-04T15:53:34.999+0000][656.699s] GC(51)   Merge Heap Roots: 0.1ms
[2025-03-04T15:53:34.999+0000][656.699s] GC(51)   Evacuate Collection Set: 1.9ms
[2025-03-04T15:53:35.000+0000][656.700s] GC(51)   Post Evacuate Collection Set: 0.6ms
[2025-03-04T15:53:35.000+0000][656.700s] GC(51)   Other: 0.7ms
[2025-03-04T15:53:35.000+0000][656.700s] GC(51) Eden regions: 197->0(189)
[2025-03-04T15:53:35.000+0000][656.700s] GC(51) Survivor regions: 19->20(27)
[2025-03-04T15:53:35.001+0000][656.701s] GC(51) Old regions: 187->195
[2025-03-04T15:53:35.001+0000][656.701s] GC(51) Archive regions: 2->2
[2025-03-04T15:53:35.001+0000][656.701s] GC(51) Humongous regions: 4->4
[2025-03-04T15:53:35.001+0000][656.701s] GC(51) Metaspace: 60638K(61184K)->60638K(61184K) NonClass: 53241K(53504K)->53241K(53504K) Class: 7397K(7680K)->7397K(7680K)
[2025-03-04T15:53:35.002+0000][656.702s] GC(51) Pause Young (Normal) (G1 Evacuation Pause) 407M->218M(512M) 6.736ms
[2025-03-04T15:53:35.002+0000][656.702s] GC(51) User=0.02s Sys=0.00s Real=0.01s
[2025-03-04T15:53:36.322+0000][658.022s] GC(52) Pause Young (Normal) (G1 Evacuation Pause)
[2025-03-04T15:53:36.322+0000][658.022s] GC(52) Using 13 workers of 13 for evacuation
[2025-03-04T15:53:36.325+0000][658.025s] GC(52)   Pre Evacuate Collection Set: 0.2ms
[2025-03-04T15:53:36.326+0000][658.026s] GC(52)   Merge Heap Roots: 0.2ms
[2025-03-04T15:53:36.326+0000][658.026s] GC(52)   Evacuate Collection Set: 1.9ms
[2025-03-04T15:53:36.326+0000][658.026s] GC(52)   Post Evacuate Collection Set: 0.7ms
[2025-03-04T15:53:36.326+0000][658.026s] GC(52)   Other: 0.5ms
[2025-03-04T15:53:36.326+0000][658.027s] GC(52) Eden regions: 189->0(188)
[2025-03-04T15:53:36.327+0000][658.027s] GC(52) Survivor regions: 20->19(27)
[2025-03-04T15:53:36.328+0000][658.028s] GC(52) Old regions: 195->197
[2025-03-04T15:53:36.328+0000][658.028s] GC(52) Archive regions: 2->2
[2025-03-04T15:53:36.328+0000][658.028s] GC(52) Humongous regions: 4->4
[2025-03-04T15:53:36.328+0000][658.028s] GC(52) Metaspace: 60758K(61248K)->60758K(61248K) NonClass: 53348K(53568K)->53348K(53568K) Class: 7409K(7680K)->7409K(7680K)
[2025-03-04T15:53:36.328+0000][658.029s] GC(52) Pause Young (Normal) (G1 Evacuation Pause) 407M->219M(512M) 6.655ms
[2025-03-04T15:53:36.329+0000][658.029s] GC(52) User=0.02s Sys=0.00s Real=0.01s
[2025-03-04T15:53:37.757+0000][659.457s] GC(53) Pause Young (Normal) (G1 Evacuation Pause)
[2025-03-04T15:53:37.757+0000][659.458s] GC(53) Using 13 workers of 13 for evacuation
[2025-03-04T15:53:37.762+0000][659.462s] GC(53)   Pre Evacuate Collection Set: 0.2ms
[2025-03-04T15:53:37.762+0000][659.462s] GC(53)   Merge Heap Roots: 0.1ms
[2025-03-04T15:53:37.763+0000][659.463s] GC(53)   Evacuate Collection Set: 3.1ms
[2025-03-04T15:53:37.763+0000][659.463s] GC(53)   Post Evacuate Collection Set: 0.9ms
[2025-03-04T15:53:37.763+0000][659.463s] GC(53)   Other: 0.3ms
[2025-03-04T15:53:37.763+0000][659.463s] GC(53) Eden regions: 188->0(151)
[2025-03-04T15:53:37.763+0000][659.464s] GC(53) Survivor regions: 19->26(26)
[2025-03-04T15:53:37.764+0000][659.464s] GC(53) Old regions: 197->221
[2025-03-04T15:53:37.764+0000][659.464s] GC(53) Archive regions: 2->2
[2025-03-04T15:53:37.764+0000][659.464s] GC(53) Humongous regions: 4->4
[2025-03-04T15:53:37.764+0000][659.464s] GC(53) Metaspace: 60819K(61312K)->60819K(61312K) NonClass: 53407K(53632K)->53407K(53632K) Class: 7411K(7680K)->7411K(7680K)
[2025-03-04T15:53:37.765+0000][659.465s] GC(53) Pause Young (Normal) (G1 Evacuation Pause) 407M->251M(512M) 7.740ms
[2025-03-04T15:53:37.765+0000][659.465s] GC(53) User=0.01s Sys=0.00s Real=0.00s
[2025-03-04T15:53:39.688+0000][661.388s] GC(54) Pause Young (Concurrent Start) (G1 Evacuation Pause)
[2025-03-04T15:53:39.688+0000][661.388s] GC(54) Using 13 workers of 13 for evacuation
[2025-03-04T15:53:39.691+0000][661.391s] GC(54)   Pre Evacuate Collection Set: 0.2ms
[2025-03-04T15:53:39.691+0000][661.391s] GC(54)   Merge Heap Roots: 0.1ms
[2025-03-04T15:53:39.691+0000][661.391s] GC(54)   Evacuate Collection Set: 1.9ms
[2025-03-04T15:53:39.691+0000][661.392s] GC(54)   Post Evacuate Collection Set: 0.5ms
[2025-03-04T15:53:39.692+0000][661.392s] GC(54)   Other: 0.3ms
[2025-03-04T15:53:39.692+0000][661.392s] GC(54) Eden regions: 151->0(165)
[2025-03-04T15:53:39.692+0000][661.392s] GC(54) Survivor regions: 26->5(23)
[2025-03-04T15:53:39.692+0000][661.392s] GC(54) Old regions: 221->233
[2025-03-04T15:53:39.692+0000][661.392s] GC(54) Archive regions: 2->2
[2025-03-04T15:53:39.692+0000][661.392s] GC(54) Humongous regions: 4->4
[2025-03-04T15:53:39.692+0000][661.392s] GC(54) Metaspace: 60934K(61440K)->60934K(61440K) NonClass: 53515K(53760K)->53515K(53760K) Class: 7419K(7680K)->7419K(7680K)
[2025-03-04T15:53:39.692+0000][661.392s] GC(54) Pause Young (Concurrent Start) (G1 Evacuation Pause) 402M->242M(512M) 4.242ms
[2025-03-04T15:53:39.692+0000][661.392s] GC(54) User=0.01s Sys=0.00s Real=0.00s
[2025-03-04T15:53:39.693+0000][661.393s] GC(55) Concurrent Mark Cycle
[2025-03-04T15:53:39.693+0000][661.393s] GC(55) Concurrent Clear Claimed Marks
[2025-03-04T15:53:39.693+0000][661.393s] GC(55) Concurrent Clear Claimed Marks 0.121ms
[2025-03-04T15:53:39.693+0000][661.393s] GC(55) Concurrent Scan Root Regions
[2025-03-04T15:53:39.693+0000][661.393s] GC(55) Concurrent Scan Root Regions 0.498ms
[2025-03-04T15:53:39.693+0000][661.394s] GC(55) Concurrent Mark
[2025-03-04T15:53:39.694+0000][661.394s] GC(55) Concurrent Mark From Roots
[2025-03-04T15:53:39.694+0000][661.394s] GC(55) Using 3 workers of 3 for marking
[2025-03-04T15:53:39.711+0000][661.411s] GC(55) Concurrent Mark From Roots 17.709ms
[2025-03-04T15:53:39.712+0000][661.412s] GC(55) Concurrent Preclean
[2025-03-04T15:53:39.712+0000][661.412s] GC(55) Concurrent Preclean 0.323ms
[2025-03-04T15:53:39.712+0000][661.412s] GC(55) Pause Remark
[2025-03-04T15:53:39.716+0000][661.416s] GC(55) Pause Remark 242M->152M(512M) 4.159ms
[2025-03-04T15:53:39.717+0000][661.417s] GC(55) User=0.01s Sys=0.00s Real=0.00s
[2025-03-04T15:53:39.717+0000][661.417s] GC(55) Concurrent Mark 23.746ms
[2025-03-04T15:53:39.717+0000][661.418s] GC(55) Concurrent Rebuild Remembered Sets
[2025-03-04T15:53:39.724+0000][661.425s] GC(55) Concurrent Rebuild Remembered Sets 7.024ms
[2025-03-04T15:53:39.725+0000][661.425s] GC(55) Pause Cleanup
[2025-03-04T15:53:39.725+0000][661.425s] GC(55) Pause Cleanup 152M->152M(512M) 0.311ms
[2025-03-04T15:53:39.725+0000][661.425s] GC(55) User=0.00s Sys=0.00s Real=0.00s
[2025-03-04T15:53:39.725+0000][661.425s] GC(55) Concurrent Cleanup for Next Mark
[2025-03-04T15:53:39.726+0000][661.426s] GC(55) Concurrent Cleanup for Next Mark 0.480ms
[2025-03-04T15:53:39.726+0000][661.426s] GC(55) Concurrent Mark Cycle 33.483ms
[2025-03-04T15:53:43.009+0000][664.709s] GC(56) Pause Young (Prepare Mixed) (G1 Evacuation Pause)
[2025-03-04T15:53:43.009+0000][664.709s] GC(56) Using 13 workers of 13 for evacuation
[2025-03-04T15:53:43.012+0000][664.712s] GC(56)   Pre Evacuate Collection Set: 0.2ms
[2025-03-04T15:53:43.013+0000][664.713s] GC(56)   Merge Heap Roots: 0.1ms
[2025-03-04T15:53:43.013+0000][664.713s] GC(56)   Evacuate Collection Set: 2.1ms
[2025-03-04T15:53:43.013+0000][664.713s] GC(56)   Post Evacuate Collection Set: 0.7ms
[2025-03-04T15:53:43.013+0000][664.713s] GC(56)   Other: 0.5ms
[2025-03-04T15:53:43.013+0000][664.713s] GC(56) Eden regions: 165->0(3)
[2025-03-04T15:53:43.013+0000][664.713s] GC(56) Survivor regions: 5->22(22)
[2025-03-04T15:53:43.013+0000][664.713s] GC(56) Old regions: 143->143
[2025-03-04T15:53:43.013+0000][664.714s] GC(56) Archive regions: 2->2
[2025-03-04T15:53:43.014+0000][664.714s] GC(56) Humongous regions: 4->4
[2025-03-04T15:53:43.014+0000][664.714s] GC(56) Metaspace: 60972K(61504K)->60972K(61504K) NonClass: 53545K(53824K)->53545K(53824K) Class: 7426K(7680K)->7426K(7680K)
[2025-03-04T15:53:43.014+0000][664.714s] GC(56) Pause Young (Prepare Mixed) (G1 Evacuation Pause) 317M->169M(512M) 5.041ms
[2025-03-04T15:53:43.014+0000][664.714s] GC(56) User=0.01s Sys=0.00s Real=0.00s
[2025-03-04T15:53:43.025+0000][664.725s] GC(57) Pause Young (Mixed) (G1 Evacuation Pause)
[2025-03-04T15:53:43.025+0000][664.725s] GC(57) Using 13 workers of 13 for evacuation
[2025-03-04T15:53:43.028+0000][664.728s] GC(57)   Pre Evacuate Collection Set: 0.2ms
[2025-03-04T15:53:43.029+0000][664.729s] GC(57)   Merge Heap Roots: 0.1ms
[2025-03-04T15:53:43.029+0000][664.729s] GC(57)   Evacuate Collection Set: 2.4ms
[2025-03-04T15:53:43.029+0000][664.729s] GC(57)   Post Evacuate Collection Set: 0.5ms
[2025-03-04T15:53:43.029+0000][664.729s] GC(57)   Other: 0.5ms
[2025-03-04T15:53:43.029+0000][664.729s] GC(57) Eden regions: 3->0(267)
[2025-03-04T15:53:43.029+0000][664.729s] GC(57) Survivor regions: 22->1(4)
[2025-03-04T15:53:43.030+0000][664.730s] GC(57) Old regions: 143->121
[2025-03-04T15:53:43.030+0000][664.730s] GC(57) Archive regions: 2->2
[2025-03-04T15:53:43.030+0000][664.730s] GC(57) Humongous regions: 4->4
[2025-03-04T15:53:43.030+0000][664.730s] GC(57) Metaspace: 60972K(61504K)->60972K(61504K) NonClass: 53545K(53824K)->53545K(53824K) Class: 7426K(7680K)->7426K(7680K)
[2025-03-04T15:53:43.030+0000][664.730s] GC(57) Pause Young (Mixed) (G1 Evacuation Pause) 172M->125M(512M) 5.299ms
[2025-03-04T15:53:43.030+0000][664.730s] GC(57) User=0.02s Sys=0.00s Real=0.01s
[2025-03-04T15:53:45.076+0000][666.776s] GC(58) Pause Young (Normal) (G1 Evacuation Pause)
[2025-03-04T15:53:45.076+0000][666.776s] GC(58) Using 13 workers of 13 for evacuation
[2025-03-04T15:53:45.080+0000][666.780s] GC(58)   Pre Evacuate Collection Set: 0.2ms
[2025-03-04T15:53:45.081+0000][666.781s] GC(58)   Merge Heap Roots: 0.1ms
[2025-03-04T15:53:45.081+0000][666.782s] GC(58)   Evacuate Collection Set: 2.4ms
[2025-03-04T15:53:45.082+0000][666.782s] GC(58)   Post Evacuate Collection Set: 0.8ms
[2025-03-04T15:53:45.083+0000][666.783s] GC(58)   Other: 0.7ms
[2025-03-04T15:53:45.084+0000][666.784s] GC(58) Eden regions: 267->0(232)
[2025-03-04T15:53:45.084+0000][666.784s] GC(58) Survivor regions: 1->34(34)
[2025-03-04T15:53:45.085+0000][666.785s] GC(58) Old regions: 121->121
[2025-03-04T15:53:45.086+0000][666.786s] GC(58) Archive regions: 2->2
[2025-03-04T15:53:45.086+0000][666.786s] GC(58) Humongous regions: 4->4
[2025-03-04T15:53:45.087+0000][666.787s] GC(58) Metaspace: 60972K(61504K)->60972K(61504K) NonClass: 53545K(53824K)->53545K(53824K) Class: 7426K(7680K)->7426K(7680K)
[2025-03-04T15:53:45.087+0000][666.787s] GC(58) Pause Young (Normal) (G1 Evacuation Pause) 392M->158M(512M) 11.700ms
[2025-03-04T15:53:45.088+0000][666.788s] GC(58) User=0.03s Sys=0.00s Real=0.02s
[2025-03-04T15:53:46.366+0000][668.066s] GC(59) Pause Young (Normal) (G1 Evacuation Pause)
[2025-03-04T15:53:46.366+0000][668.066s] GC(59) Using 13 workers of 13 for evacuation
[2025-03-04T15:53:46.371+0000][668.071s] GC(59)   Pre Evacuate Collection Set: 0.2ms
[2025-03-04T15:53:46.372+0000][668.072s] GC(59)   Merge Heap Roots: 0.2ms
[2025-03-04T15:53:46.372+0000][668.072s] GC(59)   Evacuate Collection Set: 3.8ms
[2025-03-04T15:53:46.373+0000][668.073s] GC(59)   Post Evacuate Collection Set: 0.8ms
[2025-03-04T15:53:46.373+0000][668.073s] GC(59)   Other: 0.7ms
[2025-03-04T15:53:46.373+0000][668.073s] GC(59) Eden regions: 232->0(220)
[2025-03-04T15:53:46.374+0000][668.074s] GC(59) Survivor regions: 34->20(34)
[2025-03-04T15:53:46.374+0000][668.074s] GC(59) Old regions: 121->152
[2025-03-04T15:53:46.375+0000][668.075s] GC(59) Archive regions: 2->2
[2025-03-04T15:53:46.375+0000][668.075s] GC(59) Humongous regions: 4->4
[2025-03-04T15:53:46.376+0000][668.076s] GC(59) Metaspace: 60979K(61504K)->60979K(61504K) NonClass: 53552K(53824K)->53552K(53824K) Class: 7426K(7680K)->7426K(7680K)
[2025-03-04T15:53:46.376+0000][668.076s] GC(59) Pause Young (Normal) (G1 Evacuation Pause) 390M->176M(512M) 10.179ms
[2025-03-04T15:53:46.376+0000][668.076s] GC(59) User=0.03s Sys=0.00s Real=0.01s
[2025-03-04T15:53:48.033+0000][669.733s] GC(60) Pause Young (Normal) (G1 Evacuation Pause)
[2025-03-04T15:53:48.033+0000][669.734s] GC(60) Using 13 workers of 13 for evacuation
[2025-03-04T15:53:48.038+0000][669.738s] GC(60)   Pre Evacuate Collection Set: 0.2ms
[2025-03-04T15:53:48.039+0000][669.739s] GC(60)   Merge Heap Roots: 0.1ms
[2025-03-04T15:53:48.039+0000][669.739s] GC(60)   Evacuate Collection Set: 3.3ms
[2025-03-04T15:53:48.039+0000][669.739s] GC(60)   Post Evacuate Collection Set: 0.7ms
[2025-03-04T15:53:48.039+0000][669.739s] GC(60)   Other: 0.6ms
[2025-03-04T15:53:48.040+0000][669.740s] GC(60) Eden regions: 220->0(196)
[2025-03-04T15:53:48.040+0000][669.740s] GC(60) Survivor regions: 20->28(30)
[2025-03-04T15:53:48.040+0000][669.740s] GC(60) Old regions: 152->169
[2025-03-04T15:53:48.041+0000][669.741s] GC(60) Archive regions: 2->2
[2025-03-04T15:53:48.041+0000][669.741s] GC(60) Humongous regions: 4->4
[2025-03-04T15:53:48.041+0000][669.741s] GC(60) Metaspace: 61015K(61504K)->61015K(61504K) NonClass: 53588K(53824K)->53588K(53824K) Class: 7426K(7680K)->7426K(7680K)
[2025-03-04T15:53:48.041+0000][669.741s] GC(60) Pause Young (Normal) (G1 Evacuation Pause) 396M->200M(512M) 7.998ms
[2025-03-04T15:53:48.041+0000][669.742s] GC(60) User=0.02s Sys=0.01s Real=0.01s
[2025-03-04T15:53:49.171+0000][670.864s] GC(61) Pause Young (Normal) (G1 Evacuation Pause)
[2025-03-04T15:53:49.174+0000][670.868s] GC(61) Using 13 workers of 13 for evacuation
[2025-03-04T15:53:49.179+0000][670.872s] GC(61)   Pre Evacuate Collection Set: 0.2ms
[2025-03-04T15:53:49.179+0000][670.872s] GC(61)   Merge Heap Roots: 0.1ms
[2025-03-04T15:53:49.179+0000][670.873s] GC(61)   Evacuate Collection Set: 2.8ms
[2025-03-04T15:53:49.180+0000][670.873s] GC(61)   Post Evacuate Collection Set: 0.6ms
[2025-03-04T15:53:49.180+0000][670.874s] GC(61)   Other: 3.9ms
[2025-03-04T15:53:49.181+0000][670.874s] GC(61) Eden regions: 196->0(188)
[2025-03-04T15:53:49.181+0000][670.874s] GC(61) Survivor regions: 28->16(28)
[2025-03-04T15:53:49.181+0000][670.875s] GC(61) Old regions: 169->195
[2025-03-04T15:53:49.182+0000][670.875s] GC(61) Archive regions: 2->2
[2025-03-04T15:53:49.182+0000][670.876s] GC(61) Humongous regions: 4->4
[2025-03-04T15:53:49.183+0000][670.876s] GC(61) Metaspace: 61026K(61504K)->61026K(61504K) NonClass: 53599K(53824K)->53599K(53824K) Class: 7426K(7680K)->7426K(7680K)
[2025-03-04T15:53:49.183+0000][670.876s] GC(61) Pause Young (Normal) (G1 Evacuation Pause) 396M->215M(512M) 12.106ms
[2025-03-04T15:53:49.184+0000][670.877s] GC(61) User=0.02s Sys=0.00s Real=0.01s
[2025-03-04T15:53:50.598+0000][672.292s] GC(62) Pause Young (Normal) (G1 Evacuation Pause)
[2025-03-04T15:53:50.599+0000][672.292s] GC(62) Using 13 workers of 13 for evacuation
[2025-03-04T15:53:50.610+0000][672.303s] GC(62)   Pre Evacuate Collection Set: 0.2ms
[2025-03-04T15:53:50.610+0000][672.303s] GC(62)   Merge Heap Roots: 0.1ms
[2025-03-04T15:53:50.610+0000][672.304s] GC(62)   Evacuate Collection Set: 9.4ms
[2025-03-04T15:53:50.611+0000][672.304s] GC(62)   Post Evacuate Collection Set: 0.9ms
[2025-03-04T15:53:50.611+0000][672.304s] GC(62)   Other: 0.4ms
[2025-03-04T15:53:50.611+0000][672.304s] GC(62) Eden regions: 188->0(170)
[2025-03-04T15:53:50.611+0000][672.304s] GC(62) Survivor regions: 16->24(26)
[2025-03-04T15:53:50.611+0000][672.305s] GC(62) Old regions: 195->208
[2025-03-04T15:53:50.611+0000][672.305s] GC(62) Archive regions: 2->2
[2025-03-04T15:53:50.611+0000][672.305s] GC(62) Humongous regions: 4->4
[2025-03-04T15:53:50.612+0000][672.305s] GC(62) Metaspace: 61030K(61568K)->61030K(61568K) NonClass: 53604K(53888K)->53604K(53888K) Class: 7426K(7680K)->7426K(7680K)
[2025-03-04T15:53:50.612+0000][672.305s] GC(62) Pause Young (Normal) (G1 Evacuation Pause) 403M->236M(512M) 13.251ms
[2025-03-04T15:53:50.612+0000][672.305s] GC(62) User=0.03s Sys=0.00s Real=0.01s
[2025-03-04T15:53:51.635+0000][673.329s] GC(63) Pause Young (Normal) (G1 Evacuation Pause)
[2025-03-04T15:53:51.635+0000][673.329s] GC(63) Using 13 workers of 13 for evacuation
[2025-03-04T15:53:51.639+0000][673.333s] GC(63)   Pre Evacuate Collection Set: 0.2ms
[2025-03-04T15:53:51.640+0000][673.333s] GC(63)   Merge Heap Roots: 0.1ms
[2025-03-04T15:53:51.640+0000][673.333s] GC(63)   Evacuate Collection Set: 2.8ms
[2025-03-04T15:53:51.640+0000][673.333s] GC(63)   Post Evacuate Collection Set: 0.6ms
[2025-03-04T15:53:51.640+0000][673.333s] GC(63)   Other: 0.4ms
[2025-03-04T15:53:51.640+0000][673.334s] GC(63) Eden regions: 170->0(156)
[2025-03-04T15:53:51.640+0000][673.334s] GC(63) Survivor regions: 24->19(25)
[2025-03-04T15:53:51.640+0000][673.334s] GC(63) Old regions: 208->230
[2025-03-04T15:53:51.641+0000][673.334s] GC(63) Archive regions: 2->2
[2025-03-04T15:53:51.641+0000][673.334s] GC(63) Humongous regions: 4->4
[2025-03-04T15:53:51.641+0000][673.334s] GC(63) Metaspace: 61030K(61568K)->61030K(61568K) NonClass: 53604K(53888K)->53604K(53888K) Class: 7426K(7680K)->7426K(7680K)
[2025-03-04T15:53:51.641+0000][673.334s] GC(63) Pause Young (Normal) (G1 Evacuation Pause) 406M->253M(512M) 5.818ms
[2025-03-04T15:53:51.641+0000][673.335s] GC(63) User=0.01s Sys=0.00s Real=0.00s
[2025-03-04T15:53:52.532+0000][674.226s] GC(64) Pause Young (Normal) (G1 Evacuation Pause)
[2025-03-04T15:53:52.532+0000][674.226s] GC(64) Using 13 workers of 13 for evacuation
[2025-03-04T15:53:52.536+0000][674.230s] GC(64)   Pre Evacuate Collection Set: 0.1ms
[2025-03-04T15:53:52.537+0000][674.230s] GC(64)   Merge Heap Roots: 0.1ms
[2025-03-04T15:53:52.537+0000][674.231s] GC(64)   Evacuate Collection Set: 2.9ms
[2025-03-04T15:53:52.537+0000][674.231s] GC(64)   Post Evacuate Collection Set: 0.6ms
[2025-03-04T15:53:52.538+0000][674.231s] GC(64)   Other: 0.4ms
[2025-03-04T15:53:52.538+0000][674.231s] GC(64) Eden regions: 156->0(149)
[2025-03-04T15:53:52.538+0000][674.231s] GC(64) Survivor regions: 19->15(22)
[2025-03-04T15:53:52.538+0000][674.231s] GC(64) Old regions: 230->246
[2025-03-04T15:53:52.538+0000][674.231s] GC(64) Archive regions: 2->2
[2025-03-04T15:53:52.538+0000][674.231s] GC(64) Humongous regions: 4->4
[2025-03-04T15:53:52.538+0000][674.231s] GC(64) Metaspace: 61032K(61568K)->61032K(61568K) NonClass: 53606K(53888K)->53606K(53888K) Class: 7426K(7680K)->7426K(7680K)
[2025-03-04T15:53:52.538+0000][674.232s] GC(64) Pause Young (Normal) (G1 Evacuation Pause) 409M->265M(512M) 6.005ms
[2025-03-04T15:53:52.538+0000][674.232s] GC(64) User=0.01s Sys=0.00s Real=0.01s
[2025-03-04T15:53:53.762+0000][675.455s] GC(65) Pause Young (Normal) (G1 Evacuation Pause)
[2025-03-04T15:53:53.762+0000][675.455s] GC(65) Using 13 workers of 13 for evacuation
[2025-03-04T15:53:53.765+0000][675.459s] GC(65)   Pre Evacuate Collection Set: 0.2ms
[2025-03-04T15:53:53.766+0000][675.459s] GC(65)   Merge Heap Roots: 0.1ms
[2025-03-04T15:53:53.766+0000][675.460s] GC(65)   Evacuate Collection Set: 2.0ms
[2025-03-04T15:53:53.766+0000][675.460s] GC(65)   Post Evacuate Collection Set: 0.6ms
[2025-03-04T15:53:53.767+0000][675.460s] GC(65)   Other: 0.9ms
[2025-03-04T15:53:53.767+0000][675.461s] GC(65) Eden regions: 149->0(134)
[2025-03-04T15:53:53.768+0000][675.461s] GC(65) Survivor regions: 15->20(21)
[2025-03-04T15:53:53.768+0000][675.461s] GC(65) Old regions: 246->258
[2025-03-04T15:53:53.768+0000][675.462s] GC(65) Archive regions: 2->2
[2025-03-04T15:53:53.769+0000][675.462s] GC(65) Humongous regions: 4->4
[2025-03-04T15:53:53.770+0000][675.463s] GC(65) Metaspace: 61032K(61568K)->61032K(61568K) NonClass: 53606K(53888K)->53606K(53888K) Class: 7426K(7680K)->7426K(7680K)
[2025-03-04T15:53:53.772+0000][675.465s] GC(65) Pause Young (Normal) (G1 Evacuation Pause) 414M->282M(512M) 10.240ms
[2025-03-04T15:53:53.775+0000][675.469s] GC(65) User=0.01s Sys=0.00s Real=0.02s
[2025-03-04T15:53:54.569+0000][676.262s] GC(66) Pause Young (Normal) (G1 Evacuation Pause)
[2025-03-04T15:53:54.569+0000][676.262s] GC(66) Using 13 workers of 13 for evacuation
[2025-03-04T15:53:54.572+0000][676.266s] GC(66)   Pre Evacuate Collection Set: 0.2ms
[2025-03-04T15:53:54.573+0000][676.266s] GC(66)   Merge Heap Roots: 0.1ms
[2025-03-04T15:53:54.573+0000][676.266s] GC(66)   Evacuate Collection Set: 2.2ms
[2025-03-04T15:53:54.573+0000][676.266s] GC(66)   Post Evacuate Collection Set: 0.7ms
[2025-03-04T15:53:54.573+0000][676.267s] GC(66)   Other: 0.5ms
[2025-03-04T15:53:54.573+0000][676.267s] GC(66) Eden regions: 134->0(124)
[2025-03-04T15:53:54.573+0000][676.267s] GC(66) Survivor regions: 20->15(20)
[2025-03-04T15:53:54.574+0000][676.267s] GC(66) Old regions: 258->277
[2025-03-04T15:53:54.574+0000][676.267s] GC(66) Archive regions: 2->2
[2025-03-04T15:53:54.574+0000][676.267s] GC(66) Humongous regions: 4->4
[2025-03-04T15:53:54.574+0000][676.267s] GC(66) Metaspace: 61032K(61568K)->61032K(61568K) NonClass: 53606K(53888K)->53606K(53888K) Class: 7426K(7680K)->7426K(7680K)
[2025-03-04T15:53:54.574+0000][676.268s] GC(66) Pause Young (Normal) (G1 Evacuation Pause) 416M->295M(512M) 5.552ms
[2025-03-04T15:53:54.574+0000][676.268s] GC(66) User=0.02s Sys=0.01s Real=0.01s
[2025-03-04T15:53:55.254+0000][676.948s] GC(67) Pause Young (Concurrent Start) (G1 Evacuation Pause)
[2025-03-04T15:53:55.255+0000][676.948s] GC(67) Using 13 workers of 13 for evacuation
[2025-03-04T15:53:55.258+0000][676.951s] GC(67)   Pre Evacuate Collection Set: 0.2ms
[2025-03-04T15:53:55.258+0000][676.952s] GC(67)   Merge Heap Roots: 0.1ms
[2025-03-04T15:53:55.259+0000][676.952s] GC(67)   Evacuate Collection Set: 1.7ms
[2025-03-04T15:53:55.259+0000][676.952s] GC(67)   Post Evacuate Collection Set: 0.6ms
[2025-03-04T15:53:55.259+0000][676.953s] GC(67)   Other: 1.1ms
[2025-03-04T15:53:55.260+0000][676.953s] GC(67) Eden regions: 124->0(119)
[2025-03-04T15:53:55.260+0000][676.953s] GC(67) Survivor regions: 15->11(18)
[2025-03-04T15:53:55.260+0000][676.954s] GC(67) Old regions: 277->289
[2025-03-04T15:53:55.261+0000][676.954s] GC(67) Archive regions: 2->2
[2025-03-04T15:53:55.261+0000][676.955s] GC(67) Humongous regions: 4->4
[2025-03-04T15:53:55.262+0000][676.955s] GC(67) Metaspace: 61038K(61568K)->61038K(61568K) NonClass: 53611K(53888K)->53611K(53888K) Class: 7426K(7680K)->7426K(7680K)
[2025-03-04T15:53:55.262+0000][676.955s] GC(67) Pause Young (Concurrent Start) (G1 Evacuation Pause) 419M->303M(512M) 7.574ms
[2025-03-04T15:53:55.262+0000][676.956s] GC(67) User=0.01s Sys=0.00s Real=0.00s
[2025-03-04T15:53:55.263+0000][676.956s] GC(68) Concurrent Mark Cycle
[2025-03-04T15:53:55.264+0000][676.957s] GC(68) Concurrent Clear Claimed Marks
[2025-03-04T15:53:55.264+0000][676.958s] GC(68) Concurrent Clear Claimed Marks 0.259ms
[2025-03-04T15:53:55.264+0000][676.958s] GC(68) Concurrent Scan Root Regions
[2025-03-04T15:53:55.265+0000][676.959s] GC(68) Concurrent Scan Root Regions 0.862ms
[2025-03-04T15:53:55.265+0000][676.959s] GC(68) Concurrent Mark
[2025-03-04T15:53:55.266+0000][676.959s] GC(68) Concurrent Mark From Roots
[2025-03-04T15:53:55.266+0000][676.959s] GC(68) Using 3 workers of 3 for marking
[2025-03-04T15:53:55.284+0000][676.977s] GC(68) Concurrent Mark From Roots 18.488ms
[2025-03-04T15:53:55.284+0000][676.978s] GC(68) Concurrent Preclean
[2025-03-04T15:53:55.285+0000][676.978s] GC(68) Concurrent Preclean 0.392ms
[2025-03-04T15:53:55.285+0000][676.979s] GC(68) Pause Remark
[2025-03-04T15:53:55.290+0000][676.983s] GC(68) Pause Remark 307M->215M(512M) 4.282ms
[2025-03-04T15:53:55.290+0000][676.984s] GC(68) User=0.02s Sys=0.00s Real=0.00s
[2025-03-04T15:53:55.291+0000][676.984s] GC(68) Concurrent Mark 25.394ms
[2025-03-04T15:53:55.291+0000][676.985s] GC(68) Concurrent Rebuild Remembered Sets
[2025-03-04T15:53:55.300+0000][676.993s] GC(68) Concurrent Rebuild Remembered Sets 8.270ms
[2025-03-04T15:53:55.301+0000][676.994s] GC(68) Pause Cleanup
[2025-03-04T15:53:55.302+0000][676.995s] GC(68) Pause Cleanup 215M->215M(512M) 1.120ms
[2025-03-04T15:53:55.302+0000][676.996s] GC(68) User=0.00s Sys=0.00s Real=0.00s
[2025-03-04T15:53:55.303+0000][676.996s] GC(68) Concurrent Cleanup for Next Mark
[2025-03-04T15:53:55.304+0000][676.997s] GC(68) Concurrent Cleanup for Next Mark 1.069ms
[2025-03-04T15:53:55.304+0000][676.998s] GC(68) Concurrent Mark Cycle 41.784ms
[2025-03-04T15:53:56.204+0000][677.897s] GC(69) Pause Young (Prepare Mixed) (G1 Evacuation Pause)
[2025-03-04T15:53:56.204+0000][677.897s] GC(69) Using 13 workers of 13 for evacuation
[2025-03-04T15:53:56.208+0000][677.902s] GC(69)   Pre Evacuate Collection Set: 0.2ms
[2025-03-04T15:53:56.208+0000][677.902s] GC(69)   Merge Heap Roots: 0.1ms
[2025-03-04T15:53:56.209+0000][677.902s] GC(69)   Evacuate Collection Set: 2.7ms
[2025-03-04T15:53:56.209+0000][677.902s] GC(69)   Post Evacuate Collection Set: 0.8ms
[2025-03-04T15:53:56.209+0000][677.902s] GC(69)   Other: 0.4ms
[2025-03-04T15:53:56.209+0000][677.902s] GC(69) Eden regions: 119->0(8)
[2025-03-04T15:53:56.209+0000][677.902s] GC(69) Survivor regions: 11->17(17)
[2025-03-04T15:53:56.209+0000][677.903s] GC(69) Old regions: 197->205
[2025-03-04T15:53:56.209+0000][677.903s] GC(69) Archive regions: 2->2
[2025-03-04T15:53:56.209+0000][677.903s] GC(69) Humongous regions: 4->4
[2025-03-04T15:53:56.210+0000][677.903s] GC(69) Metaspace: 61038K(61568K)->61038K(61568K) NonClass: 53611K(53888K)->53611K(53888K) Class: 7426K(7680K)->7426K(7680K)
[2025-03-04T15:53:56.210+0000][677.903s] GC(69) Pause Young (Prepare Mixed) (G1 Evacuation Pause) 330M->225M(512M) 5.728ms
[2025-03-04T15:53:56.210+0000][677.904s] GC(69) User=0.01s Sys=0.00s Real=0.00s
[2025-03-04T15:53:56.285+0000][677.978s] GC(70) Pause Young (Mixed) (G1 Evacuation Pause)
[2025-03-04T15:53:56.285+0000][677.978s] GC(70) Using 13 workers of 13 for evacuation
[2025-03-04T15:53:56.289+0000][677.982s] GC(70)   Pre Evacuate Collection Set: 0.2ms
[2025-03-04T15:53:56.289+0000][677.983s] GC(70)   Merge Heap Roots: 0.2ms
[2025-03-04T15:53:56.289+0000][677.983s] GC(70)   Evacuate Collection Set: 3.0ms
[2025-03-04T15:53:56.289+0000][677.983s] GC(70)   Post Evacuate Collection Set: 0.7ms
[2025-03-04T15:53:56.290+0000][677.983s] GC(70)   Other: 0.4ms
[2025-03-04T15:53:56.290+0000][677.983s] GC(70) Eden regions: 8->0(23)
[2025-03-04T15:53:56.290+0000][677.983s] GC(70) Survivor regions: 17->2(4)
[2025-03-04T15:53:56.290+0000][677.983s] GC(70) Old regions: 205->169
[2025-03-04T15:53:56.290+0000][677.983s] GC(70) Archive regions: 2->2
[2025-03-04T15:53:56.290+0000][677.983s] GC(70) Humongous regions: 4->4
[2025-03-04T15:53:56.290+0000][677.984s] GC(70) Metaspace: 61038K(61568K)->61038K(61568K) NonClass: 53611K(53888K)->53611K(53888K) Class: 7426K(7680K)->7426K(7680K)
[2025-03-04T15:53:56.290+0000][677.984s] GC(70) Pause Young (Mixed) (G1 Evacuation Pause) 233M->174M(512M) 5.817ms
[2025-03-04T15:53:56.290+0000][677.984s] GC(70) User=0.02s Sys=0.00s Real=0.00s
[2025-03-04T15:53:56.467+0000][678.161s] GC(71) Pause Young (Mixed) (G1 Evacuation Pause)
[2025-03-04T15:53:56.468+0000][678.161s] GC(71) Using 13 workers of 13 for evacuation
[2025-03-04T15:53:56.472+0000][678.166s] GC(71)   Pre Evacuate Collection Set: 0.2ms
[2025-03-04T15:53:56.473+0000][678.166s] GC(71)   Merge Heap Roots: 0.2ms
[2025-03-04T15:53:56.473+0000][678.166s] GC(71)   Evacuate Collection Set: 2.2ms
[2025-03-04T15:53:56.474+0000][678.167s] GC(71)   Post Evacuate Collection Set: 1.0ms
[2025-03-04T15:53:56.474+0000][678.167s] GC(71)   Other: 1.2ms
[2025-03-04T15:53:56.474+0000][678.168s] GC(71) Eden regions: 23->0(21)
[2025-03-04T15:53:56.475+0000][678.168s] GC(71) Survivor regions: 2->4(4)
[2025-03-04T15:53:56.475+0000][678.168s] GC(71) Old regions: 169->123
[2025-03-04T15:53:56.475+0000][678.169s] GC(71) Archive regions: 2->2
[2025-03-04T15:53:56.476+0000][678.169s] GC(71) Humongous regions: 4->4
[2025-03-04T15:53:56.476+0000][678.169s] GC(71) Metaspace: 61038K(61568K)->61038K(61568K) NonClass: 53611K(53888K)->53611K(53888K) Class: 7426K(7680K)->7426K(7680K)
[2025-03-04T15:53:56.476+0000][678.170s] GC(71) Pause Young (Mixed) (G1 Evacuation Pause) 197M->130M(512M) 9.076ms
[2025-03-04T15:53:56.477+0000][678.170s] GC(71) User=0.02s Sys=0.00s Real=0.01s
[2025-03-04T15:53:56.648+0000][678.341s] GC(72) Pause Young (Mixed) (G1 Evacuation Pause)
[2025-03-04T15:53:56.648+0000][678.341s] GC(72) Using 13 workers of 13 for evacuation
[2025-03-04T15:53:56.651+0000][678.344s] GC(72)   Pre Evacuate Collection Set: 0.2ms
[2025-03-04T15:53:56.651+0000][678.344s] GC(72)   Merge Heap Roots: 0.1ms
[2025-03-04T15:53:56.651+0000][678.345s] GC(72)   Evacuate Collection Set: 1.4ms
[2025-03-04T15:53:56.652+0000][678.345s] GC(72)   Post Evacuate Collection Set: 0.7ms
[2025-03-04T15:53:56.652+0000][678.345s] GC(72)   Other: 0.8ms
[2025-03-04T15:53:56.652+0000][678.345s] GC(72) Eden regions: 21->0(239)
[2025-03-04T15:53:56.652+0000][678.345s] GC(72) Survivor regions: 4->3(4)
[2025-03-04T15:53:56.652+0000][678.346s] GC(72) Old regions: 123->126
[2025-03-04T15:53:56.652+0000][678.346s] GC(72) Archive regions: 2->2
[2025-03-04T15:53:56.652+0000][678.346s] GC(72) Humongous regions: 4->4
[2025-03-04T15:53:56.653+0000][678.346s] GC(72) Metaspace: 61038K(61568K)->61038K(61568K) NonClass: 53611K(53888K)->53611K(53888K) Class: 7426K(7680K)->7426K(7680K)
[2025-03-04T15:53:56.653+0000][678.346s] GC(72) Pause Young (Mixed) (G1 Evacuation Pause) 151M->132M(512M) 5.029ms
[2025-03-04T15:53:56.653+0000][678.346s] GC(72) User=0.01s Sys=0.00s Real=0.00s
[2025-03-04T15:53:58.037+0000][679.731s] GC(73) Pause Young (Normal) (G1 Evacuation Pause)
[2025-03-04T15:53:58.038+0000][679.731s] GC(73) Using 13 workers of 13 for evacuation
[2025-03-04T15:53:58.041+0000][679.734s] GC(73)   Pre Evacuate Collection Set: 0.1ms
[2025-03-04T15:53:58.041+0000][679.735s] GC(73)   Merge Heap Roots: 0.1ms
[2025-03-04T15:53:58.042+0000][679.735s] GC(73)   Evacuate Collection Set: 2.0ms
[2025-03-04T15:53:58.042+0000][679.735s] GC(73)   Post Evacuate Collection Set: 0.8ms
[2025-03-04T15:53:58.042+0000][679.735s] GC(73)   Other: 0.7ms
[2025-03-04T15:53:58.042+0000][679.736s] GC(73) Eden regions: 239->0(229)
[2025-03-04T15:53:58.043+0000][679.736s] GC(73) Survivor regions: 3->24(31)
[2025-03-04T15:53:58.043+0000][679.736s] GC(73) Old regions: 126->126
[2025-03-04T15:53:58.043+0000][679.737s] GC(73) Archive regions: 2->2
[2025-03-04T15:53:58.043+0000][679.737s] GC(73) Humongous regions: 4->4
[2025-03-04T15:53:58.044+0000][679.737s] GC(73) Metaspace: 61039K(61568K)->61039K(61568K) NonClass: 53612K(53888K)->53612K(53888K) Class: 7426K(7680K)->7426K(7680K)
[2025-03-04T15:53:58.044+0000][679.737s] GC(73) Pause Young (Normal) (G1 Evacuation Pause) 371M->153M(512M) 6.502ms
[2025-03-04T15:53:58.044+0000][679.737s] GC(73) User=0.01s Sys=0.00s Real=0.01s
[2025-03-04T15:53:59.415+0000][681.109s] GC(74) Pause Young (Normal) (G1 Evacuation Pause)
[2025-03-04T15:53:59.416+0000][681.109s] GC(74) Using 13 workers of 13 for evacuation
[2025-03-04T15:53:59.419+0000][681.113s] GC(74)   Pre Evacuate Collection Set: 0.2ms
[2025-03-04T15:53:59.420+0000][681.113s] GC(74)   Merge Heap Roots: 0.2ms
[2025-03-04T15:53:59.420+0000][681.113s] GC(74)   Evacuate Collection Set: 2.1ms
[2025-03-04T15:53:59.420+0000][681.114s] GC(74)   Post Evacuate Collection Set: 0.9ms
[2025-03-04T15:53:59.420+0000][681.114s] GC(74)   Other: 0.8ms
[2025-03-04T15:53:59.421+0000][681.114s] GC(74) Eden regions: 229->0(233)
[2025-03-04T15:53:59.421+0000][681.114s] GC(74) Survivor regions: 24->19(32)
[2025-03-04T15:53:59.421+0000][681.115s] GC(74) Old regions: 126->132
[2025-03-04T15:53:59.421+0000][681.115s] GC(74) Archive regions: 2->2
[2025-03-04T15:53:59.422+0000][681.115s] GC(74) Humongous regions: 4->4
[2025-03-04T15:53:59.422+0000][681.115s] GC(74) Metaspace: 61041K(61568K)->61041K(61568K) NonClass: 53615K(53888K)->53615K(53888K) Class: 7426K(7680K)->7426K(7680K)
[2025-03-04T15:53:59.422+0000][681.115s] GC(74) Pause Young (Normal) (G1 Evacuation Pause) 382M->155M(512M) 6.833ms
[2025-03-04T15:53:59.422+0000][681.116s] GC(74) User=0.02s Sys=0.01s Real=0.00s
[2025-03-04T15:54:01.650+0000][683.343s] GC(75) Pause Young (Normal) (G1 Evacuation Pause)
[2025-03-04T15:54:01.650+0000][683.344s] GC(75) Using 13 workers of 13 for evacuation
[2025-03-04T15:54:01.657+0000][683.350s] GC(75)   Pre Evacuate Collection Set: 0.2ms
[2025-03-04T15:54:01.663+0000][683.356s] GC(75)   Merge Heap Roots: 0.1ms
[2025-03-04T15:54:01.663+0000][683.356s] GC(75)   Evacuate Collection Set: 2.1ms
[2025-03-04T15:54:01.663+0000][683.356s] GC(75)   Post Evacuate Collection Set: 0.5ms
[2025-03-04T15:54:01.663+0000][683.357s] GC(75)   Other: 4.6ms
[2025-03-04T15:54:01.663+0000][683.357s] GC(75) Eden regions: 233->0(241)
[2025-03-04T15:54:01.664+0000][683.357s] GC(75) Survivor regions: 19->3(32)
[2025-03-04T15:54:01.664+0000][683.357s] GC(75) Old regions: 132->150
[2025-03-04T15:54:01.664+0000][683.357s] GC(75) Archive regions: 2->2
[2025-03-04T15:54:01.664+0000][683.358s] GC(75) Humongous regions: 4->4
[2025-03-04T15:54:01.664+0000][683.358s] GC(75) Metaspace: 61067K(61568K)->61067K(61568K) NonClass: 53640K(53888K)->53640K(53888K) Class: 7426K(7680K)->7426K(7680K)
[2025-03-04T15:54:01.665+0000][683.358s] GC(75) Pause Young (Normal) (G1 Evacuation Pause) 388M->156M(512M) 14.996ms
[2025-03-04T15:54:01.665+0000][683.358s] GC(75) User=0.01s Sys=0.00s Real=0.02s
[2025-03-04T15:54:04.907+0000][686.600s] GC(76) Pause Young (Normal) (G1 Evacuation Pause)
[2025-03-04T15:54:04.907+0000][686.600s] GC(76) Using 13 workers of 13 for evacuation
[2025-03-04T15:54:04.911+0000][686.605s] GC(76)   Pre Evacuate Collection Set: 0.2ms
[2025-03-04T15:54:04.912+0000][686.605s] GC(76)   Merge Heap Roots: 0.1ms
[2025-03-04T15:54:04.912+0000][686.606s] GC(76)   Evacuate Collection Set: 2.6ms
[2025-03-04T15:54:04.912+0000][686.606s] GC(76)   Post Evacuate Collection Set: 1.1ms
[2025-03-04T15:54:04.913+0000][686.606s] GC(76)   Other: 0.7ms
[2025-03-04T15:54:04.913+0000][686.606s] GC(76) Eden regions: 241->0(219)
[2025-03-04T15:54:04.913+0000][686.607s] GC(76) Survivor regions: 3->29(31)
[2025-03-04T15:54:04.913+0000][686.607s] GC(76) Old regions: 150->150
[2025-03-04T15:54:04.914+0000][686.607s] GC(76) Archive regions: 2->2
[2025-03-04T15:54:04.914+0000][686.607s] GC(76) Humongous regions: 4->4
[2025-03-04T15:54:04.914+0000][686.607s] GC(76) Metaspace: 61076K(61568K)->61076K(61568K) NonClass: 53649K(53888K)->53649K(53888K) Class: 7426K(7680K)->7426K(7680K)
[2025-03-04T15:54:04.914+0000][686.607s] GC(76) Pause Young (Normal) (G1 Evacuation Pause) 397M->182M(512M) 7.453ms
[2025-03-04T15:54:04.914+0000][686.608s] GC(76) User=0.02s Sys=0.00s Real=0.01s
[2025-03-04T15:54:06.421+0000][688.115s] GC(77) Pause Young (Normal) (G1 Evacuation Pause)
[2025-03-04T15:54:06.422+0000][688.115s] GC(77) Using 13 workers of 13 for evacuation
[2025-03-04T15:54:06.426+0000][688.119s] GC(77)   Pre Evacuate Collection Set: 0.2ms
[2025-03-04T15:54:06.426+0000][688.120s] GC(77)   Merge Heap Roots: 0.1ms
[2025-03-04T15:54:06.426+0000][688.120s] GC(77)   Evacuate Collection Set: 3.1ms
[2025-03-04T15:54:06.426+0000][688.120s] GC(77)   Post Evacuate Collection Set: 0.6ms
[2025-03-04T15:54:06.427+0000][688.120s] GC(77)   Other: 0.4ms
[2025-03-04T15:54:06.427+0000][688.120s] GC(77) Eden regions: 219->0(211)
[2025-03-04T15:54:06.427+0000][688.120s] GC(77) Survivor regions: 29->16(31)
[2025-03-04T15:54:06.427+0000][688.120s] GC(77) Old regions: 150->174
[2025-03-04T15:54:06.427+0000][688.121s] GC(77) Archive regions: 2->2
[2025-03-04T15:54:06.427+0000][688.121s] GC(77) Humongous regions: 4->4
[2025-03-04T15:54:06.427+0000][688.121s] GC(77) Metaspace: 61080K(61568K)->61080K(61568K) NonClass: 53654K(53888K)->53654K(53888K) Class: 7426K(7680K)->7426K(7680K)
[2025-03-04T15:54:06.428+0000][688.121s] GC(77) Pause Young (Normal) (G1 Evacuation Pause) 401M->194M(512M) 6.055ms
[2025-03-04T15:54:06.428+0000][688.121s] GC(77) User=0.02s Sys=0.00s Real=0.01s
[2025-03-04T15:54:08.932+0000][690.625s] GC(78) Pause Young (Normal) (G1 Evacuation Pause)
[2025-03-04T15:54:08.932+0000][690.625s] GC(78) Using 13 workers of 13 for evacuation
[2025-03-04T15:54:08.934+0000][690.628s] GC(78)   Pre Evacuate Collection Set: 0.2ms
[2025-03-04T15:54:08.935+0000][690.628s] GC(78)   Merge Heap Roots: 0.2ms
[2025-03-04T15:54:08.935+0000][690.628s] GC(78)   Evacuate Collection Set: 1.5ms
[2025-03-04T15:54:08.935+0000][690.629s] GC(78)   Post Evacuate Collection Set: 0.5ms
[2025-03-04T15:54:08.935+0000][690.629s] GC(78)   Other: 0.3ms
[2025-03-04T15:54:08.936+0000][690.629s] GC(78) Eden regions: 211->0(219)
[2025-03-04T15:54:08.936+0000][690.629s] GC(78) Survivor regions: 16->5(29)
[2025-03-04T15:54:08.936+0000][690.629s] GC(78) Old regions: 174->184
[2025-03-04T15:54:08.936+0000][690.630s] GC(78) Archive regions: 2->2
[2025-03-04T15:54:08.937+0000][690.630s] GC(78) Humongous regions: 4->4
[2025-03-04T15:54:08.937+0000][690.630s] GC(78) Metaspace: 61083K(61568K)->61083K(61568K) NonClass: 53656K(53888K)->53656K(53888K) Class: 7427K(7680K)->7427K(7680K)
[2025-03-04T15:54:08.937+0000][690.630s] GC(78) Pause Young (Normal) (G1 Evacuation Pause) 405M->192M(512M) 5.076ms
[2025-03-04T15:54:08.937+0000][690.630s] GC(78) User=0.01s Sys=0.01s Real=0.01s
[2025-03-04T15:54:09.963+0000][691.657s] GC(79) Pause Young (Normal) (G1 Evacuation Pause)
[2025-03-04T15:54:09.964+0000][691.657s] GC(79) Using 13 workers of 13 for evacuation
[2025-03-04T15:54:09.966+0000][691.660s] GC(79)   Pre Evacuate Collection Set: 0.2ms
[2025-03-04T15:54:09.967+0000][691.660s] GC(79)   Merge Heap Roots: 0.1ms
[2025-03-04T15:54:09.967+0000][691.660s] GC(79)   Evacuate Collection Set: 1.6ms
[2025-03-04T15:54:09.967+0000][691.660s] GC(79)   Post Evacuate Collection Set: 0.6ms
[2025-03-04T15:54:09.967+0000][691.661s] GC(79)   Other: 0.6ms
[2025-03-04T15:54:09.967+0000][691.661s] GC(79) Eden regions: 219->0(207)
[2025-03-04T15:54:09.968+0000][691.661s] GC(79) Survivor regions: 5->19(28)
[2025-03-04T15:54:09.968+0000][691.661s] GC(79) Old regions: 184->184
[2025-03-04T15:54:09.968+0000][691.661s] GC(79) Archive regions: 2->2
[2025-03-04T15:54:09.968+0000][691.662s] GC(79) Humongous regions: 4->4
[2025-03-04T15:54:09.968+0000][691.662s] GC(79) Metaspace: 61083K(61568K)->61083K(61568K) NonClass: 53656K(53888K)->53656K(53888K) Class: 7427K(7680K)->7427K(7680K)
[2025-03-04T15:54:09.969+0000][691.662s] GC(79) Pause Young (Normal) (G1 Evacuation Pause) 411M->207M(512M) 5.232ms
[2025-03-04T15:54:09.969+0000][691.662s] GC(79) User=0.01s Sys=0.00s Real=0.01s
[2025-03-04T15:54:11.631+0000][693.324s] GC(80) Pause Young (Normal) (G1 Evacuation Pause)
[2025-03-04T15:54:11.631+0000][693.325s] GC(80) Using 13 workers of 13 for evacuation
[2025-03-04T15:54:11.636+0000][693.329s] GC(80)   Pre Evacuate Collection Set: 0.2ms
[2025-03-04T15:54:11.636+0000][693.330s] GC(80)   Merge Heap Roots: 0.1ms
[2025-03-04T15:54:11.636+0000][693.330s] GC(80)   Evacuate Collection Set: 3.3ms
[2025-03-04T15:54:11.637+0000][693.330s] GC(80)   Post Evacuate Collection Set: 0.6ms
[2025-03-04T15:54:11.637+0000][693.330s] GC(80)   Other: 0.5ms
[2025-03-04T15:54:11.637+0000][693.330s] GC(80) Eden regions: 207->0(182)
[2025-03-04T15:54:11.637+0000][693.331s] GC(80) Survivor regions: 19->26(29)
[2025-03-04T15:54:11.638+0000][693.331s] GC(80) Old regions: 184->200
[2025-03-04T15:54:11.638+0000][693.331s] GC(80) Archive regions: 2->2
[2025-03-04T15:54:11.638+0000][693.331s] GC(80) Humongous regions: 4->4
[2025-03-04T15:54:11.638+0000][693.332s] GC(80) Metaspace: 61083K(61568K)->61083K(61568K) NonClass: 53656K(53888K)->53656K(53888K) Class: 7427K(7680K)->7427K(7680K)
[2025-03-04T15:54:11.638+0000][693.332s] GC(80) Pause Young (Normal) (G1 Evacuation Pause) 414M->229M(512M) 7.401ms
[2025-03-04T15:54:11.639+0000][693.332s] GC(80) User=0.02s Sys=0.00s Real=0.01s
[2025-03-04T15:54:12.724+0000][694.418s] GC(81) Pause Young (Normal) (G1 Evacuation Pause)
[2025-03-04T15:54:12.725+0000][694.418s] GC(81) Using 13 workers of 13 for evacuation
[2025-03-04T15:54:12.729+0000][694.423s] GC(81)   Pre Evacuate Collection Set: 0.2ms
[2025-03-04T15:54:12.730+0000][694.423s] GC(81)   Merge Heap Roots: 0.2ms
[2025-03-04T15:54:12.730+0000][694.423s] GC(81)   Evacuate Collection Set: 3.3ms
[2025-03-04T15:54:12.730+0000][694.424s] GC(81)   Post Evacuate Collection Set: 0.7ms
[2025-03-04T15:54:12.731+0000][694.424s] GC(81)   Other: 0.6ms
[2025-03-04T15:54:12.731+0000][694.424s] GC(81) Eden regions: 182->0(167)
[2025-03-04T15:54:12.731+0000][694.424s] GC(81) Survivor regions: 26->19(26)
[2025-03-04T15:54:12.731+0000][694.425s] GC(81) Old regions: 200->224
[2025-03-04T15:54:12.731+0000][694.425s] GC(81) Archive regions: 2->2
[2025-03-04T15:54:12.732+0000][694.425s] GC(81) Humongous regions: 4->4
[2025-03-04T15:54:12.732+0000][694.425s] GC(81) Metaspace: 61084K(61568K)->61084K(61568K) NonClass: 53657K(53888K)->53657K(53888K) Class: 7427K(7680K)->7427K(7680K)
[2025-03-04T15:54:12.732+0000][694.425s] GC(81) Pause Young (Normal) (G1 Evacuation Pause) 411M->247M(512M) 7.679ms
[2025-03-04T15:54:12.732+0000][694.426s] GC(81) User=0.02s Sys=0.00s Real=0.00s
[2025-03-04T15:54:13.576+0000][695.269s] GC(82) Pause Young (Concurrent Start) (G1 Evacuation Pause)
[2025-03-04T15:54:13.576+0000][695.269s] GC(82) Using 13 workers of 13 for evacuation
[2025-03-04T15:54:13.581+0000][695.274s] GC(82)   Pre Evacuate Collection Set: 0.3ms
[2025-03-04T15:54:13.581+0000][695.275s] GC(82)   Merge Heap Roots: 0.1ms
[2025-03-04T15:54:13.581+0000][695.275s] GC(82)   Evacuate Collection Set: 3.2ms
[2025-03-04T15:54:13.582+0000][695.275s] GC(82)   Post Evacuate Collection Set: 1.0ms
[2025-03-04T15:54:13.582+0000][695.275s] GC(82)   Other: 0.6ms
[2025-03-04T15:54:13.582+0000][695.275s] GC(82) Eden regions: 167->0(140)
[2025-03-04T15:54:13.582+0000][695.276s] GC(82) Survivor regions: 19->24(24)
[2025-03-04T15:54:13.582+0000][695.276s] GC(82) Old regions: 224->242
[2025-03-04T15:54:13.583+0000][695.276s] GC(82) Archive regions: 2->2
[2025-03-04T15:54:13.583+0000][695.276s] GC(82) Humongous regions: 4->4
[2025-03-04T15:54:13.583+0000][695.277s] GC(82) Metaspace: 61089K(61568K)->61089K(61568K) NonClass: 53662K(53888K)->53662K(53888K) Class: 7427K(7680K)->7427K(7680K)
[2025-03-04T15:54:13.584+0000][695.277s] GC(82) Pause Young (Concurrent Start) (G1 Evacuation Pause) 414M->270M(512M) 8.041ms
[2025-03-04T15:54:13.584+0000][695.277s] GC(82) User=0.02s Sys=0.00s Real=0.01s
[2025-03-04T15:54:13.584+0000][695.278s] GC(83) Concurrent Mark Cycle
[2025-03-04T15:54:13.584+0000][695.278s] GC(83) Concurrent Clear Claimed Marks
[2025-03-04T15:54:13.585+0000][695.278s] GC(83) Concurrent Clear Claimed Marks 0.621ms
[2025-03-04T15:54:13.585+0000][695.279s] GC(83) Concurrent Scan Root Regions
[2025-03-04T15:54:13.586+0000][695.280s] GC(83) Concurrent Scan Root Regions 1.212ms
[2025-03-04T15:54:13.587+0000][695.280s] GC(83) Concurrent Mark
[2025-03-04T15:54:13.587+0000][695.280s] GC(83) Concurrent Mark From Roots
[2025-03-04T15:54:13.587+0000][695.281s] GC(83) Using 3 workers of 3 for marking
[2025-03-04T15:54:13.609+0000][695.302s] GC(83) Concurrent Mark From Roots 21.960ms
[2025-03-04T15:54:13.609+0000][695.303s] GC(83) Concurrent Preclean
[2025-03-04T15:54:13.610+0000][695.303s] GC(83) Concurrent Preclean 0.535ms
[2025-03-04T15:54:13.610+0000][695.304s] GC(83) Pause Remark
[2025-03-04T15:54:13.615+0000][695.308s] GC(83) Pause Remark 276M->187M(512M) 4.406ms
[2025-03-04T15:54:13.615+0000][695.309s] GC(83) User=0.03s Sys=0.00s Real=0.01s
[2025-03-04T15:54:13.616+0000][695.309s] GC(83) Concurrent Mark 29.001ms
[2025-03-04T15:54:13.616+0000][695.309s] GC(83) Concurrent Rebuild Remembered Sets
[2025-03-04T15:54:13.626+0000][695.320s] GC(83) Concurrent Rebuild Remembered Sets 10.028ms
[2025-03-04T15:54:13.627+0000][695.320s] GC(83) Pause Cleanup
[2025-03-04T15:54:13.628+0000][695.321s] GC(83) Pause Cleanup 189M->189M(512M) 0.869ms
[2025-03-04T15:54:13.628+0000][695.321s] GC(83) User=0.00s Sys=0.00s Real=0.00s
[2025-03-04T15:54:13.628+0000][695.322s] GC(83) Concurrent Cleanup for Next Mark
[2025-03-04T15:54:13.629+0000][695.322s] GC(83) Concurrent Cleanup for Next Mark 0.637ms
[2025-03-04T15:54:13.629+0000][695.323s] GC(83) Concurrent Mark Cycle 45.115ms
[2025-03-04T15:54:14.818+0000][696.511s] GC(84) Pause Young (Prepare Mixed) (G1 Evacuation Pause)
[2025-03-04T15:54:14.818+0000][696.512s] GC(84) Using 13 workers of 13 for evacuation
[2025-03-04T15:54:14.822+0000][696.515s] GC(84)   Pre Evacuate Collection Set: 0.2ms
[2025-03-04T15:54:14.822+0000][696.515s] GC(84)   Merge Heap Roots: 0.1ms
[2025-03-04T15:54:14.822+0000][696.516s] GC(84)   Evacuate Collection Set: 2.0ms
[2025-03-04T15:54:14.823+0000][696.516s] GC(84)   Post Evacuate Collection Set: 0.7ms
[2025-03-04T15:54:14.823+0000][696.516s] GC(84)   Other: 0.7ms
[2025-03-04T15:54:14.823+0000][696.516s] GC(84) Eden regions: 140->0(7)
[2025-03-04T15:54:14.823+0000][696.517s] GC(84) Survivor regions: 24->18(21)
[2025-03-04T15:54:14.824+0000][696.517s] GC(84) Old regions: 153->162
[2025-03-04T15:54:14.824+0000][696.517s] GC(84) Archive regions: 2->2
[2025-03-04T15:54:14.824+0000][696.517s] GC(84) Humongous regions: 4->4
[2025-03-04T15:54:14.824+0000][696.518s] GC(84) Metaspace: 61104K(61568K)->61104K(61568K) NonClass: 53677K(53888K)->53677K(53888K) Class: 7427K(7680K)->7427K(7680K)
[2025-03-04T15:54:14.825+0000][696.518s] GC(84) Pause Young (Prepare Mixed) (G1 Evacuation Pause) 321M->184M(512M) 6.695ms
[2025-03-04T15:54:14.825+0000][696.519s] GC(84) User=0.01s Sys=0.01s Real=0.01s
[2025-03-04T15:54:14.853+0000][696.547s] GC(85) Pause Young (Mixed) (G1 Evacuation Pause)
[2025-03-04T15:54:14.854+0000][696.547s] GC(85) Using 13 workers of 13 for evacuation
[2025-03-04T15:54:14.857+0000][696.550s] GC(85)   Pre Evacuate Collection Set: 0.2ms
[2025-03-04T15:54:14.857+0000][696.551s] GC(85)   Merge Heap Roots: 0.2ms
[2025-03-04T15:54:14.858+0000][696.551s] GC(85)   Evacuate Collection Set: 2.1ms
[2025-03-04T15:54:14.858+0000][696.551s] GC(85)   Post Evacuate Collection Set: 0.7ms
[2025-03-04T15:54:14.859+0000][696.552s] GC(85)   Other: 0.6ms
[2025-03-04T15:54:14.859+0000][696.552s] GC(85) Eden regions: 7->0(23)
[2025-03-04T15:54:14.859+0000][696.553s] GC(85) Survivor regions: 18->2(4)
[2025-03-04T15:54:14.860+0000][696.553s] GC(85) Old regions: 162->127
[2025-03-04T15:54:14.860+0000][696.554s] GC(85) Archive regions: 2->2
[2025-03-04T15:54:14.861+0000][696.554s] GC(85) Humongous regions: 4->4
[2025-03-04T15:54:14.861+0000][696.554s] GC(85) Metaspace: 61104K(61568K)->61104K(61568K) NonClass: 53677K(53888K)->53677K(53888K) Class: 7427K(7680K)->7427K(7680K)
[2025-03-04T15:54:14.862+0000][696.555s] GC(85) Pause Young (Mixed) (G1 Evacuation Pause) 191M->133M(512M) 8.226ms
[2025-03-04T15:54:14.862+0000][696.555s] GC(85) User=0.02s Sys=0.00s Real=0.01s
[2025-03-04T15:54:15.016+0000][696.709s] GC(86) Pause Young (Mixed) (G1 Evacuation Pause)
[2025-03-04T15:54:15.016+0000][696.710s] GC(86) Using 13 workers of 13 for evacuation
[2025-03-04T15:54:15.019+0000][696.712s] GC(86)   Pre Evacuate Collection Set: 0.2ms
[2025-03-04T15:54:15.019+0000][696.712s] GC(86)   Merge Heap Roots: 0.1ms
[2025-03-04T15:54:15.019+0000][696.713s] GC(86)   Evacuate Collection Set: 1.0ms
[2025-03-04T15:54:15.020+0000][696.713s] GC(86)   Post Evacuate Collection Set: 0.5ms
[2025-03-04T15:54:15.020+0000][696.713s] GC(86)   Other: 0.7ms
[2025-03-04T15:54:15.020+0000][696.714s] GC(86) Eden regions: 23->0(264)
[2025-03-04T15:54:15.020+0000][696.714s] GC(86) Survivor regions: 2->4(4)
[2025-03-04T15:54:15.021+0000][696.714s] GC(86) Old regions: 127->112
[2025-03-04T15:54:15.021+0000][696.714s] GC(86) Archive regions: 2->2
[2025-03-04T15:54:15.021+0000][696.714s] GC(86) Humongous regions: 4->4
[2025-03-04T15:54:15.021+0000][696.715s] GC(86) Metaspace: 61104K(61568K)->61104K(61568K) NonClass: 53677K(53888K)->53677K(53888K) Class: 7427K(7680K)->7427K(7680K)
[2025-03-04T15:54:15.022+0000][696.715s] GC(86) Pause Young (Mixed) (G1 Evacuation Pause) 156M->119M(512M) 5.606ms
[2025-03-04T15:54:15.022+0000][696.715s] GC(86) User=0.01s Sys=0.00s Real=0.00s
[2025-03-04T15:54:16.920+0000][698.614s] GC(87) Pause Young (Normal) (G1 Evacuation Pause)
[2025-03-04T15:54:16.921+0000][698.614s] GC(87) Using 13 workers of 13 for evacuation
[2025-03-04T15:54:16.925+0000][698.618s] GC(87)   Pre Evacuate Collection Set: 0.2ms
[2025-03-04T15:54:16.926+0000][698.619s] GC(87)   Merge Heap Roots: 0.1ms
[2025-03-04T15:54:16.926+0000][698.619s] GC(87)   Evacuate Collection Set: 2.4ms
[2025-03-04T15:54:16.926+0000][698.619s] GC(87)   Post Evacuate Collection Set: 1.2ms
[2025-03-04T15:54:16.926+0000][698.619s] GC(87)   Other: 1.0ms
[2025-03-04T15:54:16.926+0000][698.620s] GC(87) Eden regions: 264->0(247)
[2025-03-04T15:54:16.926+0000][698.620s] GC(87) Survivor regions: 4->27(34)
[2025-03-04T15:54:16.927+0000][698.620s] GC(87) Old regions: 112->112
[2025-03-04T15:54:16.927+0000][698.620s] GC(87) Archive regions: 2->2
[2025-03-04T15:54:16.927+0000][698.620s] GC(87) Humongous regions: 4->4
[2025-03-04T15:54:16.927+0000][698.620s] GC(87) Metaspace: 61104K(61568K)->61104K(61568K) NonClass: 53677K(53888K)->53677K(53888K) Class: 7427K(7680K)->7427K(7680K)
[2025-03-04T15:54:16.927+0000][698.621s] GC(87) Pause Young (Normal) (G1 Evacuation Pause) 383M->142M(512M) 6.982ms
[2025-03-04T15:54:16.927+0000][698.621s] GC(87) User=0.00s Sys=0.01s Real=0.01s
[2025-03-04T15:54:18.760+0000][700.460s] GC(88) Pause Young (Normal) (G1 Evacuation Pause)
[2025-03-04T15:54:18.761+0000][700.461s] GC(88) Using 13 workers of 13 for evacuation
[2025-03-04T15:54:18.766+0000][700.466s] GC(88)   Pre Evacuate Collection Set: 0.2ms
[2025-03-04T15:54:18.767+0000][700.467s] GC(88)   Merge Heap Roots: 0.1ms
[2025-03-04T15:54:18.767+0000][700.467s] GC(88)   Evacuate Collection Set: 4.1ms
[2025-03-04T15:54:18.767+0000][700.467s] GC(88)   Post Evacuate Collection Set: 0.9ms
[2025-03-04T15:54:18.768+0000][700.468s] GC(88)   Other: 0.9ms
[2025-03-04T15:54:18.768+0000][700.468s] GC(88) Eden regions: 247->0(223)
[2025-03-04T15:54:18.768+0000][700.468s] GC(88) Survivor regions: 27->29(35)
[2025-03-04T15:54:18.769+0000][700.469s] GC(88) Old regions: 112->135
[2025-03-04T15:54:18.769+0000][700.469s] GC(88) Archive regions: 2->2
[2025-03-04T15:54:18.769+0000][700.469s] GC(88) Humongous regions: 4->4
[2025-03-04T15:54:18.770+0000][700.470s] GC(88) Metaspace: 61105K(61568K)->61105K(61568K) NonClass: 53678K(53888K)->53678K(53888K) Class: 7427K(7680K)->7427K(7680K)
[2025-03-04T15:54:18.770+0000][700.470s] GC(88) Pause Young (Normal) (G1 Evacuation Pause) 389M->167M(512M) 9.577ms
[2025-03-04T15:54:18.770+0000][700.470s] GC(88) User=0.02s Sys=0.00s Real=0.01s
[2025-03-04T15:54:20.381+0000][702.081s] GC(89) Pause Young (Normal) (G1 Evacuation Pause)
[2025-03-04T15:54:20.381+0000][702.081s] GC(89) Using 13 workers of 13 for evacuation
[2025-03-04T15:54:20.389+0000][702.090s] GC(89)   Pre Evacuate Collection Set: 0.2ms
[2025-03-04T15:54:20.390+0000][702.090s] GC(89)   Merge Heap Roots: 0.1ms
[2025-03-04T15:54:20.390+0000][702.090s] GC(89)   Evacuate Collection Set: 6.7ms
[2025-03-04T15:54:20.391+0000][702.091s] GC(89)   Post Evacuate Collection Set: 0.9ms
[2025-03-04T15:54:20.391+0000][702.091s] GC(89)   Other: 0.6ms
[2025-03-04T15:54:20.391+0000][702.091s] GC(89) Eden regions: 223->0(208)
[2025-03-04T15:54:20.391+0000][702.091s] GC(89) Survivor regions: 29->23(32)
[2025-03-04T15:54:20.391+0000][702.091s] GC(89) Old regions: 135->160
[2025-03-04T15:54:20.392+0000][702.092s] GC(89) Archive regions: 2->2
[2025-03-04T15:54:20.392+0000][702.092s] GC(89) Humongous regions: 4->4
[2025-03-04T15:54:20.393+0000][702.093s] GC(89) Metaspace: 61106K(61568K)->61106K(61568K) NonClass: 53679K(53888K)->53679K(53888K) Class: 7427K(7680K)->7427K(7680K)
[2025-03-04T15:54:20.393+0000][702.093s] GC(89) Pause Young (Normal) (G1 Evacuation Pause) 390M->187M(512M) 11.797ms
[2025-03-04T15:54:20.393+0000][702.093s] GC(89) User=0.03s Sys=0.00s Real=0.01s
[2025-03-04T15:54:21.831+0000][703.531s] GC(90) Pause Young (Normal) (G1 Evacuation Pause)
[2025-03-04T15:54:21.831+0000][703.531s] GC(90) Using 13 workers of 13 for evacuation
[2025-03-04T15:54:21.837+0000][703.537s] GC(90)   Pre Evacuate Collection Set: 0.3ms
[2025-03-04T15:54:21.838+0000][703.538s] GC(90)   Merge Heap Roots: 0.2ms
[2025-03-04T15:54:21.838+0000][703.538s] GC(90)   Evacuate Collection Set: 5.0ms
[2025-03-04T15:54:21.838+0000][703.538s] GC(90)   Post Evacuate Collection Set: 0.8ms
[2025-03-04T15:54:21.838+0000][703.538s] GC(90)   Other: 0.6ms
[2025-03-04T15:54:21.838+0000][703.539s] GC(90) Eden regions: 208->0(190)
[2025-03-04T15:54:21.839+0000][703.539s] GC(90) Survivor regions: 23->24(29)
[2025-03-04T15:54:21.839+0000][703.539s] GC(90) Old regions: 160->180
[2025-03-04T15:54:21.839+0000][703.539s] GC(90) Archive regions: 2->2
[2025-03-04T15:54:21.839+0000][703.539s] GC(90) Humongous regions: 4->4
[2025-03-04T15:54:21.839+0000][703.539s] GC(90) Metaspace: 61106K(61568K)->61106K(61568K) NonClass: 53679K(53888K)->53679K(53888K) Class: 7427K(7680K)->7427K(7680K)
[2025-03-04T15:54:21.840+0000][703.540s] GC(90) Pause Young (Normal) (G1 Evacuation Pause) 395M->207M(512M) 8.989ms
[2025-03-04T15:54:21.840+0000][703.540s] GC(90) User=0.04s Sys=0.00s Real=0.01s
[2025-03-04T15:54:23.082+0000][704.782s] GC(91) Pause Young (Normal) (G1 Evacuation Pause)
[2025-03-04T15:54:23.083+0000][704.783s] GC(91) Using 13 workers of 13 for evacuation
[2025-03-04T15:54:23.087+0000][704.787s] GC(91)   Pre Evacuate Collection Set: 0.1ms
[2025-03-04T15:54:23.087+0000][704.787s] GC(91)   Merge Heap Roots: 0.1ms
[2025-03-04T15:54:23.088+0000][704.788s] GC(91)   Evacuate Collection Set: 3.1ms
[2025-03-04T15:54:23.088+0000][704.788s] GC(91)   Post Evacuate Collection Set: 0.7ms
[2025-03-04T15:54:23.088+0000][704.788s] GC(91)   Other: 0.5ms
[2025-03-04T15:54:23.088+0000][704.788s] GC(91) Eden regions: 190->0(178)
[2025-03-04T15:54:23.088+0000][704.788s] GC(91) Survivor regions: 24->20(27)
[2025-03-04T15:54:23.089+0000][704.789s] GC(91) Old regions: 180->201
[2025-03-04T15:54:23.089+0000][704.789s] GC(91) Archive regions: 2->2
[2025-03-04T15:54:23.089+0000][704.789s] GC(91) Humongous regions: 4->4
[2025-03-04T15:54:23.089+0000][704.789s] GC(91) Metaspace: 61123K(61632K)->61123K(61632K) NonClass: 53696K(53952K)->53696K(53952K) Class: 7427K(7680K)->7427K(7680K)
[2025-03-04T15:54:23.090+0000][704.790s] GC(91) Pause Young (Normal) (G1 Evacuation Pause) 397M->224M(512M) 7.184ms
[2025-03-04T15:54:23.090+0000][704.790s] GC(91) User=0.01s Sys=0.00s Real=0.01s
[2025-03-04T15:54:24.095+0000][705.795s] GC(92) Pause Young (Normal) (G1 Evacuation Pause)
[2025-03-04T15:54:24.095+0000][705.795s] GC(92) Using 13 workers of 13 for evacuation
[2025-03-04T15:54:24.099+0000][705.799s] GC(92)   Pre Evacuate Collection Set: 0.2ms
[2025-03-04T15:54:24.100+0000][705.800s] GC(92)   Merge Heap Roots: 0.2ms
[2025-03-04T15:54:24.100+0000][705.800s] GC(92)   Evacuate Collection Set: 2.8ms
[2025-03-04T15:54:24.100+0000][705.800s] GC(92)   Post Evacuate Collection Set: 0.7ms
[2025-03-04T15:54:24.101+0000][705.801s] GC(92)   Other: 0.9ms
[2025-03-04T15:54:24.101+0000][705.801s] GC(92) Eden regions: 178->0(162)
[2025-03-04T15:54:24.101+0000][705.801s] GC(92) Survivor regions: 20->22(25)
[2025-03-04T15:54:24.101+0000][705.801s] GC(92) Old regions: 201->217
[2025-03-04T15:54:24.101+0000][705.802s] GC(92) Archive regions: 2->2
[2025-03-04T15:54:24.102+0000][705.802s] GC(92) Humongous regions: 4->4
[2025-03-04T15:54:24.102+0000][705.802s] GC(92) Metaspace: 61125K(61632K)->61125K(61632K) NonClass: 53697K(53952K)->53697K(53952K) Class: 7427K(7680K)->7427K(7680K)
[2025-03-04T15:54:24.102+0000][705.802s] GC(92) Pause Young (Normal) (G1 Evacuation Pause) 402M->243M(512M) 7.642ms
[2025-03-04T15:54:24.102+0000][705.802s] GC(92) User=0.02s Sys=0.00s Real=0.01s
[2025-03-04T15:54:24.860+0000][706.560s] GC(93) Pause Young (Normal) (G1 Evacuation Pause)
[2025-03-04T15:54:24.860+0000][706.560s] GC(93) Using 13 workers of 13 for evacuation
[2025-03-04T15:54:24.865+0000][706.565s] GC(93)   Pre Evacuate Collection Set: 0.4ms
[2025-03-04T15:54:24.866+0000][706.566s] GC(93)   Merge Heap Roots: 0.1ms
[2025-03-04T15:54:24.867+0000][706.567s] GC(93)   Evacuate Collection Set: 2.6ms
[2025-03-04T15:54:24.867+0000][706.567s] GC(93)   Post Evacuate Collection Set: 1.0ms
[2025-03-04T15:54:24.867+0000][706.567s] GC(93)   Other: 0.9ms
[2025-03-04T15:54:24.868+0000][706.568s] GC(93) Eden regions: 162->0(154)
[2025-03-04T15:54:24.868+0000][706.568s] GC(93) Survivor regions: 22->15(23)
[2025-03-04T15:54:24.868+0000][706.568s] GC(93) Old regions: 217->236
[2025-03-04T15:54:24.869+0000][706.569s] GC(93) Archive regions: 2->2
[2025-03-04T15:54:24.869+0000][706.569s] GC(93) Humongous regions: 4->4
[2025-03-04T15:54:24.869+0000][706.570s] GC(93) Metaspace: 61125K(61632K)->61125K(61632K) NonClass: 53697K(53952K)->53697K(53952K) Class: 7427K(7680K)->7427K(7680K)
[2025-03-04T15:54:24.870+0000][706.570s] GC(93) Pause Young (Normal) (G1 Evacuation Pause) 405M->254M(512M) 9.874ms
[2025-03-04T15:54:24.870+0000][706.570s] GC(93) User=0.02s Sys=0.00s Real=0.01s
[2025-03-04T15:54:25.453+0000][707.153s] GC(94) Pause Young (Normal) (G1 Evacuation Pause)
[2025-03-04T15:54:25.454+0000][707.154s] GC(94) Using 13 workers of 13 for evacuation
[2025-03-04T15:54:25.457+0000][707.157s] GC(94)   Pre Evacuate Collection Set: 0.2ms
[2025-03-04T15:54:25.458+0000][707.158s] GC(94)   Merge Heap Roots: 0.1ms
[2025-03-04T15:54:25.458+0000][707.158s] GC(94)   Evacuate Collection Set: 1.8ms
[2025-03-04T15:54:25.458+0000][707.158s] GC(94)   Post Evacuate Collection Set: 1.2ms
[2025-03-04T15:54:25.458+0000][707.158s] GC(94)   Other: 0.7ms
[2025-03-04T15:54:25.459+0000][707.159s] GC(94) Eden regions: 154->0(153)
[2025-03-04T15:54:25.459+0000][707.159s] GC(94) Survivor regions: 15->10(22)
[2025-03-04T15:54:25.459+0000][707.159s] GC(94) Old regions: 236->248
[2025-03-04T15:54:25.459+0000][707.159s] GC(94) Archive regions: 2->2
[2025-03-04T15:54:25.459+0000][707.159s] GC(94) Humongous regions: 4->4
[2025-03-04T15:54:25.459+0000][707.159s] GC(94) Metaspace: 61125K(61632K)->61125K(61632K) NonClass: 53698K(53952K)->53698K(53952K) Class: 7427K(7680K)->7427K(7680K)
[2025-03-04T15:54:25.460+0000][707.160s] GC(94) Pause Young (Normal) (G1 Evacuation Pause) 408M->261M(512M) 6.321ms
[2025-03-04T15:54:25.460+0000][707.160s] GC(94) User=0.00s Sys=0.01s Real=0.01s
[2025-03-04T15:54:26.284+0000][707.984s] GC(95) Pause Young (Normal) (G1 Evacuation Pause)
[2025-03-04T15:54:26.284+0000][707.984s] GC(95) Using 13 workers of 13 for evacuation
[2025-03-04T15:54:26.287+0000][707.987s] GC(95)   Pre Evacuate Collection Set: 0.2ms
[2025-03-04T15:54:26.288+0000][707.988s] GC(95)   Merge Heap Roots: 0.1ms
[2025-03-04T15:54:26.288+0000][707.988s] GC(95)   Evacuate Collection Set: 1.8ms
[2025-03-04T15:54:26.288+0000][707.988s] GC(95)   Post Evacuate Collection Set: 0.6ms
[2025-03-04T15:54:26.288+0000][707.988s] GC(95)   Other: 0.6ms
[2025-03-04T15:54:26.289+0000][707.989s] GC(95) Eden regions: 153->0(146)
[2025-03-04T15:54:26.289+0000][707.989s] GC(95) Survivor regions: 10->21(21)
[2025-03-04T15:54:26.289+0000][707.989s] GC(95) Old regions: 248->248
[2025-03-04T15:54:26.289+0000][707.989s] GC(95) Archive regions: 2->2
[2025-03-04T15:54:26.289+0000][707.989s] GC(95) Humongous regions: 4->4
[2025-03-04T15:54:26.290+0000][707.990s] GC(95) Metaspace: 61127K(61632K)->61127K(61632K) NonClass: 53699K(53952K)->53699K(53952K) Class: 7427K(7680K)->7427K(7680K)
[2025-03-04T15:54:26.290+0000][707.990s] GC(95) Pause Young (Normal) (G1 Evacuation Pause) 414M->273M(512M) 5.896ms
[2025-03-04T15:54:26.290+0000][707.990s] GC(95) User=0.00s Sys=0.01s Real=0.01s
[2025-03-04T15:54:27.047+0000][708.747s] GC(96) Pause Young (Normal) (G1 Evacuation Pause)
[2025-03-04T15:54:27.048+0000][708.748s] GC(96) Using 13 workers of 13 for evacuation
[2025-03-04T15:54:27.053+0000][708.753s] GC(96)   Pre Evacuate Collection Set: 0.3ms
[2025-03-04T15:54:27.053+0000][708.753s] GC(96)   Merge Heap Roots: 0.2ms
[2025-03-04T15:54:27.053+0000][708.753s] GC(96)   Evacuate Collection Set: 3.6ms
[2025-03-04T15:54:27.054+0000][708.754s] GC(96)   Post Evacuate Collection Set: 0.8ms
[2025-03-04T15:54:27.054+0000][708.754s] GC(96)   Other: 0.7ms
[2025-03-04T15:54:27.054+0000][708.754s] GC(96) Eden regions: 146->0(117)
[2025-03-04T15:54:27.054+0000][708.754s] GC(96) Survivor regions: 21->21(21)
[2025-03-04T15:54:27.055+0000][708.755s] GC(96) Old regions: 248->271
[2025-03-04T15:54:27.055+0000][708.755s] GC(96) Archive regions: 2->2
[2025-03-04T15:54:27.055+0000][708.755s] GC(96) Humongous regions: 4->4
[2025-03-04T15:54:27.055+0000][708.755s] GC(96) Metaspace: 61129K(61632K)->61129K(61632K) NonClass: 53702K(53952K)->53702K(53952K) Class: 7427K(7680K)->7427K(7680K)
[2025-03-04T15:54:27.055+0000][708.755s] GC(96) Pause Young (Normal) (G1 Evacuation Pause) 419M->296M(512M) 8.052ms
[2025-03-04T15:54:27.056+0000][708.756s] GC(96) User=0.02s Sys=0.02s Real=0.00s
[2025-03-04T15:54:27.673+0000][709.373s] GC(97) Pause Young (Concurrent Start) (G1 Evacuation Pause)
[2025-03-04T15:54:27.674+0000][709.374s] GC(97) Using 13 workers of 13 for evacuation
[2025-03-04T15:54:27.676+0000][709.376s] GC(97)   Pre Evacuate Collection Set: 0.2ms
[2025-03-04T15:54:27.677+0000][709.377s] GC(97)   Merge Heap Roots: 0.1ms
[2025-03-04T15:54:27.677+0000][709.377s] GC(97)   Evacuate Collection Set: 1.5ms
[2025-03-04T15:54:27.677+0000][709.377s] GC(97)   Post Evacuate Collection Set: 0.7ms
[2025-03-04T15:54:27.677+0000][709.377s] GC(97)   Other: 0.6ms
[2025-03-04T15:54:27.677+0000][709.378s] GC(97) Eden regions: 117->0(123)
[2025-03-04T15:54:27.678+0000][709.378s] GC(97) Survivor regions: 21->11(18)
[2025-03-04T15:54:27.678+0000][709.378s] GC(97) Old regions: 271->278
[2025-03-04T15:54:27.678+0000][709.378s] GC(97) Archive regions: 2->2
[2025-03-04T15:54:27.678+0000][709.379s] GC(97) Humongous regions: 4->4
[2025-03-04T15:54:27.679+0000][709.379s] GC(97) Metaspace: 61145K(61632K)->61145K(61632K) NonClass: 53715K(53952K)->53715K(53952K) Class: 7429K(7680K)->7429K(7680K)
[2025-03-04T15:54:27.679+0000][709.379s] GC(97) Pause Young (Concurrent Start) (G1 Evacuation Pause) 413M->291M(512M) 5.664ms
[2025-03-04T15:54:27.679+0000][709.379s] GC(97) User=0.01s Sys=0.00s Real=0.01s
[2025-03-04T15:54:27.679+0000][709.380s] GC(98) Concurrent Mark Cycle
[2025-03-04T15:54:27.680+0000][709.380s] GC(98) Concurrent Clear Claimed Marks
[2025-03-04T15:54:27.680+0000][709.380s] GC(98) Concurrent Clear Claimed Marks 0.376ms
[2025-03-04T15:54:27.680+0000][709.381s] GC(98) Concurrent Scan Root Regions
[2025-03-04T15:54:27.681+0000][709.381s] GC(98) Concurrent Scan Root Regions 0.583ms
[2025-03-04T15:54:27.682+0000][709.382s] GC(98) Concurrent Mark
[2025-03-04T15:54:27.682+0000][709.382s] GC(98) Concurrent Mark From Roots
[2025-03-04T15:54:27.682+0000][709.382s] GC(98) Using 3 workers of 3 for marking
[2025-03-04T15:54:27.702+0000][709.402s] GC(98) Concurrent Mark From Roots 20.072ms
[2025-03-04T15:54:27.702+0000][709.403s] GC(98) Concurrent Preclean
[2025-03-04T15:54:27.703+0000][709.403s] GC(98) Concurrent Preclean 0.340ms
[2025-03-04T15:54:27.710+0000][709.410s] GC(98) Pause Remark
[2025-03-04T15:54:27.714+0000][709.414s] GC(98) Pause Remark 295M->200M(512M) 4.179ms
[2025-03-04T15:54:27.714+0000][709.414s] GC(98) User=0.02s Sys=0.00s Real=0.00s
[2025-03-04T15:54:27.715+0000][709.415s] GC(98) Concurrent Mark 33.519ms
[2025-03-04T15:54:27.716+0000][709.416s] GC(98) Concurrent Rebuild Remembered Sets
[2025-03-04T15:54:27.724+0000][709.424s] GC(98) Concurrent Rebuild Remembered Sets 8.501ms
[2025-03-04T15:54:27.730+0000][709.430s] GC(98) Pause Cleanup
[2025-03-04T15:54:27.731+0000][709.431s] GC(98) Pause Cleanup 203M->203M(512M) 0.590ms
[2025-03-04T15:54:27.731+0000][709.431s] GC(98) User=0.01s Sys=0.00s Real=0.00s
[2025-03-04T15:54:27.731+0000][709.431s] GC(98) Concurrent Cleanup for Next Mark
[2025-03-04T15:54:27.732+0000][709.432s] GC(98) Concurrent Cleanup for Next Mark 0.665ms
[2025-03-04T15:54:27.732+0000][709.432s] GC(98) Concurrent Mark Cycle 52.744ms
[2025-03-04T15:54:28.941+0000][710.641s] GC(99) Pause Young (Prepare Mixed) (G1 Evacuation Pause)
[2025-03-04T15:54:28.941+0000][710.641s] GC(99) Using 13 workers of 13 for evacuation
[2025-03-04T15:54:28.945+0000][710.645s] GC(99)   Pre Evacuate Collection Set: 0.3ms
[2025-03-04T15:54:28.945+0000][710.645s] GC(99)   Merge Heap Roots: 0.2ms
[2025-03-04T15:54:28.945+0000][710.645s] GC(99)   Evacuate Collection Set: 2.0ms
[2025-03-04T15:54:28.946+0000][710.646s] GC(99)   Post Evacuate Collection Set: 0.6ms
[2025-03-04T15:54:28.947+0000][710.647s] GC(99)   Other: 0.8ms
[2025-03-04T15:54:28.947+0000][710.647s] GC(99) Eden regions: 123->0(14)
[2025-03-04T15:54:28.947+0000][710.647s] GC(99) Survivor regions: 11->11(17)
[2025-03-04T15:54:28.947+0000][710.647s] GC(99) Old regions: 183->190
[2025-03-04T15:54:28.948+0000][710.648s] GC(99) Archive regions: 2->2
[2025-03-04T15:54:28.948+0000][710.648s] GC(99) Humongous regions: 4->4
[2025-03-04T15:54:28.948+0000][710.648s] GC(99) Metaspace: 61149K(61632K)->61149K(61632K) NonClass: 53720K(53952K)->53720K(53952K) Class: 7429K(7680K)->7429K(7680K)
[2025-03-04T15:54:28.949+0000][710.649s] GC(99) Pause Young (Prepare Mixed) (G1 Evacuation Pause) 319M->204M(512M) 7.792ms
[2025-03-04T15:54:28.949+0000][710.649s] GC(99) User=0.02s Sys=0.00s Real=0.01s
[2025-03-04T15:54:29.145+0000][710.845s] GC(100) Pause Young (Mixed) (G1 Evacuation Pause)
[2025-03-04T15:54:29.145+0000][710.845s] GC(100) Using 13 workers of 13 for evacuation
[2025-03-04T15:54:29.148+0000][710.848s] GC(100)   Pre Evacuate Collection Set: 0.2ms
[2025-03-04T15:54:29.148+0000][710.848s] GC(100)   Merge Heap Roots: 0.1ms
[2025-03-04T15:54:29.148+0000][710.848s] GC(100)   Evacuate Collection Set: 1.2ms
[2025-03-04T15:54:29.148+0000][710.848s] GC(100)   Post Evacuate Collection Set: 0.5ms
[2025-03-04T15:54:29.148+0000][710.848s] GC(100)   Other: 0.9ms
[2025-03-04T15:54:29.148+0000][710.848s] GC(100) Eden regions: 14->0(24)
[2025-03-04T15:54:29.148+0000][710.848s] GC(100) Survivor regions: 11->1(4)
[2025-03-04T15:54:29.148+0000][710.849s] GC(100) Old regions: 190->144
[2025-03-04T15:54:29.149+0000][710.849s] GC(100) Archive regions: 2->2
[2025-03-04T15:54:29.149+0000][710.849s] GC(100) Humongous regions: 4->4
[2025-03-04T15:54:29.149+0000][710.849s] GC(100) Metaspace: 61150K(61632K)->61150K(61632K) NonClass: 53720K(53952K)->53720K(53952K) Class: 7429K(7680K)->7429K(7680K)
[2025-03-04T15:54:29.149+0000][710.849s] GC(100) Pause Young (Mixed) (G1 Evacuation Pause) 218M->148M(512M) 4.383ms
[2025-03-04T15:54:29.149+0000][710.849s] GC(100) User=0.00s Sys=0.01s Real=0.01s
[2025-03-04T15:55:16.559+0000][758.259s] GC(101) Pause Young (Mixed) (G1 Evacuation Pause)
[2025-03-04T15:55:16.559+0000][758.260s] GC(101) Using 13 workers of 13 for evacuation
[2025-03-04T15:55:16.561+0000][758.262s] GC(101)   Pre Evacuate Collection Set: 0.2ms
[2025-03-04T15:55:16.562+0000][758.262s] GC(101)   Merge Heap Roots: 0.1ms
[2025-03-04T15:55:16.562+0000][758.262s] GC(101)   Evacuate Collection Set: 1.3ms
[2025-03-04T15:55:16.562+0000][758.262s] GC(101)   Post Evacuate Collection Set: 0.4ms
[2025-03-04T15:55:16.562+0000][758.263s] GC(101)   Other: 0.6ms
[2025-03-04T15:55:16.562+0000][758.263s] GC(101) Eden regions: 24->0(286)
[2025-03-04T15:55:16.563+0000][758.263s] GC(101) Survivor regions: 1->1(4)
[2025-03-04T15:55:16.563+0000][758.263s] GC(101) Old regions: 144->104
[2025-03-04T15:55:16.563+0000][758.263s] GC(101) Archive regions: 2->2
[2025-03-04T15:55:16.563+0000][758.263s] GC(101) Humongous regions: 4->4
[2025-03-04T15:55:16.563+0000][758.264s] GC(101) Metaspace: 61390K(61824K)->61390K(61824K) NonClass: 53931K(54144K)->53931K(54144K) Class: 7459K(7680K)->7459K(7680K)
[2025-03-04T15:55:16.563+0000][758.264s] GC(101) Pause Young (Mixed) (G1 Evacuation Pause) 172M->108M(512M) 4.598ms
[2025-03-04T15:55:16.564+0000][758.264s] GC(101) User=0.01s Sys=0.00s Real=0.00s
[2025-03-04T15:58:16.160+0000][937.860s] Heap
[2025-03-04T15:58:16.161+0000][937.861s]  garbage-first heap   total 524288K, used 180549K [0x00000000e0000000, 0x0000000100000000)
[2025-03-04T15:58:16.161+0000][937.861s]   region size 1024K, 70 young (71680K), 1 survivors (1024K)
[2025-03-04T15:58:16.161+0000][937.861s]  Metaspace       used 62186K, committed 62656K, reserved 1114112K
[2025-03-04T15:58:16.162+0000][937.862s]   class space    used 7550K, committed 7808K, reserved 1048576K
